Runtime Framework Version: v3.2.0
Device Driver Version: v2.1.0
PCIe Driver Version: v2.0.1

modelFile: /home/rock/sijo_feat_windows_env/dx_stream/apps/benchmark/assets/models_dx_com220rc2/yolo26x-cls.dxnn
inputFile: 
outputFile: output.bin
benchmark: 0
loops: 300
Device specification: 'all' (default)
[INFO] Profiler is enabled.
Run model target mode : Single Mode
Inference by loops: count=300

=== Model File: /home/rock/sijo_feat_windows_env/dx_stream/apps/benchmark/assets/models_dx_com220rc2/yolo26x-cls.dxnn ===

Model Input Tensors:
  - images
Model Output Tensors:
  - output0

Tasks:
  [ ] -> npu_0 -> []
  Task[0] npu_0, NPU, NPU memory usage 46,872,320 bytes (input 150,528 bytes, output 4,000 bytes)
  Inputs
     -  images, UINT8, [1, 224, 224, 3 ]
  Outputs
    -  output0, FLOAT, [1, 1000 ]


Performing 1 warmup run(s)...
Warmup completed.
=============================================
* Benchmark Result (single input)
  - FPS : 143.64                             
=============================================
=============================================
* Benchmark Result (single input)
  - FPS : 145.45                             
=============================================
=============================================
* Benchmark Result (single input)
  - FPS : 145.18                             
=============================================
=============================================
* Benchmark Result (single input)
  - FPS : 144.05                             
=============================================
=============================================
* Benchmark Result (single input)
  - FPS : 146.03                             
=============================================
=============================================
* Benchmark Result (single input)
  - FPS : 145.35                             
=============================================
=============================================
* Benchmark Result (single input)
  - FPS : 145.84                             
=============================================
=============================================
* Benchmark Result (single input)
  - FPS : 99.77                              
=============================================
=============================================
* Benchmark Result (single input)
  - FPS : 145.92                             
=============================================
=============================================
* Benchmark Result (single input)
  - FPS : 145.90                             
=============================================
=============================================
* Benchmark Result (single input)
  - FPS : 145.90                             
=============================================
=============================================
* Benchmark Result (single input)
  - FPS : 146.05                             
=============================================
=============================================
* Benchmark Result (single input)
  - FPS : 146.13                             
=============================================
=============================================
* Benchmark Result (single input)
  - FPS : 145.79                             
=============================================
=============================================
* Benchmark Result (single input)
  - FPS : 145.96                             
=============================================
=============================================
* Benchmark Result (single input)
  - FPS : 145.99                             
=============================================
=============================================
* Benchmark Result (single input)
  - FPS : 145.26                             
=============================================
=============================================
* Benchmark Result (single input)
  - FPS : 146.11                             
=============================================
=============================================
* Benchmark Result (single input)
  - FPS : 145.96                             
=============================================
=============================================
* Benchmark Result (single input)
  - FPS : 146.28                             
=============================================
=============================================
* Benchmark Result (single input)
  - FPS : 146.07                             
=============================================
=============================================
* Benchmark Result (single input)
  - FPS : 146.05                             
=============================================
=============================================
* Benchmark Result (single input)
  - FPS : 145.99                             
=============================================
=============================================
* Benchmark Result (single input)
  - FPS : 145.99                             
=============================================
=============================================
* Benchmark Result (single input)
  - FPS : 145.71                             
=============================================
=============================================
* Benchmark Result (single input)
  - FPS : 146.05                             
=============================================
=============================================
* Benchmark Result (single input)
  - FPS : 146.01                             
=============================================
=============================================
* Benchmark Result (single input)
  - FPS : 145.99                             
=============================================
=============================================
* Benchmark Result (single input)
  - FPS : 145.69                             
=============================================
=============================================
* Benchmark Result (single input)
  - FPS : 146.18                             
=============================================
=============================================
* Benchmark Result (single input)
  - FPS : 145.77                             
=============================================
=============================================
* Benchmark Result (single input)
  - FPS : 146.05                             
=============================================
=============================================
* Benchmark Result (single input)
  - FPS : 146.20                             
=============================================
=============================================
* Benchmark Result (single input)
  - FPS : 145.77                             
=============================================
=============================================
* Benchmark Result (single input)
  - FPS : 146.03                             
=============================================
=============================================
* Benchmark Result (single input)
  - FPS : 146.01                             
=============================================
=============================================
* Benchmark Result (single input)
  - FPS : 146.01                             
=============================================
=============================================
* Benchmark Result (single input)
  - FPS : 145.07                             
=============================================
=============================================
* Benchmark Result (single input)
  - FPS : 146.07                             
=============================================
=============================================
* Benchmark Result (single input)
  - FPS : 145.94                             
=============================================
=============================================
* Benchmark Result (single input)
  - FPS : 144.24                             
=============================================
=============================================
* Benchmark Result (single input)
  - FPS : 146.16                             
=============================================
=============================================
* Benchmark Result (single input)
  - FPS : 146.01                             
=============================================
=============================================
* Benchmark Result (single input)
  - FPS : 146.20                             
=============================================
=============================================
* Benchmark Result (single input)
  - FPS : 146.11                             
=============================================
=============================================
* Benchmark Result (single input)
  - FPS : 145.84                             
=============================================
=============================================
* Benchmark Result (single input)
  - FPS : 145.56                             
=============================================
=============================================
* Benchmark Result (single input)
  - FPS : 145.99                             
=============================================
=============================================
* Benchmark Result (single input)
  - FPS : 146.26                             
=============================================
=============================================
* Benchmark Result (single input)
  - FPS : 145.82                             
=============================================
=============================================
* Benchmark Result (single input)
  - FPS : 145.39                             
=============================================
=============================================
* Benchmark Result (single input)
  - FPS : 145.45                             
=============================================
=============================================
* Benchmark Result (single input)
  - FPS : 145.88                             
=============================================
=============================================
* Benchmark Result (single input)
  - FPS : 146.05                             
=============================================
=============================================
* Benchmark Result (single input)
  - FPS : 145.86                             
=============================================
=============================================
* Benchmark Result (single input)
  - FPS : 146.01                             
=============================================
=============================================
* Benchmark Result (single input)
  - FPS : 145.60                             
=============================================
=============================================
* Benchmark Result (single input)
  - FPS : 146.11                             
=============================================
=============================================
* Benchmark Result (single input)
  - FPS : 145.94                             
=============================================
=============================================
* Benchmark Result (single input)
  - FPS : 145.71                             
=============================================
=============================================
* Benchmark Result (single input)
  - FPS : 145.60                             
=============================================
=============================================
* Benchmark Result (single input)
  - FPS : 145.65                             
=============================================
=============================================
* Benchmark Result (single input)
  - FPS : 145.65                             
=============================================
=============================================
* Benchmark Result (single input)
  - FPS : 145.92                             
=============================================
=============================================
* Benchmark Result (single input)
  - FPS : 146.09                             
=============================================
=============================================
* Benchmark Result (single input)
  - FPS : 145.33                             
=============================================
=============================================
* Benchmark Result (single input)
  - FPS : 145.62                             
=============================================
=============================================
* Benchmark Result (single input)
  - FPS : 145.77                             
=============================================
=============================================
* Benchmark Result (single input)
  - FPS : 146.11                             
=============================================
=============================================
* Benchmark Result (single input)
  - FPS : 145.60                             
=============================================
=============================================
* Benchmark Result (single input)
  - FPS : 145.71                             
=============================================
=============================================
* Benchmark Result (single input)
  - FPS : 144.89                             
=============================================
=============================================
* Benchmark Result (single input)
  - FPS : 145.73                             
=============================================
=============================================
* Benchmark Result (single input)
  - FPS : 145.62                             
=============================================
=============================================
* Benchmark Result (single input)
  - FPS : 145.69                             
=============================================
=============================================
* Benchmark Result (single input)
  - FPS : 146.11                             
=============================================
=============================================
* Benchmark Result (single input)
  - FPS : 145.62                             
=============================================
=============================================
* Benchmark Result (single input)
  - FPS : 145.79                             
=============================================
=============================================
* Benchmark Result (single input)
  - FPS : 145.65                             
=============================================
=============================================
* Benchmark Result (single input)
  - FPS : 116.04                             
=============================================
=============================================
* Benchmark Result (single input)
  - FPS : 146.01                             
=============================================
=============================================
* Benchmark Result (single input)
  - FPS : 145.77                             
=============================================
=============================================
* Benchmark Result (single input)
  - FPS : 145.92                             
=============================================
=============================================
* Benchmark Result (single input)
  - FPS : 145.50                             
=============================================
=============================================
* Benchmark Result (single input)
  - FPS : 145.73                             
=============================================
=============================================
* Benchmark Result (single input)
  - FPS : 146.22                             
=============================================
=============================================
* Benchmark Result (single input)
  - FPS : 145.77                             
=============================================
=============================================
* Benchmark Result (single input)
  - FPS : 146.16                             
=============================================
=============================================
* Benchmark Result (single input)
  - FPS : 145.82                             
=============================================
=============================================
* Benchmark Result (single input)
  - FPS : 146.11                             
=============================================
=============================================
* Benchmark Result (single input)
  - FPS : 145.99                             
=============================================
=============================================
* Benchmark Result (single input)
  - FPS : 145.77                             
=============================================
=============================================
* Benchmark Result (single input)
  - FPS : 146.05                             
=============================================
=============================================
* Benchmark Result (single input)
  - FPS : 106.47                             
=============================================
=============================================
* Benchmark Result (single input)
  - FPS : 145.50                             
=============================================
=============================================
* Benchmark Result (single input)
  - FPS : 146.05                             
=============================================
=============================================
* Benchmark Result (single input)
  - FPS : 145.69                             
=============================================
=============================================
* Benchmark Result (single input)
  - FPS : 146.18                             
=============================================
=============================================
* Benchmark Result (single input)
  - FPS : 145.54                             
=============================================
=============================================
* Benchmark Result (single input)
  - FPS : 145.56                             
=============================================
=============================================
* Benchmark Result (single input)
  - FPS : 145.96                             
=============================================
=============================================
* Benchmark Result (single input)
  - FPS : 146.05                             
=============================================
=============================================
* Benchmark Result (single input)
  - FPS : 145.41                             
=============================================
=============================================
* Benchmark Result (single input)
  - FPS : 145.82                             
=============================================
=============================================
* Benchmark Result (single input)
  - FPS : 146.01                             
=============================================
=============================================
* Benchmark Result (single input)
  - FPS : 146.11                             
=============================================
=============================================
* Benchmark Result (single input)
  - FPS : 145.90                             
=============================================
=============================================
* Benchmark Result (single input)
  - FPS : 145.94                             
=============================================
=============================================
* Benchmark Result (single input)
  - FPS : 145.65                             
=============================================
=============================================
* Benchmark Result (single input)
  - FPS : 145.62                             
=============================================
=============================================
* Benchmark Result (single input)
  - FPS : 146.07                             
=============================================
=============================================
* Benchmark Result (single input)
  - FPS : 145.77                             
=============================================
=============================================
* Benchmark Result (single input)
  - FPS : 146.18                             
=============================================
=============================================
* Benchmark Result (single input)
  - FPS : 145.65                             
=============================================
=============================================
* Benchmark Result (single input)
  - FPS : 145.99                             
=============================================
=============================================
* Benchmark Result (single input)
  - FPS : 145.52                             
=============================================
=============================================
* Benchmark Result (single input)
  - FPS : 146.16                             
=============================================
=============================================
* Benchmark Result (single input)
  - FPS : 145.82                             
=============================================
=============================================
* Benchmark Result (single input)
  - FPS : 145.54                             
=============================================
=============================================
* Benchmark Result (single input)
  - FPS : 145.82                             
=============================================
=============================================
* Benchmark Result (single input)
  - FPS : 145.92                             
=============================================
=============================================
* Benchmark Result (single input)
  - FPS : 145.71                             
=============================================
=============================================
* Benchmark Result (single input)
  - FPS : 146.03                             
=============================================
=============================================
* Benchmark Result (single input)
  - FPS : 145.12                             
=============================================
=============================================
* Benchmark Result (single input)
  - FPS : 144.68                             
=============================================
=============================================
* Benchmark Result (single input)
  - FPS : 145.96                             
=============================================
=============================================
* Benchmark Result (single input)
  - FPS : 145.41                             
=============================================
=============================================
* Benchmark Result (single input)
  - FPS : 145.73                             
=============================================
=============================================
* Benchmark Result (single input)
  - FPS : 145.82                             
=============================================
=============================================
* Benchmark Result (single input)
  - FPS : 144.68                             
=============================================
=============================================
* Benchmark Result (single input)
  - FPS : 144.82                             
=============================================
=============================================
* Benchmark Result (single input)
  - FPS : 145.39                             
=============================================
=============================================
* Benchmark Result (single input)
  - FPS : 145.77                             
=============================================
=============================================
* Benchmark Result (single input)
  - FPS : 145.54                             
=============================================
=============================================
* Benchmark Result (single input)
  - FPS : 145.50                             
=============================================
=============================================
* Benchmark Result (single input)
  - FPS : 145.10                             
=============================================
=============================================
* Benchmark Result (single input)
  - FPS : 145.65                             
=============================================
=============================================
* Benchmark Result (single input)
  - FPS : 144.93                             
=============================================
=============================================
* Benchmark Result (single input)
  - FPS : 145.52                             
=============================================
=============================================
* Benchmark Result (single input)
  - FPS : 145.20                             
=============================================
=============================================
* Benchmark Result (single input)
  - FPS : 145.26                             
=============================================
=============================================
* Benchmark Result (single input)
  - FPS : 145.52                             
=============================================
=============================================
* Benchmark Result (single input)
  - FPS : 145.79                             
=============================================
=============================================
* Benchmark Result (single input)
  - FPS : 145.94                             
=============================================
=============================================
* Benchmark Result (single input)
  - FPS : 145.82                             
=============================================
=============================================
* Benchmark Result (single input)
  - FPS : 145.60                             
=============================================
=============================================
* Benchmark Result (single input)
  - FPS : 145.10                             
=============================================
=============================================
* Benchmark Result (single input)
  - FPS : 145.73                             
=============================================
=============================================
* Benchmark Result (single input)
  - FPS : 146.01                             
=============================================
=============================================
* Benchmark Result (single input)
  - FPS : 145.90                             
=============================================
=============================================
* Benchmark Result (single input)
  - FPS : 145.62                             
=============================================
=============================================
* Benchmark Result (single input)
  - FPS : 145.79                             
=============================================
=============================================
* Benchmark Result (single input)
  - FPS : 145.86                             
=============================================
=============================================
* Benchmark Result (single input)
  - FPS : 145.86                             
=============================================
=============================================
* Benchmark Result (single input)
  - FPS : 144.72                             
=============================================
=============================================
* Benchmark Result (single input)
  - FPS : 145.45                             
=============================================
=============================================
* Benchmark Result (single input)
  - FPS : 145.48                             
=============================================
=============================================
* Benchmark Result (single input)
  - FPS : 145.73                             
=============================================
=============================================
* Benchmark Result (single input)
  - FPS : 145.94                             
=============================================
=============================================
* Benchmark Result (single input)
  - FPS : 145.67                             
=============================================
=============================================
* Benchmark Result (single input)
  - FPS : 144.59                             
=============================================
=============================================
* Benchmark Result (single input)
  - FPS : 145.90                             
=============================================
=============================================
* Benchmark Result (single input)
  - FPS : 145.90                             
=============================================
=============================================
* Benchmark Result (single input)
  - FPS : 145.73                             
=============================================
=============================================
* Benchmark Result (single input)
  - FPS : 146.05                             
=============================================
=============================================
* Benchmark Result (single input)
  - FPS : 145.20                             
=============================================
=============================================
* Benchmark Result (single input)
  - FPS : 145.52                             
=============================================
=============================================
* Benchmark Result (single input)
  - FPS : 145.94                             
=============================================
=============================================
* Benchmark Result (single input)
  - FPS : 145.92                             
=============================================
=============================================
* Benchmark Result (single input)
  - FPS : 145.99                             
=============================================
=============================================
* Benchmark Result (single input)
  - FPS : 145.43                             
=============================================
=============================================
* Benchmark Result (single input)
  - FPS : 145.79                             
=============================================
=============================================
* Benchmark Result (single input)
  - FPS : 145.88                             
=============================================
=============================================
* Benchmark Result (single input)
  - FPS : 145.99                             
=============================================
=============================================
* Benchmark Result (single input)
  - FPS : 138.48                             
=============================================
=============================================
* Benchmark Result (single input)
  - FPS : 145.56                             
=============================================
=============================================
* Benchmark Result (single input)
  - FPS : 145.94                             
=============================================
=============================================
* Benchmark Result (single input)
  - FPS : 145.41                             
=============================================
=============================================
* Benchmark Result (single input)
  - FPS : 145.82                             
=============================================
=============================================
* Benchmark Result (single input)
  - FPS : 145.82                             
=============================================
=============================================
* Benchmark Result (single input)
  - FPS : 145.82                             
=============================================
=============================================
* Benchmark Result (single input)
  - FPS : 145.56                             
=============================================
=============================================
* Benchmark Result (single input)
  - FPS : 145.88                             
=============================================
=============================================
* Benchmark Result (single input)
  - FPS : 145.35                             
=============================================
=============================================
* Benchmark Result (single input)
  - FPS : 145.67                             
=============================================
=============================================
* Benchmark Result (single input)
  - FPS : 146.01                             
=============================================
=============================================
* Benchmark Result (single input)
  - FPS : 145.48                             
=============================================
=============================================
* Benchmark Result (single input)
  - FPS : 146.07                             
=============================================
=============================================
* Benchmark Result (single input)
  - FPS : 145.35                             
=============================================
=============================================
* Benchmark Result (single input)
  - FPS : 145.67                             
=============================================
=============================================
* Benchmark Result (single input)
  - FPS : 145.33                             
=============================================
=============================================
* Benchmark Result (single input)
  - FPS : 145.43                             
=============================================
=============================================
* Benchmark Result (single input)
  - FPS : 145.92                             
=============================================
=============================================
* Benchmark Result (single input)
  - FPS : 145.88                             
=============================================
=============================================
* Benchmark Result (single input)
  - FPS : 146.16                             
=============================================
=============================================
* Benchmark Result (single input)
  - FPS : 145.52                             
=============================================
=============================================
* Benchmark Result (single input)
  - FPS : 144.38                             
=============================================
=============================================
* Benchmark Result (single input)
  - FPS : 146.03                             
=============================================
=============================================
* Benchmark Result (single input)
  - FPS : 145.62                             
=============================================
=============================================
* Benchmark Result (single input)
  - FPS : 145.92                             
=============================================
=============================================
* Benchmark Result (single input)
  - FPS : 144.01                             
=============================================
=============================================
* Benchmark Result (single input)
  - FPS : 145.16                             
=============================================
=============================================
* Benchmark Result (single input)
  - FPS : 145.01                             
=============================================
=============================================
* Benchmark Result (single input)
  - FPS : 145.58                             
=============================================
=============================================
* Benchmark Result (single input)
  - FPS : 145.86                             
=============================================
=============================================
* Benchmark Result (single input)
  - FPS : 145.77                             
=============================================
=============================================
* Benchmark Result (single input)
  - FPS : 145.92                             
=============================================
=============================================
* Benchmark Result (single input)
  - FPS : 145.71                             
=============================================
=============================================
* Benchmark Result (single input)
  - FPS : 145.96                             
=============================================
=============================================
* Benchmark Result (single input)
  - FPS : 145.33                             
=============================================
=============================================
* Benchmark Result (single input)
  - FPS : 146.05                             
=============================================
=============================================
* Benchmark Result (single input)
  - FPS : 146.07                             
=============================================
=============================================
* Benchmark Result (single input)
  - FPS : 145.50                             
=============================================
=============================================
* Benchmark Result (single input)
  - FPS : 146.05                             
=============================================
=============================================
* Benchmark Result (single input)
  - FPS : 145.73                             
=============================================
=============================================
* Benchmark Result (single input)
  - FPS : 145.71                             
=============================================
=============================================
* Benchmark Result (single input)
  - FPS : 146.11                             
=============================================
=============================================
* Benchmark Result (single input)
  - FPS : 145.52                             
=============================================
=============================================
* Benchmark Result (single input)
  - FPS : 145.92                             
=============================================
=============================================
* Benchmark Result (single input)
  - FPS : 145.84                             
=============================================
=============================================
* Benchmark Result (single input)
  - FPS : 145.77                             
=============================================
=============================================
* Benchmark Result (single input)
  - FPS : 145.39                             
=============================================
=============================================
* Benchmark Result (single input)
  - FPS : 145.67                             
=============================================
=============================================
* Benchmark Result (single input)
  - FPS : 145.79                             
=============================================
=============================================
* Benchmark Result (single input)
  - FPS : 146.05                             
=============================================
=============================================
* Benchmark Result (single input)
  - FPS : 145.96                             
=============================================
=============================================
* Benchmark Result (single input)
  - FPS : 145.71                             
=============================================
=============================================
* Benchmark Result (single input)
  - FPS : 145.16                             
=============================================
=============================================
* Benchmark Result (single input)
  - FPS : 146.16                             
=============================================
=============================================
* Benchmark Result (single input)
  - FPS : 145.96                             
=============================================
=============================================
* Benchmark Result (single input)
  - FPS : 146.18                             
=============================================
=============================================
* Benchmark Result (single input)
  - FPS : 145.99                             
=============================================
=============================================
* Benchmark Result (single input)
  - FPS : 145.60                             
=============================================
=============================================
* Benchmark Result (single input)
  - FPS : 146.09                             
=============================================
=============================================
* Benchmark Result (single input)
  - FPS : 145.62                             
=============================================
=============================================
* Benchmark Result (single input)
  - FPS : 146.01                             
=============================================
=============================================
* Benchmark Result (single input)
  - FPS : 146.07                             
=============================================
=============================================
* Benchmark Result (single input)
  - FPS : 145.71                             
=============================================
=============================================
* Benchmark Result (single input)
  - FPS : 146.01                             
=============================================
=============================================
* Benchmark Result (single input)
  - FPS : 146.26                             
=============================================
=============================================
* Benchmark Result (single input)
  - FPS : 145.35                             
=============================================
=============================================
* Benchmark Result (single input)
  - FPS : 145.99                             
=============================================
=============================================
* Benchmark Result (single input)
  - FPS : 145.43                             
=============================================
=============================================
* Benchmark Result (single input)
  - FPS : 145.65                             
=============================================
=============================================
* Benchmark Result (single input)
  - FPS : 145.69                             
=============================================
=============================================
* Benchmark Result (single input)
  - FPS : 146.09                             
=============================================
=============================================
* Benchmark Result (single input)
  - FPS : 145.58                             
=============================================
=============================================
* Benchmark Result (single input)
  - FPS : 144.70                             
=============================================
=============================================
* Benchmark Result (single input)
  - FPS : 144.53                             
=============================================
=============================================
* Benchmark Result (single input)
  - FPS : 145.73                             
=============================================
=============================================
* Benchmark Result (single input)
  - FPS : 145.22                             
=============================================
=============================================
* Benchmark Result (single input)
  - FPS : 145.50                             
=============================================
=============================================
* Benchmark Result (single input)
  - FPS : 145.26                             
=============================================
=============================================
* Benchmark Result (single input)
  - FPS : 146.07                             
=============================================
=============================================
* Benchmark Result (single input)
  - FPS : 145.41                             
=============================================
=============================================
* Benchmark Result (single input)
  - FPS : 145.88                             
=============================================
=============================================
* Benchmark Result (single input)
  - FPS : 145.35                             
=============================================
=============================================
* Benchmark Result (single input)
  - FPS : 145.62                             
=============================================
=============================================
* Benchmark Result (single input)
  - FPS : 145.62                             
=============================================
=============================================
* Benchmark Result (single input)
  - FPS : 145.39                             
=============================================
=============================================
* Benchmark Result (single input)
  - FPS : 145.84                             
=============================================
=============================================
* Benchmark Result (single input)
  - FPS : 145.45                             
=============================================
=============================================
* Benchmark Result (single input)
  - FPS : 146.07                             
=============================================
=============================================
* Benchmark Result (single input)
  - FPS : 145.69                             
=============================================
=============================================
* Benchmark Result (single input)
  - FPS : 145.96                             
=============================================
=============================================
* Benchmark Result (single input)
  - FPS : 144.63                             
=============================================
=============================================
* Benchmark Result (single input)
  - FPS : 145.48                             
=============================================
=============================================
* Benchmark Result (single input)
  - FPS : 125.44                             
=============================================
=============================================
* Benchmark Result (single input)
  - FPS : 102.92                             
=============================================
=============================================
* Benchmark Result (single input)
  - FPS : 104.41                             
=============================================
=============================================
* Benchmark Result (single input)
  - FPS : 103.26                             
=============================================
=============================================
* Benchmark Result (single input)
  - FPS : 103.54                             
=============================================
=============================================
* Benchmark Result (single input)
  - FPS : 103.39                             
=============================================
=============================================
* Benchmark Result (single input)
  - FPS : 102.79                             
=============================================
=============================================
* Benchmark Result (single input)
  - FPS : 105.22                             
=============================================
=============================================
* Benchmark Result (single input)
  - FPS : 103.95                             
=============================================
=============================================
* Benchmark Result (single input)
  - FPS : 104.47                             
=============================================
=============================================
* Benchmark Result (single input)
  - FPS : 106.68                             
=============================================
=============================================
* Benchmark Result (single input)
  - FPS : 65.41                              
=============================================
=============================================
* Benchmark Result (single input)
  - FPS : 106.93                             
=============================================
=============================================
* Benchmark Result (single input)
  - FPS : 107.57                             
=============================================
=============================================
* Benchmark Result (single input)
  - FPS : 112.21                             
=============================================
=============================================
* Benchmark Result (single input)
  - FPS : 112.31                             
=============================================
=============================================
* Benchmark Result (single input)
  - FPS : 106.53                             
=============================================
=============================================
* Benchmark Result (single input)
  - FPS : 107.28                             
=============================================
=============================================
* Benchmark Result (single input)
  - FPS : 107.63                             
=============================================
=============================================
* Benchmark Result (single input)
  - FPS : 106.47                             
=============================================
=============================================
* Benchmark Result (single input)
  - FPS : 107.61                             
=============================================
=============================================
* Benchmark Result (single input)
  - FPS : 111.19                             
=============================================
=============================================
* Benchmark Result (single input)
  - FPS : 110.80                             
=============================================
=============================================
* Benchmark Result (single input)
  - FPS : 111.64                             
=============================================
=============================================
* Benchmark Result (single input)
  - FPS : 110.83                             
=============================================
=============================================
* Benchmark Result (single input)
  - FPS : 110.71                             
=============================================
=============================================
* Benchmark Result (single input)
  - FPS : 110.55                             
=============================================
=============================================
* Benchmark Result (single input)
  - FPS : 112.37                             
=============================================
=============================================
* Benchmark Result (single input)
  - FPS : 110.27                             
=============================================
=============================================
* Benchmark Result (single input)
  - FPS : 110.49                             
=============================================
=============================================
* Benchmark Result (single input)
  - FPS : 108.41                             
=============================================
=============================================
* Benchmark Result (single input)
  - FPS : 116.69                             
=============================================
=============================================
* Benchmark Result (single input)
  - FPS : 114.14                             
=============================================
Profiler data has been written to profiler.json
  -------------------------------------------------------------------------------
  |           Name                 |  min (us)    |  max (us)    | average (us) |
  -------------------------------------------------------------------------------
  |   Framework Response Handling  |            9 |          206 |       27.412 | 130, 11, 11, 11, 11, 11, 11, 11, 11, 13, 11, 12, 11, 12, 11, 11, 11, 11, 11, 11, 12, 11, 10, 11, 11, 11, 12, 13, 12, 11, ...
  |                       NPU Core |         6293 |         6305 |      6298.15 | 6298, 6296, 6298, 6299, 6297, 6294, 6297, 6298, 6296, 6296, 6299, 6296, 6298, 6295, 6301, 6296, 6297, 6299, 6299, 6295, 6297, 6302, 6300, 6299, 6299, 6298, 6297, 6297, 6298, 6295, ...
  |       NPU Input Format Handler |           39 |          267 |      49.7708 | 222, 40, 40, 40, 39, 41, 40, 40, 40, 40, 40, 42, 40, 40, 40, 41, 40, 40, 41, 40, 40, 40, 41, 41, 39, 40, 40, 40, 43, 40, ...
  |      NPU Output Format Handler |            5 |           28 |      7.73754 | 15, 6, 6, 6, 6, 7, 5, 6, 6, 5, 6, 5, 7, 6, 6, 6, 6, 5, 7, 6, 6, 7, 6, 5, 5, 7, 6, 6, 6, 7, ...
  |                       NPU Task |         6800 |        15009 |      7105.94 | 7850, 6832, 6816, 6812, 6833, 6815, 6814, 6809, 6815, 6818, 6821, 6817, 6831, 6811, 6824, 6807, 6815, 6815, 6838, 6808, 6824, 6827, 6818, 6823, 6818, 6826, 6813, 6848, 6877, 6815, ...
  |                      PCIe Read |           39 |          437 |      70.5714 | 88, 40, 40, 40, 40, 39, 41, 39, 39, 39, 40, 43, 40, 40, 40, 39, 40, 40, 40, 39, 40, 39, 40, 40, 40, 40, 39, 46, 46, 40, ...
  |                     PCIe Write |          203 |          709 |      248.754 | 304, 210, 209, 210, 209, 210, 210, 210, 210, 210, 210, 211, 209, 210, 210, 208, 209, 212, 209, 209, 209, 208, 209, 209, 210, 207, 209, 209, 209, 210, ...
  |           Service Process Wait |         6843 |      1518212 |      12201.2 | 1518212, 6893, 6868, 6868, 6867, 6877, 6863, 6862, 6854, 6866, 6863, 6873, 6894, 6856, 6867, 6861, 6851, 6884, 6876, 6865, 6858, 6884, 6870, 6870, 6870, 6865, 6860, 6866, 6899, 6918, ...
  -------------------------------------------------------------------------------

__CPU_PERCENT__=22%
