Runtime Framework Version: v3.2.0
Device Driver Version: v2.1.0
PCIe Driver Version: v2.0.1

modelFile: /home/rock/sijo_feat_windows_env/dx_stream/apps/benchmark/assets/models_dx_com220rc2/yolo26m-obb.dxnn
inputFile: 
outputFile: output.bin
benchmark: 0
loops: 300
Device specification: 'all' (default)
[INFO] Profiler is enabled.
Run model target mode : Single Mode
Inference by loops: count=300

=== Model File: /home/rock/sijo_feat_windows_env/dx_stream/apps/benchmark/assets/models_dx_com220rc2/yolo26m-obb.dxnn ===

Model Input Tensors:
  - images
Model Output Tensors:
  - /model.23/one2one_cv4.0/one2one_cv4.0.2/Conv_output_0
  - /model.23/one2one_cv2.0/one2one_cv2.0.2/Conv_output_0
  - /model.23/one2one_cv4.1/one2one_cv4.1.2/Conv_output_0
  - /model.23/one2one_cv2.1/one2one_cv2.1.2/Conv_output_0
  - /model.23/one2one_cv3.0/one2one_cv3.0.2/Conv_output_0
  - /model.23/one2one_cv3.1/one2one_cv3.1.2/Conv_output_0
  - /model.23/one2one_cv2.2/one2one_cv2.2.2/Conv_output_0
  - /model.23/one2one_cv4.2/one2one_cv4.2.2/Conv_output_0
  - /model.23/one2one_cv3.2/one2one_cv3.2.2/Conv_output_0

Tasks:
  [ ] -> npu_0 -> []
  Task[0] npu_0, NPU, NPU memory usage 387,586,496 bytes (input 3,145,728 bytes, output 1,720,320 bytes)
  Inputs
     -  images, UINT8, [1, 1024, 1024, 3 ]
  Outputs
    -  /model.23/one2one_cv4.0/one2one_cv4.0.2/Conv_output_0, FLOAT, [1, 1, 128, 128 ]
    -  /model.23/one2one_cv2.0/one2one_cv2.0.2/Conv_output_0, FLOAT, [1, 4, 128, 128 ]
    -  /model.23/one2one_cv4.1/one2one_cv4.1.2/Conv_output_0, FLOAT, [1, 1, 64, 64 ]
    -  /model.23/one2one_cv2.1/one2one_cv2.1.2/Conv_output_0, FLOAT, [1, 4, 64, 64 ]
    -  /model.23/one2one_cv3.0/one2one_cv3.0.2/Conv_output_0, FLOAT, [1, 15, 128, 128 ]
    -  /model.23/one2one_cv3.1/one2one_cv3.1.2/Conv_output_0, FLOAT, [1, 15, 64, 64 ]
    -  /model.23/one2one_cv2.2/one2one_cv2.2.2/Conv_output_0, FLOAT, [1, 4, 32, 32 ]
    -  /model.23/one2one_cv4.2/one2one_cv4.2.2/Conv_output_0, FLOAT, [1, 1, 32, 32 ]
    -  /model.23/one2one_cv3.2/one2one_cv3.2.2/Conv_output_0, FLOAT, [1, 15, 32, 32 ]


Performing 1 warmup run(s)...
Warmup completed.
=============================================
* Benchmark Result (single input)
  - FPS : 11.78                              
=============================================
=============================================
* Benchmark Result (single input)
  - FPS : 11.86                              
=============================================
=============================================
* Benchmark Result (single input)
  - FPS : 11.90                              
=============================================
=============================================
* Benchmark Result (single input)
  - FPS : 11.89                              
=============================================
=============================================
* Benchmark Result (single input)
  - FPS : 11.90                              
=============================================
=============================================
* Benchmark Result (single input)
  - FPS : 11.90                              
=============================================
=============================================
* Benchmark Result (single input)
  - FPS : 11.85                              
=============================================
=============================================
* Benchmark Result (single input)
  - FPS : 11.80                              
=============================================
=============================================
* Benchmark Result (single input)
  - FPS : 10.48                              
=============================================
=============================================
* Benchmark Result (single input)
  - FPS : 9.30                               
=============================================
=============================================
* Benchmark Result (single input)
  - FPS : 9.28                               
=============================================
=============================================
* Benchmark Result (single input)
  - FPS : 9.26                               
=============================================
=============================================
* Benchmark Result (single input)
  - FPS : 11.08                              
=============================================
=============================================
* Benchmark Result (single input)
  - FPS : 11.37                              
=============================================
=============================================
* Benchmark Result (single input)
  - FPS : 8.98                               
=============================================
=============================================
* Benchmark Result (single input)
  - FPS : 9.20                               
=============================================
=============================================
* Benchmark Result (single input)
  - FPS : 8.24                               
=============================================
=============================================
* Benchmark Result (single input)
  - FPS : 8.12                               
=============================================
=============================================
* Benchmark Result (single input)
  - FPS : 9.12                               
=============================================
=============================================
* Benchmark Result (single input)
  - FPS : 9.27                               
=============================================
=============================================
* Benchmark Result (single input)
  - FPS : 11.00                              
=============================================
=============================================
* Benchmark Result (single input)
  - FPS : 11.26                              
=============================================
=============================================
* Benchmark Result (single input)
  - FPS : 11.26                              
=============================================
=============================================
* Benchmark Result (single input)
  - FPS : 11.26                              
=============================================
=============================================
* Benchmark Result (single input)
  - FPS : 11.24                              
=============================================
=============================================
* Benchmark Result (single input)
  - FPS : 11.26                              
=============================================
=============================================
* Benchmark Result (single input)
  - FPS : 11.27                              
=============================================
=============================================
* Benchmark Result (single input)
  - FPS : 11.15                              
=============================================
=============================================
* Benchmark Result (single input)
  - FPS : 11.16                              
=============================================
=============================================
* Benchmark Result (single input)
  - FPS : 11.22                              
=============================================
=============================================
* Benchmark Result (single input)
  - FPS : 11.29                              
=============================================
=============================================
* Benchmark Result (single input)
  - FPS : 11.22                              
=============================================
=============================================
* Benchmark Result (single input)
  - FPS : 11.26                              
=============================================
=============================================
* Benchmark Result (single input)
  - FPS : 11.31                              
=============================================
=============================================
* Benchmark Result (single input)
  - FPS : 11.22                              
=============================================
=============================================
* Benchmark Result (single input)
  - FPS : 11.24                              
=============================================
=============================================
* Benchmark Result (single input)
  - FPS : 11.22                              
=============================================
=============================================
* Benchmark Result (single input)
  - FPS : 11.29                              
=============================================
=============================================
* Benchmark Result (single input)
  - FPS : 11.20                              
=============================================
=============================================
* Benchmark Result (single input)
  - FPS : 11.17                              
=============================================
=============================================
* Benchmark Result (single input)
  - FPS : 11.23                              
=============================================
=============================================
* Benchmark Result (single input)
  - FPS : 9.32                               
=============================================
=============================================
* Benchmark Result (single input)
  - FPS : 9.35                               
=============================================
=============================================
* Benchmark Result (single input)
  - FPS : 9.19                               
=============================================
=============================================
* Benchmark Result (single input)
  - FPS : 9.25                               
=============================================
=============================================
* Benchmark Result (single input)
  - FPS : 9.26                               
=============================================
=============================================
* Benchmark Result (single input)
  - FPS : 9.27                               
=============================================
=============================================
* Benchmark Result (single input)
  - FPS : 9.26                               
=============================================
=============================================
* Benchmark Result (single input)
  - FPS : 11.01                              
=============================================
=============================================
* Benchmark Result (single input)
  - FPS : 11.28                              
=============================================
=============================================
* Benchmark Result (single input)
  - FPS : 11.27                              
=============================================
=============================================
* Benchmark Result (single input)
  - FPS : 11.22                              
=============================================
=============================================
* Benchmark Result (single input)
  - FPS : 11.23                              
=============================================
=============================================
* Benchmark Result (single input)
  - FPS : 11.23                              
=============================================
=============================================
* Benchmark Result (single input)
  - FPS : 10.39                              
=============================================
=============================================
* Benchmark Result (single input)
  - FPS : 11.24                              
=============================================
=============================================
* Benchmark Result (single input)
  - FPS : 10.88                              
=============================================
=============================================
* Benchmark Result (single input)
  - FPS : 10.77                              
=============================================
=============================================
* Benchmark Result (single input)
  - FPS : 10.64                              
=============================================
=============================================
* Benchmark Result (single input)
  - FPS : 10.43                              
=============================================
=============================================
* Benchmark Result (single input)
  - FPS : 10.45                              
=============================================
=============================================
* Benchmark Result (single input)
  - FPS : 10.47                              
=============================================
=============================================
* Benchmark Result (single input)
  - FPS : 10.45                              
=============================================
=============================================
* Benchmark Result (single input)
  - FPS : 10.75                              
=============================================
=============================================
* Benchmark Result (single input)
  - FPS : 9.30                               
=============================================
=============================================
* Benchmark Result (single input)
  - FPS : 10.76                              
=============================================
=============================================
* Benchmark Result (single input)
  - FPS : 10.77                              
=============================================
=============================================
* Benchmark Result (single input)
  - FPS : 10.67                              
=============================================
=============================================
* Benchmark Result (single input)
  - FPS : 10.46                              
=============================================
=============================================
* Benchmark Result (single input)
  - FPS : 10.45                              
=============================================
=============================================
* Benchmark Result (single input)
  - FPS : 10.44                              
=============================================
=============================================
* Benchmark Result (single input)
  - FPS : 10.46                              
=============================================
=============================================
* Benchmark Result (single input)
  - FPS : 10.44                              
=============================================
=============================================
* Benchmark Result (single input)
  - FPS : 10.57                              
=============================================
=============================================
* Benchmark Result (single input)
  - FPS : 10.73                              
=============================================
=============================================
* Benchmark Result (single input)
  - FPS : 10.58                              
=============================================
=============================================
* Benchmark Result (single input)
  - FPS : 10.46                              
=============================================
=============================================
* Benchmark Result (single input)
  - FPS : 10.43                              
=============================================
=============================================
* Benchmark Result (single input)
  - FPS : 10.47                              
=============================================
=============================================
* Benchmark Result (single input)
  - FPS : 10.44                              
=============================================
=============================================
* Benchmark Result (single input)
  - FPS : 10.77                              
=============================================
=============================================
* Benchmark Result (single input)
  - FPS : 10.75                              
=============================================
=============================================
* Benchmark Result (single input)
  - FPS : 10.64                              
=============================================
=============================================
* Benchmark Result (single input)
  - FPS : 10.33                              
=============================================
=============================================
* Benchmark Result (single input)
  - FPS : 10.65                              
=============================================
=============================================
* Benchmark Result (single input)
  - FPS : 10.44                              
=============================================
=============================================
* Benchmark Result (single input)
  - FPS : 10.66                              
=============================================
=============================================
* Benchmark Result (single input)
  - FPS : 10.64                              
=============================================
=============================================
* Benchmark Result (single input)
  - FPS : 10.63                              
=============================================
=============================================
* Benchmark Result (single input)
  - FPS : 10.64                              
=============================================
=============================================
* Benchmark Result (single input)
  - FPS : 10.63                              
=============================================
=============================================
* Benchmark Result (single input)
  - FPS : 10.65                              
=============================================
=============================================
* Benchmark Result (single input)
  - FPS : 10.62                              
=============================================
=============================================
* Benchmark Result (single input)
  - FPS : 10.62                              
=============================================
=============================================
* Benchmark Result (single input)
  - FPS : 10.40                              
=============================================
=============================================
* Benchmark Result (single input)
  - FPS : 10.80                              
=============================================
=============================================
* Benchmark Result (single input)
  - FPS : 10.72                              
=============================================
=============================================
* Benchmark Result (single input)
  - FPS : 10.67                              
=============================================
=============================================
* Benchmark Result (single input)
  - FPS : 10.47                              
=============================================
=============================================
* Benchmark Result (single input)
  - FPS : 10.64                              
=============================================
=============================================
* Benchmark Result (single input)
  - FPS : 10.65                              
=============================================
=============================================
* Benchmark Result (single input)
  - FPS : 10.65                              
=============================================
=============================================
* Benchmark Result (single input)
  - FPS : 10.62                              
=============================================
=============================================
* Benchmark Result (single input)
  - FPS : 10.64                              
=============================================
=============================================
* Benchmark Result (single input)
  - FPS : 10.65                              
=============================================
=============================================
* Benchmark Result (single input)
  - FPS : 10.78                              
=============================================
=============================================
* Benchmark Result (single input)
  - FPS : 10.78                              
=============================================
=============================================
* Benchmark Result (single input)
  - FPS : 10.72                              
=============================================
=============================================
* Benchmark Result (single input)
  - FPS : 10.66                              
=============================================
=============================================
* Benchmark Result (single input)
  - FPS : 10.56                              
=============================================
=============================================
* Benchmark Result (single input)
  - FPS : 10.68                              
=============================================
=============================================
* Benchmark Result (single input)
  - FPS : 10.65                              
=============================================
=============================================
* Benchmark Result (single input)
  - FPS : 10.65                              
=============================================
=============================================
* Benchmark Result (single input)
  - FPS : 10.63                              
=============================================
=============================================
* Benchmark Result (single input)
  - FPS : 10.64                              
=============================================
=============================================
* Benchmark Result (single input)
  - FPS : 10.64                              
=============================================
=============================================
* Benchmark Result (single input)
  - FPS : 10.66                              
=============================================
=============================================
* Benchmark Result (single input)
  - FPS : 10.67                              
=============================================
=============================================
* Benchmark Result (single input)
  - FPS : 10.78                              
=============================================
=============================================
* Benchmark Result (single input)
  - FPS : 10.92                              
=============================================
=============================================
* Benchmark Result (single input)
  - FPS : 10.63                              
=============================================
=============================================
* Benchmark Result (single input)
  - FPS : 10.86                              
=============================================
=============================================
* Benchmark Result (single input)
  - FPS : 10.80                              
=============================================
=============================================
* Benchmark Result (single input)
  - FPS : 10.64                              
=============================================
=============================================
* Benchmark Result (single input)
  - FPS : 10.66                              
=============================================
=============================================
* Benchmark Result (single input)
  - FPS : 10.72                              
=============================================
=============================================
* Benchmark Result (single input)
  - FPS : 10.58                              
=============================================
=============================================
* Benchmark Result (single input)
  - FPS : 10.71                              
=============================================
=============================================
* Benchmark Result (single input)
  - FPS : 10.71                              
=============================================
=============================================
* Benchmark Result (single input)
  - FPS : 10.69                              
=============================================
=============================================
* Benchmark Result (single input)
  - FPS : 10.44                              
=============================================
=============================================
* Benchmark Result (single input)
  - FPS : 10.71                              
=============================================
=============================================
* Benchmark Result (single input)
  - FPS : 10.74                              
=============================================
=============================================
* Benchmark Result (single input)
  - FPS : 10.72                              
=============================================
=============================================
* Benchmark Result (single input)
  - FPS : 10.44                              
=============================================
=============================================
* Benchmark Result (single input)
  - FPS : 10.73                              
=============================================
=============================================
* Benchmark Result (single input)
  - FPS : 10.73                              
=============================================
=============================================
* Benchmark Result (single input)
  - FPS : 10.81                              
=============================================
=============================================
* Benchmark Result (single input)
  - FPS : 10.71                              
=============================================
=============================================
* Benchmark Result (single input)
  - FPS : 10.54                              
=============================================
=============================================
* Benchmark Result (single input)
  - FPS : 10.70                              
=============================================
=============================================
* Benchmark Result (single input)
  - FPS : 10.63                              
=============================================
=============================================
* Benchmark Result (single input)
  - FPS : 10.76                              
=============================================
=============================================
* Benchmark Result (single input)
  - FPS : 10.82                              
=============================================
=============================================
* Benchmark Result (single input)
  - FPS : 10.85                              
=============================================
=============================================
* Benchmark Result (single input)
  - FPS : 10.84                              
=============================================
=============================================
* Benchmark Result (single input)
  - FPS : 10.72                              
=============================================
=============================================
* Benchmark Result (single input)
  - FPS : 10.65                              
=============================================
=============================================
* Benchmark Result (single input)
  - FPS : 10.77                              
=============================================
=============================================
* Benchmark Result (single input)
  - FPS : 10.86                              
=============================================
=============================================
* Benchmark Result (single input)
  - FPS : 10.84                              
=============================================
=============================================
* Benchmark Result (single input)
  - FPS : 10.86                              
=============================================
=============================================
* Benchmark Result (single input)
  - FPS : 10.85                              
=============================================
=============================================
* Benchmark Result (single input)
  - FPS : 10.67                              
=============================================
=============================================
* Benchmark Result (single input)
  - FPS : 10.62                              
=============================================
=============================================
* Benchmark Result (single input)
  - FPS : 10.77                              
=============================================
=============================================
* Benchmark Result (single input)
  - FPS : 10.86                              
=============================================
=============================================
* Benchmark Result (single input)
  - FPS : 10.72                              
=============================================
=============================================
* Benchmark Result (single input)
  - FPS : 10.63                              
=============================================
=============================================
* Benchmark Result (single input)
  - FPS : 10.64                              
=============================================
=============================================
* Benchmark Result (single input)
  - FPS : 10.64                              
=============================================
=============================================
* Benchmark Result (single input)
  - FPS : 10.64                              
=============================================
=============================================
* Benchmark Result (single input)
  - FPS : 10.62                              
=============================================
=============================================
* Benchmark Result (single input)
  - FPS : 10.69                              
=============================================
=============================================
* Benchmark Result (single input)
  - FPS : 10.86                              
=============================================
=============================================
* Benchmark Result (single input)
  - FPS : 10.81                              
=============================================
=============================================
* Benchmark Result (single input)
  - FPS : 10.62                              
=============================================
=============================================
* Benchmark Result (single input)
  - FPS : 10.46                              
=============================================
=============================================
* Benchmark Result (single input)
  - FPS : 10.70                              
=============================================
=============================================
* Benchmark Result (single input)
  - FPS : 10.82                              
=============================================
=============================================
* Benchmark Result (single input)
  - FPS : 10.67                              
=============================================
=============================================
* Benchmark Result (single input)
  - FPS : 10.62                              
=============================================
=============================================
* Benchmark Result (single input)
  - FPS : 10.76                              
=============================================
=============================================
* Benchmark Result (single input)
  - FPS : 10.39                              
=============================================
=============================================
* Benchmark Result (single input)
  - FPS : 10.71                              
=============================================
=============================================
* Benchmark Result (single input)
  - FPS : 8.29                               
=============================================
=============================================
* Benchmark Result (single input)
  - FPS : 10.75                              
=============================================
=============================================
* Benchmark Result (single input)
  - FPS : 10.79                              
=============================================
=============================================
* Benchmark Result (single input)
  - FPS : 10.72                              
=============================================
=============================================
* Benchmark Result (single input)
  - FPS : 8.20                               
=============================================
=============================================
* Benchmark Result (single input)
  - FPS : 10.73                              
=============================================
=============================================
* Benchmark Result (single input)
  - FPS : 10.82                              
=============================================
=============================================
* Benchmark Result (single input)
  - FPS : 10.82                              
=============================================
=============================================
* Benchmark Result (single input)
  - FPS : 10.70                              
=============================================
=============================================
* Benchmark Result (single input)
  - FPS : 10.65                              
=============================================
=============================================
* Benchmark Result (single input)
  - FPS : 10.43                              
=============================================
=============================================
* Benchmark Result (single input)
  - FPS : 10.44                              
=============================================
=============================================
* Benchmark Result (single input)
  - FPS : 10.43                              
=============================================
=============================================
* Benchmark Result (single input)
  - FPS : 10.42                              
=============================================
=============================================
* Benchmark Result (single input)
  - FPS : 10.43                              
=============================================
=============================================
* Benchmark Result (single input)
  - FPS : 10.44                              
=============================================
=============================================
* Benchmark Result (single input)
  - FPS : 10.42                              
=============================================
=============================================
* Benchmark Result (single input)
  - FPS : 10.45                              
=============================================
=============================================
* Benchmark Result (single input)
  - FPS : 9.00                               
=============================================
=============================================
* Benchmark Result (single input)
  - FPS : 10.75                              
=============================================
=============================================
* Benchmark Result (single input)
  - FPS : 10.77                              
=============================================
=============================================
* Benchmark Result (single input)
  - FPS : 10.74                              
=============================================
=============================================
* Benchmark Result (single input)
  - FPS : 10.65                              
=============================================
=============================================
* Benchmark Result (single input)
  - FPS : 10.41                              
=============================================
=============================================
* Benchmark Result (single input)
  - FPS : 10.45                              
=============================================
=============================================
* Benchmark Result (single input)
  - FPS : 10.39                              
=============================================
=============================================
* Benchmark Result (single input)
  - FPS : 10.54                              
=============================================
=============================================
* Benchmark Result (single input)
  - FPS : 10.71                              
=============================================
=============================================
* Benchmark Result (single input)
  - FPS : 10.65                              
=============================================
=============================================
* Benchmark Result (single input)
  - FPS : 10.36                              
=============================================
=============================================
* Benchmark Result (single input)
  - FPS : 9.17                               
=============================================
=============================================
* Benchmark Result (single input)
  - FPS : 10.70                              
=============================================
=============================================
* Benchmark Result (single input)
  - FPS : 9.32                               
=============================================
=============================================
* Benchmark Result (single input)
  - FPS : 10.75                              
=============================================
=============================================
* Benchmark Result (single input)
  - FPS : 10.73                              
=============================================
=============================================
* Benchmark Result (single input)
  - FPS : 10.72                              
=============================================
=============================================
* Benchmark Result (single input)
  - FPS : 10.73                              
=============================================
=============================================
* Benchmark Result (single input)
  - FPS : 10.43                              
=============================================
=============================================
* Benchmark Result (single input)
  - FPS : 10.42                              
=============================================
=============================================
* Benchmark Result (single input)
  - FPS : 10.40                              
=============================================
=============================================
* Benchmark Result (single input)
  - FPS : 10.44                              
=============================================
=============================================
* Benchmark Result (single input)
  - FPS : 10.44                              
=============================================
=============================================
* Benchmark Result (single input)
  - FPS : 10.42                              
=============================================
=============================================
* Benchmark Result (single input)
  - FPS : 10.42                              
=============================================
=============================================
* Benchmark Result (single input)
  - FPS : 10.45                              
=============================================
=============================================
* Benchmark Result (single input)
  - FPS : 10.43                              
=============================================
=============================================
* Benchmark Result (single input)
  - FPS : 10.41                              
=============================================
=============================================
* Benchmark Result (single input)
  - FPS : 10.37                              
=============================================
=============================================
* Benchmark Result (single input)
  - FPS : 10.43                              
=============================================
=============================================
* Benchmark Result (single input)
  - FPS : 10.43                              
=============================================
=============================================
* Benchmark Result (single input)
  - FPS : 10.32                              
=============================================
=============================================
* Benchmark Result (single input)
  - FPS : 10.43                              
=============================================
=============================================
* Benchmark Result (single input)
  - FPS : 10.79                              
=============================================
=============================================
* Benchmark Result (single input)
  - FPS : 10.58                              
=============================================
=============================================
* Benchmark Result (single input)
  - FPS : 10.34                              
=============================================
=============================================
* Benchmark Result (single input)
  - FPS : 10.36                              
=============================================
=============================================
* Benchmark Result (single input)
  - FPS : 10.38                              
=============================================
=============================================
* Benchmark Result (single input)
  - FPS : 9.09                               
=============================================
=============================================
* Benchmark Result (single input)
  - FPS : 10.77                              
=============================================
=============================================
* Benchmark Result (single input)
  - FPS : 10.62                              
=============================================
=============================================
* Benchmark Result (single input)
  - FPS : 10.71                              
=============================================
=============================================
* Benchmark Result (single input)
  - FPS : 10.77                              
=============================================
=============================================
* Benchmark Result (single input)
  - FPS : 10.42                              
=============================================
=============================================
* Benchmark Result (single input)
  - FPS : 10.52                              
=============================================
=============================================
* Benchmark Result (single input)
  - FPS : 10.28                              
=============================================
=============================================
* Benchmark Result (single input)
  - FPS : 10.44                              
=============================================
=============================================
* Benchmark Result (single input)
  - FPS : 10.49                              
=============================================
=============================================
* Benchmark Result (single input)
  - FPS : 10.37                              
=============================================
=============================================
* Benchmark Result (single input)
  - FPS : 10.38                              
=============================================
=============================================
* Benchmark Result (single input)
  - FPS : 10.42                              
=============================================
=============================================
* Benchmark Result (single input)
  - FPS : 10.46                              
=============================================
=============================================
* Benchmark Result (single input)
  - FPS : 10.43                              
=============================================
=============================================
* Benchmark Result (single input)
  - FPS : 10.45                              
=============================================
=============================================
* Benchmark Result (single input)
  - FPS : 10.35                              
=============================================
=============================================
* Benchmark Result (single input)
  - FPS : 10.39                              
=============================================
=============================================
* Benchmark Result (single input)
  - FPS : 10.44                              
=============================================
=============================================
* Benchmark Result (single input)
  - FPS : 10.45                              
=============================================
=============================================
* Benchmark Result (single input)
  - FPS : 10.45                              
=============================================
=============================================
* Benchmark Result (single input)
  - FPS : 10.19                              
=============================================
=============================================
* Benchmark Result (single input)
  - FPS : 10.36                              
=============================================
=============================================
* Benchmark Result (single input)
  - FPS : 10.48                              
=============================================
=============================================
* Benchmark Result (single input)
  - FPS : 10.47                              
=============================================
=============================================
* Benchmark Result (single input)
  - FPS : 10.39                              
=============================================
=============================================
* Benchmark Result (single input)
  - FPS : 10.32                              
=============================================
=============================================
* Benchmark Result (single input)
  - FPS : 10.47                              
=============================================
=============================================
* Benchmark Result (single input)
  - FPS : 10.55                              
=============================================
=============================================
* Benchmark Result (single input)
  - FPS : 10.69                              
=============================================
=============================================
* Benchmark Result (single input)
  - FPS : 10.58                              
=============================================
=============================================
* Benchmark Result (single input)
  - FPS : 10.29                              
=============================================
=============================================
* Benchmark Result (single input)
  - FPS : 10.46                              
=============================================
=============================================
* Benchmark Result (single input)
  - FPS : 10.36                              
=============================================
=============================================
* Benchmark Result (single input)
  - FPS : 10.40                              
=============================================
=============================================
* Benchmark Result (single input)
  - FPS : 10.35                              
=============================================
=============================================
* Benchmark Result (single input)
  - FPS : 10.47                              
=============================================
=============================================
* Benchmark Result (single input)
  - FPS : 10.43                              
=============================================
=============================================
* Benchmark Result (single input)
  - FPS : 10.46                              
=============================================
=============================================
* Benchmark Result (single input)
  - FPS : 10.48                              
=============================================
=============================================
* Benchmark Result (single input)
  - FPS : 10.47                              
=============================================
=============================================
* Benchmark Result (single input)
  - FPS : 10.47                              
=============================================
=============================================
* Benchmark Result (single input)
  - FPS : 10.46                              
=============================================
=============================================
* Benchmark Result (single input)
  - FPS : 10.47                              
=============================================
=============================================
* Benchmark Result (single input)
  - FPS : 10.47                              
=============================================
=============================================
* Benchmark Result (single input)
  - FPS : 9.19                               
=============================================
=============================================
* Benchmark Result (single input)
  - FPS : 10.68                              
=============================================
=============================================
* Benchmark Result (single input)
  - FPS : 10.69                              
=============================================
=============================================
* Benchmark Result (single input)
  - FPS : 10.68                              
=============================================
=============================================
* Benchmark Result (single input)
  - FPS : 10.52                              
=============================================
=============================================
* Benchmark Result (single input)
  - FPS : 10.40                              
=============================================
=============================================
* Benchmark Result (single input)
  - FPS : 10.32                              
=============================================
=============================================
* Benchmark Result (single input)
  - FPS : 10.37                              
=============================================
=============================================
* Benchmark Result (single input)
  - FPS : 10.38                              
=============================================
=============================================
* Benchmark Result (single input)
  - FPS : 10.36                              
=============================================
=============================================
* Benchmark Result (single input)
  - FPS : 10.38                              
=============================================
=============================================
* Benchmark Result (single input)
  - FPS : 4.92                               
=============================================
=============================================
* Benchmark Result (single input)
  - FPS : 9.30                               
=============================================
=============================================
* Benchmark Result (single input)
  - FPS : 11.23                              
=============================================
=============================================
* Benchmark Result (single input)
  - FPS : 11.21                              
=============================================
=============================================
* Benchmark Result (single input)
  - FPS : 11.23                              
=============================================
=============================================
* Benchmark Result (single input)
  - FPS : 11.20                              
=============================================
=============================================
* Benchmark Result (single input)
  - FPS : 9.41                               
=============================================
=============================================
* Benchmark Result (single input)
  - FPS : 9.32                               
=============================================
=============================================
* Benchmark Result (single input)
  - FPS : 9.25                               
=============================================
=============================================
* Benchmark Result (single input)
  - FPS : 9.22                               
=============================================
=============================================
* Benchmark Result (single input)
  - FPS : 10.74                              
=============================================
=============================================
* Benchmark Result (single input)
  - FPS : 11.15                              
=============================================
Profiler data has been written to profiler.json
  -------------------------------------------------------------------------------
  |           Name                 |  min (us)    |  max (us)    | average (us) |
  -------------------------------------------------------------------------------
  |   Framework Response Handling  |           14 |          273 |      197.146 | 124, 207, 205, 207, 212, 200, 203, 191, 216, 191, 191, 183, 189, 208, 208, 201, 207, 204, 249, 222, 207, 194, 218, 185, 222, 185, 186, 204, 200, 202, ...
  |                       NPU Core |        63925 |        63969 |      63944.3 | 63954, 63945, 63947, 63944, 63937, 63946, 63931, 63943, 63940, 63935, 63947, 63952, 63945, 63954, 63943, 63958, 63956, 63955, 63949, 63965, 63933, 63951, 63942, 63956, 63931, 63936, 63943, 63945, 63947, 63939, ...
  |       NPU Input Format Handler |         1722 |         4265 |      2569.27 | 4265, 2036, 1948, 2034, 2064, 2054, 1966, 2051, 1961, 1963, 1967, 2385, 1886, 1935, 1969, 1968, 2066, 2034, 1967, 1980, 2047, 2029, 2492, 2018, 1937, 1938, 1954, 2029, 1992, 1969, ...
  |      NPU Output Format Handler |         9149 |        37887 |      13144.1 | 11064, 12028, 11995, 12004, 12002, 12013, 11848, 11724, 11775, 11841, 11849, 25983, 11956, 11851, 11895, 11891, 11908, 11955, 11913, 11870, 11820, 11635, 25149, 11472, 11908, 11703, 11854, 11894, 11764, 11747, ...
  |                       NPU Task |        82972 |       201205 |      94292.9 | 91550, 92763, 92692, 92786, 92936, 92841, 92690, 91647, 91731, 92044, 92672, 105577, 93537, 92496, 92578, 92781, 92928, 92787, 92813, 92611, 92639, 91701, 105582, 90530, 92973, 90987, 91509, 92865, 92563, 92130, ...
  |                      PCIe Read |         3737 |         7761 |      6683.18 | 7645, 7074, 6973, 7007, 7007, 7017, 6943, 6333, 6905, 7022, 6864, 6178, 6810, 6970, 6972, 6991, 7015, 6975, 7024, 6921, 7074, 6407, 6766, 6357, 6793, 6278, 6552, 7054, 6974, 6964, ...
  |                     PCIe Write |         3214 |         7255 |      5385.34 | 3432, 5564, 5642, 5635, 5623, 5640, 5657, 5590, 5063, 5121, 5797, 5097, 6909, 5642, 5641, 5751, 5690, 5602, 5665, 5602, 5624, 5537, 5083, 4900, 4866, 5097, 5098, 5695, 5582, 5364, ...
  |           Service Process Wait |        84030 |      1459644 |       100145 | 1459644, 93812, 93978, 94102, 94163, 94084, 94155, 93780, 92250, 92972, 94201, 98882, 94742, 93417, 94009, 93972, 94161, 93995, 94067, 94022, 93848, 93776, 107720, 92029, 93135, 92966, 92277, 93443, 94147, 93312, ...
  -------------------------------------------------------------------------------

__CPU_PERCENT__=26%
