Runtime Framework Version: v3.3.2
Device Driver Version: v2.4.1
PCIe Driver Version: v2.2.0

modelFile: /home/deepx/sijo_feat_windows_env/dx_stream/apps/benchmark/assets/models_dxnn_v2.3.0/yolo26n-cls.dxnn
inputFile: 
outputFile: output.bin
benchmark: 0
loops: 300
Device specification: 'all' (default)
[INFO] Profiler is enabled.
Run model target mode : Single Mode
Inference by loops: count=300

=== Model File: /home/deepx/sijo_feat_windows_env/dx_stream/apps/benchmark/assets/models_dxnn_v2.3.0/yolo26n-cls.dxnn ===

Model Input Tensors:
  - images
Model Output Tensors:
  - output0

Tasks:
  [ ] -> npu_0 -> []
  Task[0] npu_0, NPU, NPU memory usage 4,760,576 bytes (input 150,528 bytes, output 4,000 bytes), mem_usage:6,389,504 bytes
  Inputs
     -  images, UINT8, [1, 224, 224, 3 ]
  Outputs
    -  output0, FLOAT, [1, 1000 ]


Performing 1 warmup run(s)...
Warmup completed.
=============================================
* Benchmark Result (single input)
  - FPS : 924.21                             
=============================================
=============================================
* Benchmark Result (single input)
  - FPS : 968.05                             
=============================================
=============================================
* Benchmark Result (single input)
  - FPS : 949.67                             
=============================================
=============================================
* Benchmark Result (single input)
  - FPS : 999.00                             
=============================================
=============================================
* Benchmark Result (single input)
  - FPS : 991.08                             
=============================================
=============================================
* Benchmark Result (single input)
  - FPS : 989.12                             
=============================================
=============================================
* Benchmark Result (single input)
  - FPS : 1007.05                            
=============================================
=============================================
* Benchmark Result (single input)
  - FPS : 1015.23                            
=============================================
=============================================
* Benchmark Result (single input)
  - FPS : 1008.06                            
=============================================
=============================================
* Benchmark Result (single input)
  - FPS : 1013.17                            
=============================================
=============================================
* Benchmark Result (single input)
  - FPS : 1011.12                            
=============================================
=============================================
* Benchmark Result (single input)
  - FPS : 1010.10                            
=============================================
=============================================
* Benchmark Result (single input)
  - FPS : 1010.10                            
=============================================
=============================================
* Benchmark Result (single input)
  - FPS : 1011.12                            
=============================================
=============================================
* Benchmark Result (single input)
  - FPS : 1014.20                            
=============================================
=============================================
* Benchmark Result (single input)
  - FPS : 1009.08                            
=============================================
=============================================
* Benchmark Result (single input)
  - FPS : 1020.41                            
=============================================
=============================================
* Benchmark Result (single input)
  - FPS : 1021.45                            
=============================================
=============================================
* Benchmark Result (single input)
  - FPS : 1015.23                            
=============================================
=============================================
* Benchmark Result (single input)
  - FPS : 1013.17                            
=============================================
=============================================
* Benchmark Result (single input)
  - FPS : 1017.29                            
=============================================
=============================================
* Benchmark Result (single input)
  - FPS : 1006.04                            
=============================================
=============================================
* Benchmark Result (single input)
  - FPS : 1015.23                            
=============================================
=============================================
* Benchmark Result (single input)
  - FPS : 1014.20                            
=============================================
=============================================
* Benchmark Result (single input)
  - FPS : 1019.37                            
=============================================
=============================================
* Benchmark Result (single input)
  - FPS : 1017.29                            
=============================================
=============================================
* Benchmark Result (single input)
  - FPS : 1013.17                            
=============================================
=============================================
* Benchmark Result (single input)
  - FPS : 1015.23                            
=============================================
=============================================
* Benchmark Result (single input)
  - FPS : 1014.20                            
=============================================
=============================================
* Benchmark Result (single input)
  - FPS : 1013.17                            
=============================================
=============================================
* Benchmark Result (single input)
  - FPS : 1014.20                            
=============================================
=============================================
* Benchmark Result (single input)
  - FPS : 1009.08                            
=============================================
=============================================
* Benchmark Result (single input)
  - FPS : 1017.29                            
=============================================
=============================================
* Benchmark Result (single input)
  - FPS : 1014.20                            
=============================================
=============================================
* Benchmark Result (single input)
  - FPS : 999.00                             
=============================================
=============================================
* Benchmark Result (single input)
  - FPS : 997.01                             
=============================================
=============================================
* Benchmark Result (single input)
  - FPS : 1016.26                            
=============================================
=============================================
* Benchmark Result (single input)
  - FPS : 1018.33                            
=============================================
=============================================
* Benchmark Result (single input)
  - FPS : 1019.37                            
=============================================
=============================================
* Benchmark Result (single input)
  - FPS : 1007.05                            
=============================================
=============================================
* Benchmark Result (single input)
  - FPS : 1019.37                            
=============================================
=============================================
* Benchmark Result (single input)
  - FPS : 1007.05                            
=============================================
=============================================
* Benchmark Result (single input)
  - FPS : 1013.17                            
=============================================
=============================================
* Benchmark Result (single input)
  - FPS : 1013.17                            
=============================================
=============================================
* Benchmark Result (single input)
  - FPS : 1021.45                            
=============================================
=============================================
* Benchmark Result (single input)
  - FPS : 1019.37                            
=============================================
=============================================
* Benchmark Result (single input)
  - FPS : 1015.23                            
=============================================
=============================================
* Benchmark Result (single input)
  - FPS : 995.02                             
=============================================
=============================================
* Benchmark Result (single input)
  - FPS : 1019.37                            
=============================================
=============================================
* Benchmark Result (single input)
  - FPS : 1014.20                            
=============================================
=============================================
* Benchmark Result (single input)
  - FPS : 1021.45                            
=============================================
=============================================
* Benchmark Result (single input)
  - FPS : 1009.08                            
=============================================
=============================================
* Benchmark Result (single input)
  - FPS : 1022.49                            
=============================================
=============================================
* Benchmark Result (single input)
  - FPS : 1022.49                            
=============================================
=============================================
* Benchmark Result (single input)
  - FPS : 1016.26                            
=============================================
=============================================
* Benchmark Result (single input)
  - FPS : 996.02                             
=============================================
=============================================
* Benchmark Result (single input)
  - FPS : 1022.49                            
=============================================
=============================================
* Benchmark Result (single input)
  - FPS : 1013.17                            
=============================================
=============================================
* Benchmark Result (single input)
  - FPS : 1012.15                            
=============================================
=============================================
* Benchmark Result (single input)
  - FPS : 1005.03                            
=============================================
=============================================
* Benchmark Result (single input)
  - FPS : 1011.12                            
=============================================
=============================================
* Benchmark Result (single input)
  - FPS : 1016.26                            
=============================================
=============================================
* Benchmark Result (single input)
  - FPS : 997.01                             
=============================================
=============================================
* Benchmark Result (single input)
  - FPS : 1013.17                            
=============================================
=============================================
* Benchmark Result (single input)
  - FPS : 1007.05                            
=============================================
=============================================
* Benchmark Result (single input)
  - FPS : 1018.33                            
=============================================
=============================================
* Benchmark Result (single input)
  - FPS : 1009.08                            
=============================================
=============================================
* Benchmark Result (single input)
  - FPS : 1016.26                            
=============================================
=============================================
* Benchmark Result (single input)
  - FPS : 1012.15                            
=============================================
=============================================
* Benchmark Result (single input)
  - FPS : 1024.59                            
=============================================
=============================================
* Benchmark Result (single input)
  - FPS : 1022.49                            
=============================================
=============================================
* Benchmark Result (single input)
  - FPS : 1011.12                            
=============================================
=============================================
* Benchmark Result (single input)
  - FPS : 1021.45                            
=============================================
=============================================
* Benchmark Result (single input)
  - FPS : 1012.15                            
=============================================
=============================================
* Benchmark Result (single input)
  - FPS : 1013.17                            
=============================================
=============================================
* Benchmark Result (single input)
  - FPS : 1011.12                            
=============================================
=============================================
* Benchmark Result (single input)
  - FPS : 1021.45                            
=============================================
=============================================
* Benchmark Result (single input)
  - FPS : 1020.41                            
=============================================
=============================================
* Benchmark Result (single input)
  - FPS : 1012.15                            
=============================================
=============================================
* Benchmark Result (single input)
  - FPS : 1011.12                            
=============================================
=============================================
* Benchmark Result (single input)
  - FPS : 1009.08                            
=============================================
=============================================
* Benchmark Result (single input)
  - FPS : 1015.23                            
=============================================
=============================================
* Benchmark Result (single input)
  - FPS : 1011.12                            
=============================================
=============================================
* Benchmark Result (single input)
  - FPS : 1009.08                            
=============================================
=============================================
* Benchmark Result (single input)
  - FPS : 1020.41                            
=============================================
=============================================
* Benchmark Result (single input)
  - FPS : 1018.33                            
=============================================
=============================================
* Benchmark Result (single input)
  - FPS : 1011.12                            
=============================================
=============================================
* Benchmark Result (single input)
  - FPS : 1012.15                            
=============================================
=============================================
* Benchmark Result (single input)
  - FPS : 1001.00                            
=============================================
=============================================
* Benchmark Result (single input)
  - FPS : 1021.45                            
=============================================
=============================================
* Benchmark Result (single input)
  - FPS : 1013.17                            
=============================================
=============================================
* Benchmark Result (single input)
  - FPS : 1012.15                            
=============================================
=============================================
* Benchmark Result (single input)
  - FPS : 1021.45                            
=============================================
=============================================
* Benchmark Result (single input)
  - FPS : 1020.41                            
=============================================
=============================================
* Benchmark Result (single input)
  - FPS : 1011.12                            
=============================================
=============================================
* Benchmark Result (single input)
  - FPS : 1012.15                            
=============================================
=============================================
* Benchmark Result (single input)
  - FPS : 1022.49                            
=============================================
=============================================
* Benchmark Result (single input)
  - FPS : 1021.45                            
=============================================
=============================================
* Benchmark Result (single input)
  - FPS : 1009.08                            
=============================================
=============================================
* Benchmark Result (single input)
  - FPS : 1009.08                            
=============================================
=============================================
* Benchmark Result (single input)
  - FPS : 1013.17                            
=============================================
=============================================
* Benchmark Result (single input)
  - FPS : 1016.26                            
=============================================
=============================================
* Benchmark Result (single input)
  - FPS : 1004.02                            
=============================================
=============================================
* Benchmark Result (single input)
  - FPS : 1011.12                            
=============================================
=============================================
* Benchmark Result (single input)
  - FPS : 1022.49                            
=============================================
=============================================
* Benchmark Result (single input)
  - FPS : 1021.45                            
=============================================
=============================================
* Benchmark Result (single input)
  - FPS : 1016.26                            
=============================================
=============================================
* Benchmark Result (single input)
  - FPS : 1016.26                            
=============================================
=============================================
* Benchmark Result (single input)
  - FPS : 1006.04                            
=============================================
=============================================
* Benchmark Result (single input)
  - FPS : 1015.23                            
=============================================
=============================================
* Benchmark Result (single input)
  - FPS : 1013.17                            
=============================================
=============================================
* Benchmark Result (single input)
  - FPS : 1004.02                            
=============================================
=============================================
* Benchmark Result (single input)
  - FPS : 1011.12                            
=============================================
=============================================
* Benchmark Result (single input)
  - FPS : 1020.41                            
=============================================
=============================================
* Benchmark Result (single input)
  - FPS : 1010.10                            
=============================================
=============================================
* Benchmark Result (single input)
  - FPS : 1008.06                            
=============================================
=============================================
* Benchmark Result (single input)
  - FPS : 1020.41                            
=============================================
=============================================
* Benchmark Result (single input)
  - FPS : 997.01                             
=============================================
=============================================
* Benchmark Result (single input)
  - FPS : 1002.00                            
=============================================
=============================================
* Benchmark Result (single input)
  - FPS : 1008.06                            
=============================================
=============================================
* Benchmark Result (single input)
  - FPS : 1019.37                            
=============================================
=============================================
* Benchmark Result (single input)
  - FPS : 1022.49                            
=============================================
=============================================
* Benchmark Result (single input)
  - FPS : 1009.08                            
=============================================
=============================================
* Benchmark Result (single input)
  - FPS : 1009.08                            
=============================================
=============================================
* Benchmark Result (single input)
  - FPS : 1019.37                            
=============================================
=============================================
* Benchmark Result (single input)
  - FPS : 1018.33                            
=============================================
=============================================
* Benchmark Result (single input)
  - FPS : 1007.05                            
=============================================
=============================================
* Benchmark Result (single input)
  - FPS : 1011.12                            
=============================================
=============================================
* Benchmark Result (single input)
  - FPS : 1022.49                            
=============================================
=============================================
* Benchmark Result (single input)
  - FPS : 1019.37                            
=============================================
=============================================
* Benchmark Result (single input)
  - FPS : 1007.05                            
=============================================
=============================================
* Benchmark Result (single input)
  - FPS : 1009.08                            
=============================================
=============================================
* Benchmark Result (single input)
  - FPS : 1017.29                            
=============================================
=============================================
* Benchmark Result (single input)
  - FPS : 1019.37                            
=============================================
=============================================
* Benchmark Result (single input)
  - FPS : 1018.33                            
=============================================
=============================================
* Benchmark Result (single input)
  - FPS : 1014.20                            
=============================================
=============================================
* Benchmark Result (single input)
  - FPS : 1022.49                            
=============================================
=============================================
* Benchmark Result (single input)
  - FPS : 184.71                             
=============================================
=============================================
* Benchmark Result (single input)
  - FPS : 1001.00                            
=============================================
=============================================
* Benchmark Result (single input)
  - FPS : 1012.15                            
=============================================
=============================================
* Benchmark Result (single input)
  - FPS : 1019.37                            
=============================================
=============================================
* Benchmark Result (single input)
  - FPS : 1018.33                            
=============================================
=============================================
* Benchmark Result (single input)
  - FPS : 1012.15                            
=============================================
=============================================
* Benchmark Result (single input)
  - FPS : 1013.17                            
=============================================
=============================================
* Benchmark Result (single input)
  - FPS : 1016.26                            
=============================================
=============================================
* Benchmark Result (single input)
  - FPS : 1017.29                            
=============================================
=============================================
* Benchmark Result (single input)
  - FPS : 1007.05                            
=============================================
=============================================
* Benchmark Result (single input)
  - FPS : 1011.12                            
=============================================
=============================================
* Benchmark Result (single input)
  - FPS : 1014.20                            
=============================================
=============================================
* Benchmark Result (single input)
  - FPS : 1017.29                            
=============================================
=============================================
* Benchmark Result (single input)
  - FPS : 1013.17                            
=============================================
=============================================
* Benchmark Result (single input)
  - FPS : 1015.23                            
=============================================
=============================================
* Benchmark Result (single input)
  - FPS : 1019.37                            
=============================================
=============================================
* Benchmark Result (single input)
  - FPS : 1019.37                            
=============================================
=============================================
* Benchmark Result (single input)
  - FPS : 1007.05                            
=============================================
=============================================
* Benchmark Result (single input)
  - FPS : 1012.15                            
=============================================
=============================================
* Benchmark Result (single input)
  - FPS : 1016.26                            
=============================================
=============================================
* Benchmark Result (single input)
  - FPS : 998.00                             
=============================================
=============================================
* Benchmark Result (single input)
  - FPS : 1007.05                            
=============================================
=============================================
* Benchmark Result (single input)
  - FPS : 1017.29                            
=============================================
=============================================
* Benchmark Result (single input)
  - FPS : 1022.49                            
=============================================
=============================================
* Benchmark Result (single input)
  - FPS : 1019.37                            
=============================================
=============================================
* Benchmark Result (single input)
  - FPS : 1012.15                            
=============================================
=============================================
* Benchmark Result (single input)
  - FPS : 1013.17                            
=============================================
=============================================
* Benchmark Result (single input)
  - FPS : 1021.45                            
=============================================
=============================================
* Benchmark Result (single input)
  - FPS : 1015.23                            
=============================================
=============================================
* Benchmark Result (single input)
  - FPS : 1011.12                            
=============================================
=============================================
* Benchmark Result (single input)
  - FPS : 1009.08                            
=============================================
=============================================
* Benchmark Result (single input)
  - FPS : 1021.45                            
=============================================
=============================================
* Benchmark Result (single input)
  - FPS : 1021.45                            
=============================================
=============================================
* Benchmark Result (single input)
  - FPS : 1015.23                            
=============================================
=============================================
* Benchmark Result (single input)
  - FPS : 1004.02                            
=============================================
=============================================
* Benchmark Result (single input)
  - FPS : 1021.45                            
=============================================
=============================================
* Benchmark Result (single input)
  - FPS : 1001.00                            
=============================================
=============================================
* Benchmark Result (single input)
  - FPS : 1018.33                            
=============================================
=============================================
* Benchmark Result (single input)
  - FPS : 1018.33                            
=============================================
=============================================
* Benchmark Result (single input)
  - FPS : 1018.33                            
=============================================
=============================================
* Benchmark Result (single input)
  - FPS : 1020.41                            
=============================================
=============================================
* Benchmark Result (single input)
  - FPS : 1007.05                            
=============================================
=============================================
* Benchmark Result (single input)
  - FPS : 999.00                             
=============================================
=============================================
* Benchmark Result (single input)
  - FPS : 1020.41                            
=============================================
=============================================
* Benchmark Result (single input)
  - FPS : 1020.41                            
=============================================
=============================================
* Benchmark Result (single input)
  - FPS : 1009.08                            
=============================================
=============================================
* Benchmark Result (single input)
  - FPS : 1010.10                            
=============================================
=============================================
* Benchmark Result (single input)
  - FPS : 1011.12                            
=============================================
=============================================
* Benchmark Result (single input)
  - FPS : 1015.23                            
=============================================
=============================================
* Benchmark Result (single input)
  - FPS : 1018.33                            
=============================================
=============================================
* Benchmark Result (single input)
  - FPS : 1012.15                            
=============================================
=============================================
* Benchmark Result (single input)
  - FPS : 1018.33                            
=============================================
=============================================
* Benchmark Result (single input)
  - FPS : 1016.26                            
=============================================
=============================================
* Benchmark Result (single input)
  - FPS : 1011.12                            
=============================================
=============================================
* Benchmark Result (single input)
  - FPS : 1008.06                            
=============================================
=============================================
* Benchmark Result (single input)
  - FPS : 1013.17                            
=============================================
=============================================
* Benchmark Result (single input)
  - FPS : 1020.41                            
=============================================
=============================================
* Benchmark Result (single input)
  - FPS : 1004.02                            
=============================================
=============================================
* Benchmark Result (single input)
  - FPS : 1010.10                            
=============================================
=============================================
* Benchmark Result (single input)
  - FPS : 1009.08                            
=============================================
=============================================
* Benchmark Result (single input)
  - FPS : 1011.12                            
=============================================
=============================================
* Benchmark Result (single input)
  - FPS : 1014.20                            
=============================================
=============================================
* Benchmark Result (single input)
  - FPS : 1010.10                            
=============================================
=============================================
* Benchmark Result (single input)
  - FPS : 1023.54                            
=============================================
=============================================
* Benchmark Result (single input)
  - FPS : 1025.64                            
=============================================
=============================================
* Benchmark Result (single input)
  - FPS : 1018.33                            
=============================================
=============================================
* Benchmark Result (single input)
  - FPS : 1010.10                            
=============================================
=============================================
* Benchmark Result (single input)
  - FPS : 1020.41                            
=============================================
=============================================
* Benchmark Result (single input)
  - FPS : 1014.20                            
=============================================
=============================================
* Benchmark Result (single input)
  - FPS : 1003.01                            
=============================================
=============================================
* Benchmark Result (single input)
  - FPS : 1013.17                            
=============================================
=============================================
* Benchmark Result (single input)
  - FPS : 1015.23                            
=============================================
=============================================
* Benchmark Result (single input)
  - FPS : 1010.10                            
=============================================
=============================================
* Benchmark Result (single input)
  - FPS : 1002.00                            
=============================================
=============================================
* Benchmark Result (single input)
  - FPS : 1010.10                            
=============================================
=============================================
* Benchmark Result (single input)
  - FPS : 1013.17                            
=============================================
=============================================
* Benchmark Result (single input)
  - FPS : 1015.23                            
=============================================
=============================================
* Benchmark Result (single input)
  - FPS : 1013.17                            
=============================================
=============================================
* Benchmark Result (single input)
  - FPS : 1016.26                            
=============================================
=============================================
* Benchmark Result (single input)
  - FPS : 1015.23                            
=============================================
=============================================
* Benchmark Result (single input)
  - FPS : 1021.45                            
=============================================
=============================================
* Benchmark Result (single input)
  - FPS : 1008.06                            
=============================================
=============================================
* Benchmark Result (single input)
  - FPS : 1011.12                            
=============================================
=============================================
* Benchmark Result (single input)
  - FPS : 1020.41                            
=============================================
=============================================
* Benchmark Result (single input)
  - FPS : 1016.26                            
=============================================
=============================================
* Benchmark Result (single input)
  - FPS : 1007.05                            
=============================================
=============================================
* Benchmark Result (single input)
  - FPS : 1012.15                            
=============================================
=============================================
* Benchmark Result (single input)
  - FPS : 1020.41                            
=============================================
=============================================
* Benchmark Result (single input)
  - FPS : 1018.33                            
=============================================
=============================================
* Benchmark Result (single input)
  - FPS : 1005.03                            
=============================================
=============================================
* Benchmark Result (single input)
  - FPS : 1011.12                            
=============================================
=============================================
* Benchmark Result (single input)
  - FPS : 1015.23                            
=============================================
=============================================
* Benchmark Result (single input)
  - FPS : 1020.41                            
=============================================
=============================================
* Benchmark Result (single input)
  - FPS : 1004.02                            
=============================================
=============================================
* Benchmark Result (single input)
  - FPS : 1013.17                            
=============================================
=============================================
* Benchmark Result (single input)
  - FPS : 1022.49                            
=============================================
=============================================
* Benchmark Result (single input)
  - FPS : 1017.29                            
=============================================
=============================================
* Benchmark Result (single input)
  - FPS : 1010.10                            
=============================================
=============================================
* Benchmark Result (single input)
  - FPS : 1012.15                            
=============================================
=============================================
* Benchmark Result (single input)
  - FPS : 1018.33                            
=============================================
=============================================
* Benchmark Result (single input)
  - FPS : 1013.17                            
=============================================
=============================================
* Benchmark Result (single input)
  - FPS : 1009.08                            
=============================================
=============================================
* Benchmark Result (single input)
  - FPS : 1012.15                            
=============================================
=============================================
* Benchmark Result (single input)
  - FPS : 1015.23                            
=============================================
=============================================
* Benchmark Result (single input)
  - FPS : 1016.26                            
=============================================
=============================================
* Benchmark Result (single input)
  - FPS : 1007.05                            
=============================================
=============================================
* Benchmark Result (single input)
  - FPS : 1009.08                            
=============================================
=============================================
* Benchmark Result (single input)
  - FPS : 1017.29                            
=============================================
=============================================
* Benchmark Result (single input)
  - FPS : 1017.29                            
=============================================
=============================================
* Benchmark Result (single input)
  - FPS : 1004.02                            
=============================================
=============================================
* Benchmark Result (single input)
  - FPS : 1014.20                            
=============================================
=============================================
* Benchmark Result (single input)
  - FPS : 1011.12                            
=============================================
=============================================
* Benchmark Result (single input)
  - FPS : 1017.29                            
=============================================
=============================================
* Benchmark Result (single input)
  - FPS : 1011.12                            
=============================================
=============================================
* Benchmark Result (single input)
  - FPS : 1009.08                            
=============================================
=============================================
* Benchmark Result (single input)
  - FPS : 1019.37                            
=============================================
=============================================
* Benchmark Result (single input)
  - FPS : 1020.41                            
=============================================
=============================================
* Benchmark Result (single input)
  - FPS : 1007.05                            
=============================================
=============================================
* Benchmark Result (single input)
  - FPS : 1009.08                            
=============================================
=============================================
* Benchmark Result (single input)
  - FPS : 1019.37                            
=============================================
=============================================
* Benchmark Result (single input)
  - FPS : 1018.33                            
=============================================
=============================================
* Benchmark Result (single input)
  - FPS : 1007.05                            
=============================================
=============================================
* Benchmark Result (single input)
  - FPS : 1007.05                            
=============================================
=============================================
* Benchmark Result (single input)
  - FPS : 1018.33                            
=============================================
=============================================
* Benchmark Result (single input)
  - FPS : 1019.37                            
=============================================
=============================================
* Benchmark Result (single input)
  - FPS : 1011.12                            
=============================================
=============================================
* Benchmark Result (single input)
  - FPS : 1012.15                            
=============================================
=============================================
* Benchmark Result (single input)
  - FPS : 1020.41                            
=============================================
=============================================
* Benchmark Result (single input)
  - FPS : 1018.33                            
=============================================
=============================================
* Benchmark Result (single input)
  - FPS : 1011.12                            
=============================================
=============================================
* Benchmark Result (single input)
  - FPS : 1011.12                            
=============================================
=============================================
* Benchmark Result (single input)
  - FPS : 1017.29                            
=============================================
=============================================
* Benchmark Result (single input)
  - FPS : 1019.37                            
=============================================
=============================================
* Benchmark Result (single input)
  - FPS : 1016.26                            
=============================================
=============================================
* Benchmark Result (single input)
  - FPS : 1011.12                            
=============================================
=============================================
* Benchmark Result (single input)
  - FPS : 1015.23                            
=============================================
=============================================
* Benchmark Result (single input)
  - FPS : 1017.29                            
=============================================
=============================================
* Benchmark Result (single input)
  - FPS : 1005.03                            
=============================================
=============================================
* Benchmark Result (single input)
  - FPS : 996.02                             
=============================================
=============================================
* Benchmark Result (single input)
  - FPS : 1016.26                            
=============================================
=============================================
* Benchmark Result (single input)
  - FPS : 1014.20                            
=============================================
=============================================
* Benchmark Result (single input)
  - FPS : 1006.04                            
=============================================
=============================================
* Benchmark Result (single input)
  - FPS : 1013.17                            
=============================================
=============================================
* Benchmark Result (single input)
  - FPS : 1019.37                            
=============================================
=============================================
* Benchmark Result (single input)
  - FPS : 1017.29                            
=============================================
=============================================
* Benchmark Result (single input)
  - FPS : 1009.08                            
=============================================
=============================================
* Benchmark Result (single input)
  - FPS : 1011.12                            
=============================================
=============================================
* Benchmark Result (single input)
  - FPS : 1020.41                            
=============================================
=============================================
* Benchmark Result (single input)
  - FPS : 1018.33                            
=============================================
=============================================
* Benchmark Result (single input)
  - FPS : 1010.10                            
=============================================
=============================================
* Benchmark Result (single input)
  - FPS : 1007.05                            
=============================================
=============================================
* Benchmark Result (single input)
  - FPS : 139.53                             
=============================================
=============================================
* Benchmark Result (single input)
  - FPS : 1006.04                            
=============================================
=============================================
* Benchmark Result (single input)
  - FPS : 1005.03                            
=============================================
=============================================
* Benchmark Result (single input)
  - FPS : 1012.15                            
=============================================
=============================================
* Benchmark Result (single input)
  - FPS : 1015.23                            
=============================================
=============================================
* Benchmark Result (single input)
  - FPS : 1022.49                            
=============================================
=============================================
* Benchmark Result (single input)
  - FPS : 1008.06                            
=============================================
=============================================
* Benchmark Result (single input)
  - FPS : 1018.33                            
=============================================
=============================================
* Benchmark Result (single input)
  - FPS : 1021.45                            
=============================================
=============================================
* Benchmark Result (single input)
  - FPS : 1018.33                            
=============================================
=============================================
* Benchmark Result (single input)
  - FPS : 1016.26                            
=============================================
=============================================
* Benchmark Result (single input)
  - FPS : 1009.08                            
=============================================
Profiler data has been written to profiler.json
  -------------------------------------------------------------------------------
  | Device 0                                                                    |
  |            Name                |  min (us)    |  max (us)    | average (us) |
  -------------------------------------------------------------------------------
  |                    Buffer Wait |            1 |            5 |            3 |
  |       NPU Input Format Handler |            2 |           28 |      2.79734 |
  |                     PCIe Write |           73 |           89 |      75.1711 |
  |                       NPU Core |          781 |          786 |      783.711 |
  |                      PCIe Read |           23 |           30 |      24.8947 |
  |      NPU Output Format Handler |            1 |            2 |          1.2 |
  |                       NPU Task |          976 |         1183 |      985.579 |
  -------------------------------------------------------------------------------
  -------------------------------------------------------------------------------
  | Device 1                                                                    |
  |            Name                |  min (us)    |  max (us)    | average (us) |
  -------------------------------------------------------------------------------
  |                    Buffer Wait |            1 |            5 |            3 |
  |       NPU Input Format Handler |            2 |           28 |      2.79734 |
  |                     PCIe Write |           73 |           85 |      74.7067 |
  |                       NPU Core |          781 |          788 |      783.867 |
  |                      PCIe Read |           24 |           29 |      24.9867 |
  |      NPU Output Format Handler |            1 |            2 |          1.2 |
  |                       NPU Task |          969 |         7159 |      1060.11 |
  -------------------------------------------------------------------------------
  -------------------------------------------------------------------------------
  | Device 2                                                                    |
  |            Name                |  min (us)    |  max (us)    | average (us) |
  -------------------------------------------------------------------------------
  |                    Buffer Wait |            1 |            5 |            3 |
  |       NPU Input Format Handler |            2 |           28 |      2.79734 |
  |                     PCIe Write |           72 |           82 |      74.7067 |
  |                       NPU Core |          782 |          789 |      784.693 |
  |                      PCIe Read |           23 |           29 |        24.64 |
  |      NPU Output Format Handler |            1 |            2 |          1.2 |
  |                       NPU Task |          969 |         5406 |      1036.92 |
  -------------------------------------------------------------------------------
  -------------------------------------------------------------------------------
  | Device 3                                                                    |
  |            Name                |  min (us)    |  max (us)    | average (us) |
  -------------------------------------------------------------------------------
  |                    Buffer Wait |            1 |            5 |            3 |
  |       NPU Input Format Handler |            2 |           28 |      2.79734 |
  |                     PCIe Write |           72 |           80 |         74.6 |
  |                       NPU Core |          782 |          788 |      784.707 |
  |                      PCIe Read |           24 |           30 |      24.8667 |
  |      NPU Output Format Handler |            1 |            2 |          1.2 |
  |                       NPU Task |          972 |         1033 |       983.04 |
  -------------------------------------------------------------------------------

__CPU_PERCENT__=9%
