Runtime Framework Version: v3.3.2
Device Driver Version: v2.4.1
PCIe Driver Version: v2.2.0

modelFile: /home/deepx/sijo_feat_windows_env/dx_stream/apps/benchmark/assets/models_dxnn_v2.3.0/yolo26l-seg.dxnn
inputFile: 
outputFile: output.bin
benchmark: 0
loops: 300
Device specification: 'all' (default)
[INFO] Profiler is enabled.
Run model target mode : Single Mode
Inference by loops: count=300

=== Model File: /home/deepx/sijo_feat_windows_env/dx_stream/apps/benchmark/assets/models_dxnn_v2.3.0/yolo26l-seg.dxnn ===

Model Input Tensors:
  - images
Model Output Tensors:
  - /model.23/one2one_cv4.0/one2one_cv4.0.2/Conv_output_0
  - /model.23/one2one_cv2.0/one2one_cv2.0.2/Conv_output_0
  - /model.23/one2one_cv2.1/one2one_cv2.1.2/Conv_output_0
  - /model.23/one2one_cv4.1/one2one_cv4.1.2/Conv_output_0
  - /model.23/one2one_cv3.0/one2one_cv3.0.2/Conv_output_0
  - /model.23/one2one_cv4.2/one2one_cv4.2.2/Conv_output_0
  - /model.23/one2one_cv2.2/one2one_cv2.2.2/Conv_output_0
  - /model.23/one2one_cv3.1/one2one_cv3.1.2/Conv_output_0
  - output1
  - /model.23/one2one_cv3.2/one2one_cv3.2.2/Conv_output_0

Tasks:
  [ ] -> npu_0 -> []
  Task[0] npu_0, NPU, NPU memory usage 337,405,312 bytes (input 1,228,800 bytes, output 7,174,400 bytes), mem_usage:644,451,712 bytes
  Inputs
     -  images, UINT8, [1, 640, 640, 3 ]
  Outputs
    -  /model.23/one2one_cv4.0/one2one_cv4.0.2/Conv_output_0, FLOAT, [1, 32, 80, 80 ]
    -  /model.23/one2one_cv2.0/one2one_cv2.0.2/Conv_output_0, FLOAT, [1, 4, 80, 80 ]
    -  /model.23/one2one_cv2.1/one2one_cv2.1.2/Conv_output_0, FLOAT, [1, 4, 40, 40 ]
    -  /model.23/one2one_cv4.1/one2one_cv4.1.2/Conv_output_0, FLOAT, [1, 32, 40, 40 ]
    -  /model.23/one2one_cv3.0/one2one_cv3.0.2/Conv_output_0, FLOAT, [1, 80, 80, 80 ]
    -  /model.23/one2one_cv4.2/one2one_cv4.2.2/Conv_output_0, FLOAT, [1, 32, 20, 20 ]
    -  /model.23/one2one_cv2.2/one2one_cv2.2.2/Conv_output_0, FLOAT, [1, 4, 20, 20 ]
    -  /model.23/one2one_cv3.1/one2one_cv3.1.2/Conv_output_0, FLOAT, [1, 80, 40, 40 ]
    -  output1, FLOAT, [1, 32, 160, 160 ]
    -  /model.23/one2one_cv3.2/one2one_cv3.2.2/Conv_output_0, FLOAT, [1, 80, 20, 20 ]


Performing 1 warmup run(s)...
Warmup completed.
=============================================
* Benchmark Result (single input)
  - FPS : 19.42                              
=============================================
=============================================
* Benchmark Result (single input)
  - FPS : 19.91                              
=============================================
=============================================
* Benchmark Result (single input)
  - FPS : 19.84                              
=============================================
=============================================
* Benchmark Result (single input)
  - FPS : 19.95                              
=============================================
=============================================
* Benchmark Result (single input)
  - FPS : 19.29                              
=============================================
=============================================
* Benchmark Result (single input)
  - FPS : 19.76                              
=============================================
=============================================
* Benchmark Result (single input)
  - FPS : 19.72                              
=============================================
=============================================
* Benchmark Result (single input)
  - FPS : 19.71                              
=============================================
=============================================
* Benchmark Result (single input)
  - FPS : 19.91                              
=============================================
=============================================
* Benchmark Result (single input)
  - FPS : 19.58                              
=============================================
=============================================
* Benchmark Result (single input)
  - FPS : 19.75                              
=============================================
=============================================
* Benchmark Result (single input)
  - FPS : 19.79                              
=============================================
=============================================
* Benchmark Result (single input)
  - FPS : 19.99                              
=============================================
=============================================
* Benchmark Result (single input)
  - FPS : 19.94                              
=============================================
=============================================
* Benchmark Result (single input)
  - FPS : 19.38                              
=============================================
=============================================
* Benchmark Result (single input)
  - FPS : 19.85                              
=============================================
=============================================
* Benchmark Result (single input)
  - FPS : 19.96                              
=============================================
=============================================
* Benchmark Result (single input)
  - FPS : 20.07                              
=============================================
=============================================
* Benchmark Result (single input)
  - FPS : 19.76                              
=============================================
=============================================
* Benchmark Result (single input)
  - FPS : 19.94                              
=============================================
=============================================
* Benchmark Result (single input)
  - FPS : 19.91                              
=============================================
=============================================
* Benchmark Result (single input)
  - FPS : 19.93                              
=============================================
=============================================
* Benchmark Result (single input)
  - FPS : 19.82                              
=============================================
=============================================
* Benchmark Result (single input)
  - FPS : 19.73                              
=============================================
=============================================
* Benchmark Result (single input)
  - FPS : 19.83                              
=============================================
=============================================
* Benchmark Result (single input)
  - FPS : 19.78                              
=============================================
=============================================
* Benchmark Result (single input)
  - FPS : 19.69                              
=============================================
=============================================
* Benchmark Result (single input)
  - FPS : 19.51                              
=============================================
=============================================
* Benchmark Result (single input)
  - FPS : 19.36                              
=============================================
=============================================
* Benchmark Result (single input)
  - FPS : 19.89                              
=============================================
=============================================
* Benchmark Result (single input)
  - FPS : 19.51                              
=============================================
=============================================
* Benchmark Result (single input)
  - FPS : 19.54                              
=============================================
=============================================
* Benchmark Result (single input)
  - FPS : 19.68                              
=============================================
=============================================
* Benchmark Result (single input)
  - FPS : 19.71                              
=============================================
=============================================
* Benchmark Result (single input)
  - FPS : 19.78                              
=============================================
=============================================
* Benchmark Result (single input)
  - FPS : 19.42                              
=============================================
=============================================
* Benchmark Result (single input)
  - FPS : 19.62                              
=============================================
=============================================
* Benchmark Result (single input)
  - FPS : 19.94                              
=============================================
=============================================
* Benchmark Result (single input)
  - FPS : 20.06                              
=============================================
=============================================
* Benchmark Result (single input)
  - FPS : 19.62                              
=============================================
=============================================
* Benchmark Result (single input)
  - FPS : 19.74                              
=============================================
=============================================
* Benchmark Result (single input)
  - FPS : 19.87                              
=============================================
=============================================
* Benchmark Result (single input)
  - FPS : 19.76                              
=============================================
=============================================
* Benchmark Result (single input)
  - FPS : 19.59                              
=============================================
=============================================
* Benchmark Result (single input)
  - FPS : 19.88                              
=============================================
=============================================
* Benchmark Result (single input)
  - FPS : 19.76                              
=============================================
=============================================
* Benchmark Result (single input)
  - FPS : 19.73                              
=============================================
=============================================
* Benchmark Result (single input)
  - FPS : 19.41                              
=============================================
=============================================
* Benchmark Result (single input)
  - FPS : 19.74                              
=============================================
=============================================
* Benchmark Result (single input)
  - FPS : 19.99                              
=============================================
=============================================
* Benchmark Result (single input)
  - FPS : 19.85                              
=============================================
=============================================
* Benchmark Result (single input)
  - FPS : 19.96                              
=============================================
=============================================
* Benchmark Result (single input)
  - FPS : 19.22                              
=============================================
=============================================
* Benchmark Result (single input)
  - FPS : 19.73                              
=============================================
=============================================
* Benchmark Result (single input)
  - FPS : 19.92                              
=============================================
=============================================
* Benchmark Result (single input)
  - FPS : 18.32                              
=============================================
=============================================
* Benchmark Result (single input)
  - FPS : 19.85                              
=============================================
=============================================
* Benchmark Result (single input)
  - FPS : 19.69                              
=============================================
=============================================
* Benchmark Result (single input)
  - FPS : 19.78                              
=============================================
=============================================
* Benchmark Result (single input)
  - FPS : 19.86                              
=============================================
=============================================
* Benchmark Result (single input)
  - FPS : 20.11                              
=============================================
=============================================
* Benchmark Result (single input)
  - FPS : 19.75                              
=============================================
=============================================
* Benchmark Result (single input)
  - FPS : 19.98                              
=============================================
=============================================
* Benchmark Result (single input)
  - FPS : 19.84                              
=============================================
=============================================
* Benchmark Result (single input)
  - FPS : 19.96                              
=============================================
=============================================
* Benchmark Result (single input)
  - FPS : 20.02                              
=============================================
=============================================
* Benchmark Result (single input)
  - FPS : 19.76                              
=============================================
=============================================
* Benchmark Result (single input)
  - FPS : 19.67                              
=============================================
=============================================
* Benchmark Result (single input)
  - FPS : 19.80                              
=============================================
=============================================
* Benchmark Result (single input)
  - FPS : 19.50                              
=============================================
=============================================
* Benchmark Result (single input)
  - FPS : 19.78                              
=============================================
=============================================
* Benchmark Result (single input)
  - FPS : 19.40                              
=============================================
=============================================
* Benchmark Result (single input)
  - FPS : 19.94                              
=============================================
=============================================
* Benchmark Result (single input)
  - FPS : 19.31                              
=============================================
=============================================
* Benchmark Result (single input)
  - FPS : 19.21                              
=============================================
=============================================
* Benchmark Result (single input)
  - FPS : 19.73                              
=============================================
=============================================
* Benchmark Result (single input)
  - FPS : 19.44                              
=============================================
=============================================
* Benchmark Result (single input)
  - FPS : 19.39                              
=============================================
=============================================
* Benchmark Result (single input)
  - FPS : 19.92                              
=============================================
=============================================
* Benchmark Result (single input)
  - FPS : 19.63                              
=============================================
=============================================
* Benchmark Result (single input)
  - FPS : 19.68                              
=============================================
=============================================
* Benchmark Result (single input)
  - FPS : 19.69                              
=============================================
=============================================
* Benchmark Result (single input)
  - FPS : 19.67                              
=============================================
=============================================
* Benchmark Result (single input)
  - FPS : 19.65                              
=============================================
=============================================
* Benchmark Result (single input)
  - FPS : 20.06                              
=============================================
=============================================
* Benchmark Result (single input)
  - FPS : 19.86                              
=============================================
=============================================
* Benchmark Result (single input)
  - FPS : 19.75                              
=============================================
=============================================
* Benchmark Result (single input)
  - FPS : 19.55                              
=============================================
=============================================
* Benchmark Result (single input)
  - FPS : 19.85                              
=============================================
=============================================
* Benchmark Result (single input)
  - FPS : 19.85                              
=============================================
=============================================
* Benchmark Result (single input)
  - FPS : 19.81                              
=============================================
=============================================
* Benchmark Result (single input)
  - FPS : 19.97                              
=============================================
=============================================
* Benchmark Result (single input)
  - FPS : 19.84                              
=============================================
=============================================
* Benchmark Result (single input)
  - FPS : 19.78                              
=============================================
=============================================
* Benchmark Result (single input)
  - FPS : 19.82                              
=============================================
=============================================
* Benchmark Result (single input)
  - FPS : 20.07                              
=============================================
=============================================
* Benchmark Result (single input)
  - FPS : 19.84                              
=============================================
=============================================
* Benchmark Result (single input)
  - FPS : 19.67                              
=============================================
=============================================
* Benchmark Result (single input)
  - FPS : 19.67                              
=============================================
=============================================
* Benchmark Result (single input)
  - FPS : 19.79                              
=============================================
=============================================
* Benchmark Result (single input)
  - FPS : 19.77                              
=============================================
=============================================
* Benchmark Result (single input)
  - FPS : 19.77                              
=============================================
=============================================
* Benchmark Result (single input)
  - FPS : 19.19                              
=============================================
=============================================
* Benchmark Result (single input)
  - FPS : 19.68                              
=============================================
=============================================
* Benchmark Result (single input)
  - FPS : 19.79                              
=============================================
=============================================
* Benchmark Result (single input)
  - FPS : 19.84                              
=============================================
=============================================
* Benchmark Result (single input)
  - FPS : 19.67                              
=============================================
=============================================
* Benchmark Result (single input)
  - FPS : 19.57                              
=============================================
=============================================
* Benchmark Result (single input)
  - FPS : 19.74                              
=============================================
=============================================
* Benchmark Result (single input)
  - FPS : 19.91                              
=============================================
=============================================
* Benchmark Result (single input)
  - FPS : 19.51                              
=============================================
=============================================
* Benchmark Result (single input)
  - FPS : 19.91                              
=============================================
=============================================
* Benchmark Result (single input)
  - FPS : 19.52                              
=============================================
=============================================
* Benchmark Result (single input)
  - FPS : 19.88                              
=============================================
=============================================
* Benchmark Result (single input)
  - FPS : 19.58                              
=============================================
=============================================
* Benchmark Result (single input)
  - FPS : 19.75                              
=============================================
=============================================
* Benchmark Result (single input)
  - FPS : 19.84                              
=============================================
=============================================
* Benchmark Result (single input)
  - FPS : 19.69                              
=============================================
=============================================
* Benchmark Result (single input)
  - FPS : 19.90                              
=============================================
=============================================
* Benchmark Result (single input)
  - FPS : 19.77                              
=============================================
=============================================
* Benchmark Result (single input)
  - FPS : 19.36                              
=============================================
=============================================
* Benchmark Result (single input)
  - FPS : 19.62                              
=============================================
=============================================
* Benchmark Result (single input)
  - FPS : 19.28                              
=============================================
=============================================
* Benchmark Result (single input)
  - FPS : 19.89                              
=============================================
=============================================
* Benchmark Result (single input)
  - FPS : 19.86                              
=============================================
=============================================
* Benchmark Result (single input)
  - FPS : 19.55                              
=============================================
=============================================
* Benchmark Result (single input)
  - FPS : 19.71                              
=============================================
=============================================
* Benchmark Result (single input)
  - FPS : 19.69                              
=============================================
=============================================
* Benchmark Result (single input)
  - FPS : 19.70                              
=============================================
=============================================
* Benchmark Result (single input)
  - FPS : 19.62                              
=============================================
=============================================
* Benchmark Result (single input)
  - FPS : 19.67                              
=============================================
=============================================
* Benchmark Result (single input)
  - FPS : 19.96                              
=============================================
=============================================
* Benchmark Result (single input)
  - FPS : 19.49                              
=============================================
=============================================
* Benchmark Result (single input)
  - FPS : 19.86                              
=============================================
=============================================
* Benchmark Result (single input)
  - FPS : 19.76                              
=============================================
=============================================
* Benchmark Result (single input)
  - FPS : 18.31                              
=============================================
=============================================
* Benchmark Result (single input)
  - FPS : 19.67                              
=============================================
=============================================
* Benchmark Result (single input)
  - FPS : 19.71                              
=============================================
=============================================
* Benchmark Result (single input)
  - FPS : 19.75                              
=============================================
=============================================
* Benchmark Result (single input)
  - FPS : 19.50                              
=============================================
=============================================
* Benchmark Result (single input)
  - FPS : 19.80                              
=============================================
=============================================
* Benchmark Result (single input)
  - FPS : 19.78                              
=============================================
=============================================
* Benchmark Result (single input)
  - FPS : 19.66                              
=============================================
=============================================
* Benchmark Result (single input)
  - FPS : 19.79                              
=============================================
=============================================
* Benchmark Result (single input)
  - FPS : 19.67                              
=============================================
=============================================
* Benchmark Result (single input)
  - FPS : 19.77                              
=============================================
=============================================
* Benchmark Result (single input)
  - FPS : 19.37                              
=============================================
=============================================
* Benchmark Result (single input)
  - FPS : 19.73                              
=============================================
=============================================
* Benchmark Result (single input)
  - FPS : 19.75                              
=============================================
=============================================
* Benchmark Result (single input)
  - FPS : 19.61                              
=============================================
=============================================
* Benchmark Result (single input)
  - FPS : 19.26                              
=============================================
=============================================
* Benchmark Result (single input)
  - FPS : 19.57                              
=============================================
=============================================
* Benchmark Result (single input)
  - FPS : 19.50                              
=============================================
=============================================
* Benchmark Result (single input)
  - FPS : 19.94                              
=============================================
=============================================
* Benchmark Result (single input)
  - FPS : 19.72                              
=============================================
=============================================
* Benchmark Result (single input)
  - FPS : 19.61                              
=============================================
=============================================
* Benchmark Result (single input)
  - FPS : 19.38                              
=============================================
=============================================
* Benchmark Result (single input)
  - FPS : 20.04                              
=============================================
=============================================
* Benchmark Result (single input)
  - FPS : 19.79                              
=============================================
=============================================
* Benchmark Result (single input)
  - FPS : 19.51                              
=============================================
=============================================
* Benchmark Result (single input)
  - FPS : 19.65                              
=============================================
=============================================
* Benchmark Result (single input)
  - FPS : 19.61                              
=============================================
=============================================
* Benchmark Result (single input)
  - FPS : 19.16                              
=============================================
=============================================
* Benchmark Result (single input)
  - FPS : 19.62                              
=============================================
=============================================
* Benchmark Result (single input)
  - FPS : 19.80                              
=============================================
=============================================
* Benchmark Result (single input)
  - FPS : 19.43                              
=============================================
=============================================
* Benchmark Result (single input)
  - FPS : 19.90                              
=============================================
=============================================
* Benchmark Result (single input)
  - FPS : 19.97                              
=============================================
=============================================
* Benchmark Result (single input)
  - FPS : 19.92                              
=============================================
=============================================
* Benchmark Result (single input)
  - FPS : 19.95                              
=============================================
=============================================
* Benchmark Result (single input)
  - FPS : 19.87                              
=============================================
=============================================
* Benchmark Result (single input)
  - FPS : 19.82                              
=============================================
=============================================
* Benchmark Result (single input)
  - FPS : 19.80                              
=============================================
=============================================
* Benchmark Result (single input)
  - FPS : 19.92                              
=============================================
=============================================
* Benchmark Result (single input)
  - FPS : 19.98                              
=============================================
=============================================
* Benchmark Result (single input)
  - FPS : 19.88                              
=============================================
=============================================
* Benchmark Result (single input)
  - FPS : 19.71                              
=============================================
=============================================
* Benchmark Result (single input)
  - FPS : 19.92                              
=============================================
=============================================
* Benchmark Result (single input)
  - FPS : 19.95                              
=============================================
=============================================
* Benchmark Result (single input)
  - FPS : 19.72                              
=============================================
=============================================
* Benchmark Result (single input)
  - FPS : 19.81                              
=============================================
=============================================
* Benchmark Result (single input)
  - FPS : 19.85                              
=============================================
=============================================
* Benchmark Result (single input)
  - FPS : 19.96                              
=============================================
=============================================
* Benchmark Result (single input)
  - FPS : 19.74                              
=============================================
=============================================
* Benchmark Result (single input)
  - FPS : 19.60                              
=============================================
=============================================
* Benchmark Result (single input)
  - FPS : 19.55                              
=============================================
=============================================
* Benchmark Result (single input)
  - FPS : 19.75                              
=============================================
=============================================
* Benchmark Result (single input)
  - FPS : 19.50                              
=============================================
=============================================
* Benchmark Result (single input)
  - FPS : 19.69                              
=============================================
=============================================
* Benchmark Result (single input)
  - FPS : 19.50                              
=============================================
=============================================
* Benchmark Result (single input)
  - FPS : 19.65                              
=============================================
=============================================
* Benchmark Result (single input)
  - FPS : 19.73                              
=============================================
=============================================
* Benchmark Result (single input)
  - FPS : 19.74                              
=============================================
=============================================
* Benchmark Result (single input)
  - FPS : 19.58                              
=============================================
=============================================
* Benchmark Result (single input)
  - FPS : 19.91                              
=============================================
=============================================
* Benchmark Result (single input)
  - FPS : 19.59                              
=============================================
=============================================
* Benchmark Result (single input)
  - FPS : 19.86                              
=============================================
=============================================
* Benchmark Result (single input)
  - FPS : 19.80                              
=============================================
=============================================
* Benchmark Result (single input)
  - FPS : 19.64                              
=============================================
=============================================
* Benchmark Result (single input)
  - FPS : 19.46                              
=============================================
=============================================
* Benchmark Result (single input)
  - FPS : 19.94                              
=============================================
=============================================
* Benchmark Result (single input)
  - FPS : 19.77                              
=============================================
=============================================
* Benchmark Result (single input)
  - FPS : 20.16                              
=============================================
=============================================
* Benchmark Result (single input)
  - FPS : 19.79                              
=============================================
=============================================
* Benchmark Result (single input)
  - FPS : 19.81                              
=============================================
=============================================
* Benchmark Result (single input)
  - FPS : 19.89                              
=============================================
=============================================
* Benchmark Result (single input)
  - FPS : 19.78                              
=============================================
=============================================
* Benchmark Result (single input)
  - FPS : 19.53                              
=============================================
=============================================
* Benchmark Result (single input)
  - FPS : 19.94                              
=============================================
=============================================
* Benchmark Result (single input)
  - FPS : 19.64                              
=============================================
=============================================
* Benchmark Result (single input)
  - FPS : 19.88                              
=============================================
=============================================
* Benchmark Result (single input)
  - FPS : 19.89                              
=============================================
=============================================
* Benchmark Result (single input)
  - FPS : 19.96                              
=============================================
=============================================
* Benchmark Result (single input)
  - FPS : 19.95                              
=============================================
=============================================
* Benchmark Result (single input)
  - FPS : 19.91                              
=============================================
=============================================
* Benchmark Result (single input)
  - FPS : 19.92                              
=============================================
=============================================
* Benchmark Result (single input)
  - FPS : 19.49                              
=============================================
=============================================
* Benchmark Result (single input)
  - FPS : 19.58                              
=============================================
=============================================
* Benchmark Result (single input)
  - FPS : 19.64                              
=============================================
=============================================
* Benchmark Result (single input)
  - FPS : 19.53                              
=============================================
=============================================
* Benchmark Result (single input)
  - FPS : 19.88                              
=============================================
=============================================
* Benchmark Result (single input)
  - FPS : 19.80                              
=============================================
=============================================
* Benchmark Result (single input)
  - FPS : 19.85                              
=============================================
=============================================
* Benchmark Result (single input)
  - FPS : 19.70                              
=============================================
=============================================
* Benchmark Result (single input)
  - FPS : 19.97                              
=============================================
=============================================
* Benchmark Result (single input)
  - FPS : 19.85                              
=============================================
=============================================
* Benchmark Result (single input)
  - FPS : 19.90                              
=============================================
=============================================
* Benchmark Result (single input)
  - FPS : 19.68                              
=============================================
=============================================
* Benchmark Result (single input)
  - FPS : 19.60                              
=============================================
=============================================
* Benchmark Result (single input)
  - FPS : 19.87                              
=============================================
=============================================
* Benchmark Result (single input)
  - FPS : 19.28                              
=============================================
=============================================
* Benchmark Result (single input)
  - FPS : 19.72                              
=============================================
=============================================
* Benchmark Result (single input)
  - FPS : 19.77                              
=============================================
=============================================
* Benchmark Result (single input)
  - FPS : 19.76                              
=============================================
=============================================
* Benchmark Result (single input)
  - FPS : 19.77                              
=============================================
=============================================
* Benchmark Result (single input)
  - FPS : 19.80                              
=============================================
=============================================
* Benchmark Result (single input)
  - FPS : 20.06                              
=============================================
=============================================
* Benchmark Result (single input)
  - FPS : 19.75                              
=============================================
=============================================
* Benchmark Result (single input)
  - FPS : 19.97                              
=============================================
=============================================
* Benchmark Result (single input)
  - FPS : 19.75                              
=============================================
=============================================
* Benchmark Result (single input)
  - FPS : 19.64                              
=============================================
=============================================
* Benchmark Result (single input)
  - FPS : 19.93                              
=============================================
=============================================
* Benchmark Result (single input)
  - FPS : 19.83                              
=============================================
=============================================
* Benchmark Result (single input)
  - FPS : 19.94                              
=============================================
=============================================
* Benchmark Result (single input)
  - FPS : 19.71                              
=============================================
=============================================
* Benchmark Result (single input)
  - FPS : 19.55                              
=============================================
=============================================
* Benchmark Result (single input)
  - FPS : 19.50                              
=============================================
=============================================
* Benchmark Result (single input)
  - FPS : 19.82                              
=============================================
=============================================
* Benchmark Result (single input)
  - FPS : 19.76                              
=============================================
=============================================
* Benchmark Result (single input)
  - FPS : 19.64                              
=============================================
=============================================
* Benchmark Result (single input)
  - FPS : 19.85                              
=============================================
=============================================
* Benchmark Result (single input)
  - FPS : 19.65                              
=============================================
=============================================
* Benchmark Result (single input)
  - FPS : 19.68                              
=============================================
=============================================
* Benchmark Result (single input)
  - FPS : 19.73                              
=============================================
=============================================
* Benchmark Result (single input)
  - FPS : 17.92                              
=============================================
=============================================
* Benchmark Result (single input)
  - FPS : 19.77                              
=============================================
=============================================
* Benchmark Result (single input)
  - FPS : 19.88                              
=============================================
=============================================
* Benchmark Result (single input)
  - FPS : 19.96                              
=============================================
=============================================
* Benchmark Result (single input)
  - FPS : 19.65                              
=============================================
=============================================
* Benchmark Result (single input)
  - FPS : 19.83                              
=============================================
=============================================
* Benchmark Result (single input)
  - FPS : 19.81                              
=============================================
=============================================
* Benchmark Result (single input)
  - FPS : 19.83                              
=============================================
=============================================
* Benchmark Result (single input)
  - FPS : 19.68                              
=============================================
=============================================
* Benchmark Result (single input)
  - FPS : 19.73                              
=============================================
=============================================
* Benchmark Result (single input)
  - FPS : 19.71                              
=============================================
=============================================
* Benchmark Result (single input)
  - FPS : 19.86                              
=============================================
=============================================
* Benchmark Result (single input)
  - FPS : 19.79                              
=============================================
=============================================
* Benchmark Result (single input)
  - FPS : 19.82                              
=============================================
=============================================
* Benchmark Result (single input)
  - FPS : 19.73                              
=============================================
=============================================
* Benchmark Result (single input)
  - FPS : 19.47                              
=============================================
=============================================
* Benchmark Result (single input)
  - FPS : 19.60                              
=============================================
=============================================
* Benchmark Result (single input)
  - FPS : 19.84                              
=============================================
=============================================
* Benchmark Result (single input)
  - FPS : 19.72                              
=============================================
=============================================
* Benchmark Result (single input)
  - FPS : 19.52                              
=============================================
=============================================
* Benchmark Result (single input)
  - FPS : 19.70                              
=============================================
=============================================
* Benchmark Result (single input)
  - FPS : 19.64                              
=============================================
=============================================
* Benchmark Result (single input)
  - FPS : 19.88                              
=============================================
=============================================
* Benchmark Result (single input)
  - FPS : 19.57                              
=============================================
=============================================
* Benchmark Result (single input)
  - FPS : 19.21                              
=============================================
=============================================
* Benchmark Result (single input)
  - FPS : 19.84                              
=============================================
=============================================
* Benchmark Result (single input)
  - FPS : 19.13                              
=============================================
=============================================
* Benchmark Result (single input)
  - FPS : 19.90                              
=============================================
=============================================
* Benchmark Result (single input)
  - FPS : 19.69                              
=============================================
=============================================
* Benchmark Result (single input)
  - FPS : 19.50                              
=============================================
=============================================
* Benchmark Result (single input)
  - FPS : 19.68                              
=============================================
=============================================
* Benchmark Result (single input)
  - FPS : 19.78                              
=============================================
=============================================
* Benchmark Result (single input)
  - FPS : 19.65                              
=============================================
=============================================
* Benchmark Result (single input)
  - FPS : 19.61                              
=============================================
=============================================
* Benchmark Result (single input)
  - FPS : 19.84                              
=============================================
=============================================
* Benchmark Result (single input)
  - FPS : 19.75                              
=============================================
=============================================
* Benchmark Result (single input)
  - FPS : 19.24                              
=============================================
=============================================
* Benchmark Result (single input)
  - FPS : 19.73                              
=============================================
=============================================
* Benchmark Result (single input)
  - FPS : 19.27                              
=============================================
=============================================
* Benchmark Result (single input)
  - FPS : 20.03                              
=============================================
=============================================
* Benchmark Result (single input)
  - FPS : 19.73                              
=============================================
=============================================
* Benchmark Result (single input)
  - FPS : 19.59                              
=============================================
=============================================
* Benchmark Result (single input)
  - FPS : 19.58                              
=============================================
=============================================
* Benchmark Result (single input)
  - FPS : 19.77                              
=============================================
=============================================
* Benchmark Result (single input)
  - FPS : 19.74                              
=============================================
=============================================
* Benchmark Result (single input)
  - FPS : 19.80                              
=============================================
Profiler data has been written to profiler.json
  -------------------------------------------------------------------------------
  | Device 0                                                                    |
  |            Name                |  min (us)    |  max (us)    | average (us) |
  -------------------------------------------------------------------------------
  |                    Buffer Wait |            1 |            8 |      2.79734 |
  |       NPU Input Format Handler |            1 |           32 |      1.84333 |
  |                     PCIe Write |          424 |          481 |      456.974 |
  |                       NPU Core |        40301 |        40334 |      40316.9 |
  |                      PCIe Read |         2905 |         3921 |      3168.78 |
  |      NPU Output Format Handler |         5225 |         7294 |       5851.5 |
  |                       NPU Task |        49377 |        54168 |      50361.4 |
  -------------------------------------------------------------------------------
  -------------------------------------------------------------------------------
  | Device 1                                                                    |
  |            Name                |  min (us)    |  max (us)    | average (us) |
  -------------------------------------------------------------------------------
  |                    Buffer Wait |            1 |            8 |      2.79734 |
  |       NPU Input Format Handler |            1 |           32 |      1.84333 |
  |                     PCIe Write |          424 |          489 |          454 |
  |                       NPU Core |        40297 |        40336 |      40319.1 |
  |                      PCIe Read |         2852 |         3644 |      3119.04 |
  |      NPU Output Format Handler |         5225 |         7294 |       5851.5 |
  |                       NPU Task |        49271 |        51793 |      50184.5 |
  -------------------------------------------------------------------------------
  -------------------------------------------------------------------------------
  | Device 2                                                                    |
  |            Name                |  min (us)    |  max (us)    | average (us) |
  -------------------------------------------------------------------------------
  |                    Buffer Wait |            1 |            8 |      2.79734 |
  |       NPU Input Format Handler |            1 |           32 |      1.84333 |
  |                     PCIe Write |          430 |         1129 |      464.227 |
  |                       NPU Core |        40326 |        40355 |      40342.7 |
  |                      PCIe Read |         2856 |         3602 |      3082.45 |
  |      NPU Output Format Handler |         5225 |         7294 |       5851.5 |
  |                       NPU Task |        49349 |        51331 |        50131 |
  -------------------------------------------------------------------------------
  -------------------------------------------------------------------------------
  | Device 3                                                                    |
  |            Name                |  min (us)    |  max (us)    | average (us) |
  -------------------------------------------------------------------------------
  |                    Buffer Wait |            1 |            8 |      2.79734 |
  |       NPU Input Format Handler |            1 |           32 |      1.84333 |
  |                     PCIe Write |          426 |          482 |      448.733 |
  |                       NPU Core |        40339 |        40376 |      40358.4 |
  |                      PCIe Read |         2809 |         3690 |      3114.68 |
  |      NPU Output Format Handler |         5225 |         7294 |       5851.5 |
  |                       NPU Task |        49138 |        55336 |      50342.9 |
  -------------------------------------------------------------------------------

__CPU_PERCENT__=14%
