Runtime Framework Version: v3.4.0
Device Driver Version: v2.5.1
PCIe Driver Version: v2.4.1

modelFile: /home/deepx/work/github/deepx-yjsong/dx-all-suite/dx-benchmark/benchmark/assets/models/yolo26-l_640x640.dxnn
inputFile: 
outputFile: output.bin
benchmark: 0
loops: 300
Device specification: 'all' (default)
[INFO] Profiler is enabled.
Run model target mode : Single Mode
Inference by loops: count=300

=== Model File: /home/deepx/work/github/deepx-yjsong/dx-all-suite/dx-benchmark/benchmark/assets/models/yolo26-l_640x640.dxnn ===

Model Input Tensors:
  - images
Model Output Tensors:
  - output0

Tasks:
  [ ] -> npu_0 -> [cpu_0, ]
  Task[0] npu_0, NPU, NPU memory usage 312,013,568 bytes (input 1,228,800 bytes, output 2,822,400 bytes), mem_usage:597,076,736 bytes
  Inputs
     -  images, UINT8, [1, 640, 640, 3 ]
  Outputs
    -  /model.23/one2one_cv2.0/one2one_cv2.0.2/Conv_output_0, FLOAT, [1, 4, 80, 80 ]
    -  /model.23/one2one_cv2.1/one2one_cv2.1.2/Conv_output_0, FLOAT, [1, 4, 40, 40 ]
    -  /model.23/one2one_cv3.0/one2one_cv3.0.2/Conv_output_0, FLOAT, [1, 80, 80, 80 ]
    -  /model.23/one2one_cv3.1/one2one_cv3.1.2/Conv_output_0, FLOAT, [1, 80, 40, 40 ]
    -  /model.23/one2one_cv2.2/one2one_cv2.2.2/Conv_output_0, FLOAT, [1, 4, 20, 20 ]
    -  /model.23/one2one_cv3.2/one2one_cv3.2.2/Conv_output_0, FLOAT, [1, 80, 20, 20 ]

  [ npu_0, ] -> cpu_0 -> []
  Task[1] cpu_0, CPU, input 2,822,400 bytes, output 8,400 bytes
  Inputs
     -  /model.23/one2one_cv2.0/one2one_cv2.0.2/Conv_output_0, FLOAT, [1, 4, 80, 80 ]
     -  /model.23/one2one_cv2.1/one2one_cv2.1.2/Conv_output_0, FLOAT, [1, 4, 40, 40 ]
     -  /model.23/one2one_cv2.2/one2one_cv2.2.2/Conv_output_0, FLOAT, [1, 4, 20, 20 ]
     -  /model.23/one2one_cv3.0/one2one_cv3.0.2/Conv_output_0, FLOAT, [1, 80, 80, 80 ]
     -  /model.23/one2one_cv3.2/one2one_cv3.2.2/Conv_output_0, FLOAT, [1, 80, 20, 20 ]
     -  /model.23/one2one_cv3.1/one2one_cv3.1.2/Conv_output_0, FLOAT, [1, 80, 40, 40 ]
  Outputs
     -  /model.23/TopK_output_0, FLOAT, [1, 300 ]
     -  output0, FLOAT, [1, 300, 6 ]


Performing 1 warmup run(s)...
Warmup completed.
=============================================
* Benchmark Result (single input)
  - FPS : 18.88                              
=============================================
=============================================
* Benchmark Result (single input)
  - FPS : 19.29                              
=============================================
=============================================
* Benchmark Result (single input)
  - FPS : 19.25                              
=============================================
=============================================
* Benchmark Result (single input)
  - FPS : 19.19                              
=============================================
=============================================
* Benchmark Result (single input)
  - FPS : 19.16                              
=============================================
=============================================
* Benchmark Result (single input)
  - FPS : 19.22                              
=============================================
=============================================
* Benchmark Result (single input)
  - FPS : 19.30                              
=============================================
=============================================
* Benchmark Result (single input)
  - FPS : 19.25                              
=============================================
=============================================
* Benchmark Result (single input)
  - FPS : 19.31                              
=============================================
=============================================
* Benchmark Result (single input)
  - FPS : 19.31                              
=============================================
=============================================
* Benchmark Result (single input)
  - FPS : 19.30                              
=============================================
=============================================
* Benchmark Result (single input)
  - FPS : 19.34                              
=============================================
=============================================
* Benchmark Result (single input)
  - FPS : 19.31                              
=============================================
=============================================
* Benchmark Result (single input)
  - FPS : 19.37                              
=============================================
=============================================
* Benchmark Result (single input)
  - FPS : 19.32                              
=============================================
=============================================
* Benchmark Result (single input)
  - FPS : 19.33                              
=============================================
=============================================
* Benchmark Result (single input)
  - FPS : 19.42                              
=============================================
=============================================
* Benchmark Result (single input)
  - FPS : 19.32                              
=============================================
=============================================
* Benchmark Result (single input)
  - FPS : 19.39                              
=============================================
=============================================
* Benchmark Result (single input)
  - FPS : 19.34                              
=============================================
=============================================
* Benchmark Result (single input)
  - FPS : 19.33                              
=============================================
=============================================
* Benchmark Result (single input)
  - FPS : 19.43                              
=============================================
=============================================
* Benchmark Result (single input)
  - FPS : 17.82                              
=============================================
=============================================
* Benchmark Result (single input)
  - FPS : 19.34                              
=============================================
=============================================
* Benchmark Result (single input)
  - FPS : 19.36                              
=============================================
=============================================
* Benchmark Result (single input)
  - FPS : 19.36                              
=============================================
=============================================
* Benchmark Result (single input)
  - FPS : 17.91                              
=============================================
=============================================
* Benchmark Result (single input)
  - FPS : 19.32                              
=============================================
=============================================
* Benchmark Result (single input)
  - FPS : 19.20                              
=============================================
=============================================
* Benchmark Result (single input)
  - FPS : 19.31                              
=============================================
=============================================
* Benchmark Result (single input)
  - FPS : 19.29                              
=============================================
=============================================
* Benchmark Result (single input)
  - FPS : 17.74                              
=============================================
=============================================
* Benchmark Result (single input)
  - FPS : 19.30                              
=============================================
=============================================
* Benchmark Result (single input)
  - FPS : 19.34                              
=============================================
=============================================
* Benchmark Result (single input)
  - FPS : 19.33                              
=============================================
=============================================
* Benchmark Result (single input)
  - FPS : 19.45                              
=============================================
=============================================
* Benchmark Result (single input)
  - FPS : 19.27                              
=============================================
=============================================
* Benchmark Result (single input)
  - FPS : 19.37                              
=============================================
=============================================
* Benchmark Result (single input)
  - FPS : 19.30                              
=============================================
=============================================
* Benchmark Result (single input)
  - FPS : 19.36                              
=============================================
=============================================
* Benchmark Result (single input)
  - FPS : 19.35                              
=============================================
=============================================
* Benchmark Result (single input)
  - FPS : 19.34                              
=============================================
=============================================
* Benchmark Result (single input)
  - FPS : 19.36                              
=============================================
=============================================
* Benchmark Result (single input)
  - FPS : 19.35                              
=============================================
=============================================
* Benchmark Result (single input)
  - FPS : 19.40                              
=============================================
=============================================
* Benchmark Result (single input)
  - FPS : 19.37                              
=============================================
=============================================
* Benchmark Result (single input)
  - FPS : 19.29                              
=============================================
=============================================
* Benchmark Result (single input)
  - FPS : 19.33                              
=============================================
=============================================
* Benchmark Result (single input)
  - FPS : 19.32                              
=============================================
=============================================
* Benchmark Result (single input)
  - FPS : 19.33                              
=============================================
=============================================
* Benchmark Result (single input)
  - FPS : 19.36                              
=============================================
=============================================
* Benchmark Result (single input)
  - FPS : 19.38                              
=============================================
=============================================
* Benchmark Result (single input)
  - FPS : 19.37                              
=============================================
=============================================
* Benchmark Result (single input)
  - FPS : 19.34                              
=============================================
=============================================
* Benchmark Result (single input)
  - FPS : 19.38                              
=============================================
=============================================
* Benchmark Result (single input)
  - FPS : 19.37                              
=============================================
=============================================
* Benchmark Result (single input)
  - FPS : 19.37                              
=============================================
=============================================
* Benchmark Result (single input)
  - FPS : 19.34                              
=============================================
=============================================
* Benchmark Result (single input)
  - FPS : 19.33                              
=============================================
=============================================
* Benchmark Result (single input)
  - FPS : 19.34                              
=============================================
=============================================
* Benchmark Result (single input)
  - FPS : 19.35                              
=============================================
=============================================
* Benchmark Result (single input)
  - FPS : 18.76                              
=============================================
=============================================
* Benchmark Result (single input)
  - FPS : 19.29                              
=============================================
=============================================
* Benchmark Result (single input)
  - FPS : 19.39                              
=============================================
=============================================
* Benchmark Result (single input)
  - FPS : 19.33                              
=============================================
=============================================
* Benchmark Result (single input)
  - FPS : 19.30                              
=============================================
=============================================
* Benchmark Result (single input)
  - FPS : 19.30                              
=============================================
=============================================
* Benchmark Result (single input)
  - FPS : 19.28                              
=============================================
=============================================
* Benchmark Result (single input)
  - FPS : 19.30                              
=============================================
=============================================
* Benchmark Result (single input)
  - FPS : 19.37                              
=============================================
=============================================
* Benchmark Result (single input)
  - FPS : 19.36                              
=============================================
=============================================
* Benchmark Result (single input)
  - FPS : 19.34                              
=============================================
=============================================
* Benchmark Result (single input)
  - FPS : 19.32                              
=============================================
=============================================
* Benchmark Result (single input)
  - FPS : 18.37                              
=============================================
=============================================
* Benchmark Result (single input)
  - FPS : 18.30                              
=============================================
=============================================
* Benchmark Result (single input)
  - FPS : 18.45                              
=============================================
=============================================
* Benchmark Result (single input)
  - FPS : 18.53                              
=============================================
=============================================
* Benchmark Result (single input)
  - FPS : 18.46                              
=============================================
=============================================
* Benchmark Result (single input)
  - FPS : 18.46                              
=============================================
=============================================
* Benchmark Result (single input)
  - FPS : 18.26                              
=============================================
=============================================
* Benchmark Result (single input)
  - FPS : 18.27                              
=============================================
=============================================
* Benchmark Result (single input)
  - FPS : 18.31                              
=============================================
=============================================
* Benchmark Result (single input)
  - FPS : 18.32                              
=============================================
=============================================
* Benchmark Result (single input)
  - FPS : 18.26                              
=============================================
=============================================
* Benchmark Result (single input)
  - FPS : 18.26                              
=============================================
=============================================
* Benchmark Result (single input)
  - FPS : 18.32                              
=============================================
=============================================
* Benchmark Result (single input)
  - FPS : 18.31                              
=============================================
=============================================
* Benchmark Result (single input)
  - FPS : 18.34                              
=============================================
=============================================
* Benchmark Result (single input)
  - FPS : 18.48                              
=============================================
=============================================
* Benchmark Result (single input)
  - FPS : 18.54                              
=============================================
=============================================
* Benchmark Result (single input)
  - FPS : 18.36                              
=============================================
=============================================
* Benchmark Result (single input)
  - FPS : 18.27                              
=============================================
=============================================
* Benchmark Result (single input)
  - FPS : 18.33                              
=============================================
=============================================
* Benchmark Result (single input)
  - FPS : 18.26                              
=============================================
=============================================
* Benchmark Result (single input)
  - FPS : 18.31                              
=============================================
=============================================
* Benchmark Result (single input)
  - FPS : 18.23                              
=============================================
=============================================
* Benchmark Result (single input)
  - FPS : 18.38                              
=============================================
=============================================
* Benchmark Result (single input)
  - FPS : 18.49                              
=============================================
=============================================
* Benchmark Result (single input)
  - FPS : 18.08                              
=============================================
=============================================
* Benchmark Result (single input)
  - FPS : 18.32                              
=============================================
=============================================
* Benchmark Result (single input)
  - FPS : 18.26                              
=============================================
=============================================
* Benchmark Result (single input)
  - FPS : 18.51                              
=============================================
=============================================
* Benchmark Result (single input)
  - FPS : 17.80                              
=============================================
=============================================
* Benchmark Result (single input)
  - FPS : 18.28                              
=============================================
=============================================
* Benchmark Result (single input)
  - FPS : 18.35                              
=============================================
=============================================
* Benchmark Result (single input)
  - FPS : 18.30                              
=============================================
=============================================
* Benchmark Result (single input)
  - FPS : 18.47                              
=============================================
=============================================
* Benchmark Result (single input)
  - FPS : 18.45                              
=============================================
=============================================
* Benchmark Result (single input)
  - FPS : 17.39                              
=============================================
=============================================
* Benchmark Result (single input)
  - FPS : 18.47                              
=============================================
=============================================
* Benchmark Result (single input)
  - FPS : 18.52                              
=============================================
=============================================
* Benchmark Result (single input)
  - FPS : 18.48                              
=============================================
=============================================
* Benchmark Result (single input)
  - FPS : 18.32                              
=============================================
=============================================
* Benchmark Result (single input)
  - FPS : 18.29                              
=============================================
=============================================
* Benchmark Result (single input)
  - FPS : 18.29                              
=============================================
=============================================
* Benchmark Result (single input)
  - FPS : 18.31                              
=============================================
=============================================
* Benchmark Result (single input)
  - FPS : 18.29                              
=============================================
=============================================
* Benchmark Result (single input)
  - FPS : 18.32                              
=============================================
=============================================
* Benchmark Result (single input)
  - FPS : 18.31                              
=============================================
=============================================
* Benchmark Result (single input)
  - FPS : 18.46                              
=============================================
=============================================
* Benchmark Result (single input)
  - FPS : 18.46                              
=============================================
=============================================
* Benchmark Result (single input)
  - FPS : 18.50                              
=============================================
=============================================
* Benchmark Result (single input)
  - FPS : 18.48                              
=============================================
=============================================
* Benchmark Result (single input)
  - FPS : 18.27                              
=============================================
=============================================
* Benchmark Result (single input)
  - FPS : 18.31                              
=============================================
=============================================
* Benchmark Result (single input)
  - FPS : 18.50                              
=============================================
=============================================
* Benchmark Result (single input)
  - FPS : 17.66                              
=============================================
=============================================
* Benchmark Result (single input)
  - FPS : 18.33                              
=============================================
=============================================
* Benchmark Result (single input)
  - FPS : 18.49                              
=============================================
=============================================
* Benchmark Result (single input)
  - FPS : 18.48                              
=============================================
=============================================
* Benchmark Result (single input)
  - FPS : 18.51                              
=============================================
=============================================
* Benchmark Result (single input)
  - FPS : 18.54                              
=============================================
=============================================
* Benchmark Result (single input)
  - FPS : 18.30                              
=============================================
=============================================
* Benchmark Result (single input)
  - FPS : 18.27                              
=============================================
=============================================
* Benchmark Result (single input)
  - FPS : 18.47                              
=============================================
=============================================
* Benchmark Result (single input)
  - FPS : 18.47                              
=============================================
=============================================
* Benchmark Result (single input)
  - FPS : 18.24                              
=============================================
=============================================
* Benchmark Result (single input)
  - FPS : 18.28                              
=============================================
=============================================
* Benchmark Result (single input)
  - FPS : 18.24                              
=============================================
=============================================
* Benchmark Result (single input)
  - FPS : 18.26                              
=============================================
=============================================
* Benchmark Result (single input)
  - FPS : 18.39                              
=============================================
=============================================
* Benchmark Result (single input)
  - FPS : 18.47                              
=============================================
=============================================
* Benchmark Result (single input)
  - FPS : 18.44                              
=============================================
=============================================
* Benchmark Result (single input)
  - FPS : 18.48                              
=============================================
=============================================
* Benchmark Result (single input)
  - FPS : 18.36                              
=============================================
=============================================
* Benchmark Result (single input)
  - FPS : 18.03                              
=============================================
=============================================
* Benchmark Result (single input)
  - FPS : 18.28                              
=============================================
=============================================
* Benchmark Result (single input)
  - FPS : 18.47                              
=============================================
=============================================
* Benchmark Result (single input)
  - FPS : 18.44                              
=============================================
=============================================
* Benchmark Result (single input)
  - FPS : 18.30                              
=============================================
=============================================
* Benchmark Result (single input)
  - FPS : 18.34                              
=============================================
=============================================
* Benchmark Result (single input)
  - FPS : 18.31                              
=============================================
=============================================
* Benchmark Result (single input)
  - FPS : 18.52                              
=============================================
=============================================
* Benchmark Result (single input)
  - FPS : 18.48                              
=============================================
=============================================
* Benchmark Result (single input)
  - FPS : 18.27                              
=============================================
=============================================
* Benchmark Result (single input)
  - FPS : 18.29                              
=============================================
=============================================
* Benchmark Result (single input)
  - FPS : 18.45                              
=============================================
=============================================
* Benchmark Result (single input)
  - FPS : 18.41                              
=============================================
=============================================
* Benchmark Result (single input)
  - FPS : 18.36                              
=============================================
=============================================
* Benchmark Result (single input)
  - FPS : 18.30                              
=============================================
=============================================
* Benchmark Result (single input)
  - FPS : 18.00                              
=============================================
=============================================
* Benchmark Result (single input)
  - FPS : 18.29                              
=============================================
=============================================
* Benchmark Result (single input)
  - FPS : 18.27                              
=============================================
=============================================
* Benchmark Result (single input)
  - FPS : 18.19                              
=============================================
=============================================
* Benchmark Result (single input)
  - FPS : 18.28                              
=============================================
=============================================
* Benchmark Result (single input)
  - FPS : 18.52                              
=============================================
=============================================
* Benchmark Result (single input)
  - FPS : 18.46                              
=============================================
=============================================
* Benchmark Result (single input)
  - FPS : 18.28                              
=============================================
=============================================
* Benchmark Result (single input)
  - FPS : 18.29                              
=============================================
=============================================
* Benchmark Result (single input)
  - FPS : 18.46                              
=============================================
=============================================
* Benchmark Result (single input)
  - FPS : 18.53                              
=============================================
=============================================
* Benchmark Result (single input)
  - FPS : 18.27                              
=============================================
=============================================
* Benchmark Result (single input)
  - FPS : 18.29                              
=============================================
=============================================
* Benchmark Result (single input)
  - FPS : 16.81                              
=============================================
=============================================
* Benchmark Result (single input)
  - FPS : 18.23                              
=============================================
=============================================
* Benchmark Result (single input)
  - FPS : 18.32                              
=============================================
=============================================
* Benchmark Result (single input)
  - FPS : 18.28                              
=============================================
=============================================
* Benchmark Result (single input)
  - FPS : 18.44                              
=============================================
=============================================
* Benchmark Result (single input)
  - FPS : 18.46                              
=============================================
=============================================
* Benchmark Result (single input)
  - FPS : 18.38                              
=============================================
=============================================
* Benchmark Result (single input)
  - FPS : 18.44                              
=============================================
=============================================
* Benchmark Result (single input)
  - FPS : 18.39                              
=============================================
=============================================
* Benchmark Result (single input)
  - FPS : 18.26                              
=============================================
=============================================
* Benchmark Result (single input)
  - FPS : 18.32                              
=============================================
=============================================
* Benchmark Result (single input)
  - FPS : 18.37                              
=============================================
=============================================
* Benchmark Result (single input)
  - FPS : 18.29                              
=============================================
=============================================
* Benchmark Result (single input)
  - FPS : 18.29                              
=============================================
=============================================
* Benchmark Result (single input)
  - FPS : 18.34                              
=============================================
=============================================
* Benchmark Result (single input)
  - FPS : 18.30                              
=============================================
=============================================
* Benchmark Result (single input)
  - FPS : 18.48                              
=============================================
=============================================
* Benchmark Result (single input)
  - FPS : 18.51                              
=============================================
=============================================
* Benchmark Result (single input)
  - FPS : 18.08                              
=============================================
=============================================
* Benchmark Result (single input)
  - FPS : 18.26                              
=============================================
=============================================
* Benchmark Result (single input)
  - FPS : 18.30                              
=============================================
=============================================
* Benchmark Result (single input)
  - FPS : 18.30                              
=============================================
=============================================
* Benchmark Result (single input)
  - FPS : 18.28                              
=============================================
=============================================
* Benchmark Result (single input)
  - FPS : 18.27                              
=============================================
=============================================
* Benchmark Result (single input)
  - FPS : 18.29                              
=============================================
=============================================
* Benchmark Result (single input)
  - FPS : 18.25                              
=============================================
=============================================
* Benchmark Result (single input)
  - FPS : 18.33                              
=============================================
=============================================
* Benchmark Result (single input)
  - FPS : 18.44                              
=============================================
=============================================
* Benchmark Result (single input)
  - FPS : 18.52                              
=============================================
=============================================
* Benchmark Result (single input)
  - FPS : 17.77                              
=============================================
=============================================
* Benchmark Result (single input)
  - FPS : 18.49                              
=============================================
=============================================
* Benchmark Result (single input)
  - FPS : 18.33                              
=============================================
=============================================
* Benchmark Result (single input)
  - FPS : 18.30                              
=============================================
=============================================
* Benchmark Result (single input)
  - FPS : 18.24                              
=============================================
=============================================
* Benchmark Result (single input)
  - FPS : 18.38                              
=============================================
=============================================
* Benchmark Result (single input)
  - FPS : 18.34                              
=============================================
=============================================
* Benchmark Result (single input)
  - FPS : 18.26                              
=============================================
=============================================
* Benchmark Result (single input)
  - FPS : 16.26                              
=============================================
=============================================
* Benchmark Result (single input)
  - FPS : 18.36                              
=============================================
=============================================
* Benchmark Result (single input)
  - FPS : 16.93                              
=============================================
=============================================
* Benchmark Result (single input)
  - FPS : 18.39                              
=============================================
=============================================
* Benchmark Result (single input)
  - FPS : 18.51                              
=============================================
=============================================
* Benchmark Result (single input)
  - FPS : 18.31                              
=============================================
=============================================
* Benchmark Result (single input)
  - FPS : 18.25                              
=============================================
=============================================
* Benchmark Result (single input)
  - FPS : 18.49                              
=============================================
=============================================
* Benchmark Result (single input)
  - FPS : 18.48                              
=============================================
=============================================
* Benchmark Result (single input)
  - FPS : 18.41                              
=============================================
=============================================
* Benchmark Result (single input)
  - FPS : 18.27                              
=============================================
=============================================
* Benchmark Result (single input)
  - FPS : 18.32                              
=============================================
=============================================
* Benchmark Result (single input)
  - FPS : 18.30                              
=============================================
=============================================
* Benchmark Result (single input)
  - FPS : 18.30                              
=============================================
=============================================
* Benchmark Result (single input)
  - FPS : 18.35                              
=============================================
=============================================
* Benchmark Result (single input)
  - FPS : 18.34                              
=============================================
=============================================
* Benchmark Result (single input)
  - FPS : 18.33                              
=============================================
=============================================
* Benchmark Result (single input)
  - FPS : 18.29                              
=============================================
=============================================
* Benchmark Result (single input)
  - FPS : 18.32                              
=============================================
=============================================
* Benchmark Result (single input)
  - FPS : 18.33                              
=============================================
=============================================
* Benchmark Result (single input)
  - FPS : 18.30                              
=============================================
=============================================
* Benchmark Result (single input)
  - FPS : 18.33                              
=============================================
=============================================
* Benchmark Result (single input)
  - FPS : 18.27                              
=============================================
=============================================
* Benchmark Result (single input)
  - FPS : 18.29                              
=============================================
=============================================
* Benchmark Result (single input)
  - FPS : 18.36                              
=============================================
=============================================
* Benchmark Result (single input)
  - FPS : 18.32                              
=============================================
=============================================
* Benchmark Result (single input)
  - FPS : 18.29                              
=============================================
=============================================
* Benchmark Result (single input)
  - FPS : 18.34                              
=============================================
=============================================
* Benchmark Result (single input)
  - FPS : 18.28                              
=============================================
=============================================
* Benchmark Result (single input)
  - FPS : 18.28                              
=============================================
=============================================
* Benchmark Result (single input)
  - FPS : 18.34                              
=============================================
=============================================
* Benchmark Result (single input)
  - FPS : 18.44                              
=============================================
=============================================
* Benchmark Result (single input)
  - FPS : 18.53                              
=============================================
=============================================
* Benchmark Result (single input)
  - FPS : 18.36                              
=============================================
=============================================
* Benchmark Result (single input)
  - FPS : 18.34                              
=============================================
=============================================
* Benchmark Result (single input)
  - FPS : 18.31                              
=============================================
=============================================
* Benchmark Result (single input)
  - FPS : 18.30                              
=============================================
=============================================
* Benchmark Result (single input)
  - FPS : 16.83                              
=============================================
=============================================
* Benchmark Result (single input)
  - FPS : 18.32                              
=============================================
=============================================
* Benchmark Result (single input)
  - FPS : 18.17                              
=============================================
=============================================
* Benchmark Result (single input)
  - FPS : 18.46                              
=============================================
=============================================
* Benchmark Result (single input)
  - FPS : 18.42                              
=============================================
=============================================
* Benchmark Result (single input)
  - FPS : 18.29                              
=============================================
=============================================
* Benchmark Result (single input)
  - FPS : 18.25                              
=============================================
=============================================
* Benchmark Result (single input)
  - FPS : 18.45                              
=============================================
=============================================
* Benchmark Result (single input)
  - FPS : 18.46                              
=============================================
=============================================
* Benchmark Result (single input)
  - FPS : 18.35                              
=============================================
=============================================
* Benchmark Result (single input)
  - FPS : 18.29                              
=============================================
=============================================
* Benchmark Result (single input)
  - FPS : 18.32                              
=============================================
=============================================
* Benchmark Result (single input)
  - FPS : 18.17                              
=============================================
=============================================
* Benchmark Result (single input)
  - FPS : 18.24                              
=============================================
=============================================
* Benchmark Result (single input)
  - FPS : 18.58                              
=============================================
=============================================
* Benchmark Result (single input)
  - FPS : 18.52                              
=============================================
=============================================
* Benchmark Result (single input)
  - FPS : 18.31                              
=============================================
=============================================
* Benchmark Result (single input)
  - FPS : 18.31                              
=============================================
=============================================
* Benchmark Result (single input)
  - FPS : 18.45                              
=============================================
=============================================
* Benchmark Result (single input)
  - FPS : 18.47                              
=============================================
=============================================
* Benchmark Result (single input)
  - FPS : 18.30                              
=============================================
=============================================
* Benchmark Result (single input)
  - FPS : 18.31                              
=============================================
=============================================
* Benchmark Result (single input)
  - FPS : 18.28                              
=============================================
=============================================
* Benchmark Result (single input)
  - FPS : 18.48                              
=============================================
=============================================
* Benchmark Result (single input)
  - FPS : 18.49                              
=============================================
=============================================
* Benchmark Result (single input)
  - FPS : 18.32                              
=============================================
=============================================
* Benchmark Result (single input)
  - FPS : 18.35                              
=============================================
=============================================
* Benchmark Result (single input)
  - FPS : 18.27                              
=============================================
=============================================
* Benchmark Result (single input)
  - FPS : 18.33                              
=============================================
=============================================
* Benchmark Result (single input)
  - FPS : 18.49                              
=============================================
=============================================
* Benchmark Result (single input)
  - FPS : 18.53                              
=============================================
=============================================
* Benchmark Result (single input)
  - FPS : 18.26                              
=============================================
=============================================
* Benchmark Result (single input)
  - FPS : 18.34                              
=============================================
=============================================
* Benchmark Result (single input)
  - FPS : 18.30                              
=============================================
=============================================
* Benchmark Result (single input)
  - FPS : 18.33                              
=============================================
=============================================
* Benchmark Result (single input)
  - FPS : 18.34                              
=============================================
=============================================
* Benchmark Result (single input)
  - FPS : 18.30                              
=============================================
=============================================
* Benchmark Result (single input)
  - FPS : 18.36                              
=============================================
=============================================
* Benchmark Result (single input)
  - FPS : 18.30                              
=============================================
=============================================
* Benchmark Result (single input)
  - FPS : 18.20                              
=============================================
=============================================
* Benchmark Result (single input)
  - FPS : 18.45                              
=============================================
=============================================
* Benchmark Result (single input)
  - FPS : 18.42                              
=============================================
=============================================
* Benchmark Result (single input)
  - FPS : 18.24                              
=============================================
=============================================
* Benchmark Result (single input)
  - FPS : 18.28                              
=============================================
=============================================
* Benchmark Result (single input)
  - FPS : 18.24                              
=============================================
=============================================
* Benchmark Result (single input)
  - FPS : 18.37                              
=============================================
=============================================
* Benchmark Result (single input)
  - FPS : 18.31                              
=============================================
=============================================
* Benchmark Result (single input)
  - FPS : 18.34                              
=============================================
=============================================
* Benchmark Result (single input)
  - FPS : 18.34                              
=============================================
=============================================
* Benchmark Result (single input)
  - FPS : 18.31                              
=============================================
=============================================
* Benchmark Result (single input)
  - FPS : 18.33                              
=============================================
=============================================
* Benchmark Result (single input)
  - FPS : 18.31                              
=============================================
=============================================
* Benchmark Result (single input)
  - FPS : 18.31                              
=============================================
Profiler data has been written to profiler.json
  ==============================================================================================
  | Task: cpu_0                                                                                |
  ==============================================================================================
  ----------------------------------------------------------------------------------------------
  | CPU                                                                                        |
  | Name                           |     min (us) |     max (us) | average (us) |      CoV (%) |
  ----------------------------------------------------------------------------------------------
  | Buffer Pool Wait               |         5.70 |        27.96 |         8.13 |        20.74 |
  | CPU Dispatch Wait              |        16.45 |        39.43 |        24.00 |        12.71 |
  | CPU Task (total)               |      6678.20 |      8359.52 |      7734.13 |         6.38 |
  ----------------------------------------------------------------------------------------------
  ==============================================================================================
  | Task: npu_0                                                                                |
  ==============================================================================================
  ----------------------------------------------------------------------------------------------
  | Device 0                                                                                   |
  | Name                           |     min (us) |     max (us) | average (us) |      CoV (%) |
  ----------------------------------------------------------------------------------------------
  | Buffer Pool Wait               |         4.89 |        22.00 |         7.55 |        18.19 |
  | NPU Task (total)               |     44482.67 |     53263.75 |     46067.09 |         2.27 |
  |   - NPU Input Format Handler   |         1.37 |        71.00 |         2.86 |       139.26 |
  |   - H2D (Host-to-Device)       |      1900.44 |      2332.74 |      1985.57 |         2.12 |
  |   - Inference                  |     31846.00 |     32333.00 |     32063.17 |         0.27 |
  |     - Inference Core 0         |     31846.00 |     32333.00 |     32063.17 |         0.27 |
  |   - D2H (Device-to-Host)       |      5835.12 |      6736.42 |      5970.39 |         1.28 |
  |   - NPU Output Format Handler  |      4211.99 |      7151.85 |      5641.23 |        10.89 |
  ----------------------------------------------------------------------------------------------

__CPU_PERCENT__=26%
