Runtime Framework Version: v3.4.0
Device Driver Version: v2.5.1
PCIe Driver Version: v2.4.1

modelFile: /home/deepx/work/github/deepx-yjsong/dx-all-suite/dx-benchmark/benchmark/assets/models/yolo26-x_640x640.dxnn
inputFile: 
outputFile: output.bin
benchmark: 0
loops: 300
Device specification: 'all' (default)
[INFO] Profiler is enabled.
Run model target mode : Single Mode
Inference by loops: count=300

=== Model File: /home/deepx/work/github/deepx-yjsong/dx-all-suite/dx-benchmark/benchmark/assets/models/yolo26-x_640x640.dxnn ===

Model Input Tensors:
  - images
Model Output Tensors:
  - /model.23/one2one_cv2.0/one2one_cv2.0.2/Conv_output_0
  - /model.23/one2one_cv2.1/one2one_cv2.1.2/Conv_output_0
  - /model.23/one2one_cv3.0/one2one_cv3.0.2/Conv_output_0
  - /model.23/one2one_cv3.1/one2one_cv3.1.2/Conv_output_0
  - /model.23/one2one_cv2.2/one2one_cv2.2.2/Conv_output_0
  - /model.23/one2one_cv3.2/one2one_cv3.2.2/Conv_output_0

Tasks:
  [ ] -> npu_0 -> []
  Task[0] npu_0, NPU, NPU memory usage 554,448,576 bytes (input 1,228,800 bytes, output 2,822,400 bytes), mem_usage:1,049,243,328 bytes
  Inputs
     -  images, UINT8, [1, 640, 640, 3 ]
  Outputs
    -  /model.23/one2one_cv2.0/one2one_cv2.0.2/Conv_output_0, FLOAT, [1, 4, 80, 80 ]
    -  /model.23/one2one_cv2.1/one2one_cv2.1.2/Conv_output_0, FLOAT, [1, 4, 40, 40 ]
    -  /model.23/one2one_cv3.0/one2one_cv3.0.2/Conv_output_0, FLOAT, [1, 80, 80, 80 ]
    -  /model.23/one2one_cv3.1/one2one_cv3.1.2/Conv_output_0, FLOAT, [1, 80, 40, 40 ]
    -  /model.23/one2one_cv2.2/one2one_cv2.2.2/Conv_output_0, FLOAT, [1, 4, 20, 20 ]
    -  /model.23/one2one_cv3.2/one2one_cv3.2.2/Conv_output_0, FLOAT, [1, 80, 20, 20 ]


Performing 1 warmup run(s)...
Warmup completed.
=============================================
* Benchmark Result (single input)
  - FPS : 13.16                              
=============================================
=============================================
* Benchmark Result (single input)
  - FPS : 13.25                              
=============================================
=============================================
* Benchmark Result (single input)
  - FPS : 13.25                              
=============================================
=============================================
* Benchmark Result (single input)
  - FPS : 13.25                              
=============================================
=============================================
* Benchmark Result (single input)
  - FPS : 13.24                              
=============================================
=============================================
* Benchmark Result (single input)
  - FPS : 13.24                              
=============================================
=============================================
* Benchmark Result (single input)
  - FPS : 13.23                              
=============================================
=============================================
* Benchmark Result (single input)
  - FPS : 13.23                              
=============================================
=============================================
* Benchmark Result (single input)
  - FPS : 13.22                              
=============================================
=============================================
* Benchmark Result (single input)
  - FPS : 13.23                              
=============================================
=============================================
* Benchmark Result (single input)
  - FPS : 13.26                              
=============================================
=============================================
* Benchmark Result (single input)
  - FPS : 13.25                              
=============================================
=============================================
* Benchmark Result (single input)
  - FPS : 13.15                              
=============================================
=============================================
* Benchmark Result (single input)
  - FPS : 13.20                              
=============================================
=============================================
* Benchmark Result (single input)
  - FPS : 13.24                              
=============================================
=============================================
* Benchmark Result (single input)
  - FPS : 13.28                              
=============================================
=============================================
* Benchmark Result (single input)
  - FPS : 13.24                              
=============================================
=============================================
* Benchmark Result (single input)
  - FPS : 13.25                              
=============================================
=============================================
* Benchmark Result (single input)
  - FPS : 13.23                              
=============================================
=============================================
* Benchmark Result (single input)
  - FPS : 13.26                              
=============================================
=============================================
* Benchmark Result (single input)
  - FPS : 13.25                              
=============================================
=============================================
* Benchmark Result (single input)
  - FPS : 13.27                              
=============================================
=============================================
* Benchmark Result (single input)
  - FPS : 13.25                              
=============================================
=============================================
* Benchmark Result (single input)
  - FPS : 13.23                              
=============================================
=============================================
* Benchmark Result (single input)
  - FPS : 13.25                              
=============================================
=============================================
* Benchmark Result (single input)
  - FPS : 12.87                              
=============================================
=============================================
* Benchmark Result (single input)
  - FPS : 13.24                              
=============================================
=============================================
* Benchmark Result (single input)
  - FPS : 13.24                              
=============================================
=============================================
* Benchmark Result (single input)
  - FPS : 13.20                              
=============================================
=============================================
* Benchmark Result (single input)
  - FPS : 13.22                              
=============================================
=============================================
* Benchmark Result (single input)
  - FPS : 13.24                              
=============================================
=============================================
* Benchmark Result (single input)
  - FPS : 13.23                              
=============================================
=============================================
* Benchmark Result (single input)
  - FPS : 13.22                              
=============================================
=============================================
* Benchmark Result (single input)
  - FPS : 13.23                              
=============================================
=============================================
* Benchmark Result (single input)
  - FPS : 13.21                              
=============================================
=============================================
* Benchmark Result (single input)
  - FPS : 7.39                               
=============================================
=============================================
* Benchmark Result (single input)
  - FPS : 13.20                              
=============================================
=============================================
* Benchmark Result (single input)
  - FPS : 13.22                              
=============================================
=============================================
* Benchmark Result (single input)
  - FPS : 13.18                              
=============================================
=============================================
* Benchmark Result (single input)
  - FPS : 13.21                              
=============================================
=============================================
* Benchmark Result (single input)
  - FPS : 13.25                              
=============================================
=============================================
* Benchmark Result (single input)
  - FPS : 13.26                              
=============================================
=============================================
* Benchmark Result (single input)
  - FPS : 13.24                              
=============================================
=============================================
* Benchmark Result (single input)
  - FPS : 13.26                              
=============================================
=============================================
* Benchmark Result (single input)
  - FPS : 13.25                              
=============================================
=============================================
* Benchmark Result (single input)
  - FPS : 13.26                              
=============================================
=============================================
* Benchmark Result (single input)
  - FPS : 13.23                              
=============================================
=============================================
* Benchmark Result (single input)
  - FPS : 13.21                              
=============================================
=============================================
* Benchmark Result (single input)
  - FPS : 13.24                              
=============================================
=============================================
* Benchmark Result (single input)
  - FPS : 13.22                              
=============================================
=============================================
* Benchmark Result (single input)
  - FPS : 13.22                              
=============================================
=============================================
* Benchmark Result (single input)
  - FPS : 13.23                              
=============================================
=============================================
* Benchmark Result (single input)
  - FPS : 13.23                              
=============================================
=============================================
* Benchmark Result (single input)
  - FPS : 13.26                              
=============================================
=============================================
* Benchmark Result (single input)
  - FPS : 13.20                              
=============================================
=============================================
* Benchmark Result (single input)
  - FPS : 13.29                              
=============================================
=============================================
* Benchmark Result (single input)
  - FPS : 13.22                              
=============================================
=============================================
* Benchmark Result (single input)
  - FPS : 13.27                              
=============================================
=============================================
* Benchmark Result (single input)
  - FPS : 13.23                              
=============================================
=============================================
* Benchmark Result (single input)
  - FPS : 13.24                              
=============================================
=============================================
* Benchmark Result (single input)
  - FPS : 13.22                              
=============================================
=============================================
* Benchmark Result (single input)
  - FPS : 12.70                              
=============================================
=============================================
* Benchmark Result (single input)
  - FPS : 12.93                              
=============================================
=============================================
* Benchmark Result (single input)
  - FPS : 12.94                              
=============================================
=============================================
* Benchmark Result (single input)
  - FPS : 12.92                              
=============================================
=============================================
* Benchmark Result (single input)
  - FPS : 12.88                              
=============================================
=============================================
* Benchmark Result (single input)
  - FPS : 12.94                              
=============================================
=============================================
* Benchmark Result (single input)
  - FPS : 12.92                              
=============================================
=============================================
* Benchmark Result (single input)
  - FPS : 12.92                              
=============================================
=============================================
* Benchmark Result (single input)
  - FPS : 12.93                              
=============================================
=============================================
* Benchmark Result (single input)
  - FPS : 12.83                              
=============================================
=============================================
* Benchmark Result (single input)
  - FPS : 12.96                              
=============================================
=============================================
* Benchmark Result (single input)
  - FPS : 12.91                              
=============================================
=============================================
* Benchmark Result (single input)
  - FPS : 12.92                              
=============================================
=============================================
* Benchmark Result (single input)
  - FPS : 11.91                              
=============================================
=============================================
* Benchmark Result (single input)
  - FPS : 12.93                              
=============================================
=============================================
* Benchmark Result (single input)
  - FPS : 12.90                              
=============================================
=============================================
* Benchmark Result (single input)
  - FPS : 12.94                              
=============================================
=============================================
* Benchmark Result (single input)
  - FPS : 12.92                              
=============================================
=============================================
* Benchmark Result (single input)
  - FPS : 12.90                              
=============================================
=============================================
* Benchmark Result (single input)
  - FPS : 12.95                              
=============================================
=============================================
* Benchmark Result (single input)
  - FPS : 12.77                              
=============================================
=============================================
* Benchmark Result (single input)
  - FPS : 12.91                              
=============================================
=============================================
* Benchmark Result (single input)
  - FPS : 12.96                              
=============================================
=============================================
* Benchmark Result (single input)
  - FPS : 12.91                              
=============================================
=============================================
* Benchmark Result (single input)
  - FPS : 12.92                              
=============================================
=============================================
* Benchmark Result (single input)
  - FPS : 12.91                              
=============================================
=============================================
* Benchmark Result (single input)
  - FPS : 11.90                              
=============================================
=============================================
* Benchmark Result (single input)
  - FPS : 12.93                              
=============================================
=============================================
* Benchmark Result (single input)
  - FPS : 12.96                              
=============================================
=============================================
* Benchmark Result (single input)
  - FPS : 12.60                              
=============================================
=============================================
* Benchmark Result (single input)
  - FPS : 12.88                              
=============================================
=============================================
* Benchmark Result (single input)
  - FPS : 12.95                              
=============================================
=============================================
* Benchmark Result (single input)
  - FPS : 12.94                              
=============================================
=============================================
* Benchmark Result (single input)
  - FPS : 12.94                              
=============================================
=============================================
* Benchmark Result (single input)
  - FPS : 12.91                              
=============================================
=============================================
* Benchmark Result (single input)
  - FPS : 12.93                              
=============================================
=============================================
* Benchmark Result (single input)
  - FPS : 12.93                              
=============================================
=============================================
* Benchmark Result (single input)
  - FPS : 12.94                              
=============================================
=============================================
* Benchmark Result (single input)
  - FPS : 12.94                              
=============================================
=============================================
* Benchmark Result (single input)
  - FPS : 11.82                              
=============================================
=============================================
* Benchmark Result (single input)
  - FPS : 12.92                              
=============================================
=============================================
* Benchmark Result (single input)
  - FPS : 12.89                              
=============================================
=============================================
* Benchmark Result (single input)
  - FPS : 12.91                              
=============================================
=============================================
* Benchmark Result (single input)
  - FPS : 12.91                              
=============================================
=============================================
* Benchmark Result (single input)
  - FPS : 12.86                              
=============================================
=============================================
* Benchmark Result (single input)
  - FPS : 12.91                              
=============================================
=============================================
* Benchmark Result (single input)
  - FPS : 12.89                              
=============================================
=============================================
* Benchmark Result (single input)
  - FPS : 12.86                              
=============================================
=============================================
* Benchmark Result (single input)
  - FPS : 12.89                              
=============================================
=============================================
* Benchmark Result (single input)
  - FPS : 12.90                              
=============================================
=============================================
* Benchmark Result (single input)
  - FPS : 12.88                              
=============================================
=============================================
* Benchmark Result (single input)
  - FPS : 12.90                              
=============================================
=============================================
* Benchmark Result (single input)
  - FPS : 12.22                              
=============================================
=============================================
* Benchmark Result (single input)
  - FPS : 12.85                              
=============================================
=============================================
* Benchmark Result (single input)
  - FPS : 12.93                              
=============================================
=============================================
* Benchmark Result (single input)
  - FPS : 12.89                              
=============================================
=============================================
* Benchmark Result (single input)
  - FPS : 12.95                              
=============================================
=============================================
* Benchmark Result (single input)
  - FPS : 12.95                              
=============================================
=============================================
* Benchmark Result (single input)
  - FPS : 12.94                              
=============================================
=============================================
* Benchmark Result (single input)
  - FPS : 12.95                              
=============================================
=============================================
* Benchmark Result (single input)
  - FPS : 12.95                              
=============================================
=============================================
* Benchmark Result (single input)
  - FPS : 12.92                              
=============================================
=============================================
* Benchmark Result (single input)
  - FPS : 12.93                              
=============================================
=============================================
* Benchmark Result (single input)
  - FPS : 12.97                              
=============================================
=============================================
* Benchmark Result (single input)
  - FPS : 12.92                              
=============================================
=============================================
* Benchmark Result (single input)
  - FPS : 12.92                              
=============================================
=============================================
* Benchmark Result (single input)
  - FPS : 12.93                              
=============================================
=============================================
* Benchmark Result (single input)
  - FPS : 12.80                              
=============================================
=============================================
* Benchmark Result (single input)
  - FPS : 12.95                              
=============================================
=============================================
* Benchmark Result (single input)
  - FPS : 12.92                              
=============================================
=============================================
* Benchmark Result (single input)
  - FPS : 12.92                              
=============================================
=============================================
* Benchmark Result (single input)
  - FPS : 12.95                              
=============================================
=============================================
* Benchmark Result (single input)
  - FPS : 12.93                              
=============================================
=============================================
* Benchmark Result (single input)
  - FPS : 12.94                              
=============================================
=============================================
* Benchmark Result (single input)
  - FPS : 12.96                              
=============================================
=============================================
* Benchmark Result (single input)
  - FPS : 12.91                              
=============================================
=============================================
* Benchmark Result (single input)
  - FPS : 12.94                              
=============================================
=============================================
* Benchmark Result (single input)
  - FPS : 12.94                              
=============================================
=============================================
* Benchmark Result (single input)
  - FPS : 12.93                              
=============================================
=============================================
* Benchmark Result (single input)
  - FPS : 12.91                              
=============================================
=============================================
* Benchmark Result (single input)
  - FPS : 12.95                              
=============================================
=============================================
* Benchmark Result (single input)
  - FPS : 12.95                              
=============================================
=============================================
* Benchmark Result (single input)
  - FPS : 12.93                              
=============================================
=============================================
* Benchmark Result (single input)
  - FPS : 12.95                              
=============================================
=============================================
* Benchmark Result (single input)
  - FPS : 12.94                              
=============================================
=============================================
* Benchmark Result (single input)
  - FPS : 12.91                              
=============================================
=============================================
* Benchmark Result (single input)
  - FPS : 12.88                              
=============================================
=============================================
* Benchmark Result (single input)
  - FPS : 12.92                              
=============================================
=============================================
* Benchmark Result (single input)
  - FPS : 12.95                              
=============================================
=============================================
* Benchmark Result (single input)
  - FPS : 12.92                              
=============================================
=============================================
* Benchmark Result (single input)
  - FPS : 12.95                              
=============================================
=============================================
* Benchmark Result (single input)
  - FPS : 12.91                              
=============================================
=============================================
* Benchmark Result (single input)
  - FPS : 11.87                              
=============================================
=============================================
* Benchmark Result (single input)
  - FPS : 12.93                              
=============================================
=============================================
* Benchmark Result (single input)
  - FPS : 12.93                              
=============================================
=============================================
* Benchmark Result (single input)
  - FPS : 12.92                              
=============================================
=============================================
* Benchmark Result (single input)
  - FPS : 12.91                              
=============================================
=============================================
* Benchmark Result (single input)
  - FPS : 12.91                              
=============================================
=============================================
* Benchmark Result (single input)
  - FPS : 12.94                              
=============================================
=============================================
* Benchmark Result (single input)
  - FPS : 12.91                              
=============================================
=============================================
* Benchmark Result (single input)
  - FPS : 12.90                              
=============================================
=============================================
* Benchmark Result (single input)
  - FPS : 12.92                              
=============================================
=============================================
* Benchmark Result (single input)
  - FPS : 12.95                              
=============================================
=============================================
* Benchmark Result (single input)
  - FPS : 12.88                              
=============================================
=============================================
* Benchmark Result (single input)
  - FPS : 12.92                              
=============================================
=============================================
* Benchmark Result (single input)
  - FPS : 12.91                              
=============================================
=============================================
* Benchmark Result (single input)
  - FPS : 12.93                              
=============================================
=============================================
* Benchmark Result (single input)
  - FPS : 12.94                              
=============================================
=============================================
* Benchmark Result (single input)
  - FPS : 12.91                              
=============================================
=============================================
* Benchmark Result (single input)
  - FPS : 12.93                              
=============================================
=============================================
* Benchmark Result (single input)
  - FPS : 12.90                              
=============================================
=============================================
* Benchmark Result (single input)
  - FPS : 12.95                              
=============================================
=============================================
* Benchmark Result (single input)
  - FPS : 12.92                              
=============================================
=============================================
* Benchmark Result (single input)
  - FPS : 12.91                              
=============================================
=============================================
* Benchmark Result (single input)
  - FPS : 12.95                              
=============================================
=============================================
* Benchmark Result (single input)
  - FPS : 12.94                              
=============================================
=============================================
* Benchmark Result (single input)
  - FPS : 12.90                              
=============================================
=============================================
* Benchmark Result (single input)
  - FPS : 12.91                              
=============================================
=============================================
* Benchmark Result (single input)
  - FPS : 12.90                              
=============================================
=============================================
* Benchmark Result (single input)
  - FPS : 12.91                              
=============================================
=============================================
* Benchmark Result (single input)
  - FPS : 12.86                              
=============================================
=============================================
* Benchmark Result (single input)
  - FPS : 12.88                              
=============================================
=============================================
* Benchmark Result (single input)
  - FPS : 12.86                              
=============================================
=============================================
* Benchmark Result (single input)
  - FPS : 12.89                              
=============================================
=============================================
* Benchmark Result (single input)
  - FPS : 12.91                              
=============================================
=============================================
* Benchmark Result (single input)
  - FPS : 12.89                              
=============================================
=============================================
* Benchmark Result (single input)
  - FPS : 12.90                              
=============================================
=============================================
* Benchmark Result (single input)
  - FPS : 12.89                              
=============================================
=============================================
* Benchmark Result (single input)
  - FPS : 12.88                              
=============================================
=============================================
* Benchmark Result (single input)
  - FPS : 12.92                              
=============================================
=============================================
* Benchmark Result (single input)
  - FPS : 12.92                              
=============================================
=============================================
* Benchmark Result (single input)
  - FPS : 12.97                              
=============================================
=============================================
* Benchmark Result (single input)
  - FPS : 12.93                              
=============================================
=============================================
* Benchmark Result (single input)
  - FPS : 12.89                              
=============================================
=============================================
* Benchmark Result (single input)
  - FPS : 12.95                              
=============================================
=============================================
* Benchmark Result (single input)
  - FPS : 12.96                              
=============================================
=============================================
* Benchmark Result (single input)
  - FPS : 12.93                              
=============================================
=============================================
* Benchmark Result (single input)
  - FPS : 12.57                              
=============================================
=============================================
* Benchmark Result (single input)
  - FPS : 12.91                              
=============================================
=============================================
* Benchmark Result (single input)
  - FPS : 12.94                              
=============================================
=============================================
* Benchmark Result (single input)
  - FPS : 12.95                              
=============================================
=============================================
* Benchmark Result (single input)
  - FPS : 12.93                              
=============================================
=============================================
* Benchmark Result (single input)
  - FPS : 12.91                              
=============================================
=============================================
* Benchmark Result (single input)
  - FPS : 12.93                              
=============================================
=============================================
* Benchmark Result (single input)
  - FPS : 12.89                              
=============================================
=============================================
* Benchmark Result (single input)
  - FPS : 12.91                              
=============================================
=============================================
* Benchmark Result (single input)
  - FPS : 12.95                              
=============================================
=============================================
* Benchmark Result (single input)
  - FPS : 12.92                              
=============================================
=============================================
* Benchmark Result (single input)
  - FPS : 12.97                              
=============================================
=============================================
* Benchmark Result (single input)
  - FPS : 12.92                              
=============================================
=============================================
* Benchmark Result (single input)
  - FPS : 12.92                              
=============================================
=============================================
* Benchmark Result (single input)
  - FPS : 12.94                              
=============================================
=============================================
* Benchmark Result (single input)
  - FPS : 12.92                              
=============================================
=============================================
* Benchmark Result (single input)
  - FPS : 12.94                              
=============================================
=============================================
* Benchmark Result (single input)
  - FPS : 12.96                              
=============================================
=============================================
* Benchmark Result (single input)
  - FPS : 12.94                              
=============================================
=============================================
* Benchmark Result (single input)
  - FPS : 12.96                              
=============================================
=============================================
* Benchmark Result (single input)
  - FPS : 12.94                              
=============================================
=============================================
* Benchmark Result (single input)
  - FPS : 12.94                              
=============================================
=============================================
* Benchmark Result (single input)
  - FPS : 12.92                              
=============================================
=============================================
* Benchmark Result (single input)
  - FPS : 12.95                              
=============================================
=============================================
* Benchmark Result (single input)
  - FPS : 12.93                              
=============================================
=============================================
* Benchmark Result (single input)
  - FPS : 12.93                              
=============================================
=============================================
* Benchmark Result (single input)
  - FPS : 12.94                              
=============================================
=============================================
* Benchmark Result (single input)
  - FPS : 12.88                              
=============================================
=============================================
* Benchmark Result (single input)
  - FPS : 12.94                              
=============================================
=============================================
* Benchmark Result (single input)
  - FPS : 12.94                              
=============================================
=============================================
* Benchmark Result (single input)
  - FPS : 12.93                              
=============================================
=============================================
* Benchmark Result (single input)
  - FPS : 12.94                              
=============================================
=============================================
* Benchmark Result (single input)
  - FPS : 12.94                              
=============================================
=============================================
* Benchmark Result (single input)
  - FPS : 12.94                              
=============================================
=============================================
* Benchmark Result (single input)
  - FPS : 12.94                              
=============================================
=============================================
* Benchmark Result (single input)
  - FPS : 12.92                              
=============================================
=============================================
* Benchmark Result (single input)
  - FPS : 12.92                              
=============================================
=============================================
* Benchmark Result (single input)
  - FPS : 12.92                              
=============================================
=============================================
* Benchmark Result (single input)
  - FPS : 12.75                              
=============================================
=============================================
* Benchmark Result (single input)
  - FPS : 12.94                              
=============================================
=============================================
* Benchmark Result (single input)
  - FPS : 11.82                              
=============================================
=============================================
* Benchmark Result (single input)
  - FPS : 12.95                              
=============================================
=============================================
* Benchmark Result (single input)
  - FPS : 12.92                              
=============================================
=============================================
* Benchmark Result (single input)
  - FPS : 12.94                              
=============================================
=============================================
* Benchmark Result (single input)
  - FPS : 12.93                              
=============================================
=============================================
* Benchmark Result (single input)
  - FPS : 12.77                              
=============================================
=============================================
* Benchmark Result (single input)
  - FPS : 12.91                              
=============================================
=============================================
* Benchmark Result (single input)
  - FPS : 12.83                              
=============================================
=============================================
* Benchmark Result (single input)
  - FPS : 12.90                              
=============================================
=============================================
* Benchmark Result (single input)
  - FPS : 12.94                              
=============================================
=============================================
* Benchmark Result (single input)
  - FPS : 12.93                              
=============================================
=============================================
* Benchmark Result (single input)
  - FPS : 12.89                              
=============================================
=============================================
* Benchmark Result (single input)
  - FPS : 12.93                              
=============================================
=============================================
* Benchmark Result (single input)
  - FPS : 11.97                              
=============================================
=============================================
* Benchmark Result (single input)
  - FPS : 12.89                              
=============================================
=============================================
* Benchmark Result (single input)
  - FPS : 12.88                              
=============================================
=============================================
* Benchmark Result (single input)
  - FPS : 12.91                              
=============================================
=============================================
* Benchmark Result (single input)
  - FPS : 12.90                              
=============================================
=============================================
* Benchmark Result (single input)
  - FPS : 12.86                              
=============================================
=============================================
* Benchmark Result (single input)
  - FPS : 12.88                              
=============================================
=============================================
* Benchmark Result (single input)
  - FPS : 12.87                              
=============================================
=============================================
* Benchmark Result (single input)
  - FPS : 12.86                              
=============================================
=============================================
* Benchmark Result (single input)
  - FPS : 12.85                              
=============================================
=============================================
* Benchmark Result (single input)
  - FPS : 12.91                              
=============================================
=============================================
* Benchmark Result (single input)
  - FPS : 12.86                              
=============================================
=============================================
* Benchmark Result (single input)
  - FPS : 12.91                              
=============================================
=============================================
* Benchmark Result (single input)
  - FPS : 12.19                              
=============================================
=============================================
* Benchmark Result (single input)
  - FPS : 12.87                              
=============================================
=============================================
* Benchmark Result (single input)
  - FPS : 12.95                              
=============================================
=============================================
* Benchmark Result (single input)
  - FPS : 12.92                              
=============================================
=============================================
* Benchmark Result (single input)
  - FPS : 12.91                              
=============================================
=============================================
* Benchmark Result (single input)
  - FPS : 12.92                              
=============================================
=============================================
* Benchmark Result (single input)
  - FPS : 12.89                              
=============================================
=============================================
* Benchmark Result (single input)
  - FPS : 12.87                              
=============================================
=============================================
* Benchmark Result (single input)
  - FPS : 12.90                              
=============================================
=============================================
* Benchmark Result (single input)
  - FPS : 12.94                              
=============================================
=============================================
* Benchmark Result (single input)
  - FPS : 12.92                              
=============================================
=============================================
* Benchmark Result (single input)
  - FPS : 12.88                              
=============================================
=============================================
* Benchmark Result (single input)
  - FPS : 12.92                              
=============================================
=============================================
* Benchmark Result (single input)
  - FPS : 11.95                              
=============================================
=============================================
* Benchmark Result (single input)
  - FPS : 12.90                              
=============================================
=============================================
* Benchmark Result (single input)
  - FPS : 12.95                              
=============================================
=============================================
* Benchmark Result (single input)
  - FPS : 12.91                              
=============================================
=============================================
* Benchmark Result (single input)
  - FPS : 12.89                              
=============================================
=============================================
* Benchmark Result (single input)
  - FPS : 12.91                              
=============================================
=============================================
* Benchmark Result (single input)
  - FPS : 12.94                              
=============================================
=============================================
* Benchmark Result (single input)
  - FPS : 12.92                              
=============================================
=============================================
* Benchmark Result (single input)
  - FPS : 12.93                              
=============================================
=============================================
* Benchmark Result (single input)
  - FPS : 12.94                              
=============================================
=============================================
* Benchmark Result (single input)
  - FPS : 12.91                              
=============================================
=============================================
* Benchmark Result (single input)
  - FPS : 12.93                              
=============================================
=============================================
* Benchmark Result (single input)
  - FPS : 12.97                              
=============================================
=============================================
* Benchmark Result (single input)
  - FPS : 12.90                              
=============================================
=============================================
* Benchmark Result (single input)
  - FPS : 12.93                              
=============================================
=============================================
* Benchmark Result (single input)
  - FPS : 12.95                              
=============================================
=============================================
* Benchmark Result (single input)
  - FPS : 12.95                              
=============================================
=============================================
* Benchmark Result (single input)
  - FPS : 12.91                              
=============================================
=============================================
* Benchmark Result (single input)
  - FPS : 12.88                              
=============================================
=============================================
* Benchmark Result (single input)
  - FPS : 12.91                              
=============================================
=============================================
* Benchmark Result (single input)
  - FPS : 12.91                              
=============================================
=============================================
* Benchmark Result (single input)
  - FPS : 12.97                              
=============================================
=============================================
* Benchmark Result (single input)
  - FPS : 12.95                              
=============================================
Profiler data has been written to profiler.json
  ==============================================================================================
  | Task: npu_0                                                                                |
  ==============================================================================================
  ----------------------------------------------------------------------------------------------
  | Device 0                                                                                   |
  | Name                           |     min (us) |     max (us) | average (us) |      CoV (%) |
  ----------------------------------------------------------------------------------------------
  | Buffer Pool Wait               |         5.96 |        20.48 |         8.68 |        13.41 |
  | NPU Task (total)               |     73387.85 |    133183.60 |     75425.72 |         4.77 |
  |   - NPU Input Format Handler   |         1.44 |        55.56 |         3.34 |        92.60 |
  |   - H2D (Host-to-Device)       |      1916.75 |      2299.49 |      2012.19 |         2.20 |
  |   - Inference                  |     60767.00 |     61350.00 |     61035.60 |         0.18 |
  |     - Inference Core 0         |     60767.00 |     61350.00 |     61035.60 |         0.18 |
  |   - D2H (Device-to-Host)       |      5870.65 |      6800.36 |      6034.44 |         1.35 |
  |   - NPU Output Format Handler  |      4222.30 |      6267.06 |      5652.11 |        10.55 |
  ----------------------------------------------------------------------------------------------

__CPU_PERCENT__=11%
