Runtime Framework Version: v3.4.0
Device Driver Version: v2.5.1
PCIe Driver Version: v2.4.1

modelFile: /home/deepx/work/github/deepx-yjsong/dx-all-suite/dx-benchmark/benchmark/assets/models/yolo26-n-obb_1024x1024.dxnn
inputFile: 
outputFile: output.bin
benchmark: 0
loops: 300
Device specification: 'all' (default)
[INFO] Profiler is enabled.
Run model target mode : Single Mode
Inference by loops: count=300

=== Model File: /home/deepx/work/github/deepx-yjsong/dx-all-suite/dx-benchmark/benchmark/assets/models/yolo26-n-obb_1024x1024.dxnn ===

Model Input Tensors:
  - images
Model Output Tensors:
  - /model.23/one2one_cv2.0/one2one_cv2.0.2/Conv_output_0
  - /model.23/one2one_cv4.0/one2one_cv4.0.2/Conv_output_0
  - /model.23/one2one_cv3.0/one2one_cv3.0.2/Conv_output_0
  - /model.23/one2one_cv4.1/one2one_cv4.1.2/Conv_output_0
  - /model.23/one2one_cv2.1/one2one_cv2.1.2/Conv_output_0
  - /model.23/one2one_cv3.1/one2one_cv3.1.2/Conv_output_0
  - /model.23/one2one_cv4.2/one2one_cv4.2.2/Conv_output_0
  - /model.23/one2one_cv2.2/one2one_cv2.2.2/Conv_output_0
  - /model.23/one2one_cv3.2/one2one_cv3.2.2/Conv_output_0

Tasks:
  [ ] -> npu_0 -> []
  Task[0] npu_0, NPU, NPU memory usage 255,318,976 bytes (input 3,145,728 bytes, output 1,720,320 bytes), mem_usage:506,584,000 bytes
  Inputs
     -  images, UINT8, [1, 1024, 1024, 3 ]
  Outputs
    -  /model.23/one2one_cv2.0/one2one_cv2.0.2/Conv_output_0, FLOAT, [1, 4, 128, 128 ]
    -  /model.23/one2one_cv4.0/one2one_cv4.0.2/Conv_output_0, FLOAT, [1, 1, 128, 128 ]
    -  /model.23/one2one_cv3.0/one2one_cv3.0.2/Conv_output_0, FLOAT, [1, 15, 128, 128 ]
    -  /model.23/one2one_cv4.1/one2one_cv4.1.2/Conv_output_0, FLOAT, [1, 1, 64, 64 ]
    -  /model.23/one2one_cv2.1/one2one_cv2.1.2/Conv_output_0, FLOAT, [1, 4, 64, 64 ]
    -  /model.23/one2one_cv3.1/one2one_cv3.1.2/Conv_output_0, FLOAT, [1, 15, 64, 64 ]
    -  /model.23/one2one_cv4.2/one2one_cv4.2.2/Conv_output_0, FLOAT, [1, 1, 32, 32 ]
    -  /model.23/one2one_cv2.2/one2one_cv2.2.2/Conv_output_0, FLOAT, [1, 4, 32, 32 ]
    -  /model.23/one2one_cv3.2/one2one_cv3.2.2/Conv_output_0, FLOAT, [1, 15, 32, 32 ]


Performing 1 warmup run(s)...
Warmup completed.
=============================================
* Benchmark Result (single input)
  - FPS : 24.77                              
=============================================
=============================================
* Benchmark Result (single input)
  - FPS : 24.83                              
=============================================
=============================================
* Benchmark Result (single input)
  - FPS : 25.20                              
=============================================
=============================================
* Benchmark Result (single input)
  - FPS : 25.11                              
=============================================
=============================================
* Benchmark Result (single input)
  - FPS : 25.19                              
=============================================
=============================================
* Benchmark Result (single input)
  - FPS : 25.15                              
=============================================
=============================================
* Benchmark Result (single input)
  - FPS : 25.13                              
=============================================
=============================================
* Benchmark Result (single input)
  - FPS : 25.19                              
=============================================
=============================================
* Benchmark Result (single input)
  - FPS : 25.08                              
=============================================
=============================================
* Benchmark Result (single input)
  - FPS : 25.17                              
=============================================
=============================================
* Benchmark Result (single input)
  - FPS : 25.07                              
=============================================
=============================================
* Benchmark Result (single input)
  - FPS : 24.93                              
=============================================
=============================================
* Benchmark Result (single input)
  - FPS : 25.15                              
=============================================
=============================================
* Benchmark Result (single input)
  - FPS : 25.22                              
=============================================
=============================================
* Benchmark Result (single input)
  - FPS : 25.18                              
=============================================
=============================================
* Benchmark Result (single input)
  - FPS : 25.30                              
=============================================
=============================================
* Benchmark Result (single input)
  - FPS : 25.00                              
=============================================
=============================================
* Benchmark Result (single input)
  - FPS : 25.13                              
=============================================
=============================================
* Benchmark Result (single input)
  - FPS : 25.02                              
=============================================
=============================================
* Benchmark Result (single input)
  - FPS : 25.19                              
=============================================
=============================================
* Benchmark Result (single input)
  - FPS : 25.19                              
=============================================
=============================================
* Benchmark Result (single input)
  - FPS : 25.09                              
=============================================
=============================================
* Benchmark Result (single input)
  - FPS : 24.95                              
=============================================
=============================================
* Benchmark Result (single input)
  - FPS : 24.42                              
=============================================
=============================================
* Benchmark Result (single input)
  - FPS : 25.03                              
=============================================
=============================================
* Benchmark Result (single input)
  - FPS : 25.05                              
=============================================
=============================================
* Benchmark Result (single input)
  - FPS : 25.06                              
=============================================
=============================================
* Benchmark Result (single input)
  - FPS : 24.95                              
=============================================
=============================================
* Benchmark Result (single input)
  - FPS : 24.95                              
=============================================
=============================================
* Benchmark Result (single input)
  - FPS : 24.83                              
=============================================
=============================================
* Benchmark Result (single input)
  - FPS : 25.12                              
=============================================
=============================================
* Benchmark Result (single input)
  - FPS : 25.19                              
=============================================
=============================================
* Benchmark Result (single input)
  - FPS : 25.08                              
=============================================
=============================================
* Benchmark Result (single input)
  - FPS : 25.09                              
=============================================
=============================================
* Benchmark Result (single input)
  - FPS : 25.11                              
=============================================
=============================================
* Benchmark Result (single input)
  - FPS : 25.12                              
=============================================
=============================================
* Benchmark Result (single input)
  - FPS : 25.16                              
=============================================
=============================================
* Benchmark Result (single input)
  - FPS : 25.26                              
=============================================
=============================================
* Benchmark Result (single input)
  - FPS : 25.06                              
=============================================
=============================================
* Benchmark Result (single input)
  - FPS : 25.29                              
=============================================
=============================================
* Benchmark Result (single input)
  - FPS : 25.24                              
=============================================
=============================================
* Benchmark Result (single input)
  - FPS : 25.10                              
=============================================
=============================================
* Benchmark Result (single input)
  - FPS : 25.05                              
=============================================
=============================================
* Benchmark Result (single input)
  - FPS : 25.35                              
=============================================
=============================================
* Benchmark Result (single input)
  - FPS : 25.04                              
=============================================
=============================================
* Benchmark Result (single input)
  - FPS : 25.03                              
=============================================
=============================================
* Benchmark Result (single input)
  - FPS : 25.18                              
=============================================
=============================================
* Benchmark Result (single input)
  - FPS : 25.17                              
=============================================
=============================================
* Benchmark Result (single input)
  - FPS : 25.15                              
=============================================
=============================================
* Benchmark Result (single input)
  - FPS : 25.24                              
=============================================
=============================================
* Benchmark Result (single input)
  - FPS : 24.72                              
=============================================
=============================================
* Benchmark Result (single input)
  - FPS : 23.71                              
=============================================
=============================================
* Benchmark Result (single input)
  - FPS : 25.01                              
=============================================
=============================================
* Benchmark Result (single input)
  - FPS : 24.34                              
=============================================
=============================================
* Benchmark Result (single input)
  - FPS : 25.04                              
=============================================
=============================================
* Benchmark Result (single input)
  - FPS : 25.12                              
=============================================
=============================================
* Benchmark Result (single input)
  - FPS : 25.10                              
=============================================
=============================================
* Benchmark Result (single input)
  - FPS : 25.24                              
=============================================
=============================================
* Benchmark Result (single input)
  - FPS : 25.16                              
=============================================
=============================================
* Benchmark Result (single input)
  - FPS : 25.26                              
=============================================
=============================================
* Benchmark Result (single input)
  - FPS : 25.27                              
=============================================
=============================================
* Benchmark Result (single input)
  - FPS : 25.19                              
=============================================
=============================================
* Benchmark Result (single input)
  - FPS : 25.08                              
=============================================
=============================================
* Benchmark Result (single input)
  - FPS : 25.08                              
=============================================
=============================================
* Benchmark Result (single input)
  - FPS : 25.11                              
=============================================
=============================================
* Benchmark Result (single input)
  - FPS : 25.11                              
=============================================
=============================================
* Benchmark Result (single input)
  - FPS : 25.06                              
=============================================
=============================================
* Benchmark Result (single input)
  - FPS : 25.10                              
=============================================
=============================================
* Benchmark Result (single input)
  - FPS : 25.15                              
=============================================
=============================================
* Benchmark Result (single input)
  - FPS : 25.18                              
=============================================
=============================================
* Benchmark Result (single input)
  - FPS : 25.19                              
=============================================
=============================================
* Benchmark Result (single input)
  - FPS : 25.14                              
=============================================
=============================================
* Benchmark Result (single input)
  - FPS : 25.17                              
=============================================
=============================================
* Benchmark Result (single input)
  - FPS : 25.08                              
=============================================
=============================================
* Benchmark Result (single input)
  - FPS : 25.02                              
=============================================
=============================================
* Benchmark Result (single input)
  - FPS : 25.05                              
=============================================
=============================================
* Benchmark Result (single input)
  - FPS : 25.22                              
=============================================
=============================================
* Benchmark Result (single input)
  - FPS : 25.10                              
=============================================
=============================================
* Benchmark Result (single input)
  - FPS : 25.14                              
=============================================
=============================================
* Benchmark Result (single input)
  - FPS : 23.58                              
=============================================
=============================================
* Benchmark Result (single input)
  - FPS : 25.16                              
=============================================
=============================================
* Benchmark Result (single input)
  - FPS : 25.15                              
=============================================
=============================================
* Benchmark Result (single input)
  - FPS : 25.09                              
=============================================
=============================================
* Benchmark Result (single input)
  - FPS : 25.21                              
=============================================
=============================================
* Benchmark Result (single input)
  - FPS : 25.34                              
=============================================
=============================================
* Benchmark Result (single input)
  - FPS : 25.28                              
=============================================
=============================================
* Benchmark Result (single input)
  - FPS : 25.03                              
=============================================
=============================================
* Benchmark Result (single input)
  - FPS : 25.06                              
=============================================
=============================================
* Benchmark Result (single input)
  - FPS : 25.17                              
=============================================
=============================================
* Benchmark Result (single input)
  - FPS : 25.23                              
=============================================
=============================================
* Benchmark Result (single input)
  - FPS : 25.14                              
=============================================
=============================================
* Benchmark Result (single input)
  - FPS : 22.15                              
=============================================
=============================================
* Benchmark Result (single input)
  - FPS : 25.09                              
=============================================
=============================================
* Benchmark Result (single input)
  - FPS : 25.25                              
=============================================
=============================================
* Benchmark Result (single input)
  - FPS : 25.23                              
=============================================
=============================================
* Benchmark Result (single input)
  - FPS : 25.20                              
=============================================
=============================================
* Benchmark Result (single input)
  - FPS : 25.07                              
=============================================
=============================================
* Benchmark Result (single input)
  - FPS : 25.03                              
=============================================
=============================================
* Benchmark Result (single input)
  - FPS : 25.20                              
=============================================
=============================================
* Benchmark Result (single input)
  - FPS : 25.09                              
=============================================
=============================================
* Benchmark Result (single input)
  - FPS : 23.13                              
=============================================
=============================================
* Benchmark Result (single input)
  - FPS : 25.01                              
=============================================
=============================================
* Benchmark Result (single input)
  - FPS : 25.01                              
=============================================
=============================================
* Benchmark Result (single input)
  - FPS : 25.14                              
=============================================
=============================================
* Benchmark Result (single input)
  - FPS : 25.19                              
=============================================
=============================================
* Benchmark Result (single input)
  - FPS : 25.09                              
=============================================
=============================================
* Benchmark Result (single input)
  - FPS : 25.16                              
=============================================
=============================================
* Benchmark Result (single input)
  - FPS : 25.31                              
=============================================
=============================================
* Benchmark Result (single input)
  - FPS : 25.21                              
=============================================
=============================================
* Benchmark Result (single input)
  - FPS : 25.24                              
=============================================
=============================================
* Benchmark Result (single input)
  - FPS : 24.91                              
=============================================
=============================================
* Benchmark Result (single input)
  - FPS : 24.93                              
=============================================
=============================================
* Benchmark Result (single input)
  - FPS : 24.90                              
=============================================
=============================================
* Benchmark Result (single input)
  - FPS : 25.10                              
=============================================
=============================================
* Benchmark Result (single input)
  - FPS : 25.13                              
=============================================
=============================================
* Benchmark Result (single input)
  - FPS : 25.03                              
=============================================
=============================================
* Benchmark Result (single input)
  - FPS : 24.93                              
=============================================
=============================================
* Benchmark Result (single input)
  - FPS : 25.14                              
=============================================
=============================================
* Benchmark Result (single input)
  - FPS : 25.11                              
=============================================
=============================================
* Benchmark Result (single input)
  - FPS : 25.23                              
=============================================
=============================================
* Benchmark Result (single input)
  - FPS : 25.27                              
=============================================
=============================================
* Benchmark Result (single input)
  - FPS : 25.16                              
=============================================
=============================================
* Benchmark Result (single input)
  - FPS : 25.16                              
=============================================
=============================================
* Benchmark Result (single input)
  - FPS : 25.20                              
=============================================
=============================================
* Benchmark Result (single input)
  - FPS : 25.09                              
=============================================
=============================================
* Benchmark Result (single input)
  - FPS : 25.29                              
=============================================
=============================================
* Benchmark Result (single input)
  - FPS : 25.09                              
=============================================
=============================================
* Benchmark Result (single input)
  - FPS : 25.15                              
=============================================
=============================================
* Benchmark Result (single input)
  - FPS : 25.12                              
=============================================
=============================================
* Benchmark Result (single input)
  - FPS : 23.17                              
=============================================
=============================================
* Benchmark Result (single input)
  - FPS : 25.05                              
=============================================
=============================================
* Benchmark Result (single input)
  - FPS : 25.15                              
=============================================
=============================================
* Benchmark Result (single input)
  - FPS : 25.11                              
=============================================
=============================================
* Benchmark Result (single input)
  - FPS : 25.05                              
=============================================
=============================================
* Benchmark Result (single input)
  - FPS : 25.17                              
=============================================
=============================================
* Benchmark Result (single input)
  - FPS : 25.20                              
=============================================
=============================================
* Benchmark Result (single input)
  - FPS : 25.13                              
=============================================
=============================================
* Benchmark Result (single input)
  - FPS : 25.29                              
=============================================
=============================================
* Benchmark Result (single input)
  - FPS : 25.12                              
=============================================
=============================================
* Benchmark Result (single input)
  - FPS : 25.13                              
=============================================
=============================================
* Benchmark Result (single input)
  - FPS : 25.31                              
=============================================
=============================================
* Benchmark Result (single input)
  - FPS : 25.13                              
=============================================
=============================================
* Benchmark Result (single input)
  - FPS : 25.16                              
=============================================
=============================================
* Benchmark Result (single input)
  - FPS : 25.30                              
=============================================
=============================================
* Benchmark Result (single input)
  - FPS : 25.15                              
=============================================
=============================================
* Benchmark Result (single input)
  - FPS : 25.28                              
=============================================
=============================================
* Benchmark Result (single input)
  - FPS : 25.33                              
=============================================
=============================================
* Benchmark Result (single input)
  - FPS : 25.31                              
=============================================
=============================================
* Benchmark Result (single input)
  - FPS : 25.21                              
=============================================
=============================================
* Benchmark Result (single input)
  - FPS : 25.16                              
=============================================
=============================================
* Benchmark Result (single input)
  - FPS : 25.10                              
=============================================
=============================================
* Benchmark Result (single input)
  - FPS : 25.10                              
=============================================
=============================================
* Benchmark Result (single input)
  - FPS : 25.25                              
=============================================
=============================================
* Benchmark Result (single input)
  - FPS : 25.10                              
=============================================
=============================================
* Benchmark Result (single input)
  - FPS : 25.17                              
=============================================
=============================================
* Benchmark Result (single input)
  - FPS : 22.75                              
=============================================
=============================================
* Benchmark Result (single input)
  - FPS : 25.07                              
=============================================
=============================================
* Benchmark Result (single input)
  - FPS : 25.14                              
=============================================
=============================================
* Benchmark Result (single input)
  - FPS : 24.99                              
=============================================
=============================================
* Benchmark Result (single input)
  - FPS : 24.91                              
=============================================
=============================================
* Benchmark Result (single input)
  - FPS : 24.91                              
=============================================
=============================================
* Benchmark Result (single input)
  - FPS : 25.13                              
=============================================
=============================================
* Benchmark Result (single input)
  - FPS : 25.18                              
=============================================
=============================================
* Benchmark Result (single input)
  - FPS : 25.19                              
=============================================
=============================================
* Benchmark Result (single input)
  - FPS : 25.11                              
=============================================
=============================================
* Benchmark Result (single input)
  - FPS : 25.26                              
=============================================
=============================================
* Benchmark Result (single input)
  - FPS : 25.22                              
=============================================
=============================================
* Benchmark Result (single input)
  - FPS : 22.68                              
=============================================
=============================================
* Benchmark Result (single input)
  - FPS : 25.17                              
=============================================
=============================================
* Benchmark Result (single input)
  - FPS : 25.21                              
=============================================
=============================================
* Benchmark Result (single input)
  - FPS : 25.23                              
=============================================
=============================================
* Benchmark Result (single input)
  - FPS : 25.21                              
=============================================
=============================================
* Benchmark Result (single input)
  - FPS : 25.28                              
=============================================
=============================================
* Benchmark Result (single input)
  - FPS : 25.23                              
=============================================
=============================================
* Benchmark Result (single input)
  - FPS : 25.14                              
=============================================
=============================================
* Benchmark Result (single input)
  - FPS : 25.01                              
=============================================
=============================================
* Benchmark Result (single input)
  - FPS : 25.09                              
=============================================
=============================================
* Benchmark Result (single input)
  - FPS : 25.24                              
=============================================
=============================================
* Benchmark Result (single input)
  - FPS : 25.36                              
=============================================
=============================================
* Benchmark Result (single input)
  - FPS : 25.19                              
=============================================
=============================================
* Benchmark Result (single input)
  - FPS : 25.18                              
=============================================
=============================================
* Benchmark Result (single input)
  - FPS : 25.04                              
=============================================
=============================================
* Benchmark Result (single input)
  - FPS : 25.18                              
=============================================
=============================================
* Benchmark Result (single input)
  - FPS : 25.14                              
=============================================
=============================================
* Benchmark Result (single input)
  - FPS : 25.18                              
=============================================
=============================================
* Benchmark Result (single input)
  - FPS : 25.06                              
=============================================
=============================================
* Benchmark Result (single input)
  - FPS : 25.13                              
=============================================
=============================================
* Benchmark Result (single input)
  - FPS : 25.21                              
=============================================
=============================================
* Benchmark Result (single input)
  - FPS : 25.10                              
=============================================
=============================================
* Benchmark Result (single input)
  - FPS : 25.10                              
=============================================
=============================================
* Benchmark Result (single input)
  - FPS : 25.14                              
=============================================
=============================================
* Benchmark Result (single input)
  - FPS : 25.11                              
=============================================
=============================================
* Benchmark Result (single input)
  - FPS : 25.24                              
=============================================
=============================================
* Benchmark Result (single input)
  - FPS : 22.93                              
=============================================
=============================================
* Benchmark Result (single input)
  - FPS : 25.14                              
=============================================
=============================================
* Benchmark Result (single input)
  - FPS : 25.18                              
=============================================
=============================================
* Benchmark Result (single input)
  - FPS : 25.12                              
=============================================
=============================================
* Benchmark Result (single input)
  - FPS : 25.19                              
=============================================
=============================================
* Benchmark Result (single input)
  - FPS : 25.13                              
=============================================
=============================================
* Benchmark Result (single input)
  - FPS : 25.20                              
=============================================
=============================================
* Benchmark Result (single input)
  - FPS : 25.25                              
=============================================
=============================================
* Benchmark Result (single input)
  - FPS : 24.90                              
=============================================
=============================================
* Benchmark Result (single input)
  - FPS : 25.17                              
=============================================
=============================================
* Benchmark Result (single input)
  - FPS : 25.23                              
=============================================
=============================================
* Benchmark Result (single input)
  - FPS : 25.17                              
=============================================
=============================================
* Benchmark Result (single input)
  - FPS : 22.26                              
=============================================
=============================================
* Benchmark Result (single input)
  - FPS : 25.17                              
=============================================
=============================================
* Benchmark Result (single input)
  - FPS : 25.29                              
=============================================
=============================================
* Benchmark Result (single input)
  - FPS : 25.14                              
=============================================
=============================================
* Benchmark Result (single input)
  - FPS : 25.24                              
=============================================
=============================================
* Benchmark Result (single input)
  - FPS : 25.15                              
=============================================
=============================================
* Benchmark Result (single input)
  - FPS : 25.13                              
=============================================
=============================================
* Benchmark Result (single input)
  - FPS : 25.09                              
=============================================
=============================================
* Benchmark Result (single input)
  - FPS : 25.18                              
=============================================
=============================================
* Benchmark Result (single input)
  - FPS : 25.01                              
=============================================
=============================================
* Benchmark Result (single input)
  - FPS : 25.24                              
=============================================
=============================================
* Benchmark Result (single input)
  - FPS : 25.19                              
=============================================
=============================================
* Benchmark Result (single input)
  - FPS : 25.08                              
=============================================
=============================================
* Benchmark Result (single input)
  - FPS : 25.24                              
=============================================
=============================================
* Benchmark Result (single input)
  - FPS : 25.19                              
=============================================
=============================================
* Benchmark Result (single input)
  - FPS : 25.15                              
=============================================
=============================================
* Benchmark Result (single input)
  - FPS : 25.24                              
=============================================
=============================================
* Benchmark Result (single input)
  - FPS : 25.17                              
=============================================
=============================================
* Benchmark Result (single input)
  - FPS : 25.40                              
=============================================
=============================================
* Benchmark Result (single input)
  - FPS : 25.09                              
=============================================
=============================================
* Benchmark Result (single input)
  - FPS : 25.16                              
=============================================
=============================================
* Benchmark Result (single input)
  - FPS : 25.19                              
=============================================
=============================================
* Benchmark Result (single input)
  - FPS : 25.29                              
=============================================
=============================================
* Benchmark Result (single input)
  - FPS : 25.25                              
=============================================
=============================================
* Benchmark Result (single input)
  - FPS : 25.28                              
=============================================
=============================================
* Benchmark Result (single input)
  - FPS : 25.23                              
=============================================
=============================================
* Benchmark Result (single input)
  - FPS : 22.57                              
=============================================
=============================================
* Benchmark Result (single input)
  - FPS : 25.06                              
=============================================
=============================================
* Benchmark Result (single input)
  - FPS : 25.30                              
=============================================
=============================================
* Benchmark Result (single input)
  - FPS : 25.14                              
=============================================
=============================================
* Benchmark Result (single input)
  - FPS : 25.18                              
=============================================
=============================================
* Benchmark Result (single input)
  - FPS : 25.16                              
=============================================
=============================================
* Benchmark Result (single input)
  - FPS : 25.08                              
=============================================
=============================================
* Benchmark Result (single input)
  - FPS : 25.22                              
=============================================
=============================================
* Benchmark Result (single input)
  - FPS : 25.10                              
=============================================
=============================================
* Benchmark Result (single input)
  - FPS : 25.17                              
=============================================
=============================================
* Benchmark Result (single input)
  - FPS : 25.13                              
=============================================
=============================================
* Benchmark Result (single input)
  - FPS : 25.23                              
=============================================
=============================================
* Benchmark Result (single input)
  - FPS : 22.01                              
=============================================
=============================================
* Benchmark Result (single input)
  - FPS : 25.15                              
=============================================
=============================================
* Benchmark Result (single input)
  - FPS : 25.09                              
=============================================
=============================================
* Benchmark Result (single input)
  - FPS : 25.20                              
=============================================
=============================================
* Benchmark Result (single input)
  - FPS : 25.16                              
=============================================
=============================================
* Benchmark Result (single input)
  - FPS : 25.21                              
=============================================
=============================================
* Benchmark Result (single input)
  - FPS : 25.05                              
=============================================
=============================================
* Benchmark Result (single input)
  - FPS : 25.09                              
=============================================
=============================================
* Benchmark Result (single input)
  - FPS : 25.06                              
=============================================
=============================================
* Benchmark Result (single input)
  - FPS : 25.16                              
=============================================
=============================================
* Benchmark Result (single input)
  - FPS : 25.05                              
=============================================
=============================================
* Benchmark Result (single input)
  - FPS : 25.18                              
=============================================
=============================================
* Benchmark Result (single input)
  - FPS : 25.19                              
=============================================
=============================================
* Benchmark Result (single input)
  - FPS : 25.09                              
=============================================
=============================================
* Benchmark Result (single input)
  - FPS : 24.88                              
=============================================
=============================================
* Benchmark Result (single input)
  - FPS : 24.93                              
=============================================
=============================================
* Benchmark Result (single input)
  - FPS : 25.17                              
=============================================
=============================================
* Benchmark Result (single input)
  - FPS : 25.22                              
=============================================
=============================================
* Benchmark Result (single input)
  - FPS : 25.19                              
=============================================
=============================================
* Benchmark Result (single input)
  - FPS : 25.14                              
=============================================
=============================================
* Benchmark Result (single input)
  - FPS : 25.18                              
=============================================
=============================================
* Benchmark Result (single input)
  - FPS : 25.11                              
=============================================
=============================================
* Benchmark Result (single input)
  - FPS : 25.08                              
=============================================
=============================================
* Benchmark Result (single input)
  - FPS : 25.18                              
=============================================
=============================================
* Benchmark Result (single input)
  - FPS : 25.25                              
=============================================
=============================================
* Benchmark Result (single input)
  - FPS : 25.16                              
=============================================
=============================================
* Benchmark Result (single input)
  - FPS : 23.93                              
=============================================
=============================================
* Benchmark Result (single input)
  - FPS : 25.19                              
=============================================
=============================================
* Benchmark Result (single input)
  - FPS : 25.17                              
=============================================
=============================================
* Benchmark Result (single input)
  - FPS : 25.05                              
=============================================
=============================================
* Benchmark Result (single input)
  - FPS : 25.13                              
=============================================
=============================================
* Benchmark Result (single input)
  - FPS : 25.26                              
=============================================
=============================================
* Benchmark Result (single input)
  - FPS : 25.20                              
=============================================
=============================================
* Benchmark Result (single input)
  - FPS : 25.15                              
=============================================
=============================================
* Benchmark Result (single input)
  - FPS : 25.29                              
=============================================
=============================================
* Benchmark Result (single input)
  - FPS : 25.11                              
=============================================
=============================================
* Benchmark Result (single input)
  - FPS : 25.17                              
=============================================
=============================================
* Benchmark Result (single input)
  - FPS : 25.25                              
=============================================
=============================================
* Benchmark Result (single input)
  - FPS : 21.93                              
=============================================
=============================================
* Benchmark Result (single input)
  - FPS : 25.20                              
=============================================
=============================================
* Benchmark Result (single input)
  - FPS : 25.08                              
=============================================
=============================================
* Benchmark Result (single input)
  - FPS : 25.21                              
=============================================
=============================================
* Benchmark Result (single input)
  - FPS : 25.23                              
=============================================
=============================================
* Benchmark Result (single input)
  - FPS : 25.16                              
=============================================
=============================================
* Benchmark Result (single input)
  - FPS : 25.26                              
=============================================
=============================================
* Benchmark Result (single input)
  - FPS : 25.21                              
=============================================
=============================================
* Benchmark Result (single input)
  - FPS : 25.24                              
=============================================
=============================================
* Benchmark Result (single input)
  - FPS : 25.21                              
=============================================
=============================================
* Benchmark Result (single input)
  - FPS : 25.33                              
=============================================
=============================================
* Benchmark Result (single input)
  - FPS : 25.12                              
=============================================
=============================================
* Benchmark Result (single input)
  - FPS : 25.23                              
=============================================
=============================================
* Benchmark Result (single input)
  - FPS : 25.20                              
=============================================
=============================================
* Benchmark Result (single input)
  - FPS : 25.12                              
=============================================
=============================================
* Benchmark Result (single input)
  - FPS : 25.25                              
=============================================
=============================================
* Benchmark Result (single input)
  - FPS : 25.02                              
=============================================
=============================================
* Benchmark Result (single input)
  - FPS : 25.11                              
=============================================
=============================================
* Benchmark Result (single input)
  - FPS : 25.20                              
=============================================
Profiler data has been written to profiler.json
  ==============================================================================================
  | Task: npu_0                                                                                |
  ==============================================================================================
  ----------------------------------------------------------------------------------------------
  | Device 0                                                                                   |
  | Name                           |     min (us) |     max (us) | average (us) |      CoV (%) |
  ----------------------------------------------------------------------------------------------
  | Buffer Pool Wait               |         7.20 |        23.55 |         8.66 |        13.31 |
  | NPU Task (total)               |     38075.71 |     44269.29 |     38634.11 |         2.29 |
  |   - NPU Input Format Handler   |         1.80 |        59.70 |         3.09 |       107.50 |
  |   - H2D (Host-to-Device)       |      4699.24 |      5585.23 |      4771.09 |         1.17 |
  |   - Inference                  |     23790.00 |     24392.00 |     24068.36 |         0.45 |
  |     - Inference Core 0         |     23790.00 |     24392.00 |     24068.36 |         0.45 |
  |   - D2H (Device-to-Host)       |      5171.69 |      6148.65 |      5207.98 |         1.11 |
  |   - NPU Output Format Handler  |      3918.16 |      4712.43 |      4134.30 |         1.65 |
  ----------------------------------------------------------------------------------------------

__CPU_PERCENT__=16%
