Runtime Framework Version: v3.4.0
Device Driver Version: v2.5.1
PCIe Driver Version: v2.4.1

modelFile: /home/deepx/work/github/deepx-yjsong/dx-all-suite/dx-benchmark/benchmark/assets/models/yolo26-m_640x640.dxnn
inputFile: 
outputFile: output.bin
benchmark: 0
loops: 300
Device specification: 'all' (default)
[INFO] Profiler is enabled.
Run model target mode : Single Mode
Inference by loops: count=300

=== Model File: /home/deepx/work/github/deepx-yjsong/dx-all-suite/dx-benchmark/benchmark/assets/models/yolo26-m_640x640.dxnn ===

Model Input Tensors:
  - images
Model Output Tensors:
  - /model.23/one2one_cv2.0/one2one_cv2.0.2/Conv_output_0
  - /model.23/one2one_cv2.1/one2one_cv2.1.2/Conv_output_0
  - /model.23/one2one_cv3.0/one2one_cv3.0.2/Conv_output_0
  - /model.23/one2one_cv3.1/one2one_cv3.1.2/Conv_output_0
  - /model.23/one2one_cv2.2/one2one_cv2.2.2/Conv_output_0
  - /model.23/one2one_cv3.2/one2one_cv3.2.2/Conv_output_0

Tasks:
  [ ] -> npu_0 -> []
  Task[0] npu_0, NPU, NPU memory usage 256,497,152 bytes (input 1,228,800 bytes, output 2,822,400 bytes), mem_usage:491,032,064 bytes
  Inputs
     -  images, UINT8, [1, 640, 640, 3 ]
  Outputs
    -  /model.23/one2one_cv2.0/one2one_cv2.0.2/Conv_output_0, FLOAT, [1, 4, 80, 80 ]
    -  /model.23/one2one_cv2.1/one2one_cv2.1.2/Conv_output_0, FLOAT, [1, 4, 40, 40 ]
    -  /model.23/one2one_cv3.0/one2one_cv3.0.2/Conv_output_0, FLOAT, [1, 80, 80, 80 ]
    -  /model.23/one2one_cv3.1/one2one_cv3.1.2/Conv_output_0, FLOAT, [1, 80, 40, 40 ]
    -  /model.23/one2one_cv2.2/one2one_cv2.2.2/Conv_output_0, FLOAT, [1, 4, 20, 20 ]
    -  /model.23/one2one_cv3.2/one2one_cv3.2.2/Conv_output_0, FLOAT, [1, 80, 20, 20 ]


Performing 1 warmup run(s)...
Warmup completed.
=============================================
* Benchmark Result (single input)
  - FPS : 24.23                              
=============================================
=============================================
* Benchmark Result (single input)
  - FPS : 26.49                              
=============================================
=============================================
* Benchmark Result (single input)
  - FPS : 25.48                              
=============================================
=============================================
* Benchmark Result (single input)
  - FPS : 25.89                              
=============================================
=============================================
* Benchmark Result (single input)
  - FPS : 25.43                              
=============================================
=============================================
* Benchmark Result (single input)
  - FPS : 27.05                              
=============================================
=============================================
* Benchmark Result (single input)
  - FPS : 25.39                              
=============================================
=============================================
* Benchmark Result (single input)
  - FPS : 24.39                              
=============================================
=============================================
* Benchmark Result (single input)
  - FPS : 24.83                              
=============================================
=============================================
* Benchmark Result (single input)
  - FPS : 25.55                              
=============================================
=============================================
* Benchmark Result (single input)
  - FPS : 24.44                              
=============================================
=============================================
* Benchmark Result (single input)
  - FPS : 25.41                              
=============================================
=============================================
* Benchmark Result (single input)
  - FPS : 25.66                              
=============================================
=============================================
* Benchmark Result (single input)
  - FPS : 25.06                              
=============================================
=============================================
* Benchmark Result (single input)
  - FPS : 25.35                              
=============================================
=============================================
* Benchmark Result (single input)
  - FPS : 24.89                              
=============================================
=============================================
* Benchmark Result (single input)
  - FPS : 27.72                              
=============================================
=============================================
* Benchmark Result (single input)
  - FPS : 24.41                              
=============================================
=============================================
* Benchmark Result (single input)
  - FPS : 25.16                              
=============================================
=============================================
* Benchmark Result (single input)
  - FPS : 25.47                              
=============================================
=============================================
* Benchmark Result (single input)
  - FPS : 25.15                              
=============================================
=============================================
* Benchmark Result (single input)
  - FPS : 24.26                              
=============================================
=============================================
* Benchmark Result (single input)
  - FPS : 25.87                              
=============================================
=============================================
* Benchmark Result (single input)
  - FPS : 27.58                              
=============================================
=============================================
* Benchmark Result (single input)
  - FPS : 24.32                              
=============================================
=============================================
* Benchmark Result (single input)
  - FPS : 26.17                              
=============================================
=============================================
* Benchmark Result (single input)
  - FPS : 26.40                              
=============================================
=============================================
* Benchmark Result (single input)
  - FPS : 25.42                              
=============================================
=============================================
* Benchmark Result (single input)
  - FPS : 25.05                              
=============================================
=============================================
* Benchmark Result (single input)
  - FPS : 27.74                              
=============================================
=============================================
* Benchmark Result (single input)
  - FPS : 26.17                              
=============================================
=============================================
* Benchmark Result (single input)
  - FPS : 25.14                              
=============================================
=============================================
* Benchmark Result (single input)
  - FPS : 25.22                              
=============================================
=============================================
* Benchmark Result (single input)
  - FPS : 25.66                              
=============================================
=============================================
* Benchmark Result (single input)
  - FPS : 23.21                              
=============================================
=============================================
* Benchmark Result (single input)
  - FPS : 25.27                              
=============================================
=============================================
* Benchmark Result (single input)
  - FPS : 28.96                              
=============================================
=============================================
* Benchmark Result (single input)
  - FPS : 25.04                              
=============================================
=============================================
* Benchmark Result (single input)
  - FPS : 25.64                              
=============================================
=============================================
* Benchmark Result (single input)
  - FPS : 26.05                              
=============================================
=============================================
* Benchmark Result (single input)
  - FPS : 24.94                              
=============================================
=============================================
* Benchmark Result (single input)
  - FPS : 25.55                              
=============================================
=============================================
* Benchmark Result (single input)
  - FPS : 24.90                              
=============================================
=============================================
* Benchmark Result (single input)
  - FPS : 25.80                              
=============================================
=============================================
* Benchmark Result (single input)
  - FPS : 25.33                              
=============================================
=============================================
* Benchmark Result (single input)
  - FPS : 25.53                              
=============================================
=============================================
* Benchmark Result (single input)
  - FPS : 24.71                              
=============================================
=============================================
* Benchmark Result (single input)
  - FPS : 27.22                              
=============================================
=============================================
* Benchmark Result (single input)
  - FPS : 26.07                              
=============================================
=============================================
* Benchmark Result (single input)
  - FPS : 25.35                              
=============================================
=============================================
* Benchmark Result (single input)
  - FPS : 25.36                              
=============================================
=============================================
* Benchmark Result (single input)
  - FPS : 23.30                              
=============================================
=============================================
* Benchmark Result (single input)
  - FPS : 24.62                              
=============================================
=============================================
* Benchmark Result (single input)
  - FPS : 25.20                              
=============================================
=============================================
* Benchmark Result (single input)
  - FPS : 25.27                              
=============================================
=============================================
* Benchmark Result (single input)
  - FPS : 24.86                              
=============================================
=============================================
* Benchmark Result (single input)
  - FPS : 27.80                              
=============================================
=============================================
* Benchmark Result (single input)
  - FPS : 27.48                              
=============================================
=============================================
* Benchmark Result (single input)
  - FPS : 25.47                              
=============================================
=============================================
* Benchmark Result (single input)
  - FPS : 25.13                              
=============================================
=============================================
* Benchmark Result (single input)
  - FPS : 24.55                              
=============================================
=============================================
* Benchmark Result (single input)
  - FPS : 25.65                              
=============================================
=============================================
* Benchmark Result (single input)
  - FPS : 27.34                              
=============================================
=============================================
* Benchmark Result (single input)
  - FPS : 24.60                              
=============================================
=============================================
* Benchmark Result (single input)
  - FPS : 26.53                              
=============================================
=============================================
* Benchmark Result (single input)
  - FPS : 25.63                              
=============================================
=============================================
* Benchmark Result (single input)
  - FPS : 28.28                              
=============================================
=============================================
* Benchmark Result (single input)
  - FPS : 25.60                              
=============================================
=============================================
* Benchmark Result (single input)
  - FPS : 24.89                              
=============================================
=============================================
* Benchmark Result (single input)
  - FPS : 27.56                              
=============================================
=============================================
* Benchmark Result (single input)
  - FPS : 25.16                              
=============================================
=============================================
* Benchmark Result (single input)
  - FPS : 25.34                              
=============================================
=============================================
* Benchmark Result (single input)
  - FPS : 24.91                              
=============================================
=============================================
* Benchmark Result (single input)
  - FPS : 24.51                              
=============================================
=============================================
* Benchmark Result (single input)
  - FPS : 25.94                              
=============================================
=============================================
* Benchmark Result (single input)
  - FPS : 25.15                              
=============================================
=============================================
* Benchmark Result (single input)
  - FPS : 28.12                              
=============================================
=============================================
* Benchmark Result (single input)
  - FPS : 26.25                              
=============================================
=============================================
* Benchmark Result (single input)
  - FPS : 26.03                              
=============================================
=============================================
* Benchmark Result (single input)
  - FPS : 26.05                              
=============================================
=============================================
* Benchmark Result (single input)
  - FPS : 25.48                              
=============================================
=============================================
* Benchmark Result (single input)
  - FPS : 24.72                              
=============================================
=============================================
* Benchmark Result (single input)
  - FPS : 25.17                              
=============================================
=============================================
* Benchmark Result (single input)
  - FPS : 27.34                              
=============================================
=============================================
* Benchmark Result (single input)
  - FPS : 24.67                              
=============================================
=============================================
* Benchmark Result (single input)
  - FPS : 25.75                              
=============================================
=============================================
* Benchmark Result (single input)
  - FPS : 26.16                              
=============================================
=============================================
* Benchmark Result (single input)
  - FPS : 25.34                              
=============================================
=============================================
* Benchmark Result (single input)
  - FPS : 27.89                              
=============================================
=============================================
* Benchmark Result (single input)
  - FPS : 26.88                              
=============================================
=============================================
* Benchmark Result (single input)
  - FPS : 25.08                              
=============================================
=============================================
* Benchmark Result (single input)
  - FPS : 25.51                              
=============================================
=============================================
* Benchmark Result (single input)
  - FPS : 26.05                              
=============================================
=============================================
* Benchmark Result (single input)
  - FPS : 28.13                              
=============================================
=============================================
* Benchmark Result (single input)
  - FPS : 27.83                              
=============================================
=============================================
* Benchmark Result (single input)
  - FPS : 25.30                              
=============================================
=============================================
* Benchmark Result (single input)
  - FPS : 24.78                              
=============================================
=============================================
* Benchmark Result (single input)
  - FPS : 27.66                              
=============================================
=============================================
* Benchmark Result (single input)
  - FPS : 24.36                              
=============================================
=============================================
* Benchmark Result (single input)
  - FPS : 25.62                              
=============================================
=============================================
* Benchmark Result (single input)
  - FPS : 25.02                              
=============================================
=============================================
* Benchmark Result (single input)
  - FPS : 27.94                              
=============================================
=============================================
* Benchmark Result (single input)
  - FPS : 25.85                              
=============================================
=============================================
* Benchmark Result (single input)
  - FPS : 25.56                              
=============================================
=============================================
* Benchmark Result (single input)
  - FPS : 24.39                              
=============================================
=============================================
* Benchmark Result (single input)
  - FPS : 25.44                              
=============================================
=============================================
* Benchmark Result (single input)
  - FPS : 25.19                              
=============================================
=============================================
* Benchmark Result (single input)
  - FPS : 27.53                              
=============================================
=============================================
* Benchmark Result (single input)
  - FPS : 25.50                              
=============================================
=============================================
* Benchmark Result (single input)
  - FPS : 27.42                              
=============================================
=============================================
* Benchmark Result (single input)
  - FPS : 25.70                              
=============================================
=============================================
* Benchmark Result (single input)
  - FPS : 24.94                              
=============================================
=============================================
* Benchmark Result (single input)
  - FPS : 27.28                              
=============================================
=============================================
* Benchmark Result (single input)
  - FPS : 27.40                              
=============================================
=============================================
* Benchmark Result (single input)
  - FPS : 24.95                              
=============================================
=============================================
* Benchmark Result (single input)
  - FPS : 25.64                              
=============================================
=============================================
* Benchmark Result (single input)
  - FPS : 25.88                              
=============================================
=============================================
* Benchmark Result (single input)
  - FPS : 24.73                              
=============================================
=============================================
* Benchmark Result (single input)
  - FPS : 26.32                              
=============================================
=============================================
* Benchmark Result (single input)
  - FPS : 26.99                              
=============================================
=============================================
* Benchmark Result (single input)
  - FPS : 25.53                              
=============================================
=============================================
* Benchmark Result (single input)
  - FPS : 24.80                              
=============================================
=============================================
* Benchmark Result (single input)
  - FPS : 27.43                              
=============================================
=============================================
* Benchmark Result (single input)
  - FPS : 24.70                              
=============================================
=============================================
* Benchmark Result (single input)
  - FPS : 28.23                              
=============================================
=============================================
* Benchmark Result (single input)
  - FPS : 24.61                              
=============================================
=============================================
* Benchmark Result (single input)
  - FPS : 23.44                              
=============================================
=============================================
* Benchmark Result (single input)
  - FPS : 25.97                              
=============================================
=============================================
* Benchmark Result (single input)
  - FPS : 25.51                              
=============================================
=============================================
* Benchmark Result (single input)
  - FPS : 25.11                              
=============================================
=============================================
* Benchmark Result (single input)
  - FPS : 27.25                              
=============================================
=============================================
* Benchmark Result (single input)
  - FPS : 27.31                              
=============================================
=============================================
* Benchmark Result (single input)
  - FPS : 25.54                              
=============================================
=============================================
* Benchmark Result (single input)
  - FPS : 28.04                              
=============================================
=============================================
* Benchmark Result (single input)
  - FPS : 24.63                              
=============================================
=============================================
* Benchmark Result (single input)
  - FPS : 26.45                              
=============================================
=============================================
* Benchmark Result (single input)
  - FPS : 25.52                              
=============================================
=============================================
* Benchmark Result (single input)
  - FPS : 25.61                              
=============================================
=============================================
* Benchmark Result (single input)
  - FPS : 25.56                              
=============================================
=============================================
* Benchmark Result (single input)
  - FPS : 22.19                              
=============================================
=============================================
* Benchmark Result (single input)
  - FPS : 28.75                              
=============================================
=============================================
* Benchmark Result (single input)
  - FPS : 25.05                              
=============================================
=============================================
* Benchmark Result (single input)
  - FPS : 26.07                              
=============================================
=============================================
* Benchmark Result (single input)
  - FPS : 25.45                              
=============================================
=============================================
* Benchmark Result (single input)
  - FPS : 24.50                              
=============================================
=============================================
* Benchmark Result (single input)
  - FPS : 25.00                              
=============================================
=============================================
* Benchmark Result (single input)
  - FPS : 25.87                              
=============================================
=============================================
* Benchmark Result (single input)
  - FPS : 26.38                              
=============================================
=============================================
* Benchmark Result (single input)
  - FPS : 24.83                              
=============================================
=============================================
* Benchmark Result (single input)
  - FPS : 27.36                              
=============================================
=============================================
* Benchmark Result (single input)
  - FPS : 28.32                              
=============================================
=============================================
* Benchmark Result (single input)
  - FPS : 25.12                              
=============================================
=============================================
* Benchmark Result (single input)
  - FPS : 21.99                              
=============================================
=============================================
* Benchmark Result (single input)
  - FPS : 25.18                              
=============================================
=============================================
* Benchmark Result (single input)
  - FPS : 24.96                              
=============================================
=============================================
* Benchmark Result (single input)
  - FPS : 25.62                              
=============================================
=============================================
* Benchmark Result (single input)
  - FPS : 27.26                              
=============================================
=============================================
* Benchmark Result (single input)
  - FPS : 25.89                              
=============================================
=============================================
* Benchmark Result (single input)
  - FPS : 27.30                              
=============================================
=============================================
* Benchmark Result (single input)
  - FPS : 26.26                              
=============================================
=============================================
* Benchmark Result (single input)
  - FPS : 24.84                              
=============================================
=============================================
* Benchmark Result (single input)
  - FPS : 25.18                              
=============================================
=============================================
* Benchmark Result (single input)
  - FPS : 24.53                              
=============================================
=============================================
* Benchmark Result (single input)
  - FPS : 25.44                              
=============================================
=============================================
* Benchmark Result (single input)
  - FPS : 25.98                              
=============================================
=============================================
* Benchmark Result (single input)
  - FPS : 27.61                              
=============================================
=============================================
* Benchmark Result (single input)
  - FPS : 27.05                              
=============================================
=============================================
* Benchmark Result (single input)
  - FPS : 27.65                              
=============================================
=============================================
* Benchmark Result (single input)
  - FPS : 25.05                              
=============================================
=============================================
* Benchmark Result (single input)
  - FPS : 25.69                              
=============================================
=============================================
* Benchmark Result (single input)
  - FPS : 25.03                              
=============================================
=============================================
* Benchmark Result (single input)
  - FPS : 25.49                              
=============================================
=============================================
* Benchmark Result (single input)
  - FPS : 28.00                              
=============================================
=============================================
* Benchmark Result (single input)
  - FPS : 25.64                              
=============================================
=============================================
* Benchmark Result (single input)
  - FPS : 27.93                              
=============================================
=============================================
* Benchmark Result (single input)
  - FPS : 24.62                              
=============================================
=============================================
* Benchmark Result (single input)
  - FPS : 24.94                              
=============================================
=============================================
* Benchmark Result (single input)
  - FPS : 25.93                              
=============================================
=============================================
* Benchmark Result (single input)
  - FPS : 23.20                              
=============================================
=============================================
* Benchmark Result (single input)
  - FPS : 24.49                              
=============================================
=============================================
* Benchmark Result (single input)
  - FPS : 25.91                              
=============================================
=============================================
* Benchmark Result (single input)
  - FPS : 25.16                              
=============================================
=============================================
* Benchmark Result (single input)
  - FPS : 25.48                              
=============================================
=============================================
* Benchmark Result (single input)
  - FPS : 27.20                              
=============================================
=============================================
* Benchmark Result (single input)
  - FPS : 24.53                              
=============================================
=============================================
* Benchmark Result (single input)
  - FPS : 25.60                              
=============================================
=============================================
* Benchmark Result (single input)
  - FPS : 28.34                              
=============================================
=============================================
* Benchmark Result (single input)
  - FPS : 24.75                              
=============================================
=============================================
* Benchmark Result (single input)
  - FPS : 28.69                              
=============================================
=============================================
* Benchmark Result (single input)
  - FPS : 27.86                              
=============================================
=============================================
* Benchmark Result (single input)
  - FPS : 25.45                              
=============================================
=============================================
* Benchmark Result (single input)
  - FPS : 24.94                              
=============================================
=============================================
* Benchmark Result (single input)
  - FPS : 27.82                              
=============================================
=============================================
* Benchmark Result (single input)
  - FPS : 25.75                              
=============================================
=============================================
* Benchmark Result (single input)
  - FPS : 25.56                              
=============================================
=============================================
* Benchmark Result (single input)
  - FPS : 25.30                              
=============================================
=============================================
* Benchmark Result (single input)
  - FPS : 25.10                              
=============================================
=============================================
* Benchmark Result (single input)
  - FPS : 24.63                              
=============================================
=============================================
* Benchmark Result (single input)
  - FPS : 24.90                              
=============================================
=============================================
* Benchmark Result (single input)
  - FPS : 25.40                              
=============================================
=============================================
* Benchmark Result (single input)
  - FPS : 25.00                              
=============================================
=============================================
* Benchmark Result (single input)
  - FPS : 27.50                              
=============================================
=============================================
* Benchmark Result (single input)
  - FPS : 24.61                              
=============================================
=============================================
* Benchmark Result (single input)
  - FPS : 29.99                              
=============================================
=============================================
* Benchmark Result (single input)
  - FPS : 31.57                              
=============================================
=============================================
* Benchmark Result (single input)
  - FPS : 31.14                              
=============================================
=============================================
* Benchmark Result (single input)
  - FPS : 28.83                              
=============================================
=============================================
* Benchmark Result (single input)
  - FPS : 30.16                              
=============================================
=============================================
* Benchmark Result (single input)
  - FPS : 28.81                              
=============================================
=============================================
* Benchmark Result (single input)
  - FPS : 26.67                              
=============================================
=============================================
* Benchmark Result (single input)
  - FPS : 26.35                              
=============================================
=============================================
* Benchmark Result (single input)
  - FPS : 26.62                              
=============================================
=============================================
* Benchmark Result (single input)
  - FPS : 25.04                              
=============================================
=============================================
* Benchmark Result (single input)
  - FPS : 27.27                              
=============================================
=============================================
* Benchmark Result (single input)
  - FPS : 27.00                              
=============================================
=============================================
* Benchmark Result (single input)
  - FPS : 27.94                              
=============================================
=============================================
* Benchmark Result (single input)
  - FPS : 27.88                              
=============================================
=============================================
* Benchmark Result (single input)
  - FPS : 26.42                              
=============================================
=============================================
* Benchmark Result (single input)
  - FPS : 27.73                              
=============================================
=============================================
* Benchmark Result (single input)
  - FPS : 25.48                              
=============================================
=============================================
* Benchmark Result (single input)
  - FPS : 26.85                              
=============================================
=============================================
* Benchmark Result (single input)
  - FPS : 27.07                              
=============================================
=============================================
* Benchmark Result (single input)
  - FPS : 28.68                              
=============================================
=============================================
* Benchmark Result (single input)
  - FPS : 28.29                              
=============================================
=============================================
* Benchmark Result (single input)
  - FPS : 25.66                              
=============================================
=============================================
* Benchmark Result (single input)
  - FPS : 25.13                              
=============================================
=============================================
* Benchmark Result (single input)
  - FPS : 25.75                              
=============================================
=============================================
* Benchmark Result (single input)
  - FPS : 28.22                              
=============================================
=============================================
* Benchmark Result (single input)
  - FPS : 27.71                              
=============================================
=============================================
* Benchmark Result (single input)
  - FPS : 26.72                              
=============================================
=============================================
* Benchmark Result (single input)
  - FPS : 25.74                              
=============================================
=============================================
* Benchmark Result (single input)
  - FPS : 25.69                              
=============================================
=============================================
* Benchmark Result (single input)
  - FPS : 25.30                              
=============================================
=============================================
* Benchmark Result (single input)
  - FPS : 27.34                              
=============================================
=============================================
* Benchmark Result (single input)
  - FPS : 25.01                              
=============================================
=============================================
* Benchmark Result (single input)
  - FPS : 25.34                              
=============================================
=============================================
* Benchmark Result (single input)
  - FPS : 27.25                              
=============================================
=============================================
* Benchmark Result (single input)
  - FPS : 25.27                              
=============================================
=============================================
* Benchmark Result (single input)
  - FPS : 24.76                              
=============================================
=============================================
* Benchmark Result (single input)
  - FPS : 25.33                              
=============================================
=============================================
* Benchmark Result (single input)
  - FPS : 24.71                              
=============================================
=============================================
* Benchmark Result (single input)
  - FPS : 27.03                              
=============================================
=============================================
* Benchmark Result (single input)
  - FPS : 25.67                              
=============================================
=============================================
* Benchmark Result (single input)
  - FPS : 26.13                              
=============================================
=============================================
* Benchmark Result (single input)
  - FPS : 25.25                              
=============================================
=============================================
* Benchmark Result (single input)
  - FPS : 24.01                              
=============================================
=============================================
* Benchmark Result (single input)
  - FPS : 24.76                              
=============================================
=============================================
* Benchmark Result (single input)
  - FPS : 25.85                              
=============================================
=============================================
* Benchmark Result (single input)
  - FPS : 25.67                              
=============================================
=============================================
* Benchmark Result (single input)
  - FPS : 28.42                              
=============================================
=============================================
* Benchmark Result (single input)
  - FPS : 26.11                              
=============================================
=============================================
* Benchmark Result (single input)
  - FPS : 25.78                              
=============================================
=============================================
* Benchmark Result (single input)
  - FPS : 25.29                              
=============================================
=============================================
* Benchmark Result (single input)
  - FPS : 25.37                              
=============================================
=============================================
* Benchmark Result (single input)
  - FPS : 24.61                              
=============================================
=============================================
* Benchmark Result (single input)
  - FPS : 27.42                              
=============================================
=============================================
* Benchmark Result (single input)
  - FPS : 24.80                              
=============================================
=============================================
* Benchmark Result (single input)
  - FPS : 25.25                              
=============================================
=============================================
* Benchmark Result (single input)
  - FPS : 25.24                              
=============================================
=============================================
* Benchmark Result (single input)
  - FPS : 25.00                              
=============================================
=============================================
* Benchmark Result (single input)
  - FPS : 24.74                              
=============================================
=============================================
* Benchmark Result (single input)
  - FPS : 24.43                              
=============================================
=============================================
* Benchmark Result (single input)
  - FPS : 28.43                              
=============================================
=============================================
* Benchmark Result (single input)
  - FPS : 27.92                              
=============================================
=============================================
* Benchmark Result (single input)
  - FPS : 25.27                              
=============================================
=============================================
* Benchmark Result (single input)
  - FPS : 26.15                              
=============================================
=============================================
* Benchmark Result (single input)
  - FPS : 26.05                              
=============================================
=============================================
* Benchmark Result (single input)
  - FPS : 26.60                              
=============================================
=============================================
* Benchmark Result (single input)
  - FPS : 27.95                              
=============================================
=============================================
* Benchmark Result (single input)
  - FPS : 27.52                              
=============================================
=============================================
* Benchmark Result (single input)
  - FPS : 25.39                              
=============================================
=============================================
* Benchmark Result (single input)
  - FPS : 23.38                              
=============================================
=============================================
* Benchmark Result (single input)
  - FPS : 25.85                              
=============================================
=============================================
* Benchmark Result (single input)
  - FPS : 24.50                              
=============================================
=============================================
* Benchmark Result (single input)
  - FPS : 27.42                              
=============================================
=============================================
* Benchmark Result (single input)
  - FPS : 25.21                              
=============================================
=============================================
* Benchmark Result (single input)
  - FPS : 24.64                              
=============================================
=============================================
* Benchmark Result (single input)
  - FPS : 25.68                              
=============================================
=============================================
* Benchmark Result (single input)
  - FPS : 25.25                              
=============================================
=============================================
* Benchmark Result (single input)
  - FPS : 25.52                              
=============================================
=============================================
* Benchmark Result (single input)
  - FPS : 25.49                              
=============================================
=============================================
* Benchmark Result (single input)
  - FPS : 27.51                              
=============================================
=============================================
* Benchmark Result (single input)
  - FPS : 25.12                              
=============================================
=============================================
* Benchmark Result (single input)
  - FPS : 24.25                              
=============================================
=============================================
* Benchmark Result (single input)
  - FPS : 27.93                              
=============================================
=============================================
* Benchmark Result (single input)
  - FPS : 24.97                              
=============================================
=============================================
* Benchmark Result (single input)
  - FPS : 27.42                              
=============================================
=============================================
* Benchmark Result (single input)
  - FPS : 25.33                              
=============================================
=============================================
* Benchmark Result (single input)
  - FPS : 24.20                              
=============================================
=============================================
* Benchmark Result (single input)
  - FPS : 24.27                              
=============================================
=============================================
* Benchmark Result (single input)
  - FPS : 25.48                              
=============================================
=============================================
* Benchmark Result (single input)
  - FPS : 26.81                              
=============================================
=============================================
* Benchmark Result (single input)
  - FPS : 26.11                              
=============================================
=============================================
* Benchmark Result (single input)
  - FPS : 27.03                              
=============================================
=============================================
* Benchmark Result (single input)
  - FPS : 27.61                              
=============================================
=============================================
* Benchmark Result (single input)
  - FPS : 25.22                              
=============================================
=============================================
* Benchmark Result (single input)
  - FPS : 24.50                              
=============================================
=============================================
* Benchmark Result (single input)
  - FPS : 24.34                              
=============================================
=============================================
* Benchmark Result (single input)
  - FPS : 24.88                              
=============================================
=============================================
* Benchmark Result (single input)
  - FPS : 25.91                              
=============================================
Profiler data has been written to profiler.json
  ==============================================================================================
  | Task: npu_0                                                                                |
  ==============================================================================================
  ----------------------------------------------------------------------------------------------
  | Device 0                                                                                   |
  | Name                           |     min (us) |     max (us) | average (us) |      CoV (%) |
  ----------------------------------------------------------------------------------------------
  | Buffer Pool Wait               |         5.51 |        24.38 |         9.59 |        19.76 |
  | NPU Task (total)               |     30321.19 |     43778.73 |     37090.55 |         5.08 |
  |   - NPU Input Format Handler   |         1.58 |        69.77 |         3.64 |       127.16 |
  |   - H2D (Host-to-Device)       |      1240.25 |      4328.07 |      1698.86 |        11.97 |
  |   - Inference                  |     20091.00 |     20108.00 |     20099.96 |         0.01 |
  |     - Inference Core 0         |     20091.00 |     20108.00 |     20099.96 |         0.01 |
  |   - D2H (Device-to-Host)       |      3156.11 |      8209.70 |      4306.24 |         8.47 |
  |   - NPU Output Format Handler  |      5216.40 |     12203.91 |      9757.59 |        15.94 |
  ----------------------------------------------------------------------------------------------

__CPU_PERCENT__=32%
