Runtime Framework Version: v3.4.0
Device Driver Version: v2.5.1
PCIe Driver Version: v2.4.1

modelFile: /home/rock/work/github/deepx-yjsong/dx-all-suite/dx-benchmark/benchmark/assets/models/yolo26-s-obb_1024x1024.dxnn
inputFile: 
outputFile: output.bin
benchmark: 0
loops: 300
Device specification: 'all' (default)
[INFO] Profiler is enabled.
Run model target mode : Single Mode
Inference by loops: count=300

=== Model File: /home/rock/work/github/deepx-yjsong/dx-all-suite/dx-benchmark/benchmark/assets/models/yolo26-s-obb_1024x1024.dxnn ===

Model Input Tensors:
  - images
Model Output Tensors:
  - /model.23/one2one_cv2.0/one2one_cv2.0.2/Conv_output_0
  - /model.23/one2one_cv4.0/one2one_cv4.0.2/Conv_output_0
  - /model.23/one2one_cv3.0/one2one_cv3.0.2/Conv_output_0
  - /model.23/one2one_cv4.1/one2one_cv4.1.2/Conv_output_0
  - /model.23/one2one_cv2.1/one2one_cv2.1.2/Conv_output_0
  - /model.23/one2one_cv3.1/one2one_cv3.1.2/Conv_output_0
  - /model.23/one2one_cv2.2/one2one_cv2.2.2/Conv_output_0
  - /model.23/one2one_cv4.2/one2one_cv4.2.2/Conv_output_0
  - /model.23/one2one_cv3.2/one2one_cv3.2.2/Conv_output_0

Tasks:
  [ ] -> npu_0 -> []
  Task[0] npu_0, NPU, NPU memory usage 398,023,232 bytes (input 3,145,728 bytes, output 1,720,320 bytes), mem_usage:783,768,128 bytes
  Inputs
     -  images, UINT8, [1, 1024, 1024, 3 ]
  Outputs
    -  /model.23/one2one_cv2.0/one2one_cv2.0.2/Conv_output_0, FLOAT, [1, 4, 128, 128 ]
    -  /model.23/one2one_cv4.0/one2one_cv4.0.2/Conv_output_0, FLOAT, [1, 1, 128, 128 ]
    -  /model.23/one2one_cv3.0/one2one_cv3.0.2/Conv_output_0, FLOAT, [1, 15, 128, 128 ]
    -  /model.23/one2one_cv4.1/one2one_cv4.1.2/Conv_output_0, FLOAT, [1, 1, 64, 64 ]
    -  /model.23/one2one_cv2.1/one2one_cv2.1.2/Conv_output_0, FLOAT, [1, 4, 64, 64 ]
    -  /model.23/one2one_cv3.1/one2one_cv3.1.2/Conv_output_0, FLOAT, [1, 15, 64, 64 ]
    -  /model.23/one2one_cv2.2/one2one_cv2.2.2/Conv_output_0, FLOAT, [1, 4, 32, 32 ]
    -  /model.23/one2one_cv4.2/one2one_cv4.2.2/Conv_output_0, FLOAT, [1, 1, 32, 32 ]
    -  /model.23/one2one_cv3.2/one2one_cv3.2.2/Conv_output_0, FLOAT, [1, 15, 32, 32 ]


Performing 1 warmup run(s)...
Warmup completed.
=============================================
* Benchmark Result (single input)
  - FPS : 17.67                              
=============================================
=============================================
* Benchmark Result (single input)
  - FPS : 17.85                              
=============================================
=============================================
* Benchmark Result (single input)
  - FPS : 17.86                              
=============================================
=============================================
* Benchmark Result (single input)
  - FPS : 18.04                              
=============================================
=============================================
* Benchmark Result (single input)
  - FPS : 17.88                              
=============================================
=============================================
* Benchmark Result (single input)
  - FPS : 17.85                              
=============================================
=============================================
* Benchmark Result (single input)
  - FPS : 17.87                              
=============================================
=============================================
* Benchmark Result (single input)
  - FPS : 17.87                              
=============================================
=============================================
* Benchmark Result (single input)
  - FPS : 18.02                              
=============================================
=============================================
* Benchmark Result (single input)
  - FPS : 17.94                              
=============================================
=============================================
* Benchmark Result (single input)
  - FPS : 17.86                              
=============================================
=============================================
* Benchmark Result (single input)
  - FPS : 17.78                              
=============================================
=============================================
* Benchmark Result (single input)
  - FPS : 17.92                              
=============================================
=============================================
* Benchmark Result (single input)
  - FPS : 17.89                              
=============================================
=============================================
* Benchmark Result (single input)
  - FPS : 13.42                              
=============================================
=============================================
* Benchmark Result (single input)
  - FPS : 12.81                              
=============================================
=============================================
* Benchmark Result (single input)
  - FPS : 12.94                              
=============================================
=============================================
* Benchmark Result (single input)
  - FPS : 12.63                              
=============================================
=============================================
* Benchmark Result (single input)
  - FPS : 12.66                              
=============================================
=============================================
* Benchmark Result (single input)
  - FPS : 12.77                              
=============================================
=============================================
* Benchmark Result (single input)
  - FPS : 13.02                              
=============================================
=============================================
* Benchmark Result (single input)
  - FPS : 13.03                              
=============================================
=============================================
* Benchmark Result (single input)
  - FPS : 13.01                              
=============================================
=============================================
* Benchmark Result (single input)
  - FPS : 12.96                              
=============================================
=============================================
* Benchmark Result (single input)
  - FPS : 13.02                              
=============================================
=============================================
* Benchmark Result (single input)
  - FPS : 13.04                              
=============================================
=============================================
* Benchmark Result (single input)
  - FPS : 13.02                              
=============================================
=============================================
* Benchmark Result (single input)
  - FPS : 15.95                              
=============================================
=============================================
* Benchmark Result (single input)
  - FPS : 16.59                              
=============================================
=============================================
* Benchmark Result (single input)
  - FPS : 16.35                              
=============================================
=============================================
* Benchmark Result (single input)
  - FPS : 16.43                              
=============================================
=============================================
* Benchmark Result (single input)
  - FPS : 16.64                              
=============================================
=============================================
* Benchmark Result (single input)
  - FPS : 16.48                              
=============================================
=============================================
* Benchmark Result (single input)
  - FPS : 16.44                              
=============================================
=============================================
* Benchmark Result (single input)
  - FPS : 16.49                              
=============================================
=============================================
* Benchmark Result (single input)
  - FPS : 15.73                              
=============================================
=============================================
* Benchmark Result (single input)
  - FPS : 16.45                              
=============================================
=============================================
* Benchmark Result (single input)
  - FPS : 15.55                              
=============================================
=============================================
* Benchmark Result (single input)
  - FPS : 16.50                              
=============================================
=============================================
* Benchmark Result (single input)
  - FPS : 16.47                              
=============================================
=============================================
* Benchmark Result (single input)
  - FPS : 16.62                              
=============================================
=============================================
* Benchmark Result (single input)
  - FPS : 16.46                              
=============================================
=============================================
* Benchmark Result (single input)
  - FPS : 16.53                              
=============================================
=============================================
* Benchmark Result (single input)
  - FPS : 13.03                              
=============================================
=============================================
* Benchmark Result (single input)
  - FPS : 12.66                              
=============================================
=============================================
* Benchmark Result (single input)
  - FPS : 12.69                              
=============================================
=============================================
* Benchmark Result (single input)
  - FPS : 15.86                              
=============================================
=============================================
* Benchmark Result (single input)
  - FPS : 16.53                              
=============================================
=============================================
* Benchmark Result (single input)
  - FPS : 16.45                              
=============================================
=============================================
* Benchmark Result (single input)
  - FPS : 15.18                              
=============================================
=============================================
* Benchmark Result (single input)
  - FPS : 12.68                              
=============================================
=============================================
* Benchmark Result (single input)
  - FPS : 14.92                              
=============================================
=============================================
* Benchmark Result (single input)
  - FPS : 15.57                              
=============================================
=============================================
* Benchmark Result (single input)
  - FPS : 15.71                              
=============================================
=============================================
* Benchmark Result (single input)
  - FPS : 15.82                              
=============================================
=============================================
* Benchmark Result (single input)
  - FPS : 15.87                              
=============================================
=============================================
* Benchmark Result (single input)
  - FPS : 13.23                              
=============================================
=============================================
* Benchmark Result (single input)
  - FPS : 16.16                              
=============================================
=============================================
* Benchmark Result (single input)
  - FPS : 13.11                              
=============================================
=============================================
* Benchmark Result (single input)
  - FPS : 12.88                              
=============================================
=============================================
* Benchmark Result (single input)
  - FPS : 12.86                              
=============================================
=============================================
* Benchmark Result (single input)
  - FPS : 16.13                              
=============================================
=============================================
* Benchmark Result (single input)
  - FPS : 16.54                              
=============================================
=============================================
* Benchmark Result (single input)
  - FPS : 16.50                              
=============================================
=============================================
* Benchmark Result (single input)
  - FPS : 16.43                              
=============================================
=============================================
* Benchmark Result (single input)
  - FPS : 16.41                              
=============================================
=============================================
* Benchmark Result (single input)
  - FPS : 16.52                              
=============================================
=============================================
* Benchmark Result (single input)
  - FPS : 16.42                              
=============================================
=============================================
* Benchmark Result (single input)
  - FPS : 16.47                              
=============================================
=============================================
* Benchmark Result (single input)
  - FPS : 16.46                              
=============================================
=============================================
* Benchmark Result (single input)
  - FPS : 16.58                              
=============================================
=============================================
* Benchmark Result (single input)
  - FPS : 16.47                              
=============================================
=============================================
* Benchmark Result (single input)
  - FPS : 16.59                              
=============================================
=============================================
* Benchmark Result (single input)
  - FPS : 16.57                              
=============================================
=============================================
* Benchmark Result (single input)
  - FPS : 16.55                              
=============================================
=============================================
* Benchmark Result (single input)
  - FPS : 16.51                              
=============================================
=============================================
* Benchmark Result (single input)
  - FPS : 15.34                              
=============================================
=============================================
* Benchmark Result (single input)
  - FPS : 16.51                              
=============================================
=============================================
* Benchmark Result (single input)
  - FPS : 16.54                              
=============================================
=============================================
* Benchmark Result (single input)
  - FPS : 16.45                              
=============================================
=============================================
* Benchmark Result (single input)
  - FPS : 16.39                              
=============================================
=============================================
* Benchmark Result (single input)
  - FPS : 16.51                              
=============================================
=============================================
* Benchmark Result (single input)
  - FPS : 16.44                              
=============================================
=============================================
* Benchmark Result (single input)
  - FPS : 16.71                              
=============================================
=============================================
* Benchmark Result (single input)
  - FPS : 16.21                              
=============================================
=============================================
* Benchmark Result (single input)
  - FPS : 16.54                              
=============================================
=============================================
* Benchmark Result (single input)
  - FPS : 16.44                              
=============================================
=============================================
* Benchmark Result (single input)
  - FPS : 16.03                              
=============================================
=============================================
* Benchmark Result (single input)
  - FPS : 12.69                              
=============================================
=============================================
* Benchmark Result (single input)
  - FPS : 12.68                              
=============================================
=============================================
* Benchmark Result (single input)
  - FPS : 12.64                              
=============================================
=============================================
* Benchmark Result (single input)
  - FPS : 12.68                              
=============================================
=============================================
* Benchmark Result (single input)
  - FPS : 12.64                              
=============================================
=============================================
* Benchmark Result (single input)
  - FPS : 16.52                              
=============================================
=============================================
* Benchmark Result (single input)
  - FPS : 16.37                              
=============================================
=============================================
* Benchmark Result (single input)
  - FPS : 16.46                              
=============================================
=============================================
* Benchmark Result (single input)
  - FPS : 16.49                              
=============================================
=============================================
* Benchmark Result (single input)
  - FPS : 16.40                              
=============================================
=============================================
* Benchmark Result (single input)
  - FPS : 16.52                              
=============================================
=============================================
* Benchmark Result (single input)
  - FPS : 13.02                              
=============================================
=============================================
* Benchmark Result (single input)
  - FPS : 12.65                              
=============================================
=============================================
* Benchmark Result (single input)
  - FPS : 12.66                              
=============================================
=============================================
* Benchmark Result (single input)
  - FPS : 15.88                              
=============================================
=============================================
* Benchmark Result (single input)
  - FPS : 16.55                              
=============================================
=============================================
* Benchmark Result (single input)
  - FPS : 16.63                              
=============================================
=============================================
* Benchmark Result (single input)
  - FPS : 16.69                              
=============================================
=============================================
* Benchmark Result (single input)
  - FPS : 16.57                              
=============================================
=============================================
* Benchmark Result (single input)
  - FPS : 16.54                              
=============================================
=============================================
* Benchmark Result (single input)
  - FPS : 13.32                              
=============================================
=============================================
* Benchmark Result (single input)
  - FPS : 12.69                              
=============================================
=============================================
* Benchmark Result (single input)
  - FPS : 12.80                              
=============================================
=============================================
* Benchmark Result (single input)
  - FPS : 15.83                              
=============================================
=============================================
* Benchmark Result (single input)
  - FPS : 16.49                              
=============================================
=============================================
* Benchmark Result (single input)
  - FPS : 16.39                              
=============================================
=============================================
* Benchmark Result (single input)
  - FPS : 13.02                              
=============================================
=============================================
* Benchmark Result (single input)
  - FPS : 12.64                              
=============================================
=============================================
* Benchmark Result (single input)
  - FPS : 12.96                              
=============================================
=============================================
* Benchmark Result (single input)
  - FPS : 16.47                              
=============================================
=============================================
* Benchmark Result (single input)
  - FPS : 16.48                              
=============================================
=============================================
* Benchmark Result (single input)
  - FPS : 16.47                              
=============================================
=============================================
* Benchmark Result (single input)
  - FPS : 16.38                              
=============================================
=============================================
* Benchmark Result (single input)
  - FPS : 16.51                              
=============================================
=============================================
* Benchmark Result (single input)
  - FPS : 16.44                              
=============================================
=============================================
* Benchmark Result (single input)
  - FPS : 16.34                              
=============================================
=============================================
* Benchmark Result (single input)
  - FPS : 16.54                              
=============================================
=============================================
* Benchmark Result (single input)
  - FPS : 16.39                              
=============================================
=============================================
* Benchmark Result (single input)
  - FPS : 16.40                              
=============================================
=============================================
* Benchmark Result (single input)
  - FPS : 16.49                              
=============================================
=============================================
* Benchmark Result (single input)
  - FPS : 16.47                              
=============================================
=============================================
* Benchmark Result (single input)
  - FPS : 16.44                              
=============================================
=============================================
* Benchmark Result (single input)
  - FPS : 16.45                              
=============================================
=============================================
* Benchmark Result (single input)
  - FPS : 16.50                              
=============================================
=============================================
* Benchmark Result (single input)
  - FPS : 16.65                              
=============================================
=============================================
* Benchmark Result (single input)
  - FPS : 16.24                              
=============================================
=============================================
* Benchmark Result (single input)
  - FPS : 16.62                              
=============================================
=============================================
* Benchmark Result (single input)
  - FPS : 16.52                              
=============================================
=============================================
* Benchmark Result (single input)
  - FPS : 16.51                              
=============================================
=============================================
* Benchmark Result (single input)
  - FPS : 16.57                              
=============================================
=============================================
* Benchmark Result (single input)
  - FPS : 16.43                              
=============================================
=============================================
* Benchmark Result (single input)
  - FPS : 14.79                              
=============================================
=============================================
* Benchmark Result (single input)
  - FPS : 16.46                              
=============================================
=============================================
* Benchmark Result (single input)
  - FPS : 16.52                              
=============================================
=============================================
* Benchmark Result (single input)
  - FPS : 16.42                              
=============================================
=============================================
* Benchmark Result (single input)
  - FPS : 12.95                              
=============================================
=============================================
* Benchmark Result (single input)
  - FPS : 12.61                              
=============================================
=============================================
* Benchmark Result (single input)
  - FPS : 12.60                              
=============================================
=============================================
* Benchmark Result (single input)
  - FPS : 16.17                              
=============================================
=============================================
* Benchmark Result (single input)
  - FPS : 16.48                              
=============================================
=============================================
* Benchmark Result (single input)
  - FPS : 16.36                              
=============================================
=============================================
* Benchmark Result (single input)
  - FPS : 16.20                              
=============================================
=============================================
* Benchmark Result (single input)
  - FPS : 16.27                              
=============================================
=============================================
* Benchmark Result (single input)
  - FPS : 16.29                              
=============================================
=============================================
* Benchmark Result (single input)
  - FPS : 12.99                              
=============================================
=============================================
* Benchmark Result (single input)
  - FPS : 12.57                              
=============================================
=============================================
* Benchmark Result (single input)
  - FPS : 11.60                              
=============================================
=============================================
* Benchmark Result (single input)
  - FPS : 15.95                              
=============================================
=============================================
* Benchmark Result (single input)
  - FPS : 16.06                              
=============================================
=============================================
* Benchmark Result (single input)
  - FPS : 16.06                              
=============================================
=============================================
* Benchmark Result (single input)
  - FPS : 12.72                              
=============================================
=============================================
* Benchmark Result (single input)
  - FPS : 12.82                              
=============================================
=============================================
* Benchmark Result (single input)
  - FPS : 13.59                              
=============================================
=============================================
* Benchmark Result (single input)
  - FPS : 16.03                              
=============================================
=============================================
* Benchmark Result (single input)
  - FPS : 16.22                              
=============================================
=============================================
* Benchmark Result (single input)
  - FPS : 15.99                              
=============================================
=============================================
* Benchmark Result (single input)
  - FPS : 13.01                              
=============================================
=============================================
* Benchmark Result (single input)
  - FPS : 12.71                              
=============================================
=============================================
* Benchmark Result (single input)
  - FPS : 12.88                              
=============================================
=============================================
* Benchmark Result (single input)
  - FPS : 13.01                              
=============================================
=============================================
* Benchmark Result (single input)
  - FPS : 12.86                              
=============================================
=============================================
* Benchmark Result (single input)
  - FPS : 16.20                              
=============================================
=============================================
* Benchmark Result (single input)
  - FPS : 16.46                              
=============================================
=============================================
* Benchmark Result (single input)
  - FPS : 16.44                              
=============================================
=============================================
* Benchmark Result (single input)
  - FPS : 16.43                              
=============================================
=============================================
* Benchmark Result (single input)
  - FPS : 16.41                              
=============================================
=============================================
* Benchmark Result (single input)
  - FPS : 16.36                              
=============================================
=============================================
* Benchmark Result (single input)
  - FPS : 16.43                              
=============================================
=============================================
* Benchmark Result (single input)
  - FPS : 16.34                              
=============================================
=============================================
* Benchmark Result (single input)
  - FPS : 16.42                              
=============================================
=============================================
* Benchmark Result (single input)
  - FPS : 16.26                              
=============================================
=============================================
* Benchmark Result (single input)
  - FPS : 16.48                              
=============================================
=============================================
* Benchmark Result (single input)
  - FPS : 16.38                              
=============================================
=============================================
* Benchmark Result (single input)
  - FPS : 16.46                              
=============================================
=============================================
* Benchmark Result (single input)
  - FPS : 16.34                              
=============================================
=============================================
* Benchmark Result (single input)
  - FPS : 16.61                              
=============================================
=============================================
* Benchmark Result (single input)
  - FPS : 15.19                              
=============================================
=============================================
* Benchmark Result (single input)
  - FPS : 16.22                              
=============================================
=============================================
* Benchmark Result (single input)
  - FPS : 16.33                              
=============================================
=============================================
* Benchmark Result (single input)
  - FPS : 16.30                              
=============================================
=============================================
* Benchmark Result (single input)
  - FPS : 16.27                              
=============================================
=============================================
* Benchmark Result (single input)
  - FPS : 16.29                              
=============================================
=============================================
* Benchmark Result (single input)
  - FPS : 16.32                              
=============================================
=============================================
* Benchmark Result (single input)
  - FPS : 16.44                              
=============================================
=============================================
* Benchmark Result (single input)
  - FPS : 12.96                              
=============================================
=============================================
* Benchmark Result (single input)
  - FPS : 12.62                              
=============================================
=============================================
* Benchmark Result (single input)
  - FPS : 12.66                              
=============================================
=============================================
* Benchmark Result (single input)
  - FPS : 16.34                              
=============================================
=============================================
* Benchmark Result (single input)
  - FPS : 16.48                              
=============================================
=============================================
* Benchmark Result (single input)
  - FPS : 16.53                              
=============================================
=============================================
* Benchmark Result (single input)
  - FPS : 16.20                              
=============================================
=============================================
* Benchmark Result (single input)
  - FPS : 16.30                              
=============================================
=============================================
* Benchmark Result (single input)
  - FPS : 16.31                              
=============================================
=============================================
* Benchmark Result (single input)
  - FPS : 16.21                              
=============================================
=============================================
* Benchmark Result (single input)
  - FPS : 16.34                              
=============================================
=============================================
* Benchmark Result (single input)
  - FPS : 16.33                              
=============================================
=============================================
* Benchmark Result (single input)
  - FPS : 14.95                              
=============================================
=============================================
* Benchmark Result (single input)
  - FPS : 12.63                              
=============================================
=============================================
* Benchmark Result (single input)
  - FPS : 12.15                              
=============================================
=============================================
* Benchmark Result (single input)
  - FPS : 12.91                              
=============================================
=============================================
* Benchmark Result (single input)
  - FPS : 12.94                              
=============================================
=============================================
* Benchmark Result (single input)
  - FPS : 12.96                              
=============================================
=============================================
* Benchmark Result (single input)
  - FPS : 16.24                              
=============================================
=============================================
* Benchmark Result (single input)
  - FPS : 16.45                              
=============================================
=============================================
* Benchmark Result (single input)
  - FPS : 16.40                              
=============================================
=============================================
* Benchmark Result (single input)
  - FPS : 16.39                              
=============================================
=============================================
* Benchmark Result (single input)
  - FPS : 16.45                              
=============================================
=============================================
* Benchmark Result (single input)
  - FPS : 16.54                              
=============================================
=============================================
* Benchmark Result (single input)
  - FPS : 16.37                              
=============================================
=============================================
* Benchmark Result (single input)
  - FPS : 16.57                              
=============================================
=============================================
* Benchmark Result (single input)
  - FPS : 16.41                              
=============================================
=============================================
* Benchmark Result (single input)
  - FPS : 16.59                              
=============================================
=============================================
* Benchmark Result (single input)
  - FPS : 16.39                              
=============================================
=============================================
* Benchmark Result (single input)
  - FPS : 16.53                              
=============================================
=============================================
* Benchmark Result (single input)
  - FPS : 16.37                              
=============================================
=============================================
* Benchmark Result (single input)
  - FPS : 15.89                              
=============================================
=============================================
* Benchmark Result (single input)
  - FPS : 16.50                              
=============================================
=============================================
* Benchmark Result (single input)
  - FPS : 16.44                              
=============================================
=============================================
* Benchmark Result (single input)
  - FPS : 13.05                              
=============================================
=============================================
* Benchmark Result (single input)
  - FPS : 12.62                              
=============================================
=============================================
* Benchmark Result (single input)
  - FPS : 12.64                              
=============================================
=============================================
* Benchmark Result (single input)
  - FPS : 16.01                              
=============================================
=============================================
* Benchmark Result (single input)
  - FPS : 16.10                              
=============================================
=============================================
* Benchmark Result (single input)
  - FPS : 16.07                              
=============================================
=============================================
* Benchmark Result (single input)
  - FPS : 13.08                              
=============================================
=============================================
* Benchmark Result (single input)
  - FPS : 12.87                              
=============================================
=============================================
* Benchmark Result (single input)
  - FPS : 13.13                              
=============================================
=============================================
* Benchmark Result (single input)
  - FPS : 16.04                              
=============================================
=============================================
* Benchmark Result (single input)
  - FPS : 15.89                              
=============================================
=============================================
* Benchmark Result (single input)
  - FPS : 16.06                              
=============================================
=============================================
* Benchmark Result (single input)
  - FPS : 12.98                              
=============================================
=============================================
* Benchmark Result (single input)
  - FPS : 12.95                              
=============================================
=============================================
* Benchmark Result (single input)
  - FPS : 12.88                              
=============================================
=============================================
* Benchmark Result (single input)
  - FPS : 15.58                              
=============================================
=============================================
* Benchmark Result (single input)
  - FPS : 16.14                              
=============================================
=============================================
* Benchmark Result (single input)
  - FPS : 13.11                              
=============================================
=============================================
* Benchmark Result (single input)
  - FPS : 12.90                              
=============================================
=============================================
* Benchmark Result (single input)
  - FPS : 12.84                              
=============================================
=============================================
* Benchmark Result (single input)
  - FPS : 15.91                              
=============================================
=============================================
* Benchmark Result (single input)
  - FPS : 16.35                              
=============================================
=============================================
* Benchmark Result (single input)
  - FPS : 16.49                              
=============================================
=============================================
* Benchmark Result (single input)
  - FPS : 15.81                              
=============================================
=============================================
* Benchmark Result (single input)
  - FPS : 16.35                              
=============================================
=============================================
* Benchmark Result (single input)
  - FPS : 16.37                              
=============================================
=============================================
* Benchmark Result (single input)
  - FPS : 16.34                              
=============================================
=============================================
* Benchmark Result (single input)
  - FPS : 16.23                              
=============================================
=============================================
* Benchmark Result (single input)
  - FPS : 16.35                              
=============================================
=============================================
* Benchmark Result (single input)
  - FPS : 16.31                              
=============================================
=============================================
* Benchmark Result (single input)
  - FPS : 12.94                              
=============================================
=============================================
* Benchmark Result (single input)
  - FPS : 12.57                              
=============================================
=============================================
* Benchmark Result (single input)
  - FPS : 13.47                              
=============================================
=============================================
* Benchmark Result (single input)
  - FPS : 16.26                              
=============================================
=============================================
* Benchmark Result (single input)
  - FPS : 16.32                              
=============================================
=============================================
* Benchmark Result (single input)
  - FPS : 16.34                              
=============================================
=============================================
* Benchmark Result (single input)
  - FPS : 16.40                              
=============================================
=============================================
* Benchmark Result (single input)
  - FPS : 16.34                              
=============================================
=============================================
* Benchmark Result (single input)
  - FPS : 15.80                              
=============================================
=============================================
* Benchmark Result (single input)
  - FPS : 12.91                              
=============================================
=============================================
* Benchmark Result (single input)
  - FPS : 12.64                              
=============================================
=============================================
* Benchmark Result (single input)
  - FPS : 12.62                              
=============================================
=============================================
* Benchmark Result (single input)
  - FPS : 14.98                              
=============================================
=============================================
* Benchmark Result (single input)
  - FPS : 16.31                              
=============================================
=============================================
* Benchmark Result (single input)
  - FPS : 16.36                              
=============================================
=============================================
* Benchmark Result (single input)
  - FPS : 16.29                              
=============================================
=============================================
* Benchmark Result (single input)
  - FPS : 16.27                              
=============================================
=============================================
* Benchmark Result (single input)
  - FPS : 16.29                              
=============================================
=============================================
* Benchmark Result (single input)
  - FPS : 16.33                              
=============================================
=============================================
* Benchmark Result (single input)
  - FPS : 16.47                              
=============================================
=============================================
* Benchmark Result (single input)
  - FPS : 16.38                              
=============================================
=============================================
* Benchmark Result (single input)
  - FPS : 16.33                              
=============================================
=============================================
* Benchmark Result (single input)
  - FPS : 16.43                              
=============================================
=============================================
* Benchmark Result (single input)
  - FPS : 16.41                              
=============================================
=============================================
* Benchmark Result (single input)
  - FPS : 16.27                              
=============================================
=============================================
* Benchmark Result (single input)
  - FPS : 16.22                              
=============================================
=============================================
* Benchmark Result (single input)
  - FPS : 16.35                              
=============================================
=============================================
* Benchmark Result (single input)
  - FPS : 16.16                              
=============================================
=============================================
* Benchmark Result (single input)
  - FPS : 16.41                              
=============================================
=============================================
* Benchmark Result (single input)
  - FPS : 16.39                              
=============================================
=============================================
* Benchmark Result (single input)
  - FPS : 16.31                              
=============================================
=============================================
* Benchmark Result (single input)
  - FPS : 13.00                              
=============================================
=============================================
* Benchmark Result (single input)
  - FPS : 12.59                              
=============================================
=============================================
* Benchmark Result (single input)
  - FPS : 12.71                              
=============================================
=============================================
* Benchmark Result (single input)
  - FPS : 16.14                              
=============================================
=============================================
* Benchmark Result (single input)
  - FPS : 16.41                              
=============================================
=============================================
* Benchmark Result (single input)
  - FPS : 16.46                              
=============================================
=============================================
* Benchmark Result (single input)
  - FPS : 16.33                              
=============================================
=============================================
* Benchmark Result (single input)
  - FPS : 16.37                              
=============================================
=============================================
* Benchmark Result (single input)
  - FPS : 16.42                              
=============================================
=============================================
* Benchmark Result (single input)
  - FPS : 13.04                              
=============================================
=============================================
* Benchmark Result (single input)
  - FPS : 12.54                              
=============================================
=============================================
* Benchmark Result (single input)
  - FPS : 12.66                              
=============================================
=============================================
* Benchmark Result (single input)
  - FPS : 12.80                              
=============================================
Profiler data has been written to profiler.json
  ==============================================================================================
  | Task: npu_0                                                                                |
  ==============================================================================================
  ----------------------------------------------------------------------------------------------
  | Device 0                                                                                   |
  | Name                           |     min (us) |     max (us) | average (us) |      CoV (%) |
  ----------------------------------------------------------------------------------------------
  | Buffer Pool Wait               |         7.88 |        89.54 |        24.95 |        26.97 |
  | NPU Task (total)               |     53873.38 |     83112.22 |     63258.58 |        11.68 |
  |   - NPU Input Format Handler   |         6.12 |       174.71 |        11.75 |        91.25 |
  |   - H2D (Host-to-Device)       |      4673.15 |      9294.09 |      6750.27 |        11.55 |
  |   - Inference                  |     34490.00 |     34522.00 |     34510.24 |         0.02 |
  |     - Inference Core 0         |     34490.00 |     34522.00 |     34510.24 |         0.02 |
  |   - D2H (Device-to-Host)       |      3493.34 |      7509.36 |      5698.28 |        13.37 |
  |   - NPU Output Format Handler  |     10034.36 |     25364.87 |     14545.26 |        41.12 |
  ----------------------------------------------------------------------------------------------

__CPU_PERCENT__=30%
