Runtime Framework Version: v3.4.0
Device Driver Version: v2.5.1
PCIe Driver Version: v2.4.1

modelFile: /home/deepx/work/github/deepx-yjsong/dx-all-suite/dx-benchmark/benchmark/assets/models/yolo26-x_224x224.dxnn
inputFile: 
outputFile: output.bin
benchmark: 0
loops: 300
Device specification: 'all' (default)
[INFO] Profiler is enabled.
Run model target mode : Single Mode
Inference by loops: count=300

=== Model File: /home/deepx/work/github/deepx-yjsong/dx-all-suite/dx-benchmark/benchmark/assets/models/yolo26-x_224x224.dxnn ===

Model Input Tensors:
  - images
Model Output Tensors:
  - output0

Tasks:
  [ ] -> npu_0 -> []
  Task[0] npu_0, NPU, NPU memory usage 51,568,960 bytes (input 150,528 bytes, output 4,000 bytes), mem_usage:72,329,536 bytes
  Inputs
     -  images, UINT8, [1, 224, 224, 3 ]
  Outputs
    -  output0, FLOAT, [1, 1000 ]


Performing 1 warmup run(s)...
Warmup completed.
=============================================
* Benchmark Result (single input)
  - FPS : 156.42                             
=============================================
=============================================
* Benchmark Result (single input)
  - FPS : 156.79                             
=============================================
=============================================
* Benchmark Result (single input)
  - FPS : 159.36                             
=============================================
=============================================
* Benchmark Result (single input)
  - FPS : 159.34                             
=============================================
=============================================
* Benchmark Result (single input)
  - FPS : 159.29                             
=============================================
=============================================
* Benchmark Result (single input)
  - FPS : 159.39                             
=============================================
=============================================
* Benchmark Result (single input)
  - FPS : 159.77                             
=============================================
=============================================
* Benchmark Result (single input)
  - FPS : 159.31                             
=============================================
=============================================
* Benchmark Result (single input)
  - FPS : 159.26                             
=============================================
=============================================
* Benchmark Result (single input)
  - FPS : 159.74                             
=============================================
=============================================
* Benchmark Result (single input)
  - FPS : 159.59                             
=============================================
=============================================
* Benchmark Result (single input)
  - FPS : 159.64                             
=============================================
=============================================
* Benchmark Result (single input)
  - FPS : 159.46                             
=============================================
=============================================
* Benchmark Result (single input)
  - FPS : 159.97                             
=============================================
=============================================
* Benchmark Result (single input)
  - FPS : 159.72                             
=============================================
=============================================
* Benchmark Result (single input)
  - FPS : 159.52                             
=============================================
=============================================
* Benchmark Result (single input)
  - FPS : 159.82                             
=============================================
=============================================
* Benchmark Result (single input)
  - FPS : 159.49                             
=============================================
=============================================
* Benchmark Result (single input)
  - FPS : 159.64                             
=============================================
=============================================
* Benchmark Result (single input)
  - FPS : 159.57                             
=============================================
=============================================
* Benchmark Result (single input)
  - FPS : 159.39                             
=============================================
=============================================
* Benchmark Result (single input)
  - FPS : 159.80                             
=============================================
=============================================
* Benchmark Result (single input)
  - FPS : 159.82                             
=============================================
=============================================
* Benchmark Result (single input)
  - FPS : 159.29                             
=============================================
=============================================
* Benchmark Result (single input)
  - FPS : 159.59                             
=============================================
=============================================
* Benchmark Result (single input)
  - FPS : 159.85                             
=============================================
=============================================
* Benchmark Result (single input)
  - FPS : 159.64                             
=============================================
=============================================
* Benchmark Result (single input)
  - FPS : 159.44                             
=============================================
=============================================
* Benchmark Result (single input)
  - FPS : 159.52                             
=============================================
=============================================
* Benchmark Result (single input)
  - FPS : 159.54                             
=============================================
=============================================
* Benchmark Result (single input)
  - FPS : 159.52                             
=============================================
=============================================
* Benchmark Result (single input)
  - FPS : 159.59                             
=============================================
=============================================
* Benchmark Result (single input)
  - FPS : 85.70                              
=============================================
=============================================
* Benchmark Result (single input)
  - FPS : 159.85                             
=============================================
=============================================
* Benchmark Result (single input)
  - FPS : 159.64                             
=============================================
=============================================
* Benchmark Result (single input)
  - FPS : 159.34                             
=============================================
=============================================
* Benchmark Result (single input)
  - FPS : 159.82                             
=============================================
=============================================
* Benchmark Result (single input)
  - FPS : 159.82                             
=============================================
=============================================
* Benchmark Result (single input)
  - FPS : 159.72                             
=============================================
=============================================
* Benchmark Result (single input)
  - FPS : 159.46                             
=============================================
=============================================
* Benchmark Result (single input)
  - FPS : 159.92                             
=============================================
=============================================
* Benchmark Result (single input)
  - FPS : 160.18                             
=============================================
=============================================
* Benchmark Result (single input)
  - FPS : 160.03                             
=============================================
=============================================
* Benchmark Result (single input)
  - FPS : 159.69                             
=============================================
=============================================
* Benchmark Result (single input)
  - FPS : 159.95                             
=============================================
=============================================
* Benchmark Result (single input)
  - FPS : 159.74                             
=============================================
=============================================
* Benchmark Result (single input)
  - FPS : 159.67                             
=============================================
=============================================
* Benchmark Result (single input)
  - FPS : 159.72                             
=============================================
=============================================
* Benchmark Result (single input)
  - FPS : 159.85                             
=============================================
=============================================
* Benchmark Result (single input)
  - FPS : 159.59                             
=============================================
=============================================
* Benchmark Result (single input)
  - FPS : 159.82                             
=============================================
=============================================
* Benchmark Result (single input)
  - FPS : 159.90                             
=============================================
=============================================
* Benchmark Result (single input)
  - FPS : 160.00                             
=============================================
=============================================
* Benchmark Result (single input)
  - FPS : 159.82                             
=============================================
=============================================
* Benchmark Result (single input)
  - FPS : 159.64                             
=============================================
=============================================
* Benchmark Result (single input)
  - FPS : 159.72                             
=============================================
=============================================
* Benchmark Result (single input)
  - FPS : 159.52                             
=============================================
=============================================
* Benchmark Result (single input)
  - FPS : 159.59                             
=============================================
=============================================
* Benchmark Result (single input)
  - FPS : 159.67                             
=============================================
=============================================
* Benchmark Result (single input)
  - FPS : 159.72                             
=============================================
=============================================
* Benchmark Result (single input)
  - FPS : 159.85                             
=============================================
=============================================
* Benchmark Result (single input)
  - FPS : 159.95                             
=============================================
=============================================
* Benchmark Result (single input)
  - FPS : 159.80                             
=============================================
=============================================
* Benchmark Result (single input)
  - FPS : 159.49                             
=============================================
=============================================
* Benchmark Result (single input)
  - FPS : 159.49                             
=============================================
=============================================
* Benchmark Result (single input)
  - FPS : 159.77                             
=============================================
=============================================
* Benchmark Result (single input)
  - FPS : 159.46                             
=============================================
=============================================
* Benchmark Result (single input)
  - FPS : 159.69                             
=============================================
=============================================
* Benchmark Result (single input)
  - FPS : 159.77                             
=============================================
=============================================
* Benchmark Result (single input)
  - FPS : 159.67                             
=============================================
=============================================
* Benchmark Result (single input)
  - FPS : 159.67                             
=============================================
=============================================
* Benchmark Result (single input)
  - FPS : 159.29                             
=============================================
=============================================
* Benchmark Result (single input)
  - FPS : 159.80                             
=============================================
=============================================
* Benchmark Result (single input)
  - FPS : 159.87                             
=============================================
=============================================
* Benchmark Result (single input)
  - FPS : 159.95                             
=============================================
=============================================
* Benchmark Result (single input)
  - FPS : 159.80                             
=============================================
=============================================
* Benchmark Result (single input)
  - FPS : 159.97                             
=============================================
=============================================
* Benchmark Result (single input)
  - FPS : 159.80                             
=============================================
=============================================
* Benchmark Result (single input)
  - FPS : 159.69                             
=============================================
=============================================
* Benchmark Result (single input)
  - FPS : 159.57                             
=============================================
=============================================
* Benchmark Result (single input)
  - FPS : 159.62                             
=============================================
=============================================
* Benchmark Result (single input)
  - FPS : 159.85                             
=============================================
=============================================
* Benchmark Result (single input)
  - FPS : 159.77                             
=============================================
=============================================
* Benchmark Result (single input)
  - FPS : 159.49                             
=============================================
=============================================
* Benchmark Result (single input)
  - FPS : 159.87                             
=============================================
=============================================
* Benchmark Result (single input)
  - FPS : 159.72                             
=============================================
=============================================
* Benchmark Result (single input)
  - FPS : 159.92                             
=============================================
=============================================
* Benchmark Result (single input)
  - FPS : 160.10                             
=============================================
=============================================
* Benchmark Result (single input)
  - FPS : 159.72                             
=============================================
=============================================
* Benchmark Result (single input)
  - FPS : 159.74                             
=============================================
=============================================
* Benchmark Result (single input)
  - FPS : 160.08                             
=============================================
=============================================
* Benchmark Result (single input)
  - FPS : 159.82                             
=============================================
=============================================
* Benchmark Result (single input)
  - FPS : 159.82                             
=============================================
=============================================
* Benchmark Result (single input)
  - FPS : 159.82                             
=============================================
=============================================
* Benchmark Result (single input)
  - FPS : 159.95                             
=============================================
=============================================
* Benchmark Result (single input)
  - FPS : 159.92                             
=============================================
=============================================
* Benchmark Result (single input)
  - FPS : 159.80                             
=============================================
=============================================
* Benchmark Result (single input)
  - FPS : 160.10                             
=============================================
=============================================
* Benchmark Result (single input)
  - FPS : 159.72                             
=============================================
=============================================
* Benchmark Result (single input)
  - FPS : 159.57                             
=============================================
=============================================
* Benchmark Result (single input)
  - FPS : 159.72                             
=============================================
=============================================
* Benchmark Result (single input)
  - FPS : 159.18                             
=============================================
=============================================
* Benchmark Result (single input)
  - FPS : 159.67                             
=============================================
=============================================
* Benchmark Result (single input)
  - FPS : 159.67                             
=============================================
=============================================
* Benchmark Result (single input)
  - FPS : 159.74                             
=============================================
=============================================
* Benchmark Result (single input)
  - FPS : 159.87                             
=============================================
=============================================
* Benchmark Result (single input)
  - FPS : 159.74                             
=============================================
=============================================
* Benchmark Result (single input)
  - FPS : 159.87                             
=============================================
=============================================
* Benchmark Result (single input)
  - FPS : 159.74                             
=============================================
=============================================
* Benchmark Result (single input)
  - FPS : 159.49                             
=============================================
=============================================
* Benchmark Result (single input)
  - FPS : 159.85                             
=============================================
=============================================
* Benchmark Result (single input)
  - FPS : 159.85                             
=============================================
=============================================
* Benchmark Result (single input)
  - FPS : 88.18                              
=============================================
=============================================
* Benchmark Result (single input)
  - FPS : 159.62                             
=============================================
=============================================
* Benchmark Result (single input)
  - FPS : 159.72                             
=============================================
=============================================
* Benchmark Result (single input)
  - FPS : 159.57                             
=============================================
=============================================
* Benchmark Result (single input)
  - FPS : 159.64                             
=============================================
=============================================
* Benchmark Result (single input)
  - FPS : 159.85                             
=============================================
=============================================
* Benchmark Result (single input)
  - FPS : 159.54                             
=============================================
=============================================
* Benchmark Result (single input)
  - FPS : 159.64                             
=============================================
=============================================
* Benchmark Result (single input)
  - FPS : 159.97                             
=============================================
=============================================
* Benchmark Result (single input)
  - FPS : 159.72                             
=============================================
=============================================
* Benchmark Result (single input)
  - FPS : 159.92                             
=============================================
=============================================
* Benchmark Result (single input)
  - FPS : 159.72                             
=============================================
=============================================
* Benchmark Result (single input)
  - FPS : 116.41                             
=============================================
=============================================
* Benchmark Result (single input)
  - FPS : 159.31                             
=============================================
=============================================
* Benchmark Result (single input)
  - FPS : 158.86                             
=============================================
=============================================
* Benchmark Result (single input)
  - FPS : 159.31                             
=============================================
=============================================
* Benchmark Result (single input)
  - FPS : 159.77                             
=============================================
=============================================
* Benchmark Result (single input)
  - FPS : 157.55                             
=============================================
=============================================
* Benchmark Result (single input)
  - FPS : 150.01                             
=============================================
=============================================
* Benchmark Result (single input)
  - FPS : 158.73                             
=============================================
=============================================
* Benchmark Result (single input)
  - FPS : 159.57                             
=============================================
=============================================
* Benchmark Result (single input)
  - FPS : 103.27                             
=============================================
=============================================
* Benchmark Result (single input)
  - FPS : 159.03                             
=============================================
=============================================
* Benchmark Result (single input)
  - FPS : 159.34                             
=============================================
=============================================
* Benchmark Result (single input)
  - FPS : 159.54                             
=============================================
=============================================
* Benchmark Result (single input)
  - FPS : 159.46                             
=============================================
=============================================
* Benchmark Result (single input)
  - FPS : 159.11                             
=============================================
=============================================
* Benchmark Result (single input)
  - FPS : 159.77                             
=============================================
=============================================
* Benchmark Result (single input)
  - FPS : 159.57                             
=============================================
=============================================
* Benchmark Result (single input)
  - FPS : 159.90                             
=============================================
=============================================
* Benchmark Result (single input)
  - FPS : 159.80                             
=============================================
=============================================
* Benchmark Result (single input)
  - FPS : 159.34                             
=============================================
=============================================
* Benchmark Result (single input)
  - FPS : 159.64                             
=============================================
=============================================
* Benchmark Result (single input)
  - FPS : 159.41                             
=============================================
=============================================
* Benchmark Result (single input)
  - FPS : 159.64                             
=============================================
=============================================
* Benchmark Result (single input)
  - FPS : 159.90                             
=============================================
=============================================
* Benchmark Result (single input)
  - FPS : 159.57                             
=============================================
=============================================
* Benchmark Result (single input)
  - FPS : 159.57                             
=============================================
=============================================
* Benchmark Result (single input)
  - FPS : 159.90                             
=============================================
=============================================
* Benchmark Result (single input)
  - FPS : 159.77                             
=============================================
=============================================
* Benchmark Result (single input)
  - FPS : 159.67                             
=============================================
=============================================
* Benchmark Result (single input)
  - FPS : 159.72                             
=============================================
=============================================
* Benchmark Result (single input)
  - FPS : 159.95                             
=============================================
=============================================
* Benchmark Result (single input)
  - FPS : 159.46                             
=============================================
=============================================
* Benchmark Result (single input)
  - FPS : 159.85                             
=============================================
=============================================
* Benchmark Result (single input)
  - FPS : 159.74                             
=============================================
=============================================
* Benchmark Result (single input)
  - FPS : 159.77                             
=============================================
=============================================
* Benchmark Result (single input)
  - FPS : 159.67                             
=============================================
=============================================
* Benchmark Result (single input)
  - FPS : 159.67                             
=============================================
=============================================
* Benchmark Result (single input)
  - FPS : 159.69                             
=============================================
=============================================
* Benchmark Result (single input)
  - FPS : 159.82                             
=============================================
=============================================
* Benchmark Result (single input)
  - FPS : 159.80                             
=============================================
=============================================
* Benchmark Result (single input)
  - FPS : 159.69                             
=============================================
=============================================
* Benchmark Result (single input)
  - FPS : 159.52                             
=============================================
=============================================
* Benchmark Result (single input)
  - FPS : 159.46                             
=============================================
=============================================
* Benchmark Result (single input)
  - FPS : 159.31                             
=============================================
=============================================
* Benchmark Result (single input)
  - FPS : 159.59                             
=============================================
=============================================
* Benchmark Result (single input)
  - FPS : 159.54                             
=============================================
=============================================
* Benchmark Result (single input)
  - FPS : 159.59                             
=============================================
=============================================
* Benchmark Result (single input)
  - FPS : 159.64                             
=============================================
=============================================
* Benchmark Result (single input)
  - FPS : 159.72                             
=============================================
=============================================
* Benchmark Result (single input)
  - FPS : 159.87                             
=============================================
=============================================
* Benchmark Result (single input)
  - FPS : 159.67                             
=============================================
=============================================
* Benchmark Result (single input)
  - FPS : 158.60                             
=============================================
=============================================
* Benchmark Result (single input)
  - FPS : 159.80                             
=============================================
=============================================
* Benchmark Result (single input)
  - FPS : 159.59                             
=============================================
=============================================
* Benchmark Result (single input)
  - FPS : 159.44                             
=============================================
=============================================
* Benchmark Result (single input)
  - FPS : 160.05                             
=============================================
=============================================
* Benchmark Result (single input)
  - FPS : 159.80                             
=============================================
=============================================
* Benchmark Result (single input)
  - FPS : 160.10                             
=============================================
=============================================
* Benchmark Result (single input)
  - FPS : 159.59                             
=============================================
=============================================
* Benchmark Result (single input)
  - FPS : 159.82                             
=============================================
=============================================
* Benchmark Result (single input)
  - FPS : 160.03                             
=============================================
=============================================
* Benchmark Result (single input)
  - FPS : 160.03                             
=============================================
=============================================
* Benchmark Result (single input)
  - FPS : 159.57                             
=============================================
=============================================
* Benchmark Result (single input)
  - FPS : 160.00                             
=============================================
=============================================
* Benchmark Result (single input)
  - FPS : 159.85                             
=============================================
=============================================
* Benchmark Result (single input)
  - FPS : 160.00                             
=============================================
=============================================
* Benchmark Result (single input)
  - FPS : 159.52                             
=============================================
=============================================
* Benchmark Result (single input)
  - FPS : 91.02                              
=============================================
=============================================
* Benchmark Result (single input)
  - FPS : 159.69                             
=============================================
=============================================
* Benchmark Result (single input)
  - FPS : 159.95                             
=============================================
=============================================
* Benchmark Result (single input)
  - FPS : 159.64                             
=============================================
=============================================
* Benchmark Result (single input)
  - FPS : 159.92                             
=============================================
=============================================
* Benchmark Result (single input)
  - FPS : 159.69                             
=============================================
=============================================
* Benchmark Result (single input)
  - FPS : 159.67                             
=============================================
=============================================
* Benchmark Result (single input)
  - FPS : 159.90                             
=============================================
=============================================
* Benchmark Result (single input)
  - FPS : 159.67                             
=============================================
=============================================
* Benchmark Result (single input)
  - FPS : 159.77                             
=============================================
=============================================
* Benchmark Result (single input)
  - FPS : 160.05                             
=============================================
=============================================
* Benchmark Result (single input)
  - FPS : 159.80                             
=============================================
=============================================
* Benchmark Result (single input)
  - FPS : 159.92                             
=============================================
=============================================
* Benchmark Result (single input)
  - FPS : 159.72                             
=============================================
=============================================
* Benchmark Result (single input)
  - FPS : 159.87                             
=============================================
=============================================
* Benchmark Result (single input)
  - FPS : 159.62                             
=============================================
=============================================
* Benchmark Result (single input)
  - FPS : 159.95                             
=============================================
=============================================
* Benchmark Result (single input)
  - FPS : 159.92                             
=============================================
=============================================
* Benchmark Result (single input)
  - FPS : 160.00                             
=============================================
=============================================
* Benchmark Result (single input)
  - FPS : 159.87                             
=============================================
=============================================
* Benchmark Result (single input)
  - FPS : 159.80                             
=============================================
=============================================
* Benchmark Result (single input)
  - FPS : 159.77                             
=============================================
=============================================
* Benchmark Result (single input)
  - FPS : 159.77                             
=============================================
=============================================
* Benchmark Result (single input)
  - FPS : 159.87                             
=============================================
=============================================
* Benchmark Result (single input)
  - FPS : 159.82                             
=============================================
=============================================
* Benchmark Result (single input)
  - FPS : 159.74                             
=============================================
=============================================
* Benchmark Result (single input)
  - FPS : 159.77                             
=============================================
=============================================
* Benchmark Result (single input)
  - FPS : 159.62                             
=============================================
=============================================
* Benchmark Result (single input)
  - FPS : 159.85                             
=============================================
=============================================
* Benchmark Result (single input)
  - FPS : 159.72                             
=============================================
=============================================
* Benchmark Result (single input)
  - FPS : 160.00                             
=============================================
=============================================
* Benchmark Result (single input)
  - FPS : 159.90                             
=============================================
=============================================
* Benchmark Result (single input)
  - FPS : 159.90                             
=============================================
=============================================
* Benchmark Result (single input)
  - FPS : 159.74                             
=============================================
=============================================
* Benchmark Result (single input)
  - FPS : 159.77                             
=============================================
=============================================
* Benchmark Result (single input)
  - FPS : 159.80                             
=============================================
=============================================
* Benchmark Result (single input)
  - FPS : 159.82                             
=============================================
=============================================
* Benchmark Result (single input)
  - FPS : 159.74                             
=============================================
=============================================
* Benchmark Result (single input)
  - FPS : 159.97                             
=============================================
=============================================
* Benchmark Result (single input)
  - FPS : 159.72                             
=============================================
=============================================
* Benchmark Result (single input)
  - FPS : 160.03                             
=============================================
=============================================
* Benchmark Result (single input)
  - FPS : 159.82                             
=============================================
=============================================
* Benchmark Result (single input)
  - FPS : 159.82                             
=============================================
=============================================
* Benchmark Result (single input)
  - FPS : 159.85                             
=============================================
=============================================
* Benchmark Result (single input)
  - FPS : 159.69                             
=============================================
=============================================
* Benchmark Result (single input)
  - FPS : 159.92                             
=============================================
=============================================
* Benchmark Result (single input)
  - FPS : 159.85                             
=============================================
=============================================
* Benchmark Result (single input)
  - FPS : 159.62                             
=============================================
=============================================
* Benchmark Result (single input)
  - FPS : 159.92                             
=============================================
=============================================
* Benchmark Result (single input)
  - FPS : 159.82                             
=============================================
=============================================
* Benchmark Result (single input)
  - FPS : 160.00                             
=============================================
=============================================
* Benchmark Result (single input)
  - FPS : 159.74                             
=============================================
=============================================
* Benchmark Result (single input)
  - FPS : 159.85                             
=============================================
=============================================
* Benchmark Result (single input)
  - FPS : 159.80                             
=============================================
=============================================
* Benchmark Result (single input)
  - FPS : 159.74                             
=============================================
=============================================
* Benchmark Result (single input)
  - FPS : 159.62                             
=============================================
=============================================
* Benchmark Result (single input)
  - FPS : 159.87                             
=============================================
=============================================
* Benchmark Result (single input)
  - FPS : 159.62                             
=============================================
=============================================
* Benchmark Result (single input)
  - FPS : 159.92                             
=============================================
=============================================
* Benchmark Result (single input)
  - FPS : 159.82                             
=============================================
=============================================
* Benchmark Result (single input)
  - FPS : 159.62                             
=============================================
=============================================
* Benchmark Result (single input)
  - FPS : 159.64                             
=============================================
=============================================
* Benchmark Result (single input)
  - FPS : 159.95                             
=============================================
=============================================
* Benchmark Result (single input)
  - FPS : 159.74                             
=============================================
=============================================
* Benchmark Result (single input)
  - FPS : 159.82                             
=============================================
=============================================
* Benchmark Result (single input)
  - FPS : 159.59                             
=============================================
=============================================
* Benchmark Result (single input)
  - FPS : 160.03                             
=============================================
=============================================
* Benchmark Result (single input)
  - FPS : 159.62                             
=============================================
=============================================
* Benchmark Result (single input)
  - FPS : 159.41                             
=============================================
=============================================
* Benchmark Result (single input)
  - FPS : 160.05                             
=============================================
=============================================
* Benchmark Result (single input)
  - FPS : 159.82                             
=============================================
=============================================
* Benchmark Result (single input)
  - FPS : 159.82                             
=============================================
=============================================
* Benchmark Result (single input)
  - FPS : 159.97                             
=============================================
=============================================
* Benchmark Result (single input)
  - FPS : 159.67                             
=============================================
=============================================
* Benchmark Result (single input)
  - FPS : 159.82                             
=============================================
=============================================
* Benchmark Result (single input)
  - FPS : 159.46                             
=============================================
=============================================
* Benchmark Result (single input)
  - FPS : 159.59                             
=============================================
=============================================
* Benchmark Result (single input)
  - FPS : 159.59                             
=============================================
=============================================
* Benchmark Result (single input)
  - FPS : 159.77                             
=============================================
=============================================
* Benchmark Result (single input)
  - FPS : 159.64                             
=============================================
=============================================
* Benchmark Result (single input)
  - FPS : 87.38                              
=============================================
=============================================
* Benchmark Result (single input)
  - FPS : 159.80                             
=============================================
=============================================
* Benchmark Result (single input)
  - FPS : 159.57                             
=============================================
=============================================
* Benchmark Result (single input)
  - FPS : 160.00                             
=============================================
=============================================
* Benchmark Result (single input)
  - FPS : 159.54                             
=============================================
=============================================
* Benchmark Result (single input)
  - FPS : 159.67                             
=============================================
=============================================
* Benchmark Result (single input)
  - FPS : 159.82                             
=============================================
=============================================
* Benchmark Result (single input)
  - FPS : 159.54                             
=============================================
=============================================
* Benchmark Result (single input)
  - FPS : 159.92                             
=============================================
=============================================
* Benchmark Result (single input)
  - FPS : 159.95                             
=============================================
=============================================
* Benchmark Result (single input)
  - FPS : 159.74                             
=============================================
=============================================
* Benchmark Result (single input)
  - FPS : 159.82                             
=============================================
=============================================
* Benchmark Result (single input)
  - FPS : 159.90                             
=============================================
=============================================
* Benchmark Result (single input)
  - FPS : 159.62                             
=============================================
=============================================
* Benchmark Result (single input)
  - FPS : 159.95                             
=============================================
=============================================
* Benchmark Result (single input)
  - FPS : 159.77                             
=============================================
=============================================
* Benchmark Result (single input)
  - FPS : 159.34                             
=============================================
=============================================
* Benchmark Result (single input)
  - FPS : 158.28                             
=============================================
=============================================
* Benchmark Result (single input)
  - FPS : 156.59                             
=============================================
=============================================
* Benchmark Result (single input)
  - FPS : 156.49                             
=============================================
=============================================
* Benchmark Result (single input)
  - FPS : 156.74                             
=============================================
=============================================
* Benchmark Result (single input)
  - FPS : 156.42                             
=============================================
=============================================
* Benchmark Result (single input)
  - FPS : 156.45                             
=============================================
=============================================
* Benchmark Result (single input)
  - FPS : 156.37                             
=============================================
=============================================
* Benchmark Result (single input)
  - FPS : 156.15                             
=============================================
=============================================
* Benchmark Result (single input)
  - FPS : 156.62                             
=============================================
=============================================
* Benchmark Result (single input)
  - FPS : 156.64                             
=============================================
=============================================
* Benchmark Result (single input)
  - FPS : 156.52                             
=============================================
=============================================
* Benchmark Result (single input)
  - FPS : 155.71                             
=============================================
Profiler data has been written to profiler.json
  ==============================================================================================
  | Task: npu_0                                                                                |
  ==============================================================================================
  ----------------------------------------------------------------------------------------------
  | Device 0                                                                                   |
  | Name                           |     min (us) |     max (us) | average (us) |      CoV (%) |
  ----------------------------------------------------------------------------------------------
  | Buffer Pool Wait               |         3.28 |        16.39 |         3.87 |        22.68 |
  | NPU Task (total)               |      6216.49 |     11642.93 |      6329.67 |         9.96 |
  |   - NPU Input Format Handler   |        17.52 |       158.43 |        21.75 |        44.58 |
  |   - H2D (Host-to-Device)       |       280.11 |       532.13 |       289.59 |         5.97 |
  |   - Inference                  |      5682.00 |      5690.00 |      5685.69 |         0.02 |
  |     - Inference Core 0         |      5682.00 |      5690.00 |      5685.69 |         0.02 |
  |   - D2H (Device-to-Host)       |        74.83 |       140.59 |        87.01 |         8.68 |
  |   - NPU Output Format Handler  |         1.63 |        32.22 |         2.51 |        80.86 |
  ----------------------------------------------------------------------------------------------

__CPU_PERCENT__=7%
