Runtime Framework Version: v3.3.2
Device Driver Version: v2.4.1
PCIe Driver Version: v2.2.0

modelFile: /home/deepx/sijo_feat_windows_env/dx_stream/apps/benchmark/assets/models_dxnn_v2.3.0/yolo26s-obb.dxnn
inputFile: 
outputFile: output.bin
benchmark: 0
loops: 300
Device specification: 'all' (default)
[INFO] Profiler is enabled.
Run model target mode : Single Mode
Inference by loops: count=300

=== Model File: /home/deepx/sijo_feat_windows_env/dx_stream/apps/benchmark/assets/models_dxnn_v2.3.0/yolo26s-obb.dxnn ===

Model Input Tensors:
  - images
Model Output Tensors:
  - /model.23/one2one_cv4.0/one2one_cv4.0.2/Conv_output_0
  - /model.23/one2one_cv2.0/one2one_cv2.0.2/Conv_output_0
  - /model.23/one2one_cv3.0/one2one_cv3.0.2/Conv_output_0
  - /model.23/one2one_cv4.1/one2one_cv4.1.2/Conv_output_0
  - /model.23/one2one_cv2.1/one2one_cv2.1.2/Conv_output_0
  - /model.23/one2one_cv3.1/one2one_cv3.1.2/Conv_output_0
  - /model.23/one2one_cv2.2/one2one_cv2.2.2/Conv_output_0
  - /model.23/one2one_cv4.2/one2one_cv4.2.2/Conv_output_0
  - /model.23/one2one_cv3.2/one2one_cv3.2.2/Conv_output_0

Tasks:
  [ ] -> npu_0 -> []
  Task[0] npu_0, NPU, NPU memory usage 468,895,232 bytes (input 3,145,728 bytes, output 1,720,320 bytes), mem_usage:925,419,008 bytes
  Inputs
     -  images, UINT8, [1, 1024, 1024, 3 ]
  Outputs
    -  /model.23/one2one_cv4.0/one2one_cv4.0.2/Conv_output_0, FLOAT, [1, 1, 128, 128 ]
    -  /model.23/one2one_cv2.0/one2one_cv2.0.2/Conv_output_0, FLOAT, [1, 4, 128, 128 ]
    -  /model.23/one2one_cv3.0/one2one_cv3.0.2/Conv_output_0, FLOAT, [1, 15, 128, 128 ]
    -  /model.23/one2one_cv4.1/one2one_cv4.1.2/Conv_output_0, FLOAT, [1, 1, 64, 64 ]
    -  /model.23/one2one_cv2.1/one2one_cv2.1.2/Conv_output_0, FLOAT, [1, 4, 64, 64 ]
    -  /model.23/one2one_cv3.1/one2one_cv3.1.2/Conv_output_0, FLOAT, [1, 15, 64, 64 ]
    -  /model.23/one2one_cv2.2/one2one_cv2.2.2/Conv_output_0, FLOAT, [1, 4, 32, 32 ]
    -  /model.23/one2one_cv4.2/one2one_cv4.2.2/Conv_output_0, FLOAT, [1, 1, 32, 32 ]
    -  /model.23/one2one_cv3.2/one2one_cv3.2.2/Conv_output_0, FLOAT, [1, 15, 32, 32 ]


Performing 1 warmup run(s)...
Warmup completed.
=============================================
* Benchmark Result (single input)
  - FPS : 15.20                              
=============================================
=============================================
* Benchmark Result (single input)
  - FPS : 15.30                              
=============================================
=============================================
* Benchmark Result (single input)
  - FPS : 15.24                              
=============================================
=============================================
* Benchmark Result (single input)
  - FPS : 15.29                              
=============================================
=============================================
* Benchmark Result (single input)
  - FPS : 15.42                              
=============================================
=============================================
* Benchmark Result (single input)
  - FPS : 15.33                              
=============================================
=============================================
* Benchmark Result (single input)
  - FPS : 15.37                              
=============================================
=============================================
* Benchmark Result (single input)
  - FPS : 15.32                              
=============================================
=============================================
* Benchmark Result (single input)
  - FPS : 15.35                              
=============================================
=============================================
* Benchmark Result (single input)
  - FPS : 15.26                              
=============================================
=============================================
* Benchmark Result (single input)
  - FPS : 15.39                              
=============================================
=============================================
* Benchmark Result (single input)
  - FPS : 15.37                              
=============================================
=============================================
* Benchmark Result (single input)
  - FPS : 15.34                              
=============================================
=============================================
* Benchmark Result (single input)
  - FPS : 15.39                              
=============================================
=============================================
* Benchmark Result (single input)
  - FPS : 15.31                              
=============================================
=============================================
* Benchmark Result (single input)
  - FPS : 15.35                              
=============================================
=============================================
* Benchmark Result (single input)
  - FPS : 15.42                              
=============================================
=============================================
* Benchmark Result (single input)
  - FPS : 15.28                              
=============================================
=============================================
* Benchmark Result (single input)
  - FPS : 15.28                              
=============================================
=============================================
* Benchmark Result (single input)
  - FPS : 15.35                              
=============================================
=============================================
* Benchmark Result (single input)
  - FPS : 15.31                              
=============================================
=============================================
* Benchmark Result (single input)
  - FPS : 15.29                              
=============================================
=============================================
* Benchmark Result (single input)
  - FPS : 15.35                              
=============================================
=============================================
* Benchmark Result (single input)
  - FPS : 15.27                              
=============================================
=============================================
* Benchmark Result (single input)
  - FPS : 15.29                              
=============================================
=============================================
* Benchmark Result (single input)
  - FPS : 15.30                              
=============================================
=============================================
* Benchmark Result (single input)
  - FPS : 15.32                              
=============================================
=============================================
* Benchmark Result (single input)
  - FPS : 15.29                              
=============================================
=============================================
* Benchmark Result (single input)
  - FPS : 15.28                              
=============================================
=============================================
* Benchmark Result (single input)
  - FPS : 15.28                              
=============================================
=============================================
* Benchmark Result (single input)
  - FPS : 15.40                              
=============================================
=============================================
* Benchmark Result (single input)
  - FPS : 15.41                              
=============================================
=============================================
* Benchmark Result (single input)
  - FPS : 15.35                              
=============================================
=============================================
* Benchmark Result (single input)
  - FPS : 15.29                              
=============================================
=============================================
* Benchmark Result (single input)
  - FPS : 15.38                              
=============================================
=============================================
* Benchmark Result (single input)
  - FPS : 15.35                              
=============================================
=============================================
* Benchmark Result (single input)
  - FPS : 15.29                              
=============================================
=============================================
* Benchmark Result (single input)
  - FPS : 15.32                              
=============================================
=============================================
* Benchmark Result (single input)
  - FPS : 15.24                              
=============================================
=============================================
* Benchmark Result (single input)
  - FPS : 15.34                              
=============================================
=============================================
* Benchmark Result (single input)
  - FPS : 15.33                              
=============================================
=============================================
* Benchmark Result (single input)
  - FPS : 15.40                              
=============================================
=============================================
* Benchmark Result (single input)
  - FPS : 15.29                              
=============================================
=============================================
* Benchmark Result (single input)
  - FPS : 15.35                              
=============================================
=============================================
* Benchmark Result (single input)
  - FPS : 15.31                              
=============================================
=============================================
* Benchmark Result (single input)
  - FPS : 15.32                              
=============================================
=============================================
* Benchmark Result (single input)
  - FPS : 15.30                              
=============================================
=============================================
* Benchmark Result (single input)
  - FPS : 15.33                              
=============================================
=============================================
* Benchmark Result (single input)
  - FPS : 15.32                              
=============================================
=============================================
* Benchmark Result (single input)
  - FPS : 15.24                              
=============================================
=============================================
* Benchmark Result (single input)
  - FPS : 15.29                              
=============================================
=============================================
* Benchmark Result (single input)
  - FPS : 15.35                              
=============================================
=============================================
* Benchmark Result (single input)
  - FPS : 15.40                              
=============================================
=============================================
* Benchmark Result (single input)
  - FPS : 15.30                              
=============================================
=============================================
* Benchmark Result (single input)
  - FPS : 15.35                              
=============================================
=============================================
* Benchmark Result (single input)
  - FPS : 15.30                              
=============================================
=============================================
* Benchmark Result (single input)
  - FPS : 15.28                              
=============================================
=============================================
* Benchmark Result (single input)
  - FPS : 15.33                              
=============================================
=============================================
* Benchmark Result (single input)
  - FPS : 15.32                              
=============================================
=============================================
* Benchmark Result (single input)
  - FPS : 15.34                              
=============================================
=============================================
* Benchmark Result (single input)
  - FPS : 15.29                              
=============================================
=============================================
* Benchmark Result (single input)
  - FPS : 15.36                              
=============================================
=============================================
* Benchmark Result (single input)
  - FPS : 15.34                              
=============================================
=============================================
* Benchmark Result (single input)
  - FPS : 15.33                              
=============================================
=============================================
* Benchmark Result (single input)
  - FPS : 15.44                              
=============================================
=============================================
* Benchmark Result (single input)
  - FPS : 15.37                              
=============================================
=============================================
* Benchmark Result (single input)
  - FPS : 15.43                              
=============================================
=============================================
* Benchmark Result (single input)
  - FPS : 15.34                              
=============================================
=============================================
* Benchmark Result (single input)
  - FPS : 15.32                              
=============================================
=============================================
* Benchmark Result (single input)
  - FPS : 15.41                              
=============================================
=============================================
* Benchmark Result (single input)
  - FPS : 15.31                              
=============================================
=============================================
* Benchmark Result (single input)
  - FPS : 15.28                              
=============================================
=============================================
* Benchmark Result (single input)
  - FPS : 15.37                              
=============================================
=============================================
* Benchmark Result (single input)
  - FPS : 15.26                              
=============================================
=============================================
* Benchmark Result (single input)
  - FPS : 14.82                              
=============================================
=============================================
* Benchmark Result (single input)
  - FPS : 15.42                              
=============================================
=============================================
* Benchmark Result (single input)
  - FPS : 15.30                              
=============================================
=============================================
* Benchmark Result (single input)
  - FPS : 15.33                              
=============================================
=============================================
* Benchmark Result (single input)
  - FPS : 15.31                              
=============================================
=============================================
* Benchmark Result (single input)
  - FPS : 15.27                              
=============================================
=============================================
* Benchmark Result (single input)
  - FPS : 15.28                              
=============================================
=============================================
* Benchmark Result (single input)
  - FPS : 15.34                              
=============================================
=============================================
* Benchmark Result (single input)
  - FPS : 15.40                              
=============================================
=============================================
* Benchmark Result (single input)
  - FPS : 15.41                              
=============================================
=============================================
* Benchmark Result (single input)
  - FPS : 15.27                              
=============================================
=============================================
* Benchmark Result (single input)
  - FPS : 15.35                              
=============================================
=============================================
* Benchmark Result (single input)
  - FPS : 15.30                              
=============================================
=============================================
* Benchmark Result (single input)
  - FPS : 15.33                              
=============================================
=============================================
* Benchmark Result (single input)
  - FPS : 15.30                              
=============================================
=============================================
* Benchmark Result (single input)
  - FPS : 15.41                              
=============================================
=============================================
* Benchmark Result (single input)
  - FPS : 15.40                              
=============================================
=============================================
* Benchmark Result (single input)
  - FPS : 15.30                              
=============================================
=============================================
* Benchmark Result (single input)
  - FPS : 15.35                              
=============================================
=============================================
* Benchmark Result (single input)
  - FPS : 15.36                              
=============================================
=============================================
* Benchmark Result (single input)
  - FPS : 15.23                              
=============================================
=============================================
* Benchmark Result (single input)
  - FPS : 15.39                              
=============================================
=============================================
* Benchmark Result (single input)
  - FPS : 15.43                              
=============================================
=============================================
* Benchmark Result (single input)
  - FPS : 15.41                              
=============================================
=============================================
* Benchmark Result (single input)
  - FPS : 15.33                              
=============================================
=============================================
* Benchmark Result (single input)
  - FPS : 15.27                              
=============================================
=============================================
* Benchmark Result (single input)
  - FPS : 15.38                              
=============================================
=============================================
* Benchmark Result (single input)
  - FPS : 15.27                              
=============================================
=============================================
* Benchmark Result (single input)
  - FPS : 15.34                              
=============================================
=============================================
* Benchmark Result (single input)
  - FPS : 15.36                              
=============================================
=============================================
* Benchmark Result (single input)
  - FPS : 15.38                              
=============================================
=============================================
* Benchmark Result (single input)
  - FPS : 14.17                              
=============================================
=============================================
* Benchmark Result (single input)
  - FPS : 15.30                              
=============================================
=============================================
* Benchmark Result (single input)
  - FPS : 15.32                              
=============================================
=============================================
* Benchmark Result (single input)
  - FPS : 15.30                              
=============================================
=============================================
* Benchmark Result (single input)
  - FPS : 15.33                              
=============================================
=============================================
* Benchmark Result (single input)
  - FPS : 15.35                              
=============================================
=============================================
* Benchmark Result (single input)
  - FPS : 15.31                              
=============================================
=============================================
* Benchmark Result (single input)
  - FPS : 15.32                              
=============================================
=============================================
* Benchmark Result (single input)
  - FPS : 15.37                              
=============================================
=============================================
* Benchmark Result (single input)
  - FPS : 15.39                              
=============================================
=============================================
* Benchmark Result (single input)
  - FPS : 15.34                              
=============================================
=============================================
* Benchmark Result (single input)
  - FPS : 15.31                              
=============================================
=============================================
* Benchmark Result (single input)
  - FPS : 15.32                              
=============================================
=============================================
* Benchmark Result (single input)
  - FPS : 15.28                              
=============================================
=============================================
* Benchmark Result (single input)
  - FPS : 15.31                              
=============================================
=============================================
* Benchmark Result (single input)
  - FPS : 15.36                              
=============================================
=============================================
* Benchmark Result (single input)
  - FPS : 15.32                              
=============================================
=============================================
* Benchmark Result (single input)
  - FPS : 15.28                              
=============================================
=============================================
* Benchmark Result (single input)
  - FPS : 15.37                              
=============================================
=============================================
* Benchmark Result (single input)
  - FPS : 15.26                              
=============================================
=============================================
* Benchmark Result (single input)
  - FPS : 15.27                              
=============================================
=============================================
* Benchmark Result (single input)
  - FPS : 15.39                              
=============================================
=============================================
* Benchmark Result (single input)
  - FPS : 15.39                              
=============================================
=============================================
* Benchmark Result (single input)
  - FPS : 15.39                              
=============================================
=============================================
* Benchmark Result (single input)
  - FPS : 15.37                              
=============================================
=============================================
* Benchmark Result (single input)
  - FPS : 15.33                              
=============================================
=============================================
* Benchmark Result (single input)
  - FPS : 15.39                              
=============================================
=============================================
* Benchmark Result (single input)
  - FPS : 15.31                              
=============================================
=============================================
* Benchmark Result (single input)
  - FPS : 15.29                              
=============================================
=============================================
* Benchmark Result (single input)
  - FPS : 15.33                              
=============================================
=============================================
* Benchmark Result (single input)
  - FPS : 15.32                              
=============================================
=============================================
* Benchmark Result (single input)
  - FPS : 13.77                              
=============================================
=============================================
* Benchmark Result (single input)
  - FPS : 15.42                              
=============================================
=============================================
* Benchmark Result (single input)
  - FPS : 15.33                              
=============================================
=============================================
* Benchmark Result (single input)
  - FPS : 15.29                              
=============================================
=============================================
* Benchmark Result (single input)
  - FPS : 15.34                              
=============================================
=============================================
* Benchmark Result (single input)
  - FPS : 15.32                              
=============================================
=============================================
* Benchmark Result (single input)
  - FPS : 15.36                              
=============================================
=============================================
* Benchmark Result (single input)
  - FPS : 15.34                              
=============================================
=============================================
* Benchmark Result (single input)
  - FPS : 15.40                              
=============================================
=============================================
* Benchmark Result (single input)
  - FPS : 15.32                              
=============================================
=============================================
* Benchmark Result (single input)
  - FPS : 15.34                              
=============================================
=============================================
* Benchmark Result (single input)
  - FPS : 15.35                              
=============================================
=============================================
* Benchmark Result (single input)
  - FPS : 15.30                              
=============================================
=============================================
* Benchmark Result (single input)
  - FPS : 15.33                              
=============================================
=============================================
* Benchmark Result (single input)
  - FPS : 15.31                              
=============================================
=============================================
* Benchmark Result (single input)
  - FPS : 15.40                              
=============================================
=============================================
* Benchmark Result (single input)
  - FPS : 15.25                              
=============================================
=============================================
* Benchmark Result (single input)
  - FPS : 15.29                              
=============================================
=============================================
* Benchmark Result (single input)
  - FPS : 15.34                              
=============================================
=============================================
* Benchmark Result (single input)
  - FPS : 15.28                              
=============================================
=============================================
* Benchmark Result (single input)
  - FPS : 15.25                              
=============================================
=============================================
* Benchmark Result (single input)
  - FPS : 15.37                              
=============================================
=============================================
* Benchmark Result (single input)
  - FPS : 15.29                              
=============================================
=============================================
* Benchmark Result (single input)
  - FPS : 15.26                              
=============================================
=============================================
* Benchmark Result (single input)
  - FPS : 15.34                              
=============================================
=============================================
* Benchmark Result (single input)
  - FPS : 15.34                              
=============================================
=============================================
* Benchmark Result (single input)
  - FPS : 15.30                              
=============================================
=============================================
* Benchmark Result (single input)
  - FPS : 15.28                              
=============================================
=============================================
* Benchmark Result (single input)
  - FPS : 15.29                              
=============================================
=============================================
* Benchmark Result (single input)
  - FPS : 15.37                              
=============================================
=============================================
* Benchmark Result (single input)
  - FPS : 15.46                              
=============================================
=============================================
* Benchmark Result (single input)
  - FPS : 14.59                              
=============================================
=============================================
* Benchmark Result (single input)
  - FPS : 15.35                              
=============================================
=============================================
* Benchmark Result (single input)
  - FPS : 15.25                              
=============================================
=============================================
* Benchmark Result (single input)
  - FPS : 15.29                              
=============================================
=============================================
* Benchmark Result (single input)
  - FPS : 15.37                              
=============================================
=============================================
* Benchmark Result (single input)
  - FPS : 15.34                              
=============================================
=============================================
* Benchmark Result (single input)
  - FPS : 15.39                              
=============================================
=============================================
* Benchmark Result (single input)
  - FPS : 15.36                              
=============================================
=============================================
* Benchmark Result (single input)
  - FPS : 15.34                              
=============================================
=============================================
* Benchmark Result (single input)
  - FPS : 15.37                              
=============================================
=============================================
* Benchmark Result (single input)
  - FPS : 15.30                              
=============================================
=============================================
* Benchmark Result (single input)
  - FPS : 15.37                              
=============================================
=============================================
* Benchmark Result (single input)
  - FPS : 15.32                              
=============================================
=============================================
* Benchmark Result (single input)
  - FPS : 15.25                              
=============================================
=============================================
* Benchmark Result (single input)
  - FPS : 15.26                              
=============================================
=============================================
* Benchmark Result (single input)
  - FPS : 15.36                              
=============================================
=============================================
* Benchmark Result (single input)
  - FPS : 15.33                              
=============================================
=============================================
* Benchmark Result (single input)
  - FPS : 15.24                              
=============================================
=============================================
* Benchmark Result (single input)
  - FPS : 15.31                              
=============================================
=============================================
* Benchmark Result (single input)
  - FPS : 15.27                              
=============================================
=============================================
* Benchmark Result (single input)
  - FPS : 15.26                              
=============================================
=============================================
* Benchmark Result (single input)
  - FPS : 15.41                              
=============================================
=============================================
* Benchmark Result (single input)
  - FPS : 15.31                              
=============================================
=============================================
* Benchmark Result (single input)
  - FPS : 15.29                              
=============================================
=============================================
* Benchmark Result (single input)
  - FPS : 15.33                              
=============================================
=============================================
* Benchmark Result (single input)
  - FPS : 15.22                              
=============================================
=============================================
* Benchmark Result (single input)
  - FPS : 15.37                              
=============================================
=============================================
* Benchmark Result (single input)
  - FPS : 15.28                              
=============================================
=============================================
* Benchmark Result (single input)
  - FPS : 15.24                              
=============================================
=============================================
* Benchmark Result (single input)
  - FPS : 15.33                              
=============================================
=============================================
* Benchmark Result (single input)
  - FPS : 14.17                              
=============================================
=============================================
* Benchmark Result (single input)
  - FPS : 15.33                              
=============================================
=============================================
* Benchmark Result (single input)
  - FPS : 15.24                              
=============================================
=============================================
* Benchmark Result (single input)
  - FPS : 15.28                              
=============================================
=============================================
* Benchmark Result (single input)
  - FPS : 15.31                              
=============================================
=============================================
* Benchmark Result (single input)
  - FPS : 15.28                              
=============================================
=============================================
* Benchmark Result (single input)
  - FPS : 15.30                              
=============================================
=============================================
* Benchmark Result (single input)
  - FPS : 15.31                              
=============================================
=============================================
* Benchmark Result (single input)
  - FPS : 15.40                              
=============================================
=============================================
* Benchmark Result (single input)
  - FPS : 15.32                              
=============================================
=============================================
* Benchmark Result (single input)
  - FPS : 15.31                              
=============================================
=============================================
* Benchmark Result (single input)
  - FPS : 15.36                              
=============================================
=============================================
* Benchmark Result (single input)
  - FPS : 15.32                              
=============================================
=============================================
* Benchmark Result (single input)
  - FPS : 15.34                              
=============================================
=============================================
* Benchmark Result (single input)
  - FPS : 15.26                              
=============================================
=============================================
* Benchmark Result (single input)
  - FPS : 15.21                              
=============================================
=============================================
* Benchmark Result (single input)
  - FPS : 15.29                              
=============================================
=============================================
* Benchmark Result (single input)
  - FPS : 15.35                              
=============================================
=============================================
* Benchmark Result (single input)
  - FPS : 15.39                              
=============================================
=============================================
* Benchmark Result (single input)
  - FPS : 15.33                              
=============================================
=============================================
* Benchmark Result (single input)
  - FPS : 15.25                              
=============================================
=============================================
* Benchmark Result (single input)
  - FPS : 15.27                              
=============================================
=============================================
* Benchmark Result (single input)
  - FPS : 15.27                              
=============================================
=============================================
* Benchmark Result (single input)
  - FPS : 15.33                              
=============================================
=============================================
* Benchmark Result (single input)
  - FPS : 15.32                              
=============================================
=============================================
* Benchmark Result (single input)
  - FPS : 15.31                              
=============================================
=============================================
* Benchmark Result (single input)
  - FPS : 15.35                              
=============================================
=============================================
* Benchmark Result (single input)
  - FPS : 15.27                              
=============================================
=============================================
* Benchmark Result (single input)
  - FPS : 15.25                              
=============================================
=============================================
* Benchmark Result (single input)
  - FPS : 15.30                              
=============================================
=============================================
* Benchmark Result (single input)
  - FPS : 15.26                              
=============================================
=============================================
* Benchmark Result (single input)
  - FPS : 15.38                              
=============================================
=============================================
* Benchmark Result (single input)
  - FPS : 15.24                              
=============================================
=============================================
* Benchmark Result (single input)
  - FPS : 15.36                              
=============================================
=============================================
* Benchmark Result (single input)
  - FPS : 15.30                              
=============================================
=============================================
* Benchmark Result (single input)
  - FPS : 15.30                              
=============================================
=============================================
* Benchmark Result (single input)
  - FPS : 15.32                              
=============================================
=============================================
* Benchmark Result (single input)
  - FPS : 15.26                              
=============================================
=============================================
* Benchmark Result (single input)
  - FPS : 15.28                              
=============================================
=============================================
* Benchmark Result (single input)
  - FPS : 15.34                              
=============================================
=============================================
* Benchmark Result (single input)
  - FPS : 15.30                              
=============================================
=============================================
* Benchmark Result (single input)
  - FPS : 15.31                              
=============================================
=============================================
* Benchmark Result (single input)
  - FPS : 15.35                              
=============================================
=============================================
* Benchmark Result (single input)
  - FPS : 15.33                              
=============================================
=============================================
* Benchmark Result (single input)
  - FPS : 15.34                              
=============================================
=============================================
* Benchmark Result (single input)
  - FPS : 15.40                              
=============================================
=============================================
* Benchmark Result (single input)
  - FPS : 15.32                              
=============================================
=============================================
* Benchmark Result (single input)
  - FPS : 15.32                              
=============================================
=============================================
* Benchmark Result (single input)
  - FPS : 15.28                              
=============================================
=============================================
* Benchmark Result (single input)
  - FPS : 15.33                              
=============================================
=============================================
* Benchmark Result (single input)
  - FPS : 15.31                              
=============================================
=============================================
* Benchmark Result (single input)
  - FPS : 15.36                              
=============================================
=============================================
* Benchmark Result (single input)
  - FPS : 15.38                              
=============================================
=============================================
* Benchmark Result (single input)
  - FPS : 15.22                              
=============================================
=============================================
* Benchmark Result (single input)
  - FPS : 15.29                              
=============================================
=============================================
* Benchmark Result (single input)
  - FPS : 15.26                              
=============================================
=============================================
* Benchmark Result (single input)
  - FPS : 15.28                              
=============================================
=============================================
* Benchmark Result (single input)
  - FPS : 15.32                              
=============================================
=============================================
* Benchmark Result (single input)
  - FPS : 15.28                              
=============================================
=============================================
* Benchmark Result (single input)
  - FPS : 15.34                              
=============================================
=============================================
* Benchmark Result (single input)
  - FPS : 15.30                              
=============================================
=============================================
* Benchmark Result (single input)
  - FPS : 15.26                              
=============================================
=============================================
* Benchmark Result (single input)
  - FPS : 15.39                              
=============================================
=============================================
* Benchmark Result (single input)
  - FPS : 15.04                              
=============================================
=============================================
* Benchmark Result (single input)
  - FPS : 15.28                              
=============================================
=============================================
* Benchmark Result (single input)
  - FPS : 15.32                              
=============================================
=============================================
* Benchmark Result (single input)
  - FPS : 15.29                              
=============================================
=============================================
* Benchmark Result (single input)
  - FPS : 15.33                              
=============================================
=============================================
* Benchmark Result (single input)
  - FPS : 15.33                              
=============================================
=============================================
* Benchmark Result (single input)
  - FPS : 15.36                              
=============================================
=============================================
* Benchmark Result (single input)
  - FPS : 15.36                              
=============================================
=============================================
* Benchmark Result (single input)
  - FPS : 15.32                              
=============================================
=============================================
* Benchmark Result (single input)
  - FPS : 15.35                              
=============================================
=============================================
* Benchmark Result (single input)
  - FPS : 15.32                              
=============================================
=============================================
* Benchmark Result (single input)
  - FPS : 15.27                              
=============================================
=============================================
* Benchmark Result (single input)
  - FPS : 15.32                              
=============================================
=============================================
* Benchmark Result (single input)
  - FPS : 15.23                              
=============================================
=============================================
* Benchmark Result (single input)
  - FPS : 15.32                              
=============================================
=============================================
* Benchmark Result (single input)
  - FPS : 15.32                              
=============================================
=============================================
* Benchmark Result (single input)
  - FPS : 15.36                              
=============================================
=============================================
* Benchmark Result (single input)
  - FPS : 15.29                              
=============================================
=============================================
* Benchmark Result (single input)
  - FPS : 15.32                              
=============================================
=============================================
* Benchmark Result (single input)
  - FPS : 15.32                              
=============================================
=============================================
* Benchmark Result (single input)
  - FPS : 15.30                              
=============================================
=============================================
* Benchmark Result (single input)
  - FPS : 15.26                              
=============================================
=============================================
* Benchmark Result (single input)
  - FPS : 15.37                              
=============================================
=============================================
* Benchmark Result (single input)
  - FPS : 15.25                              
=============================================
=============================================
* Benchmark Result (single input)
  - FPS : 15.33                              
=============================================
=============================================
* Benchmark Result (single input)
  - FPS : 15.32                              
=============================================
=============================================
* Benchmark Result (single input)
  - FPS : 15.28                              
=============================================
=============================================
* Benchmark Result (single input)
  - FPS : 15.36                              
=============================================
=============================================
* Benchmark Result (single input)
  - FPS : 15.34                              
=============================================
=============================================
* Benchmark Result (single input)
  - FPS : 15.27                              
=============================================
=============================================
* Benchmark Result (single input)
  - FPS : 15.34                              
=============================================
=============================================
* Benchmark Result (single input)
  - FPS : 14.80                              
=============================================
=============================================
* Benchmark Result (single input)
  - FPS : 15.36                              
=============================================
=============================================
* Benchmark Result (single input)
  - FPS : 15.24                              
=============================================
=============================================
* Benchmark Result (single input)
  - FPS : 15.23                              
=============================================
=============================================
* Benchmark Result (single input)
  - FPS : 15.30                              
=============================================
=============================================
* Benchmark Result (single input)
  - FPS : 15.34                              
=============================================
=============================================
* Benchmark Result (single input)
  - FPS : 15.33                              
=============================================
=============================================
* Benchmark Result (single input)
  - FPS : 15.28                              
=============================================
=============================================
* Benchmark Result (single input)
  - FPS : 15.33                              
=============================================
Profiler data has been written to profiler.json
  -------------------------------------------------------------------------------
  | Device 0                                                                    |
  |            Name                |  min (us)    |  max (us)    | average (us) |
  -------------------------------------------------------------------------------
  |                    Buffer Wait |            2 |            8 |       4.2392 |
  |       NPU Input Format Handler |            1 |            4 |      1.68106 |
  |                     PCIe Write |         3914 |         4049 |       3971.8 |
  |                       NPU Core |        50532 |        51321 |      50943.5 |
  |                      PCIe Read |         5098 |         5675 |      5139.46 |
  |      NPU Output Format Handler |         3193 |         4555 |      4242.29 |
  |                       NPU Task |        64009 |        71924 |      64685.4 |
  -------------------------------------------------------------------------------

__CPU_PERCENT__=9%
