Runtime Framework Version: v3.3.2
Device Driver Version: v2.4.1
PCIe Driver Version: v2.2.0

modelFile: /home/deepx/sijo_feat_windows_env/dx_stream/apps/benchmark/assets/models_dxnn_v2.3.0/yolo26x-cls.dxnn
inputFile: 
outputFile: output.bin
benchmark: 0
loops: 30
Device specification: 'all' (default)
Run model target mode : Benchmark Mode
Inference by time: duration=30(s)

=== Model File: /home/deepx/sijo_feat_windows_env/dx_stream/apps/benchmark/assets/models_dxnn_v2.3.0/yolo26x-cls.dxnn ===

Model Input Tensors:
  - images
Model Output Tensors:
  - output0

Tasks:
  [ ] -> npu_0 -> []
  Task[0] npu_0, NPU, NPU memory usage 50,983,936 bytes (input 150,528 bytes, output 4,000 bytes), mem_usage:71,154,688 bytes
  Inputs
     -  images, UINT8, [1, 224, 224, 3 ]
  Outputs
    -  output0, FLOAT, [1, 1000 ]


Performing 1 warmup run(s)...
Warmup completed.
Inference by time: total-inference-time=30.0171(s) total-loops=13476
=============================================
* Benchmark Result (13476 inputs)
  - FPS : 448.94                             
=============================================

__CPU_PERCENT__=9%
