Runtime Framework Version: v3.3.2
Device Driver Version: v2.4.1
PCIe Driver Version: v2.2.0

modelFile: /home/deepx/sijo_feat_windows_env/dx_stream/apps/benchmark/assets/models_dxnn_v2.3.0/yolo26s-pose.dxnn
inputFile: 
outputFile: output.bin
benchmark: 0
loops: 300
Device specification: 'all' (default)
[INFO] Profiler is enabled.
Run model target mode : Single Mode
Inference by loops: count=300

=== Model File: /home/deepx/sijo_feat_windows_env/dx_stream/apps/benchmark/assets/models_dxnn_v2.3.0/yolo26s-pose.dxnn ===

Model Input Tensors:
  - images
Model Output Tensors:
  - output0

Tasks:
  [ ] -> npu_0 -> [cpu_0, ]
  Task[0] npu_0, NPU, NPU memory usage 166,422,400 bytes (input 1,228,800 bytes, output 1,881,600 bytes), mem_usage:320,944,000 bytes
  Inputs
     -  images, UINT8, [1, 640, 640, 3 ]
  Outputs
    -  /model.23/one2one_cv4_kpts.0/Conv_output_0, FLOAT, [1, 51, 80, 80 ]
    -  /model.23/one2one_cv2.0/one2one_cv2.0.2/Conv_output_0, FLOAT, [1, 4, 80, 80 ]
    -  /model.23/one2one_cv4_kpts.1/Conv_output_0, FLOAT, [1, 51, 40, 40 ]
    -  /model.23/one2one_cv2.1/one2one_cv2.1.2/Conv_output_0, FLOAT, [1, 4, 40, 40 ]
    -  /model.23/one2one_cv3.0/one2one_cv3.0.2/Conv_output_0, FLOAT, [1, 1, 80, 80 ]
    -  /model.23/one2one_cv3.1/one2one_cv3.1.2/Conv_output_0, FLOAT, [1, 1, 40, 40 ]
    -  /model.23/one2one_cv2.2/one2one_cv2.2.2/Conv_output_0, FLOAT, [1, 4, 20, 20 ]
    -  /model.23/one2one_cv4_kpts.2/Conv_output_0, FLOAT, [1, 51, 20, 20 ]
    -  /model.23/one2one_cv3.2/one2one_cv3.2.2/Conv_output_0, FLOAT, [1, 1, 20, 20 ]

  [ npu_0, ] -> cpu_0 -> []
  Task[1] cpu_0, CPU, input 1,881,600 bytes, output 69,600 bytes
  Inputs
     -  /model.23/one2one_cv2.0/one2one_cv2.0.2/Conv_output_0, FLOAT, [1, 4, 80, 80 ]
     -  /model.23/one2one_cv2.2/one2one_cv2.2.2/Conv_output_0, FLOAT, [1, 4, 20, 20 ]
     -  /model.23/one2one_cv2.1/one2one_cv2.1.2/Conv_output_0, FLOAT, [1, 4, 40, 40 ]
     -  /model.23/one2one_cv3.0/one2one_cv3.0.2/Conv_output_0, FLOAT, [1, 1, 80, 80 ]
     -  /model.23/one2one_cv3.1/one2one_cv3.1.2/Conv_output_0, FLOAT, [1, 1, 40, 40 ]
     -  /model.23/one2one_cv3.2/one2one_cv3.2.2/Conv_output_0, FLOAT, [1, 1, 20, 20 ]
     -  /model.23/one2one_cv4_kpts.0/Conv_output_0, FLOAT, [1, 51, 80, 80 ]
     -  /model.23/one2one_cv4_kpts.1/Conv_output_0, FLOAT, [1, 51, 40, 40 ]
     -  /model.23/one2one_cv4_kpts.2/Conv_output_0, FLOAT, [1, 51, 20, 20 ]
  Outputs
     -  /model.23/TopK_output_0, FLOAT, [1, 300 ]
     -  output0, FLOAT, [1, 300, 57 ]


Performing 1 warmup run(s)...
Warmup completed.
=============================================
* Benchmark Result (single input)
  - FPS : 33.23                              
=============================================
=============================================
* Benchmark Result (single input)
  - FPS : 33.22                              
=============================================
=============================================
* Benchmark Result (single input)
  - FPS : 33.22                              
=============================================
=============================================
* Benchmark Result (single input)
  - FPS : 33.01                              
=============================================
=============================================
* Benchmark Result (single input)
  - FPS : 32.60                              
=============================================
=============================================
* Benchmark Result (single input)
  - FPS : 32.65                              
=============================================
=============================================
* Benchmark Result (single input)
  - FPS : 32.66                              
=============================================
=============================================
* Benchmark Result (single input)
  - FPS : 33.05                              
=============================================
=============================================
* Benchmark Result (single input)
  - FPS : 32.95                              
=============================================
=============================================
* Benchmark Result (single input)
  - FPS : 30.94                              
=============================================
=============================================
* Benchmark Result (single input)
  - FPS : 33.02                              
=============================================
=============================================
* Benchmark Result (single input)
  - FPS : 32.94                              
=============================================
=============================================
* Benchmark Result (single input)
  - FPS : 33.04                              
=============================================
=============================================
* Benchmark Result (single input)
  - FPS : 32.79                              
=============================================
=============================================
* Benchmark Result (single input)
  - FPS : 32.97                              
=============================================
=============================================
* Benchmark Result (single input)
  - FPS : 32.95                              
=============================================
=============================================
* Benchmark Result (single input)
  - FPS : 32.99                              
=============================================
=============================================
* Benchmark Result (single input)
  - FPS : 32.96                              
=============================================
=============================================
* Benchmark Result (single input)
  - FPS : 33.02                              
=============================================
=============================================
* Benchmark Result (single input)
  - FPS : 32.98                              
=============================================
=============================================
* Benchmark Result (single input)
  - FPS : 32.70                              
=============================================
=============================================
* Benchmark Result (single input)
  - FPS : 32.59                              
=============================================
=============================================
* Benchmark Result (single input)
  - FPS : 32.62                              
=============================================
=============================================
* Benchmark Result (single input)
  - FPS : 32.60                              
=============================================
=============================================
* Benchmark Result (single input)
  - FPS : 32.94                              
=============================================
=============================================
* Benchmark Result (single input)
  - FPS : 29.53                              
=============================================
=============================================
* Benchmark Result (single input)
  - FPS : 33.03                              
=============================================
=============================================
* Benchmark Result (single input)
  - FPS : 32.68                              
=============================================
=============================================
* Benchmark Result (single input)
  - FPS : 32.41                              
=============================================
=============================================
* Benchmark Result (single input)
  - FPS : 32.61                              
=============================================
=============================================
* Benchmark Result (single input)
  - FPS : 32.66                              
=============================================
=============================================
* Benchmark Result (single input)
  - FPS : 32.63                              
=============================================
=============================================
* Benchmark Result (single input)
  - FPS : 32.69                              
=============================================
=============================================
* Benchmark Result (single input)
  - FPS : 32.61                              
=============================================
=============================================
* Benchmark Result (single input)
  - FPS : 32.67                              
=============================================
=============================================
* Benchmark Result (single input)
  - FPS : 32.64                              
=============================================
=============================================
* Benchmark Result (single input)
  - FPS : 32.50                              
=============================================
=============================================
* Benchmark Result (single input)
  - FPS : 32.87                              
=============================================
=============================================
* Benchmark Result (single input)
  - FPS : 32.59                              
=============================================
=============================================
* Benchmark Result (single input)
  - FPS : 32.88                              
=============================================
=============================================
* Benchmark Result (single input)
  - FPS : 32.66                              
=============================================
=============================================
* Benchmark Result (single input)
  - FPS : 32.57                              
=============================================
=============================================
* Benchmark Result (single input)
  - FPS : 30.56                              
=============================================
=============================================
* Benchmark Result (single input)
  - FPS : 32.66                              
=============================================
=============================================
* Benchmark Result (single input)
  - FPS : 32.63                              
=============================================
=============================================
* Benchmark Result (single input)
  - FPS : 32.58                              
=============================================
=============================================
* Benchmark Result (single input)
  - FPS : 32.67                              
=============================================
=============================================
* Benchmark Result (single input)
  - FPS : 32.96                              
=============================================
=============================================
* Benchmark Result (single input)
  - FPS : 32.91                              
=============================================
=============================================
* Benchmark Result (single input)
  - FPS : 32.93                              
=============================================
=============================================
* Benchmark Result (single input)
  - FPS : 32.94                              
=============================================
=============================================
* Benchmark Result (single input)
  - FPS : 33.08                              
=============================================
=============================================
* Benchmark Result (single input)
  - FPS : 32.93                              
=============================================
=============================================
* Benchmark Result (single input)
  - FPS : 32.67                              
=============================================
=============================================
* Benchmark Result (single input)
  - FPS : 32.66                              
=============================================
=============================================
* Benchmark Result (single input)
  - FPS : 32.62                              
=============================================
=============================================
* Benchmark Result (single input)
  - FPS : 32.60                              
=============================================
=============================================
* Benchmark Result (single input)
  - FPS : 32.64                              
=============================================
=============================================
* Benchmark Result (single input)
  - FPS : 30.89                              
=============================================
=============================================
* Benchmark Result (single input)
  - FPS : 32.67                              
=============================================
=============================================
* Benchmark Result (single input)
  - FPS : 33.01                              
=============================================
=============================================
* Benchmark Result (single input)
  - FPS : 32.98                              
=============================================
=============================================
* Benchmark Result (single input)
  - FPS : 32.88                              
=============================================
=============================================
* Benchmark Result (single input)
  - FPS : 32.61                              
=============================================
=============================================
* Benchmark Result (single input)
  - FPS : 32.70                              
=============================================
=============================================
* Benchmark Result (single input)
  - FPS : 32.65                              
=============================================
=============================================
* Benchmark Result (single input)
  - FPS : 32.62                              
=============================================
=============================================
* Benchmark Result (single input)
  - FPS : 32.66                              
=============================================
=============================================
* Benchmark Result (single input)
  - FPS : 32.63                              
=============================================
=============================================
* Benchmark Result (single input)
  - FPS : 32.57                              
=============================================
=============================================
* Benchmark Result (single input)
  - FPS : 32.96                              
=============================================
=============================================
* Benchmark Result (single input)
  - FPS : 32.97                              
=============================================
=============================================
* Benchmark Result (single input)
  - FPS : 32.97                              
=============================================
=============================================
* Benchmark Result (single input)
  - FPS : 32.97                              
=============================================
=============================================
* Benchmark Result (single input)
  - FPS : 32.92                              
=============================================
=============================================
* Benchmark Result (single input)
  - FPS : 29.32                              
=============================================
=============================================
* Benchmark Result (single input)
  - FPS : 32.57                              
=============================================
=============================================
* Benchmark Result (single input)
  - FPS : 32.66                              
=============================================
=============================================
* Benchmark Result (single input)
  - FPS : 32.63                              
=============================================
=============================================
* Benchmark Result (single input)
  - FPS : 32.61                              
=============================================
=============================================
* Benchmark Result (single input)
  - FPS : 32.58                              
=============================================
=============================================
* Benchmark Result (single input)
  - FPS : 32.67                              
=============================================
=============================================
* Benchmark Result (single input)
  - FPS : 32.63                              
=============================================
=============================================
* Benchmark Result (single input)
  - FPS : 32.96                              
=============================================
=============================================
* Benchmark Result (single input)
  - FPS : 33.02                              
=============================================
=============================================
* Benchmark Result (single input)
  - FPS : 32.92                              
=============================================
=============================================
* Benchmark Result (single input)
  - FPS : 32.63                              
=============================================
=============================================
* Benchmark Result (single input)
  - FPS : 32.60                              
=============================================
=============================================
* Benchmark Result (single input)
  - FPS : 32.44                              
=============================================
=============================================
* Benchmark Result (single input)
  - FPS : 32.58                              
=============================================
=============================================
* Benchmark Result (single input)
  - FPS : 32.65                              
=============================================
=============================================
* Benchmark Result (single input)
  - FPS : 31.84                              
=============================================
=============================================
* Benchmark Result (single input)
  - FPS : 32.61                              
=============================================
=============================================
* Benchmark Result (single input)
  - FPS : 32.53                              
=============================================
=============================================
* Benchmark Result (single input)
  - FPS : 32.67                              
=============================================
=============================================
* Benchmark Result (single input)
  - FPS : 32.67                              
=============================================
=============================================
* Benchmark Result (single input)
  - FPS : 32.95                              
=============================================
=============================================
* Benchmark Result (single input)
  - FPS : 32.96                              
=============================================
=============================================
* Benchmark Result (single input)
  - FPS : 32.95                              
=============================================
=============================================
* Benchmark Result (single input)
  - FPS : 32.71                              
=============================================
=============================================
* Benchmark Result (single input)
  - FPS : 32.61                              
=============================================
=============================================
* Benchmark Result (single input)
  - FPS : 32.55                              
=============================================
=============================================
* Benchmark Result (single input)
  - FPS : 32.44                              
=============================================
=============================================
* Benchmark Result (single input)
  - FPS : 32.25                              
=============================================
=============================================
* Benchmark Result (single input)
  - FPS : 32.58                              
=============================================
=============================================
* Benchmark Result (single input)
  - FPS : 32.64                              
=============================================
=============================================
* Benchmark Result (single input)
  - FPS : 32.66                              
=============================================
=============================================
* Benchmark Result (single input)
  - FPS : 32.65                              
=============================================
=============================================
* Benchmark Result (single input)
  - FPS : 31.12                              
=============================================
=============================================
* Benchmark Result (single input)
  - FPS : 32.98                              
=============================================
=============================================
* Benchmark Result (single input)
  - FPS : 32.91                              
=============================================
=============================================
* Benchmark Result (single input)
  - FPS : 32.96                              
=============================================
=============================================
* Benchmark Result (single input)
  - FPS : 32.63                              
=============================================
=============================================
* Benchmark Result (single input)
  - FPS : 32.59                              
=============================================
=============================================
* Benchmark Result (single input)
  - FPS : 32.68                              
=============================================
=============================================
* Benchmark Result (single input)
  - FPS : 32.70                              
=============================================
=============================================
* Benchmark Result (single input)
  - FPS : 32.63                              
=============================================
=============================================
* Benchmark Result (single input)
  - FPS : 32.56                              
=============================================
=============================================
* Benchmark Result (single input)
  - FPS : 32.63                              
=============================================
=============================================
* Benchmark Result (single input)
  - FPS : 32.82                              
=============================================
=============================================
* Benchmark Result (single input)
  - FPS : 32.97                              
=============================================
=============================================
* Benchmark Result (single input)
  - FPS : 33.00                              
=============================================
=============================================
* Benchmark Result (single input)
  - FPS : 32.88                              
=============================================
=============================================
* Benchmark Result (single input)
  - FPS : 32.95                              
=============================================
=============================================
* Benchmark Result (single input)
  - FPS : 30.72                              
=============================================
=============================================
* Benchmark Result (single input)
  - FPS : 32.66                              
=============================================
=============================================
* Benchmark Result (single input)
  - FPS : 32.57                              
=============================================
=============================================
* Benchmark Result (single input)
  - FPS : 32.65                              
=============================================
=============================================
* Benchmark Result (single input)
  - FPS : 32.64                              
=============================================
=============================================
* Benchmark Result (single input)
  - FPS : 32.39                              
=============================================
=============================================
* Benchmark Result (single input)
  - FPS : 32.61                              
=============================================
=============================================
* Benchmark Result (single input)
  - FPS : 32.56                              
=============================================
=============================================
* Benchmark Result (single input)
  - FPS : 32.97                              
=============================================
=============================================
* Benchmark Result (single input)
  - FPS : 32.96                              
=============================================
=============================================
* Benchmark Result (single input)
  - FPS : 32.97                              
=============================================
=============================================
* Benchmark Result (single input)
  - FPS : 32.65                              
=============================================
=============================================
* Benchmark Result (single input)
  - FPS : 32.67                              
=============================================
=============================================
* Benchmark Result (single input)
  - FPS : 32.61                              
=============================================
=============================================
* Benchmark Result (single input)
  - FPS : 32.64                              
=============================================
=============================================
* Benchmark Result (single input)
  - FPS : 32.65                              
=============================================
=============================================
* Benchmark Result (single input)
  - FPS : 32.61                              
=============================================
=============================================
* Benchmark Result (single input)
  - FPS : 30.64                              
=============================================
=============================================
* Benchmark Result (single input)
  - FPS : 32.55                              
=============================================
=============================================
* Benchmark Result (single input)
  - FPS : 32.59                              
=============================================
=============================================
* Benchmark Result (single input)
  - FPS : 32.63                              
=============================================
=============================================
* Benchmark Result (single input)
  - FPS : 32.83                              
=============================================
=============================================
* Benchmark Result (single input)
  - FPS : 32.97                              
=============================================
=============================================
* Benchmark Result (single input)
  - FPS : 33.01                              
=============================================
=============================================
* Benchmark Result (single input)
  - FPS : 32.57                              
=============================================
=============================================
* Benchmark Result (single input)
  - FPS : 32.52                              
=============================================
=============================================
* Benchmark Result (single input)
  - FPS : 32.61                              
=============================================
=============================================
* Benchmark Result (single input)
  - FPS : 32.61                              
=============================================
=============================================
* Benchmark Result (single input)
  - FPS : 32.66                              
=============================================
=============================================
* Benchmark Result (single input)
  - FPS : 32.66                              
=============================================
=============================================
* Benchmark Result (single input)
  - FPS : 32.62                              
=============================================
=============================================
* Benchmark Result (single input)
  - FPS : 32.87                              
=============================================
=============================================
* Benchmark Result (single input)
  - FPS : 32.99                              
=============================================
=============================================
* Benchmark Result (single input)
  - FPS : 31.82                              
=============================================
=============================================
* Benchmark Result (single input)
  - FPS : 32.61                              
=============================================
=============================================
* Benchmark Result (single input)
  - FPS : 31.18                              
=============================================
=============================================
* Benchmark Result (single input)
  - FPS : 32.64                              
=============================================
=============================================
* Benchmark Result (single input)
  - FPS : 32.60                              
=============================================
=============================================
* Benchmark Result (single input)
  - FPS : 32.63                              
=============================================
=============================================
* Benchmark Result (single input)
  - FPS : 32.57                              
=============================================
=============================================
* Benchmark Result (single input)
  - FPS : 32.61                              
=============================================
=============================================
* Benchmark Result (single input)
  - FPS : 32.62                              
=============================================
=============================================
* Benchmark Result (single input)
  - FPS : 32.64                              
=============================================
=============================================
* Benchmark Result (single input)
  - FPS : 32.57                              
=============================================
=============================================
* Benchmark Result (single input)
  - FPS : 32.34                              
=============================================
=============================================
* Benchmark Result (single input)
  - FPS : 32.89                              
=============================================
=============================================
* Benchmark Result (single input)
  - FPS : 32.99                              
=============================================
=============================================
* Benchmark Result (single input)
  - FPS : 32.57                              
=============================================
=============================================
* Benchmark Result (single input)
  - FPS : 32.64                              
=============================================
=============================================
* Benchmark Result (single input)
  - FPS : 32.59                              
=============================================
=============================================
* Benchmark Result (single input)
  - FPS : 32.41                              
=============================================
=============================================
* Benchmark Result (single input)
  - FPS : 32.58                              
=============================================
=============================================
* Benchmark Result (single input)
  - FPS : 32.58                              
=============================================
=============================================
* Benchmark Result (single input)
  - FPS : 32.59                              
=============================================
=============================================
* Benchmark Result (single input)
  - FPS : 32.65                              
=============================================
=============================================
* Benchmark Result (single input)
  - FPS : 32.67                              
=============================================
=============================================
* Benchmark Result (single input)
  - FPS : 32.55                              
=============================================
=============================================
* Benchmark Result (single input)
  - FPS : 32.92                              
=============================================
=============================================
* Benchmark Result (single input)
  - FPS : 32.94                              
=============================================
=============================================
* Benchmark Result (single input)
  - FPS : 32.91                              
=============================================
=============================================
* Benchmark Result (single input)
  - FPS : 32.55                              
=============================================
=============================================
* Benchmark Result (single input)
  - FPS : 32.65                              
=============================================
=============================================
* Benchmark Result (single input)
  - FPS : 32.58                              
=============================================
=============================================
* Benchmark Result (single input)
  - FPS : 32.58                              
=============================================
=============================================
* Benchmark Result (single input)
  - FPS : 32.59                              
=============================================
=============================================
* Benchmark Result (single input)
  - FPS : 32.51                              
=============================================
=============================================
* Benchmark Result (single input)
  - FPS : 32.32                              
=============================================
=============================================
* Benchmark Result (single input)
  - FPS : 32.96                              
=============================================
=============================================
* Benchmark Result (single input)
  - FPS : 32.91                              
=============================================
=============================================
* Benchmark Result (single input)
  - FPS : 32.85                              
=============================================
=============================================
* Benchmark Result (single input)
  - FPS : 32.94                              
=============================================
=============================================
* Benchmark Result (single input)
  - FPS : 32.92                              
=============================================
=============================================
* Benchmark Result (single input)
  - FPS : 32.91                              
=============================================
=============================================
* Benchmark Result (single input)
  - FPS : 32.64                              
=============================================
=============================================
* Benchmark Result (single input)
  - FPS : 32.57                              
=============================================
=============================================
* Benchmark Result (single input)
  - FPS : 32.57                              
=============================================
=============================================
* Benchmark Result (single input)
  - FPS : 32.58                              
=============================================
=============================================
* Benchmark Result (single input)
  - FPS : 32.62                              
=============================================
=============================================
* Benchmark Result (single input)
  - FPS : 32.63                              
=============================================
=============================================
* Benchmark Result (single input)
  - FPS : 32.57                              
=============================================
=============================================
* Benchmark Result (single input)
  - FPS : 32.92                              
=============================================
=============================================
* Benchmark Result (single input)
  - FPS : 32.94                              
=============================================
=============================================
* Benchmark Result (single input)
  - FPS : 32.90                              
=============================================
=============================================
* Benchmark Result (single input)
  - FPS : 29.32                              
=============================================
=============================================
* Benchmark Result (single input)
  - FPS : 32.62                              
=============================================
=============================================
* Benchmark Result (single input)
  - FPS : 32.58                              
=============================================
=============================================
* Benchmark Result (single input)
  - FPS : 32.58                              
=============================================
=============================================
* Benchmark Result (single input)
  - FPS : 32.68                              
=============================================
=============================================
* Benchmark Result (single input)
  - FPS : 32.55                              
=============================================
=============================================
* Benchmark Result (single input)
  - FPS : 32.50                              
=============================================
=============================================
* Benchmark Result (single input)
  - FPS : 32.59                              
=============================================
=============================================
* Benchmark Result (single input)
  - FPS : 32.58                              
=============================================
=============================================
* Benchmark Result (single input)
  - FPS : 32.55                              
=============================================
=============================================
* Benchmark Result (single input)
  - FPS : 32.98                              
=============================================
=============================================
* Benchmark Result (single input)
  - FPS : 32.88                              
=============================================
=============================================
* Benchmark Result (single input)
  - FPS : 32.98                              
=============================================
=============================================
* Benchmark Result (single input)
  - FPS : 32.57                              
=============================================
=============================================
* Benchmark Result (single input)
  - FPS : 32.59                              
=============================================
=============================================
* Benchmark Result (single input)
  - FPS : 32.60                              
=============================================
=============================================
* Benchmark Result (single input)
  - FPS : 32.44                              
=============================================
=============================================
* Benchmark Result (single input)
  - FPS : 27.62                              
=============================================
=============================================
* Benchmark Result (single input)
  - FPS : 32.54                              
=============================================
=============================================
* Benchmark Result (single input)
  - FPS : 32.58                              
=============================================
=============================================
* Benchmark Result (single input)
  - FPS : 32.64                              
=============================================
=============================================
* Benchmark Result (single input)
  - FPS : 32.57                              
=============================================
=============================================
* Benchmark Result (single input)
  - FPS : 32.66                              
=============================================
=============================================
* Benchmark Result (single input)
  - FPS : 32.99                              
=============================================
=============================================
* Benchmark Result (single input)
  - FPS : 32.98                              
=============================================
=============================================
* Benchmark Result (single input)
  - FPS : 30.15                              
=============================================
=============================================
* Benchmark Result (single input)
  - FPS : 31.69                              
=============================================
=============================================
* Benchmark Result (single input)
  - FPS : 32.53                              
=============================================
=============================================
* Benchmark Result (single input)
  - FPS : 32.58                              
=============================================
=============================================
* Benchmark Result (single input)
  - FPS : 32.61                              
=============================================
=============================================
* Benchmark Result (single input)
  - FPS : 32.54                              
=============================================
=============================================
* Benchmark Result (single input)
  - FPS : 32.65                              
=============================================
=============================================
* Benchmark Result (single input)
  - FPS : 26.35                              
=============================================
=============================================
* Benchmark Result (single input)
  - FPS : 32.61                              
=============================================
=============================================
* Benchmark Result (single input)
  - FPS : 32.68                              
=============================================
=============================================
* Benchmark Result (single input)
  - FPS : 32.58                              
=============================================
=============================================
* Benchmark Result (single input)
  - FPS : 32.91                              
=============================================
=============================================
* Benchmark Result (single input)
  - FPS : 32.84                              
=============================================
=============================================
* Benchmark Result (single input)
  - FPS : 32.89                              
=============================================
=============================================
* Benchmark Result (single input)
  - FPS : 32.59                              
=============================================
=============================================
* Benchmark Result (single input)
  - FPS : 32.65                              
=============================================
=============================================
* Benchmark Result (single input)
  - FPS : 32.56                              
=============================================
=============================================
* Benchmark Result (single input)
  - FPS : 32.55                              
=============================================
=============================================
* Benchmark Result (single input)
  - FPS : 32.64                              
=============================================
=============================================
* Benchmark Result (single input)
  - FPS : 32.57                              
=============================================
=============================================
* Benchmark Result (single input)
  - FPS : 32.55                              
=============================================
=============================================
* Benchmark Result (single input)
  - FPS : 32.98                              
=============================================
=============================================
* Benchmark Result (single input)
  - FPS : 32.95                              
=============================================
=============================================
* Benchmark Result (single input)
  - FPS : 32.90                              
=============================================
=============================================
* Benchmark Result (single input)
  - FPS : 30.44                              
=============================================
=============================================
* Benchmark Result (single input)
  - FPS : 32.83                              
=============================================
=============================================
* Benchmark Result (single input)
  - FPS : 32.86                              
=============================================
=============================================
* Benchmark Result (single input)
  - FPS : 32.61                              
=============================================
=============================================
* Benchmark Result (single input)
  - FPS : 32.61                              
=============================================
=============================================
* Benchmark Result (single input)
  - FPS : 32.62                              
=============================================
=============================================
* Benchmark Result (single input)
  - FPS : 32.60                              
=============================================
=============================================
* Benchmark Result (single input)
  - FPS : 32.61                              
=============================================
=============================================
* Benchmark Result (single input)
  - FPS : 32.59                              
=============================================
=============================================
* Benchmark Result (single input)
  - FPS : 32.59                              
=============================================
=============================================
* Benchmark Result (single input)
  - FPS : 32.96                              
=============================================
=============================================
* Benchmark Result (single input)
  - FPS : 32.98                              
=============================================
=============================================
* Benchmark Result (single input)
  - FPS : 32.97                              
=============================================
=============================================
* Benchmark Result (single input)
  - FPS : 32.61                              
=============================================
=============================================
* Benchmark Result (single input)
  - FPS : 32.57                              
=============================================
=============================================
* Benchmark Result (single input)
  - FPS : 32.52                              
=============================================
=============================================
* Benchmark Result (single input)
  - FPS : 31.37                              
=============================================
=============================================
* Benchmark Result (single input)
  - FPS : 32.62                              
=============================================
=============================================
* Benchmark Result (single input)
  - FPS : 32.60                              
=============================================
=============================================
* Benchmark Result (single input)
  - FPS : 32.53                              
=============================================
=============================================
* Benchmark Result (single input)
  - FPS : 32.58                              
=============================================
=============================================
* Benchmark Result (single input)
  - FPS : 32.56                              
=============================================
=============================================
* Benchmark Result (single input)
  - FPS : 32.54                              
=============================================
=============================================
* Benchmark Result (single input)
  - FPS : 32.96                              
=============================================
=============================================
* Benchmark Result (single input)
  - FPS : 32.95                              
=============================================
=============================================
* Benchmark Result (single input)
  - FPS : 32.84                              
=============================================
=============================================
* Benchmark Result (single input)
  - FPS : 32.65                              
=============================================
=============================================
* Benchmark Result (single input)
  - FPS : 32.52                              
=============================================
=============================================
* Benchmark Result (single input)
  - FPS : 32.46                              
=============================================
=============================================
* Benchmark Result (single input)
  - FPS : 32.76                              
=============================================
=============================================
* Benchmark Result (single input)
  - FPS : 32.87                              
=============================================
=============================================
* Benchmark Result (single input)
  - FPS : 32.96                              
=============================================
=============================================
* Benchmark Result (single input)
  - FPS : 32.77                              
=============================================
=============================================
* Benchmark Result (single input)
  - FPS : 30.19                              
=============================================
=============================================
* Benchmark Result (single input)
  - FPS : 32.92                              
=============================================
=============================================
* Benchmark Result (single input)
  - FPS : 32.89                              
=============================================
=============================================
* Benchmark Result (single input)
  - FPS : 32.61                              
=============================================
=============================================
* Benchmark Result (single input)
  - FPS : 32.59                              
=============================================
=============================================
* Benchmark Result (single input)
  - FPS : 32.61                              
=============================================
=============================================
* Benchmark Result (single input)
  - FPS : 32.59                              
=============================================
=============================================
* Benchmark Result (single input)
  - FPS : 32.60                              
=============================================
=============================================
* Benchmark Result (single input)
  - FPS : 32.46                              
=============================================
=============================================
* Benchmark Result (single input)
  - FPS : 32.29                              
=============================================
=============================================
* Benchmark Result (single input)
  - FPS : 32.59                              
=============================================
Profiler data has been written to profiler.json
  -------------------------------------------------------------------------------
  | Device 0                                                                    |
  |            Name                |  min (us)    |  max (us)    | average (us) |
  -------------------------------------------------------------------------------
  |                    Buffer Wait |            2 |            7 |      3.64452 |
  |       NPU Input Format Handler |            1 |            4 |      2.24585 |
  |                     PCIe Write |         1572 |         1627 |      1592.69 |
  |                       NPU Core |        15997 |        16017 |      16006.5 |
  |                      PCIe Read |         3955 |         4534 |      3996.66 |
  |      NPU Output Format Handler |         3360 |         4256 |      3704.65 |
  |                       NPU Task |        25330 |        32921 |      25773.7 |
  -------------------------------------------------------------------------------
  -------------------------------------------------------------------------------
  | CPU Tasks                                                                   |
  |            Name                |  min (us)    |  max (us)    | average (us) |
  -------------------------------------------------------------------------------
  |            CPU Task Queue Wait |           17 |           72 |      25.8339 |
  |                          cpu_0 |         4530 |         5559 |      4694.15 |
  -------------------------------------------------------------------------------

__CPU_PERCENT__=31%
