Runtime Framework Version: v3.3.2
Device Driver Version: v2.4.1
PCIe Driver Version: v2.2.0

modelFile: /home/deepx/sijo_feat_windows_env/dx_stream/apps/benchmark/assets/models_dxnn_v2.3.0/yolo26x-seg.dxnn
inputFile: 
outputFile: output.bin
benchmark: 0
loops: 300
Device specification: 'all' (default)
[INFO] Profiler is enabled.
Run model target mode : Single Mode
Inference by loops: count=300

=== Model File: /home/deepx/sijo_feat_windows_env/dx_stream/apps/benchmark/assets/models_dxnn_v2.3.0/yolo26x-seg.dxnn ===

Model Input Tensors:
  - images
Model Output Tensors:
  - output0
  - output1

Tasks:
  [ ] -> npu_0 -> [cpu_0, ]
  Task[0] npu_0, NPU, NPU memory usage 581,943,040 bytes (input 1,228,800 bytes, output 7,174,400 bytes), mem_usage:1,096,656,640 bytes
  Inputs
     -  images, UINT8, [1, 640, 640, 3 ]
  Outputs
    -  /model.23/one2one_cv4.0/one2one_cv4.0.2/Conv_output_0, FLOAT, [1, 32, 80, 80 ]
    -  /model.23/one2one_cv2.0/one2one_cv2.0.2/Conv_output_0, FLOAT, [1, 4, 80, 80 ]
    -  /model.23/one2one_cv4.1/one2one_cv4.1.2/Conv_output_0, FLOAT, [1, 32, 40, 40 ]
    -  /model.23/one2one_cv2.1/one2one_cv2.1.2/Conv_output_0, FLOAT, [1, 4, 40, 40 ]
    -  /model.23/one2one_cv3.0/one2one_cv3.0.2/Conv_output_0, FLOAT, [1, 80, 80, 80 ]
    -  /model.23/one2one_cv2.2/one2one_cv2.2.2/Conv_output_0, FLOAT, [1, 4, 20, 20 ]
    -  /model.23/one2one_cv4.2/one2one_cv4.2.2/Conv_output_0, FLOAT, [1, 32, 20, 20 ]
    -  /model.23/one2one_cv3.1/one2one_cv3.1.2/Conv_output_0, FLOAT, [1, 80, 40, 40 ]
    -  output1, FLOAT, [1, 32, 160, 160 ]
    -  /model.23/one2one_cv3.2/one2one_cv3.2.2/Conv_output_0, FLOAT, [1, 80, 20, 20 ]

  [ npu_0, ] -> cpu_0 -> []
  Task[1] cpu_0, CPU, input 3,897,600 bytes, output 46,800 bytes
  Inputs
     -  /model.23/one2one_cv2.0/one2one_cv2.0.2/Conv_output_0, FLOAT, [1, 4, 80, 80 ]
     -  /model.23/one2one_cv2.1/one2one_cv2.1.2/Conv_output_0, FLOAT, [1, 4, 40, 40 ]
     -  /model.23/one2one_cv2.2/one2one_cv2.2.2/Conv_output_0, FLOAT, [1, 4, 20, 20 ]
     -  /model.23/one2one_cv3.0/one2one_cv3.0.2/Conv_output_0, FLOAT, [1, 80, 80, 80 ]
     -  /model.23/one2one_cv3.2/one2one_cv3.2.2/Conv_output_0, FLOAT, [1, 80, 20, 20 ]
     -  /model.23/one2one_cv3.1/one2one_cv3.1.2/Conv_output_0, FLOAT, [1, 80, 40, 40 ]
     -  /model.23/one2one_cv4.0/one2one_cv4.0.2/Conv_output_0, FLOAT, [1, 32, 80, 80 ]
     -  /model.23/one2one_cv4.2/one2one_cv4.2.2/Conv_output_0, FLOAT, [1, 32, 20, 20 ]
     -  /model.23/one2one_cv4.1/one2one_cv4.1.2/Conv_output_0, FLOAT, [1, 32, 40, 40 ]
  Outputs
     -  output0, FLOAT, [1, 300, 38 ]
     -  /model.23/TopK_output_0, FLOAT, [1, 300 ]


Performing 1 warmup run(s)...
Warmup completed.
=============================================
* Benchmark Result (single input)
  - FPS : 8.74                               
=============================================
=============================================
* Benchmark Result (single input)
  - FPS : 8.82                               
=============================================
=============================================
* Benchmark Result (single input)
  - FPS : 8.87                               
=============================================
=============================================
* Benchmark Result (single input)
  - FPS : 8.87                               
=============================================
=============================================
* Benchmark Result (single input)
  - FPS : 8.86                               
=============================================
=============================================
* Benchmark Result (single input)
  - FPS : 8.87                               
=============================================
=============================================
* Benchmark Result (single input)
  - FPS : 8.88                               
=============================================
=============================================
* Benchmark Result (single input)
  - FPS : 8.87                               
=============================================
=============================================
* Benchmark Result (single input)
  - FPS : 8.87                               
=============================================
=============================================
* Benchmark Result (single input)
  - FPS : 8.87                               
=============================================
=============================================
* Benchmark Result (single input)
  - FPS : 8.84                               
=============================================
=============================================
* Benchmark Result (single input)
  - FPS : 8.87                               
=============================================
=============================================
* Benchmark Result (single input)
  - FPS : 8.86                               
=============================================
=============================================
* Benchmark Result (single input)
  - FPS : 8.87                               
=============================================
=============================================
* Benchmark Result (single input)
  - FPS : 8.87                               
=============================================
=============================================
* Benchmark Result (single input)
  - FPS : 8.87                               
=============================================
=============================================
* Benchmark Result (single input)
  - FPS : 8.87                               
=============================================
=============================================
* Benchmark Result (single input)
  - FPS : 8.86                               
=============================================
=============================================
* Benchmark Result (single input)
  - FPS : 8.88                               
=============================================
=============================================
* Benchmark Result (single input)
  - FPS : 8.87                               
=============================================
=============================================
* Benchmark Result (single input)
  - FPS : 8.87                               
=============================================
=============================================
* Benchmark Result (single input)
  - FPS : 8.86                               
=============================================
=============================================
* Benchmark Result (single input)
  - FPS : 8.45                               
=============================================
=============================================
* Benchmark Result (single input)
  - FPS : 8.87                               
=============================================
=============================================
* Benchmark Result (single input)
  - FPS : 8.87                               
=============================================
=============================================
* Benchmark Result (single input)
  - FPS : 8.87                               
=============================================
=============================================
* Benchmark Result (single input)
  - FPS : 8.87                               
=============================================
=============================================
* Benchmark Result (single input)
  - FPS : 8.86                               
=============================================
=============================================
* Benchmark Result (single input)
  - FPS : 8.79                               
=============================================
=============================================
* Benchmark Result (single input)
  - FPS : 8.88                               
=============================================
=============================================
* Benchmark Result (single input)
  - FPS : 8.88                               
=============================================
=============================================
* Benchmark Result (single input)
  - FPS : 8.86                               
=============================================
=============================================
* Benchmark Result (single input)
  - FPS : 8.86                               
=============================================
=============================================
* Benchmark Result (single input)
  - FPS : 8.88                               
=============================================
=============================================
* Benchmark Result (single input)
  - FPS : 8.88                               
=============================================
=============================================
* Benchmark Result (single input)
  - FPS : 8.88                               
=============================================
=============================================
* Benchmark Result (single input)
  - FPS : 8.88                               
=============================================
=============================================
* Benchmark Result (single input)
  - FPS : 8.88                               
=============================================
=============================================
* Benchmark Result (single input)
  - FPS : 8.88                               
=============================================
=============================================
* Benchmark Result (single input)
  - FPS : 8.86                               
=============================================
=============================================
* Benchmark Result (single input)
  - FPS : 8.53                               
=============================================
=============================================
* Benchmark Result (single input)
  - FPS : 8.47                               
=============================================
=============================================
* Benchmark Result (single input)
  - FPS : 8.47                               
=============================================
=============================================
* Benchmark Result (single input)
  - FPS : 8.47                               
=============================================
=============================================
* Benchmark Result (single input)
  - FPS : 8.47                               
=============================================
=============================================
* Benchmark Result (single input)
  - FPS : 8.47                               
=============================================
=============================================
* Benchmark Result (single input)
  - FPS : 8.47                               
=============================================
=============================================
* Benchmark Result (single input)
  - FPS : 8.47                               
=============================================
=============================================
* Benchmark Result (single input)
  - FPS : 8.47                               
=============================================
=============================================
* Benchmark Result (single input)
  - FPS : 8.47                               
=============================================
=============================================
* Benchmark Result (single input)
  - FPS : 8.46                               
=============================================
=============================================
* Benchmark Result (single input)
  - FPS : 8.48                               
=============================================
=============================================
* Benchmark Result (single input)
  - FPS : 8.47                               
=============================================
=============================================
* Benchmark Result (single input)
  - FPS : 8.47                               
=============================================
=============================================
* Benchmark Result (single input)
  - FPS : 8.46                               
=============================================
=============================================
* Benchmark Result (single input)
  - FPS : 8.46                               
=============================================
=============================================
* Benchmark Result (single input)
  - FPS : 8.47                               
=============================================
=============================================
* Benchmark Result (single input)
  - FPS : 8.34                               
=============================================
=============================================
* Benchmark Result (single input)
  - FPS : 8.46                               
=============================================
=============================================
* Benchmark Result (single input)
  - FPS : 8.47                               
=============================================
=============================================
* Benchmark Result (single input)
  - FPS : 8.47                               
=============================================
=============================================
* Benchmark Result (single input)
  - FPS : 8.47                               
=============================================
=============================================
* Benchmark Result (single input)
  - FPS : 8.45                               
=============================================
=============================================
* Benchmark Result (single input)
  - FPS : 8.46                               
=============================================
=============================================
* Benchmark Result (single input)
  - FPS : 8.46                               
=============================================
=============================================
* Benchmark Result (single input)
  - FPS : 8.47                               
=============================================
=============================================
* Benchmark Result (single input)
  - FPS : 8.46                               
=============================================
=============================================
* Benchmark Result (single input)
  - FPS : 8.04                               
=============================================
=============================================
* Benchmark Result (single input)
  - FPS : 8.46                               
=============================================
=============================================
* Benchmark Result (single input)
  - FPS : 8.46                               
=============================================
=============================================
* Benchmark Result (single input)
  - FPS : 8.46                               
=============================================
=============================================
* Benchmark Result (single input)
  - FPS : 8.46                               
=============================================
=============================================
* Benchmark Result (single input)
  - FPS : 8.46                               
=============================================
=============================================
* Benchmark Result (single input)
  - FPS : 8.46                               
=============================================
=============================================
* Benchmark Result (single input)
  - FPS : 8.47                               
=============================================
=============================================
* Benchmark Result (single input)
  - FPS : 8.46                               
=============================================
=============================================
* Benchmark Result (single input)
  - FPS : 8.46                               
=============================================
=============================================
* Benchmark Result (single input)
  - FPS : 8.46                               
=============================================
=============================================
* Benchmark Result (single input)
  - FPS : 8.46                               
=============================================
=============================================
* Benchmark Result (single input)
  - FPS : 8.45                               
=============================================
=============================================
* Benchmark Result (single input)
  - FPS : 8.13                               
=============================================
=============================================
* Benchmark Result (single input)
  - FPS : 8.45                               
=============================================
=============================================
* Benchmark Result (single input)
  - FPS : 8.46                               
=============================================
=============================================
* Benchmark Result (single input)
  - FPS : 8.45                               
=============================================
=============================================
* Benchmark Result (single input)
  - FPS : 8.45                               
=============================================
=============================================
* Benchmark Result (single input)
  - FPS : 8.45                               
=============================================
=============================================
* Benchmark Result (single input)
  - FPS : 8.45                               
=============================================
=============================================
* Benchmark Result (single input)
  - FPS : 8.45                               
=============================================
=============================================
* Benchmark Result (single input)
  - FPS : 8.44                               
=============================================
=============================================
* Benchmark Result (single input)
  - FPS : 8.44                               
=============================================
=============================================
* Benchmark Result (single input)
  - FPS : 8.43                               
=============================================
=============================================
* Benchmark Result (single input)
  - FPS : 8.44                               
=============================================
=============================================
* Benchmark Result (single input)
  - FPS : 8.44                               
=============================================
=============================================
* Benchmark Result (single input)
  - FPS : 8.44                               
=============================================
=============================================
* Benchmark Result (single input)
  - FPS : 8.44                               
=============================================
=============================================
* Benchmark Result (single input)
  - FPS : 8.45                               
=============================================
=============================================
* Benchmark Result (single input)
  - FPS : 8.40                               
=============================================
=============================================
* Benchmark Result (single input)
  - FPS : 8.38                               
=============================================
=============================================
* Benchmark Result (single input)
  - FPS : 8.43                               
=============================================
=============================================
* Benchmark Result (single input)
  - FPS : 8.45                               
=============================================
=============================================
* Benchmark Result (single input)
  - FPS : 8.45                               
=============================================
=============================================
* Benchmark Result (single input)
  - FPS : 8.46                               
=============================================
=============================================
* Benchmark Result (single input)
  - FPS : 8.45                               
=============================================
=============================================
* Benchmark Result (single input)
  - FPS : 8.46                               
=============================================
=============================================
* Benchmark Result (single input)
  - FPS : 8.46                               
=============================================
=============================================
* Benchmark Result (single input)
  - FPS : 8.47                               
=============================================
=============================================
* Benchmark Result (single input)
  - FPS : 8.46                               
=============================================
=============================================
* Benchmark Result (single input)
  - FPS : 8.46                               
=============================================
=============================================
* Benchmark Result (single input)
  - FPS : 8.46                               
=============================================
=============================================
* Benchmark Result (single input)
  - FPS : 8.46                               
=============================================
=============================================
* Benchmark Result (single input)
  - FPS : 8.46                               
=============================================
=============================================
* Benchmark Result (single input)
  - FPS : 8.46                               
=============================================
=============================================
* Benchmark Result (single input)
  - FPS : 8.47                               
=============================================
=============================================
* Benchmark Result (single input)
  - FPS : 8.40                               
=============================================
=============================================
* Benchmark Result (single input)
  - FPS : 8.45                               
=============================================
=============================================
* Benchmark Result (single input)
  - FPS : 8.42                               
=============================================
=============================================
* Benchmark Result (single input)
  - FPS : 8.45                               
=============================================
=============================================
* Benchmark Result (single input)
  - FPS : 8.46                               
=============================================
=============================================
* Benchmark Result (single input)
  - FPS : 8.46                               
=============================================
=============================================
* Benchmark Result (single input)
  - FPS : 8.47                               
=============================================
=============================================
* Benchmark Result (single input)
  - FPS : 8.46                               
=============================================
=============================================
* Benchmark Result (single input)
  - FPS : 8.46                               
=============================================
=============================================
* Benchmark Result (single input)
  - FPS : 8.47                               
=============================================
=============================================
* Benchmark Result (single input)
  - FPS : 8.46                               
=============================================
=============================================
* Benchmark Result (single input)
  - FPS : 8.46                               
=============================================
=============================================
* Benchmark Result (single input)
  - FPS : 8.44                               
=============================================
=============================================
* Benchmark Result (single input)
  - FPS : 8.41                               
=============================================
=============================================
* Benchmark Result (single input)
  - FPS : 8.46                               
=============================================
=============================================
* Benchmark Result (single input)
  - FPS : 8.47                               
=============================================
=============================================
* Benchmark Result (single input)
  - FPS : 8.46                               
=============================================
=============================================
* Benchmark Result (single input)
  - FPS : 8.32                               
=============================================
=============================================
* Benchmark Result (single input)
  - FPS : 8.45                               
=============================================
=============================================
* Benchmark Result (single input)
  - FPS : 8.40                               
=============================================
=============================================
* Benchmark Result (single input)
  - FPS : 8.47                               
=============================================
=============================================
* Benchmark Result (single input)
  - FPS : 8.47                               
=============================================
=============================================
* Benchmark Result (single input)
  - FPS : 8.47                               
=============================================
=============================================
* Benchmark Result (single input)
  - FPS : 8.47                               
=============================================
=============================================
* Benchmark Result (single input)
  - FPS : 8.46                               
=============================================
=============================================
* Benchmark Result (single input)
  - FPS : 8.47                               
=============================================
=============================================
* Benchmark Result (single input)
  - FPS : 8.47                               
=============================================
=============================================
* Benchmark Result (single input)
  - FPS : 8.46                               
=============================================
=============================================
* Benchmark Result (single input)
  - FPS : 8.46                               
=============================================
=============================================
* Benchmark Result (single input)
  - FPS : 8.47                               
=============================================
=============================================
* Benchmark Result (single input)
  - FPS : 8.46                               
=============================================
=============================================
* Benchmark Result (single input)
  - FPS : 8.47                               
=============================================
=============================================
* Benchmark Result (single input)
  - FPS : 8.46                               
=============================================
=============================================
* Benchmark Result (single input)
  - FPS : 8.46                               
=============================================
=============================================
* Benchmark Result (single input)
  - FPS : 8.39                               
=============================================
=============================================
* Benchmark Result (single input)
  - FPS : 8.46                               
=============================================
=============================================
* Benchmark Result (single input)
  - FPS : 8.46                               
=============================================
=============================================
* Benchmark Result (single input)
  - FPS : 8.46                               
=============================================
=============================================
* Benchmark Result (single input)
  - FPS : 8.46                               
=============================================
=============================================
* Benchmark Result (single input)
  - FPS : 8.46                               
=============================================
=============================================
* Benchmark Result (single input)
  - FPS : 8.47                               
=============================================
=============================================
* Benchmark Result (single input)
  - FPS : 8.46                               
=============================================
=============================================
* Benchmark Result (single input)
  - FPS : 8.46                               
=============================================
=============================================
* Benchmark Result (single input)
  - FPS : 8.46                               
=============================================
=============================================
* Benchmark Result (single input)
  - FPS : 8.46                               
=============================================
=============================================
* Benchmark Result (single input)
  - FPS : 8.46                               
=============================================
=============================================
* Benchmark Result (single input)
  - FPS : 8.47                               
=============================================
=============================================
* Benchmark Result (single input)
  - FPS : 8.47                               
=============================================
=============================================
* Benchmark Result (single input)
  - FPS : 8.46                               
=============================================
=============================================
* Benchmark Result (single input)
  - FPS : 8.46                               
=============================================
=============================================
* Benchmark Result (single input)
  - FPS : 8.46                               
=============================================
=============================================
* Benchmark Result (single input)
  - FPS : 8.44                               
=============================================
=============================================
* Benchmark Result (single input)
  - FPS : 8.46                               
=============================================
=============================================
* Benchmark Result (single input)
  - FPS : 8.46                               
=============================================
=============================================
* Benchmark Result (single input)
  - FPS : 8.39                               
=============================================
=============================================
* Benchmark Result (single input)
  - FPS : 8.46                               
=============================================
=============================================
* Benchmark Result (single input)
  - FPS : 8.46                               
=============================================
=============================================
* Benchmark Result (single input)
  - FPS : 8.47                               
=============================================
=============================================
* Benchmark Result (single input)
  - FPS : 8.47                               
=============================================
=============================================
* Benchmark Result (single input)
  - FPS : 8.46                               
=============================================
=============================================
* Benchmark Result (single input)
  - FPS : 8.47                               
=============================================
=============================================
* Benchmark Result (single input)
  - FPS : 8.46                               
=============================================
=============================================
* Benchmark Result (single input)
  - FPS : 8.45                               
=============================================
=============================================
* Benchmark Result (single input)
  - FPS : 8.46                               
=============================================
=============================================
* Benchmark Result (single input)
  - FPS : 8.46                               
=============================================
=============================================
* Benchmark Result (single input)
  - FPS : 8.46                               
=============================================
=============================================
* Benchmark Result (single input)
  - FPS : 8.47                               
=============================================
=============================================
* Benchmark Result (single input)
  - FPS : 8.46                               
=============================================
=============================================
* Benchmark Result (single input)
  - FPS : 8.45                               
=============================================
=============================================
* Benchmark Result (single input)
  - FPS : 8.46                               
=============================================
=============================================
* Benchmark Result (single input)
  - FPS : 8.45                               
=============================================
=============================================
* Benchmark Result (single input)
  - FPS : 8.44                               
=============================================
=============================================
* Benchmark Result (single input)
  - FPS : 8.44                               
=============================================
=============================================
* Benchmark Result (single input)
  - FPS : 8.46                               
=============================================
=============================================
* Benchmark Result (single input)
  - FPS : 8.45                               
=============================================
=============================================
* Benchmark Result (single input)
  - FPS : 8.45                               
=============================================
=============================================
* Benchmark Result (single input)
  - FPS : 8.44                               
=============================================
=============================================
* Benchmark Result (single input)
  - FPS : 8.38                               
=============================================
=============================================
* Benchmark Result (single input)
  - FPS : 8.43                               
=============================================
=============================================
* Benchmark Result (single input)
  - FPS : 8.44                               
=============================================
=============================================
* Benchmark Result (single input)
  - FPS : 8.44                               
=============================================
=============================================
* Benchmark Result (single input)
  - FPS : 8.45                               
=============================================
=============================================
* Benchmark Result (single input)
  - FPS : 8.45                               
=============================================
=============================================
* Benchmark Result (single input)
  - FPS : 8.45                               
=============================================
=============================================
* Benchmark Result (single input)
  - FPS : 8.45                               
=============================================
=============================================
* Benchmark Result (single input)
  - FPS : 8.45                               
=============================================
=============================================
* Benchmark Result (single input)
  - FPS : 8.45                               
=============================================
=============================================
* Benchmark Result (single input)
  - FPS : 8.46                               
=============================================
=============================================
* Benchmark Result (single input)
  - FPS : 8.45                               
=============================================
=============================================
* Benchmark Result (single input)
  - FPS : 8.46                               
=============================================
=============================================
* Benchmark Result (single input)
  - FPS : 8.46                               
=============================================
=============================================
* Benchmark Result (single input)
  - FPS : 8.46                               
=============================================
=============================================
* Benchmark Result (single input)
  - FPS : 8.46                               
=============================================
=============================================
* Benchmark Result (single input)
  - FPS : 8.47                               
=============================================
=============================================
* Benchmark Result (single input)
  - FPS : 8.46                               
=============================================
=============================================
* Benchmark Result (single input)
  - FPS : 8.47                               
=============================================
=============================================
* Benchmark Result (single input)
  - FPS : 8.46                               
=============================================
=============================================
* Benchmark Result (single input)
  - FPS : 8.47                               
=============================================
=============================================
* Benchmark Result (single input)
  - FPS : 8.47                               
=============================================
=============================================
* Benchmark Result (single input)
  - FPS : 8.47                               
=============================================
=============================================
* Benchmark Result (single input)
  - FPS : 8.46                               
=============================================
=============================================
* Benchmark Result (single input)
  - FPS : 8.46                               
=============================================
=============================================
* Benchmark Result (single input)
  - FPS : 8.46                               
=============================================
=============================================
* Benchmark Result (single input)
  - FPS : 8.46                               
=============================================
=============================================
* Benchmark Result (single input)
  - FPS : 8.46                               
=============================================
=============================================
* Benchmark Result (single input)
  - FPS : 8.46                               
=============================================
=============================================
* Benchmark Result (single input)
  - FPS : 8.46                               
=============================================
=============================================
* Benchmark Result (single input)
  - FPS : 8.47                               
=============================================
=============================================
* Benchmark Result (single input)
  - FPS : 8.47                               
=============================================
=============================================
* Benchmark Result (single input)
  - FPS : 8.47                               
=============================================
=============================================
* Benchmark Result (single input)
  - FPS : 8.47                               
=============================================
=============================================
* Benchmark Result (single input)
  - FPS : 8.46                               
=============================================
=============================================
* Benchmark Result (single input)
  - FPS : 8.46                               
=============================================
=============================================
* Benchmark Result (single input)
  - FPS : 8.46                               
=============================================
=============================================
* Benchmark Result (single input)
  - FPS : 8.46                               
=============================================
=============================================
* Benchmark Result (single input)
  - FPS : 8.47                               
=============================================
=============================================
* Benchmark Result (single input)
  - FPS : 8.46                               
=============================================
=============================================
* Benchmark Result (single input)
  - FPS : 8.47                               
=============================================
=============================================
* Benchmark Result (single input)
  - FPS : 8.47                               
=============================================
=============================================
* Benchmark Result (single input)
  - FPS : 8.47                               
=============================================
=============================================
* Benchmark Result (single input)
  - FPS : 8.47                               
=============================================
=============================================
* Benchmark Result (single input)
  - FPS : 8.46                               
=============================================
=============================================
* Benchmark Result (single input)
  - FPS : 8.46                               
=============================================
=============================================
* Benchmark Result (single input)
  - FPS : 8.46                               
=============================================
=============================================
* Benchmark Result (single input)
  - FPS : 8.41                               
=============================================
=============================================
* Benchmark Result (single input)
  - FPS : 8.47                               
=============================================
=============================================
* Benchmark Result (single input)
  - FPS : 8.47                               
=============================================
=============================================
* Benchmark Result (single input)
  - FPS : 8.47                               
=============================================
=============================================
* Benchmark Result (single input)
  - FPS : 8.46                               
=============================================
=============================================
* Benchmark Result (single input)
  - FPS : 8.47                               
=============================================
=============================================
* Benchmark Result (single input)
  - FPS : 8.44                               
=============================================
=============================================
* Benchmark Result (single input)
  - FPS : 8.47                               
=============================================
=============================================
* Benchmark Result (single input)
  - FPS : 8.47                               
=============================================
=============================================
* Benchmark Result (single input)
  - FPS : 8.47                               
=============================================
=============================================
* Benchmark Result (single input)
  - FPS : 8.47                               
=============================================
=============================================
* Benchmark Result (single input)
  - FPS : 8.47                               
=============================================
=============================================
* Benchmark Result (single input)
  - FPS : 8.47                               
=============================================
=============================================
* Benchmark Result (single input)
  - FPS : 8.46                               
=============================================
=============================================
* Benchmark Result (single input)
  - FPS : 8.47                               
=============================================
=============================================
* Benchmark Result (single input)
  - FPS : 8.43                               
=============================================
=============================================
* Benchmark Result (single input)
  - FPS : 8.46                               
=============================================
=============================================
* Benchmark Result (single input)
  - FPS : 8.46                               
=============================================
=============================================
* Benchmark Result (single input)
  - FPS : 8.40                               
=============================================
=============================================
* Benchmark Result (single input)
  - FPS : 8.45                               
=============================================
=============================================
* Benchmark Result (single input)
  - FPS : 8.46                               
=============================================
=============================================
* Benchmark Result (single input)
  - FPS : 8.46                               
=============================================
=============================================
* Benchmark Result (single input)
  - FPS : 8.47                               
=============================================
=============================================
* Benchmark Result (single input)
  - FPS : 8.46                               
=============================================
=============================================
* Benchmark Result (single input)
  - FPS : 8.46                               
=============================================
=============================================
* Benchmark Result (single input)
  - FPS : 8.47                               
=============================================
=============================================
* Benchmark Result (single input)
  - FPS : 8.47                               
=============================================
=============================================
* Benchmark Result (single input)
  - FPS : 8.47                               
=============================================
=============================================
* Benchmark Result (single input)
  - FPS : 8.47                               
=============================================
=============================================
* Benchmark Result (single input)
  - FPS : 8.46                               
=============================================
=============================================
* Benchmark Result (single input)
  - FPS : 8.46                               
=============================================
=============================================
* Benchmark Result (single input)
  - FPS : 8.46                               
=============================================
=============================================
* Benchmark Result (single input)
  - FPS : 8.47                               
=============================================
=============================================
* Benchmark Result (single input)
  - FPS : 8.46                               
=============================================
=============================================
* Benchmark Result (single input)
  - FPS : 8.46                               
=============================================
=============================================
* Benchmark Result (single input)
  - FPS : 8.46                               
=============================================
=============================================
* Benchmark Result (single input)
  - FPS : 8.46                               
=============================================
=============================================
* Benchmark Result (single input)
  - FPS : 8.46                               
=============================================
=============================================
* Benchmark Result (single input)
  - FPS : 8.46                               
=============================================
=============================================
* Benchmark Result (single input)
  - FPS : 8.45                               
=============================================
=============================================
* Benchmark Result (single input)
  - FPS : 8.53                               
=============================================
=============================================
* Benchmark Result (single input)
  - FPS : 8.46                               
=============================================
=============================================
* Benchmark Result (single input)
  - FPS : 8.46                               
=============================================
=============================================
* Benchmark Result (single input)
  - FPS : 8.46                               
=============================================
=============================================
* Benchmark Result (single input)
  - FPS : 8.45                               
=============================================
=============================================
* Benchmark Result (single input)
  - FPS : 8.45                               
=============================================
=============================================
* Benchmark Result (single input)
  - FPS : 8.45                               
=============================================
=============================================
* Benchmark Result (single input)
  - FPS : 8.44                               
=============================================
=============================================
* Benchmark Result (single input)
  - FPS : 8.29                               
=============================================
=============================================
* Benchmark Result (single input)
  - FPS : 8.45                               
=============================================
=============================================
* Benchmark Result (single input)
  - FPS : 8.45                               
=============================================
=============================================
* Benchmark Result (single input)
  - FPS : 8.45                               
=============================================
=============================================
* Benchmark Result (single input)
  - FPS : 8.43                               
=============================================
=============================================
* Benchmark Result (single input)
  - FPS : 8.44                               
=============================================
=============================================
* Benchmark Result (single input)
  - FPS : 8.44                               
=============================================
=============================================
* Benchmark Result (single input)
  - FPS : 8.44                               
=============================================
=============================================
* Benchmark Result (single input)
  - FPS : 8.45                               
=============================================
=============================================
* Benchmark Result (single input)
  - FPS : 8.44                               
=============================================
=============================================
* Benchmark Result (single input)
  - FPS : 8.44                               
=============================================
=============================================
* Benchmark Result (single input)
  - FPS : 8.45                               
=============================================
=============================================
* Benchmark Result (single input)
  - FPS : 8.46                               
=============================================
=============================================
* Benchmark Result (single input)
  - FPS : 8.46                               
=============================================
=============================================
* Benchmark Result (single input)
  - FPS : 8.45                               
=============================================
Profiler data has been written to profiler.json
  -------------------------------------------------------------------------------
  | Device 0                                                                    |
  |            Name                |  min (us)    |  max (us)    | average (us) |
  -------------------------------------------------------------------------------
  |                    Buffer Wait |            2 |           15 |      3.70764 |
  |       NPU Input Format Handler |            1 |            4 |      2.00664 |
  |                     PCIe Write |         1553 |         1639 |      1593.63 |
  |                       NPU Core |        80072 |        80105 |      80088.9 |
  |                      PCIe Read |        10996 |        12640 |      11246.8 |
  |      NPU Output Format Handler |        10295 |        15349 |      13552.9 |
  |                       NPU Task |       103265 |       113522 |       106880 |
  -------------------------------------------------------------------------------
  -------------------------------------------------------------------------------
  | CPU Tasks                                                                   |
  |            Name                |  min (us)    |  max (us)    | average (us) |
  -------------------------------------------------------------------------------
  |            CPU Task Queue Wait |           19 |           74 |      28.9236 |
  |                          cpu_0 |         8083 |        10064 |         9337 |
  -------------------------------------------------------------------------------

__CPU_PERCENT__=22%
