Runtime Framework Version: v3.2.0
Device Driver Version: v2.1.0
PCIe Driver Version: v2.0.1

modelFile: /home/deepx/sijo_feat_windows_env/dx_stream/apps/benchmark/assets/models_dx_com220rc2/yolo26x-obb.dxnn
inputFile: 
outputFile: output.bin
benchmark: 0
loops: 300
Device specification: 'all' (default)
[INFO] Profiler is enabled.
Run model target mode : Single Mode
Inference by loops: count=300

=== Model File: /home/deepx/sijo_feat_windows_env/dx_stream/apps/benchmark/assets/models_dx_com220rc2/yolo26x-obb.dxnn ===

Model Input Tensors:
  - images
Model Output Tensors:
  - /model.23/one2one_cv2.0/one2one_cv2.0.2/Conv_output_0
  - /model.23/one2one_cv4.0/one2one_cv4.0.2/Conv_output_0
  - /model.23/one2one_cv4.1/one2one_cv4.1.2/Conv_output_0
  - /model.23/one2one_cv2.1/one2one_cv2.1.2/Conv_output_0
  - /model.23/one2one_cv3.0/one2one_cv3.0.2/Conv_output_0
  - /model.23/one2one_cv3.1/one2one_cv3.1.2/Conv_output_0
  - /model.23/one2one_cv2.2/one2one_cv2.2.2/Conv_output_0
  - /model.23/one2one_cv4.2/one2one_cv4.2.2/Conv_output_0
  - /model.23/one2one_cv3.2/one2one_cv3.2.2/Conv_output_0

Tasks:
  [ ] -> npu_0 -> []
  Task[0] npu_0, NPU, NPU memory usage 595,268,800 bytes (input 3,145,728 bytes, output 1,720,320 bytes)
  Inputs
     -  images, UINT8, [1, 1024, 1024, 3 ]
  Outputs
    -  /model.23/one2one_cv2.0/one2one_cv2.0.2/Conv_output_0, FLOAT, [1, 4, 128, 128 ]
    -  /model.23/one2one_cv4.0/one2one_cv4.0.2/Conv_output_0, FLOAT, [1, 1, 128, 128 ]
    -  /model.23/one2one_cv4.1/one2one_cv4.1.2/Conv_output_0, FLOAT, [1, 1, 64, 64 ]
    -  /model.23/one2one_cv2.1/one2one_cv2.1.2/Conv_output_0, FLOAT, [1, 4, 64, 64 ]
    -  /model.23/one2one_cv3.0/one2one_cv3.0.2/Conv_output_0, FLOAT, [1, 15, 128, 128 ]
    -  /model.23/one2one_cv3.1/one2one_cv3.1.2/Conv_output_0, FLOAT, [1, 15, 64, 64 ]
    -  /model.23/one2one_cv2.2/one2one_cv2.2.2/Conv_output_0, FLOAT, [1, 4, 32, 32 ]
    -  /model.23/one2one_cv4.2/one2one_cv4.2.2/Conv_output_0, FLOAT, [1, 1, 32, 32 ]
    -  /model.23/one2one_cv3.2/one2one_cv3.2.2/Conv_output_0, FLOAT, [1, 15, 32, 32 ]


Performing 1 warmup run(s)...
Warmup completed.
=============================================
* Benchmark Result (single input)
  - FPS : 5.59                               
=============================================
=============================================
* Benchmark Result (single input)
  - FPS : 5.59                               
=============================================
=============================================
* Benchmark Result (single input)
  - FPS : 5.59                               
=============================================
=============================================
* Benchmark Result (single input)
  - FPS : 5.54                               
=============================================
=============================================
* Benchmark Result (single input)
  - FPS : 5.56                               
=============================================
=============================================
* Benchmark Result (single input)
  - FPS : 5.55                               
=============================================
=============================================
* Benchmark Result (single input)
  - FPS : 5.58                               
=============================================
=============================================
* Benchmark Result (single input)
  - FPS : 5.59                               
=============================================
=============================================
* Benchmark Result (single input)
  - FPS : 5.59                               
=============================================
=============================================
* Benchmark Result (single input)
  - FPS : 5.61                               
=============================================
=============================================
* Benchmark Result (single input)
  - FPS : 5.58                               
=============================================
=============================================
* Benchmark Result (single input)
  - FPS : 5.57                               
=============================================
=============================================
* Benchmark Result (single input)
  - FPS : 5.57                               
=============================================
=============================================
* Benchmark Result (single input)
  - FPS : 5.57                               
=============================================
=============================================
* Benchmark Result (single input)
  - FPS : 5.56                               
=============================================
=============================================
* Benchmark Result (single input)
  - FPS : 5.61                               
=============================================
=============================================
* Benchmark Result (single input)
  - FPS : 5.59                               
=============================================
=============================================
* Benchmark Result (single input)
  - FPS : 5.63                               
=============================================
=============================================
* Benchmark Result (single input)
  - FPS : 5.50                               
=============================================
=============================================
* Benchmark Result (single input)
  - FPS : 5.58                               
=============================================
=============================================
* Benchmark Result (single input)
  - FPS : 5.50                               
=============================================
=============================================
* Benchmark Result (single input)
  - FPS : 5.51                               
=============================================
=============================================
* Benchmark Result (single input)
  - FPS : 5.57                               
=============================================
=============================================
* Benchmark Result (single input)
  - FPS : 5.60                               
=============================================
=============================================
* Benchmark Result (single input)
  - FPS : 5.58                               
=============================================
=============================================
* Benchmark Result (single input)
  - FPS : 5.52                               
=============================================
=============================================
* Benchmark Result (single input)
  - FPS : 5.50                               
=============================================
=============================================
* Benchmark Result (single input)
  - FPS : 5.51                               
=============================================
=============================================
* Benchmark Result (single input)
  - FPS : 5.55                               
=============================================
=============================================
* Benchmark Result (single input)
  - FPS : 5.57                               
=============================================
=============================================
* Benchmark Result (single input)
  - FPS : 5.61                               
=============================================
=============================================
* Benchmark Result (single input)
  - FPS : 5.56                               
=============================================
=============================================
* Benchmark Result (single input)
  - FPS : 5.59                               
=============================================
=============================================
* Benchmark Result (single input)
  - FPS : 5.58                               
=============================================
=============================================
* Benchmark Result (single input)
  - FPS : 5.60                               
=============================================
=============================================
* Benchmark Result (single input)
  - FPS : 5.56                               
=============================================
=============================================
* Benchmark Result (single input)
  - FPS : 5.58                               
=============================================
=============================================
* Benchmark Result (single input)
  - FPS : 5.59                               
=============================================
=============================================
* Benchmark Result (single input)
  - FPS : 5.58                               
=============================================
=============================================
* Benchmark Result (single input)
  - FPS : 5.57                               
=============================================
=============================================
* Benchmark Result (single input)
  - FPS : 5.58                               
=============================================
=============================================
* Benchmark Result (single input)
  - FPS : 5.58                               
=============================================
=============================================
* Benchmark Result (single input)
  - FPS : 5.58                               
=============================================
=============================================
* Benchmark Result (single input)
  - FPS : 5.61                               
=============================================
=============================================
* Benchmark Result (single input)
  - FPS : 5.58                               
=============================================
=============================================
* Benchmark Result (single input)
  - FPS : 5.57                               
=============================================
=============================================
* Benchmark Result (single input)
  - FPS : 5.53                               
=============================================
=============================================
* Benchmark Result (single input)
  - FPS : 5.58                               
=============================================
=============================================
* Benchmark Result (single input)
  - FPS : 5.58                               
=============================================
=============================================
* Benchmark Result (single input)
  - FPS : 5.59                               
=============================================
=============================================
* Benchmark Result (single input)
  - FPS : 5.57                               
=============================================
=============================================
* Benchmark Result (single input)
  - FPS : 5.58                               
=============================================
=============================================
* Benchmark Result (single input)
  - FPS : 5.58                               
=============================================
=============================================
* Benchmark Result (single input)
  - FPS : 5.58                               
=============================================
=============================================
* Benchmark Result (single input)
  - FPS : 5.62                               
=============================================
=============================================
* Benchmark Result (single input)
  - FPS : 5.48                               
=============================================
=============================================
* Benchmark Result (single input)
  - FPS : 5.50                               
=============================================
=============================================
* Benchmark Result (single input)
  - FPS : 5.59                               
=============================================
=============================================
* Benchmark Result (single input)
  - FPS : 5.60                               
=============================================
=============================================
* Benchmark Result (single input)
  - FPS : 5.58                               
=============================================
=============================================
* Benchmark Result (single input)
  - FPS : 5.51                               
=============================================
=============================================
* Benchmark Result (single input)
  - FPS : 5.58                               
=============================================
=============================================
* Benchmark Result (single input)
  - FPS : 5.50                               
=============================================
=============================================
* Benchmark Result (single input)
  - FPS : 5.50                               
=============================================
=============================================
* Benchmark Result (single input)
  - FPS : 5.54                               
=============================================
=============================================
* Benchmark Result (single input)
  - FPS : 5.58                               
=============================================
=============================================
* Benchmark Result (single input)
  - FPS : 5.58                               
=============================================
=============================================
* Benchmark Result (single input)
  - FPS : 5.57                               
=============================================
=============================================
* Benchmark Result (single input)
  - FPS : 5.63                               
=============================================
=============================================
* Benchmark Result (single input)
  - FPS : 5.61                               
=============================================
=============================================
* Benchmark Result (single input)
  - FPS : 5.52                               
=============================================
=============================================
* Benchmark Result (single input)
  - FPS : 5.56                               
=============================================
=============================================
* Benchmark Result (single input)
  - FPS : 5.56                               
=============================================
=============================================
* Benchmark Result (single input)
  - FPS : 5.53                               
=============================================
=============================================
* Benchmark Result (single input)
  - FPS : 5.69                               
=============================================
=============================================
* Benchmark Result (single input)
  - FPS : 5.59                               
=============================================
=============================================
* Benchmark Result (single input)
  - FPS : 5.51                               
=============================================
=============================================
* Benchmark Result (single input)
  - FPS : 5.58                               
=============================================
=============================================
* Benchmark Result (single input)
  - FPS : 5.60                               
=============================================
=============================================
* Benchmark Result (single input)
  - FPS : 5.58                               
=============================================
=============================================
* Benchmark Result (single input)
  - FPS : 5.59                               
=============================================
=============================================
* Benchmark Result (single input)
  - FPS : 5.53                               
=============================================
=============================================
* Benchmark Result (single input)
  - FPS : 5.57                               
=============================================
=============================================
* Benchmark Result (single input)
  - FPS : 5.58                               
=============================================
=============================================
* Benchmark Result (single input)
  - FPS : 5.58                               
=============================================
=============================================
* Benchmark Result (single input)
  - FPS : 5.57                               
=============================================
=============================================
* Benchmark Result (single input)
  - FPS : 5.62                               
=============================================
=============================================
* Benchmark Result (single input)
  - FPS : 5.59                               
=============================================
=============================================
* Benchmark Result (single input)
  - FPS : 5.60                               
=============================================
=============================================
* Benchmark Result (single input)
  - FPS : 5.61                               
=============================================
=============================================
* Benchmark Result (single input)
  - FPS : 5.55                               
=============================================
=============================================
* Benchmark Result (single input)
  - FPS : 5.60                               
=============================================
=============================================
* Benchmark Result (single input)
  - FPS : 5.65                               
=============================================
=============================================
* Benchmark Result (single input)
  - FPS : 5.56                               
=============================================
=============================================
* Benchmark Result (single input)
  - FPS : 5.59                               
=============================================
=============================================
* Benchmark Result (single input)
  - FPS : 5.61                               
=============================================
=============================================
* Benchmark Result (single input)
  - FPS : 5.50                               
=============================================
=============================================
* Benchmark Result (single input)
  - FPS : 5.43                               
=============================================
=============================================
* Benchmark Result (single input)
  - FPS : 5.58                               
=============================================
=============================================
* Benchmark Result (single input)
  - FPS : 5.60                               
=============================================
=============================================
* Benchmark Result (single input)
  - FPS : 5.60                               
=============================================
=============================================
* Benchmark Result (single input)
  - FPS : 5.57                               
=============================================
=============================================
* Benchmark Result (single input)
  - FPS : 5.67                               
=============================================
=============================================
* Benchmark Result (single input)
  - FPS : 5.60                               
=============================================
=============================================
* Benchmark Result (single input)
  - FPS : 5.51                               
=============================================
=============================================
* Benchmark Result (single input)
  - FPS : 5.58                               
=============================================
=============================================
* Benchmark Result (single input)
  - FPS : 5.56                               
=============================================
=============================================
* Benchmark Result (single input)
  - FPS : 5.48                               
=============================================
=============================================
* Benchmark Result (single input)
  - FPS : 5.52                               
=============================================
=============================================
* Benchmark Result (single input)
  - FPS : 5.58                               
=============================================
=============================================
* Benchmark Result (single input)
  - FPS : 5.57                               
=============================================
=============================================
* Benchmark Result (single input)
  - FPS : 5.60                               
=============================================
=============================================
* Benchmark Result (single input)
  - FPS : 5.60                               
=============================================
=============================================
* Benchmark Result (single input)
  - FPS : 5.66                               
=============================================
=============================================
* Benchmark Result (single input)
  - FPS : 5.60                               
=============================================
=============================================
* Benchmark Result (single input)
  - FPS : 5.57                               
=============================================
=============================================
* Benchmark Result (single input)
  - FPS : 5.59                               
=============================================
=============================================
* Benchmark Result (single input)
  - FPS : 5.56                               
=============================================
=============================================
* Benchmark Result (single input)
  - FPS : 5.57                               
=============================================
=============================================
* Benchmark Result (single input)
  - FPS : 5.53                               
=============================================
=============================================
* Benchmark Result (single input)
  - FPS : 5.57                               
=============================================
=============================================
* Benchmark Result (single input)
  - FPS : 5.60                               
=============================================
=============================================
* Benchmark Result (single input)
  - FPS : 5.60                               
=============================================
=============================================
* Benchmark Result (single input)
  - FPS : 5.59                               
=============================================
=============================================
* Benchmark Result (single input)
  - FPS : 5.59                               
=============================================
=============================================
* Benchmark Result (single input)
  - FPS : 5.62                               
=============================================
=============================================
* Benchmark Result (single input)
  - FPS : 5.50                               
=============================================
=============================================
* Benchmark Result (single input)
  - FPS : 5.56                               
=============================================
=============================================
* Benchmark Result (single input)
  - FPS : 5.57                               
=============================================
=============================================
* Benchmark Result (single input)
  - FPS : 5.55                               
=============================================
=============================================
* Benchmark Result (single input)
  - FPS : 5.58                               
=============================================
=============================================
* Benchmark Result (single input)
  - FPS : 5.70                               
=============================================
=============================================
* Benchmark Result (single input)
  - FPS : 5.59                               
=============================================
=============================================
* Benchmark Result (single input)
  - FPS : 5.60                               
=============================================
=============================================
* Benchmark Result (single input)
  - FPS : 5.64                               
=============================================
=============================================
* Benchmark Result (single input)
  - FPS : 5.61                               
=============================================
=============================================
* Benchmark Result (single input)
  - FPS : 5.59                               
=============================================
=============================================
* Benchmark Result (single input)
  - FPS : 5.57                               
=============================================
=============================================
* Benchmark Result (single input)
  - FPS : 5.60                               
=============================================
=============================================
* Benchmark Result (single input)
  - FPS : 5.57                               
=============================================
=============================================
* Benchmark Result (single input)
  - FPS : 5.50                               
=============================================
=============================================
* Benchmark Result (single input)
  - FPS : 5.57                               
=============================================
=============================================
* Benchmark Result (single input)
  - FPS : 5.59                               
=============================================
=============================================
* Benchmark Result (single input)
  - FPS : 5.61                               
=============================================
=============================================
* Benchmark Result (single input)
  - FPS : 5.58                               
=============================================
=============================================
* Benchmark Result (single input)
  - FPS : 5.60                               
=============================================
=============================================
* Benchmark Result (single input)
  - FPS : 5.59                               
=============================================
=============================================
* Benchmark Result (single input)
  - FPS : 5.60                               
=============================================
=============================================
* Benchmark Result (single input)
  - FPS : 5.56                               
=============================================
=============================================
* Benchmark Result (single input)
  - FPS : 5.59                               
=============================================
=============================================
* Benchmark Result (single input)
  - FPS : 5.59                               
=============================================
=============================================
* Benchmark Result (single input)
  - FPS : 5.58                               
=============================================
=============================================
* Benchmark Result (single input)
  - FPS : 5.48                               
=============================================
=============================================
* Benchmark Result (single input)
  - FPS : 5.57                               
=============================================
=============================================
* Benchmark Result (single input)
  - FPS : 5.62                               
=============================================
=============================================
* Benchmark Result (single input)
  - FPS : 5.48                               
=============================================
=============================================
* Benchmark Result (single input)
  - FPS : 5.56                               
=============================================
=============================================
* Benchmark Result (single input)
  - FPS : 5.60                               
=============================================
=============================================
* Benchmark Result (single input)
  - FPS : 5.59                               
=============================================
=============================================
* Benchmark Result (single input)
  - FPS : 5.66                               
=============================================
=============================================
* Benchmark Result (single input)
  - FPS : 5.57                               
=============================================
=============================================
* Benchmark Result (single input)
  - FPS : 5.60                               
=============================================
=============================================
* Benchmark Result (single input)
  - FPS : 5.60                               
=============================================
=============================================
* Benchmark Result (single input)
  - FPS : 5.52                               
=============================================
=============================================
* Benchmark Result (single input)
  - FPS : 5.57                               
=============================================
=============================================
* Benchmark Result (single input)
  - FPS : 5.58                               
=============================================
=============================================
* Benchmark Result (single input)
  - FPS : 5.57                               
=============================================
=============================================
* Benchmark Result (single input)
  - FPS : 5.58                               
=============================================
=============================================
* Benchmark Result (single input)
  - FPS : 5.59                               
=============================================
=============================================
* Benchmark Result (single input)
  - FPS : 5.58                               
=============================================
=============================================
* Benchmark Result (single input)
  - FPS : 5.58                               
=============================================
=============================================
* Benchmark Result (single input)
  - FPS : 5.53                               
=============================================
=============================================
* Benchmark Result (single input)
  - FPS : 5.58                               
=============================================
=============================================
* Benchmark Result (single input)
  - FPS : 5.55                               
=============================================
=============================================
* Benchmark Result (single input)
  - FPS : 5.45                               
=============================================
=============================================
* Benchmark Result (single input)
  - FPS : 5.60                               
=============================================
=============================================
* Benchmark Result (single input)
  - FPS : 5.61                               
=============================================
=============================================
* Benchmark Result (single input)
  - FPS : 5.59                               
=============================================
=============================================
* Benchmark Result (single input)
  - FPS : 5.59                               
=============================================
=============================================
* Benchmark Result (single input)
  - FPS : 5.61                               
=============================================
=============================================
* Benchmark Result (single input)
  - FPS : 5.56                               
=============================================
=============================================
* Benchmark Result (single input)
  - FPS : 5.56                               
=============================================
=============================================
* Benchmark Result (single input)
  - FPS : 5.70                               
=============================================
=============================================
* Benchmark Result (single input)
  - FPS : 5.60                               
=============================================
=============================================
* Benchmark Result (single input)
  - FPS : 5.57                               
=============================================
=============================================
* Benchmark Result (single input)
  - FPS : 5.59                               
=============================================
=============================================
* Benchmark Result (single input)
  - FPS : 5.60                               
=============================================
=============================================
* Benchmark Result (single input)
  - FPS : 5.75                               
=============================================
=============================================
* Benchmark Result (single input)
  - FPS : 5.66                               
=============================================
=============================================
* Benchmark Result (single input)
  - FPS : 5.52                               
=============================================
=============================================
* Benchmark Result (single input)
  - FPS : 5.58                               
=============================================
=============================================
* Benchmark Result (single input)
  - FPS : 5.57                               
=============================================
=============================================
* Benchmark Result (single input)
  - FPS : 5.60                               
=============================================
=============================================
* Benchmark Result (single input)
  - FPS : 5.62                               
=============================================
=============================================
* Benchmark Result (single input)
  - FPS : 5.58                               
=============================================
=============================================
* Benchmark Result (single input)
  - FPS : 5.56                               
=============================================
=============================================
* Benchmark Result (single input)
  - FPS : 5.58                               
=============================================
=============================================
* Benchmark Result (single input)
  - FPS : 5.62                               
=============================================
=============================================
* Benchmark Result (single input)
  - FPS : 5.52                               
=============================================
=============================================
* Benchmark Result (single input)
  - FPS : 5.53                               
=============================================
=============================================
* Benchmark Result (single input)
  - FPS : 5.58                               
=============================================
=============================================
* Benchmark Result (single input)
  - FPS : 5.55                               
=============================================
=============================================
* Benchmark Result (single input)
  - FPS : 5.49                               
=============================================
=============================================
* Benchmark Result (single input)
  - FPS : 5.58                               
=============================================
=============================================
* Benchmark Result (single input)
  - FPS : 5.58                               
=============================================
=============================================
* Benchmark Result (single input)
  - FPS : 5.52                               
=============================================
=============================================
* Benchmark Result (single input)
  - FPS : 5.58                               
=============================================
=============================================
* Benchmark Result (single input)
  - FPS : 5.49                               
=============================================
=============================================
* Benchmark Result (single input)
  - FPS : 5.60                               
=============================================
=============================================
* Benchmark Result (single input)
  - FPS : 5.60                               
=============================================
=============================================
* Benchmark Result (single input)
  - FPS : 5.58                               
=============================================
=============================================
* Benchmark Result (single input)
  - FPS : 5.60                               
=============================================
=============================================
* Benchmark Result (single input)
  - FPS : 5.51                               
=============================================
=============================================
* Benchmark Result (single input)
  - FPS : 5.64                               
=============================================
=============================================
* Benchmark Result (single input)
  - FPS : 5.60                               
=============================================
=============================================
* Benchmark Result (single input)
  - FPS : 5.52                               
=============================================
=============================================
* Benchmark Result (single input)
  - FPS : 5.61                               
=============================================
=============================================
* Benchmark Result (single input)
  - FPS : 5.63                               
=============================================
=============================================
* Benchmark Result (single input)
  - FPS : 5.65                               
=============================================
=============================================
* Benchmark Result (single input)
  - FPS : 5.62                               
=============================================
=============================================
* Benchmark Result (single input)
  - FPS : 5.64                               
=============================================
=============================================
* Benchmark Result (single input)
  - FPS : 5.65                               
=============================================
=============================================
* Benchmark Result (single input)
  - FPS : 5.66                               
=============================================
=============================================
* Benchmark Result (single input)
  - FPS : 5.64                               
=============================================
=============================================
* Benchmark Result (single input)
  - FPS : 5.65                               
=============================================
=============================================
* Benchmark Result (single input)
  - FPS : 5.65                               
=============================================
=============================================
* Benchmark Result (single input)
  - FPS : 5.67                               
=============================================
=============================================
* Benchmark Result (single input)
  - FPS : 5.65                               
=============================================
=============================================
* Benchmark Result (single input)
  - FPS : 5.64                               
=============================================
=============================================
* Benchmark Result (single input)
  - FPS : 5.54                               
=============================================
=============================================
* Benchmark Result (single input)
  - FPS : 5.62                               
=============================================
=============================================
* Benchmark Result (single input)
  - FPS : 5.60                               
=============================================
=============================================
* Benchmark Result (single input)
  - FPS : 5.65                               
=============================================
=============================================
* Benchmark Result (single input)
  - FPS : 5.61                               
=============================================
=============================================
* Benchmark Result (single input)
  - FPS : 5.59                               
=============================================
=============================================
* Benchmark Result (single input)
  - FPS : 5.58                               
=============================================
=============================================
* Benchmark Result (single input)
  - FPS : 5.59                               
=============================================
=============================================
* Benchmark Result (single input)
  - FPS : 5.53                               
=============================================
=============================================
* Benchmark Result (single input)
  - FPS : 5.58                               
=============================================
=============================================
* Benchmark Result (single input)
  - FPS : 5.60                               
=============================================
=============================================
* Benchmark Result (single input)
  - FPS : 5.59                               
=============================================
=============================================
* Benchmark Result (single input)
  - FPS : 5.59                               
=============================================
=============================================
* Benchmark Result (single input)
  - FPS : 5.58                               
=============================================
=============================================
* Benchmark Result (single input)
  - FPS : 5.46                               
=============================================
=============================================
* Benchmark Result (single input)
  - FPS : 5.68                               
=============================================
=============================================
* Benchmark Result (single input)
  - FPS : 5.67                               
=============================================
=============================================
* Benchmark Result (single input)
  - FPS : 5.58                               
=============================================
=============================================
* Benchmark Result (single input)
  - FPS : 5.58                               
=============================================
=============================================
* Benchmark Result (single input)
  - FPS : 5.48                               
=============================================
=============================================
* Benchmark Result (single input)
  - FPS : 5.49                               
=============================================
=============================================
* Benchmark Result (single input)
  - FPS : 5.51                               
=============================================
=============================================
* Benchmark Result (single input)
  - FPS : 5.56                               
=============================================
=============================================
* Benchmark Result (single input)
  - FPS : 5.58                               
=============================================
=============================================
* Benchmark Result (single input)
  - FPS : 5.60                               
=============================================
=============================================
* Benchmark Result (single input)
  - FPS : 5.51                               
=============================================
=============================================
* Benchmark Result (single input)
  - FPS : 5.59                               
=============================================
=============================================
* Benchmark Result (single input)
  - FPS : 5.57                               
=============================================
=============================================
* Benchmark Result (single input)
  - FPS : 5.57                               
=============================================
=============================================
* Benchmark Result (single input)
  - FPS : 5.52                               
=============================================
=============================================
* Benchmark Result (single input)
  - FPS : 5.60                               
=============================================
=============================================
* Benchmark Result (single input)
  - FPS : 5.61                               
=============================================
=============================================
* Benchmark Result (single input)
  - FPS : 5.63                               
=============================================
=============================================
* Benchmark Result (single input)
  - FPS : 5.59                               
=============================================
=============================================
* Benchmark Result (single input)
  - FPS : 5.50                               
=============================================
=============================================
* Benchmark Result (single input)
  - FPS : 5.48                               
=============================================
=============================================
* Benchmark Result (single input)
  - FPS : 5.57                               
=============================================
=============================================
* Benchmark Result (single input)
  - FPS : 5.59                               
=============================================
=============================================
* Benchmark Result (single input)
  - FPS : 5.55                               
=============================================
=============================================
* Benchmark Result (single input)
  - FPS : 5.65                               
=============================================
=============================================
* Benchmark Result (single input)
  - FPS : 5.53                               
=============================================
=============================================
* Benchmark Result (single input)
  - FPS : 5.50                               
=============================================
=============================================
* Benchmark Result (single input)
  - FPS : 5.56                               
=============================================
=============================================
* Benchmark Result (single input)
  - FPS : 5.60                               
=============================================
=============================================
* Benchmark Result (single input)
  - FPS : 5.63                               
=============================================
=============================================
* Benchmark Result (single input)
  - FPS : 5.55                               
=============================================
=============================================
* Benchmark Result (single input)
  - FPS : 5.49                               
=============================================
=============================================
* Benchmark Result (single input)
  - FPS : 5.56                               
=============================================
=============================================
* Benchmark Result (single input)
  - FPS : 5.58                               
=============================================
=============================================
* Benchmark Result (single input)
  - FPS : 5.55                               
=============================================
=============================================
* Benchmark Result (single input)
  - FPS : 5.58                               
=============================================
=============================================
* Benchmark Result (single input)
  - FPS : 5.55                               
=============================================
=============================================
* Benchmark Result (single input)
  - FPS : 5.59                               
=============================================
=============================================
* Benchmark Result (single input)
  - FPS : 5.56                               
=============================================
=============================================
* Benchmark Result (single input)
  - FPS : 5.60                               
=============================================
=============================================
* Benchmark Result (single input)
  - FPS : 5.58                               
=============================================
=============================================
* Benchmark Result (single input)
  - FPS : 5.56                               
=============================================
=============================================
* Benchmark Result (single input)
  - FPS : 5.59                               
=============================================
=============================================
* Benchmark Result (single input)
  - FPS : 5.50                               
=============================================
=============================================
* Benchmark Result (single input)
  - FPS : 5.75                               
=============================================
=============================================
* Benchmark Result (single input)
  - FPS : 5.71                               
=============================================
=============================================
* Benchmark Result (single input)
  - FPS : 5.74                               
=============================================
=============================================
* Benchmark Result (single input)
  - FPS : 5.60                               
=============================================
=============================================
* Benchmark Result (single input)
  - FPS : 5.57                               
=============================================
=============================================
* Benchmark Result (single input)
  - FPS : 5.59                               
=============================================
=============================================
* Benchmark Result (single input)
  - FPS : 5.61                               
=============================================
=============================================
* Benchmark Result (single input)
  - FPS : 5.57                               
=============================================
=============================================
* Benchmark Result (single input)
  - FPS : 5.59                               
=============================================
=============================================
* Benchmark Result (single input)
  - FPS : 5.62                               
=============================================
=============================================
* Benchmark Result (single input)
  - FPS : 5.63                               
=============================================
=============================================
* Benchmark Result (single input)
  - FPS : 5.59                               
=============================================
Profiler data has been written to profiler.json
  -------------------------------------------------------------------------------
  |           Name                 |  min (us)    |  max (us)    | average (us) |
  -------------------------------------------------------------------------------
  |   Framework Response Handling  |           21 |          243 |      105.628 | 243, 104, 58, 66, 35, 123, 124, 126, 113, 120, 109, 91, 129, 66, 131, 117, 76, 122, 123, 123, 65, 141, 125, 108, 80, 76, 113, 132, 120, 105, ...
  |                       NPU Core |       163283 |       163346 |       163311 | 163327, 163301, 163292, 163306, 163320, 163308, 163307, 163311, 163308, 163306, 163322, 163323, 163333, 163287, 163327, 163308, 163308, 163300, 163337, 163293, 163323, 163304, 163302, 163313, 163346, 163319, 163313, 163329, 163312, 163327, ...
  |       NPU Input Format Handler |          620 |         1575 |      844.246 | 1575, 630, 888, 835, 654, 839, 957, 963, 662, 964, 912, 626, 960, 932, 627, 949, 629, 689, 848, 996, 997, 909, 820, 633, 920, 910, 962, 943, 662, 825, ...
  |      NPU Output Format Handler |         3314 |        10768 |      6929.92 | 6595, 6071, 6414, 7349, 5831, 6434, 8002, 6247, 7934, 9714, 8590, 6591, 6557, 6620, 6561, 6141, 5818, 6262, 6961, 6439, 6787, 6595, 7021, 9136, 6564, 6677, 6702, 6547, 6641, 6096, ...
  |                       NPU Task |       173565 |       183628 |       178864 | 181483, 178056, 178146, 179353, 175799, 178175, 180772, 179023, 179241, 182024, 180561, 177820, 178851, 179155, 178147, 178126, 176218, 178077, 179149, 178503, 179407, 179252, 178984, 180212, 179143, 178318, 178425, 178573, 178477, 177731, ...
  |                      PCIe Read |         2729 |         5998 |      3843.83 | 5998, 3669, 4051, 4089, 3075, 3951, 4030, 3972, 4013, 3983, 3722, 3516, 4012, 3900, 3851, 3777, 3168, 3935, 3801, 4023, 4091, 4057, 4114, 3652, 4012, 3751, 3665, 3994, 3980, 3852, ...
  |                     PCIe Write |         2289 |         3542 |      2635.33 | 2299, 2894, 2562, 2717, 2307, 2476, 2749, 2757, 2404, 2779, 2783, 2783, 2755, 2677, 2494, 2598, 2674, 2750, 2567, 2779, 2673, 2784, 2480, 2503, 2613, 2793, 2801, 2608, 2476, 2703, ...
  |           Service Process Wait |       173245 |      1484990 |       183578 | 1484990, 179557, 177680, 178715, 178925, 176959, 179496, 181445, 177806, 180816, 182534, 178319, 181098, 179495, 178489, 178972, 177731, 176922, 178911, 179071, 179415, 179677, 178358, 178438, 181902, 178919, 178771, 178589, 178730, 178812, ...
  -------------------------------------------------------------------------------

__CPU_PERCENT__=6%
