Runtime Framework Version: v3.2.0
Device Driver Version: v2.1.0
PCIe Driver Version: v2.0.1

modelFile: /home/deepx/sijo_feat_windows_env/dx_stream/apps/benchmark/assets/models_dx_com220rc2/yolo26s-seg.dxnn
inputFile: 
outputFile: output.bin
benchmark: 0
loops: 300
Device specification: 'all' (default)
[INFO] Profiler is enabled.
Run model target mode : Single Mode
Inference by loops: count=300

=== Model File: /home/deepx/sijo_feat_windows_env/dx_stream/apps/benchmark/assets/models_dx_com220rc2/yolo26s-seg.dxnn ===

Model Input Tensors:
  - images
Model Output Tensors:
  - /model.23/one2one_cv4.0/one2one_cv4.0.2/Conv_output_0
  - /model.23/one2one_cv2.0/one2one_cv2.0.2/Conv_output_0
  - /model.23/one2one_cv2.1/one2one_cv2.1.2/Conv_output_0
  - /model.23/one2one_cv4.1/one2one_cv4.1.2/Conv_output_0
  - /model.23/one2one_cv3.0/one2one_cv3.0.2/Conv_output_0
  - /model.23/one2one_cv2.2/one2one_cv2.2.2/Conv_output_0
  - /model.23/one2one_cv4.2/one2one_cv4.2.2/Conv_output_0
  - output1
  - /model.23/one2one_cv3.1/one2one_cv3.1.2/Conv_output_0
  - /model.23/one2one_cv3.2/one2one_cv3.2.2/Conv_output_0

Tasks:
  [ ] -> npu_0 -> []
  Task[0] npu_0, NPU, NPU memory usage 176,614,336 bytes (input 1,228,800 bytes, output 7,174,400 bytes)
  Inputs
     -  images, UINT8, [1, 640, 640, 3 ]
  Outputs
    -  /model.23/one2one_cv4.0/one2one_cv4.0.2/Conv_output_0, FLOAT, [1, 32, 80, 80 ]
    -  /model.23/one2one_cv2.0/one2one_cv2.0.2/Conv_output_0, FLOAT, [1, 4, 80, 80 ]
    -  /model.23/one2one_cv2.1/one2one_cv2.1.2/Conv_output_0, FLOAT, [1, 4, 40, 40 ]
    -  /model.23/one2one_cv4.1/one2one_cv4.1.2/Conv_output_0, FLOAT, [1, 32, 40, 40 ]
    -  /model.23/one2one_cv3.0/one2one_cv3.0.2/Conv_output_0, FLOAT, [1, 80, 80, 80 ]
    -  /model.23/one2one_cv2.2/one2one_cv2.2.2/Conv_output_0, FLOAT, [1, 4, 20, 20 ]
    -  /model.23/one2one_cv4.2/one2one_cv4.2.2/Conv_output_0, FLOAT, [1, 32, 20, 20 ]
    -  output1, FLOAT, [1, 32, 160, 160 ]
    -  /model.23/one2one_cv3.1/one2one_cv3.1.2/Conv_output_0, FLOAT, [1, 80, 40, 40 ]
    -  /model.23/one2one_cv3.2/one2one_cv3.2.2/Conv_output_0, FLOAT, [1, 80, 20, 20 ]


Performing 1 warmup run(s)...
Warmup completed.
=============================================
* Benchmark Result (single input)
  - FPS : 20.03                              
=============================================
=============================================
* Benchmark Result (single input)
  - FPS : 18.21                              
=============================================
=============================================
* Benchmark Result (single input)
  - FPS : 19.34                              
=============================================
=============================================
* Benchmark Result (single input)
  - FPS : 19.98                              
=============================================
=============================================
* Benchmark Result (single input)
  - FPS : 20.62                              
=============================================
=============================================
* Benchmark Result (single input)
  - FPS : 19.37                              
=============================================
=============================================
* Benchmark Result (single input)
  - FPS : 20.22                              
=============================================
=============================================
* Benchmark Result (single input)
  - FPS : 18.84                              
=============================================
=============================================
* Benchmark Result (single input)
  - FPS : 19.25                              
=============================================
=============================================
* Benchmark Result (single input)
  - FPS : 18.80                              
=============================================
=============================================
* Benchmark Result (single input)
  - FPS : 18.22                              
=============================================
=============================================
* Benchmark Result (single input)
  - FPS : 20.73                              
=============================================
=============================================
* Benchmark Result (single input)
  - FPS : 18.87                              
=============================================
=============================================
* Benchmark Result (single input)
  - FPS : 19.13                              
=============================================
=============================================
* Benchmark Result (single input)
  - FPS : 20.39                              
=============================================
=============================================
* Benchmark Result (single input)
  - FPS : 20.41                              
=============================================
=============================================
* Benchmark Result (single input)
  - FPS : 18.12                              
=============================================
=============================================
* Benchmark Result (single input)
  - FPS : 20.47                              
=============================================
=============================================
* Benchmark Result (single input)
  - FPS : 18.33                              
=============================================
=============================================
* Benchmark Result (single input)
  - FPS : 20.60                              
=============================================
=============================================
* Benchmark Result (single input)
  - FPS : 18.42                              
=============================================
=============================================
* Benchmark Result (single input)
  - FPS : 19.19                              
=============================================
=============================================
* Benchmark Result (single input)
  - FPS : 20.37                              
=============================================
=============================================
* Benchmark Result (single input)
  - FPS : 18.75                              
=============================================
=============================================
* Benchmark Result (single input)
  - FPS : 20.67                              
=============================================
=============================================
* Benchmark Result (single input)
  - FPS : 18.95                              
=============================================
=============================================
* Benchmark Result (single input)
  - FPS : 19.04                              
=============================================
=============================================
* Benchmark Result (single input)
  - FPS : 20.57                              
=============================================
=============================================
* Benchmark Result (single input)
  - FPS : 19.30                              
=============================================
=============================================
* Benchmark Result (single input)
  - FPS : 20.56                              
=============================================
=============================================
* Benchmark Result (single input)
  - FPS : 20.45                              
=============================================
=============================================
* Benchmark Result (single input)
  - FPS : 19.39                              
=============================================
=============================================
* Benchmark Result (single input)
  - FPS : 19.40                              
=============================================
=============================================
* Benchmark Result (single input)
  - FPS : 18.07                              
=============================================
=============================================
* Benchmark Result (single input)
  - FPS : 18.63                              
=============================================
=============================================
* Benchmark Result (single input)
  - FPS : 20.42                              
=============================================
=============================================
* Benchmark Result (single input)
  - FPS : 18.15                              
=============================================
=============================================
* Benchmark Result (single input)
  - FPS : 18.28                              
=============================================
=============================================
* Benchmark Result (single input)
  - FPS : 18.67                              
=============================================
=============================================
* Benchmark Result (single input)
  - FPS : 20.85                              
=============================================
=============================================
* Benchmark Result (single input)
  - FPS : 20.50                              
=============================================
=============================================
* Benchmark Result (single input)
  - FPS : 18.33                              
=============================================
=============================================
* Benchmark Result (single input)
  - FPS : 19.06                              
=============================================
=============================================
* Benchmark Result (single input)
  - FPS : 20.27                              
=============================================
=============================================
* Benchmark Result (single input)
  - FPS : 18.76                              
=============================================
=============================================
* Benchmark Result (single input)
  - FPS : 19.06                              
=============================================
=============================================
* Benchmark Result (single input)
  - FPS : 18.18                              
=============================================
=============================================
* Benchmark Result (single input)
  - FPS : 20.78                              
=============================================
=============================================
* Benchmark Result (single input)
  - FPS : 18.22                              
=============================================
=============================================
* Benchmark Result (single input)
  - FPS : 21.03                              
=============================================
=============================================
* Benchmark Result (single input)
  - FPS : 18.88                              
=============================================
=============================================
* Benchmark Result (single input)
  - FPS : 20.09                              
=============================================
=============================================
* Benchmark Result (single input)
  - FPS : 19.14                              
=============================================
=============================================
* Benchmark Result (single input)
  - FPS : 19.32                              
=============================================
=============================================
* Benchmark Result (single input)
  - FPS : 20.59                              
=============================================
=============================================
* Benchmark Result (single input)
  - FPS : 20.05                              
=============================================
=============================================
* Benchmark Result (single input)
  - FPS : 19.25                              
=============================================
=============================================
* Benchmark Result (single input)
  - FPS : 19.29                              
=============================================
=============================================
* Benchmark Result (single input)
  - FPS : 19.73                              
=============================================
=============================================
* Benchmark Result (single input)
  - FPS : 19.75                              
=============================================
=============================================
* Benchmark Result (single input)
  - FPS : 19.88                              
=============================================
=============================================
* Benchmark Result (single input)
  - FPS : 20.48                              
=============================================
=============================================
* Benchmark Result (single input)
  - FPS : 18.16                              
=============================================
=============================================
* Benchmark Result (single input)
  - FPS : 20.43                              
=============================================
=============================================
* Benchmark Result (single input)
  - FPS : 18.67                              
=============================================
=============================================
* Benchmark Result (single input)
  - FPS : 18.84                              
=============================================
=============================================
* Benchmark Result (single input)
  - FPS : 20.18                              
=============================================
=============================================
* Benchmark Result (single input)
  - FPS : 18.00                              
=============================================
=============================================
* Benchmark Result (single input)
  - FPS : 18.24                              
=============================================
=============================================
* Benchmark Result (single input)
  - FPS : 20.49                              
=============================================
=============================================
* Benchmark Result (single input)
  - FPS : 19.06                              
=============================================
=============================================
* Benchmark Result (single input)
  - FPS : 17.56                              
=============================================
=============================================
* Benchmark Result (single input)
  - FPS : 18.94                              
=============================================
=============================================
* Benchmark Result (single input)
  - FPS : 20.48                              
=============================================
=============================================
* Benchmark Result (single input)
  - FPS : 20.41                              
=============================================
=============================================
* Benchmark Result (single input)
  - FPS : 20.20                              
=============================================
=============================================
* Benchmark Result (single input)
  - FPS : 19.08                              
=============================================
=============================================
* Benchmark Result (single input)
  - FPS : 19.50                              
=============================================
=============================================
* Benchmark Result (single input)
  - FPS : 18.12                              
=============================================
=============================================
* Benchmark Result (single input)
  - FPS : 18.74                              
=============================================
=============================================
* Benchmark Result (single input)
  - FPS : 20.40                              
=============================================
=============================================
* Benchmark Result (single input)
  - FPS : 20.50                              
=============================================
=============================================
* Benchmark Result (single input)
  - FPS : 18.43                              
=============================================
=============================================
* Benchmark Result (single input)
  - FPS : 18.51                              
=============================================
=============================================
* Benchmark Result (single input)
  - FPS : 20.19                              
=============================================
=============================================
* Benchmark Result (single input)
  - FPS : 20.28                              
=============================================
=============================================
* Benchmark Result (single input)
  - FPS : 18.28                              
=============================================
=============================================
* Benchmark Result (single input)
  - FPS : 20.54                              
=============================================
=============================================
* Benchmark Result (single input)
  - FPS : 18.48                              
=============================================
=============================================
* Benchmark Result (single input)
  - FPS : 19.67                              
=============================================
=============================================
* Benchmark Result (single input)
  - FPS : 19.58                              
=============================================
=============================================
* Benchmark Result (single input)
  - FPS : 19.04                              
=============================================
=============================================
* Benchmark Result (single input)
  - FPS : 18.82                              
=============================================
=============================================
* Benchmark Result (single input)
  - FPS : 20.37                              
=============================================
=============================================
* Benchmark Result (single input)
  - FPS : 19.15                              
=============================================
=============================================
* Benchmark Result (single input)
  - FPS : 19.53                              
=============================================
=============================================
* Benchmark Result (single input)
  - FPS : 20.82                              
=============================================
=============================================
* Benchmark Result (single input)
  - FPS : 18.87                              
=============================================
=============================================
* Benchmark Result (single input)
  - FPS : 20.46                              
=============================================
=============================================
* Benchmark Result (single input)
  - FPS : 20.37                              
=============================================
=============================================
* Benchmark Result (single input)
  - FPS : 18.26                              
=============================================
=============================================
* Benchmark Result (single input)
  - FPS : 20.88                              
=============================================
=============================================
* Benchmark Result (single input)
  - FPS : 20.53                              
=============================================
=============================================
* Benchmark Result (single input)
  - FPS : 20.16                              
=============================================
=============================================
* Benchmark Result (single input)
  - FPS : 19.80                              
=============================================
=============================================
* Benchmark Result (single input)
  - FPS : 18.33                              
=============================================
=============================================
* Benchmark Result (single input)
  - FPS : 18.13                              
=============================================
=============================================
* Benchmark Result (single input)
  - FPS : 20.09                              
=============================================
=============================================
* Benchmark Result (single input)
  - FPS : 18.30                              
=============================================
=============================================
* Benchmark Result (single input)
  - FPS : 19.02                              
=============================================
=============================================
* Benchmark Result (single input)
  - FPS : 19.25                              
=============================================
=============================================
* Benchmark Result (single input)
  - FPS : 19.64                              
=============================================
=============================================
* Benchmark Result (single input)
  - FPS : 20.74                              
=============================================
=============================================
* Benchmark Result (single input)
  - FPS : 18.45                              
=============================================
=============================================
* Benchmark Result (single input)
  - FPS : 20.42                              
=============================================
=============================================
* Benchmark Result (single input)
  - FPS : 20.35                              
=============================================
=============================================
* Benchmark Result (single input)
  - FPS : 21.17                              
=============================================
=============================================
* Benchmark Result (single input)
  - FPS : 19.44                              
=============================================
=============================================
* Benchmark Result (single input)
  - FPS : 20.37                              
=============================================
=============================================
* Benchmark Result (single input)
  - FPS : 20.60                              
=============================================
=============================================
* Benchmark Result (single input)
  - FPS : 18.29                              
=============================================
=============================================
* Benchmark Result (single input)
  - FPS : 20.72                              
=============================================
=============================================
* Benchmark Result (single input)
  - FPS : 19.12                              
=============================================
=============================================
* Benchmark Result (single input)
  - FPS : 20.03                              
=============================================
=============================================
* Benchmark Result (single input)
  - FPS : 21.81                              
=============================================
=============================================
* Benchmark Result (single input)
  - FPS : 20.31                              
=============================================
=============================================
* Benchmark Result (single input)
  - FPS : 19.24                              
=============================================
=============================================
* Benchmark Result (single input)
  - FPS : 20.75                              
=============================================
=============================================
* Benchmark Result (single input)
  - FPS : 18.91                              
=============================================
=============================================
* Benchmark Result (single input)
  - FPS : 21.18                              
=============================================
=============================================
* Benchmark Result (single input)
  - FPS : 19.47                              
=============================================
=============================================
* Benchmark Result (single input)
  - FPS : 18.43                              
=============================================
=============================================
* Benchmark Result (single input)
  - FPS : 19.22                              
=============================================
=============================================
* Benchmark Result (single input)
  - FPS : 19.46                              
=============================================
=============================================
* Benchmark Result (single input)
  - FPS : 19.07                              
=============================================
=============================================
* Benchmark Result (single input)
  - FPS : 20.96                              
=============================================
=============================================
* Benchmark Result (single input)
  - FPS : 20.36                              
=============================================
=============================================
* Benchmark Result (single input)
  - FPS : 20.66                              
=============================================
=============================================
* Benchmark Result (single input)
  - FPS : 18.87                              
=============================================
=============================================
* Benchmark Result (single input)
  - FPS : 20.67                              
=============================================
=============================================
* Benchmark Result (single input)
  - FPS : 18.49                              
=============================================
=============================================
* Benchmark Result (single input)
  - FPS : 18.55                              
=============================================
=============================================
* Benchmark Result (single input)
  - FPS : 20.41                              
=============================================
=============================================
* Benchmark Result (single input)
  - FPS : 19.23                              
=============================================
=============================================
* Benchmark Result (single input)
  - FPS : 20.46                              
=============================================
=============================================
* Benchmark Result (single input)
  - FPS : 20.59                              
=============================================
=============================================
* Benchmark Result (single input)
  - FPS : 20.33                              
=============================================
=============================================
* Benchmark Result (single input)
  - FPS : 19.11                              
=============================================
=============================================
* Benchmark Result (single input)
  - FPS : 19.61                              
=============================================
=============================================
* Benchmark Result (single input)
  - FPS : 18.57                              
=============================================
=============================================
* Benchmark Result (single input)
  - FPS : 20.74                              
=============================================
=============================================
* Benchmark Result (single input)
  - FPS : 19.07                              
=============================================
=============================================
* Benchmark Result (single input)
  - FPS : 20.91                              
=============================================
=============================================
* Benchmark Result (single input)
  - FPS : 20.57                              
=============================================
=============================================
* Benchmark Result (single input)
  - FPS : 18.56                              
=============================================
=============================================
* Benchmark Result (single input)
  - FPS : 19.49                              
=============================================
=============================================
* Benchmark Result (single input)
  - FPS : 18.77                              
=============================================
=============================================
* Benchmark Result (single input)
  - FPS : 18.64                              
=============================================
=============================================
* Benchmark Result (single input)
  - FPS : 19.40                              
=============================================
=============================================
* Benchmark Result (single input)
  - FPS : 20.56                              
=============================================
=============================================
* Benchmark Result (single input)
  - FPS : 19.36                              
=============================================
=============================================
* Benchmark Result (single input)
  - FPS : 20.39                              
=============================================
=============================================
* Benchmark Result (single input)
  - FPS : 20.43                              
=============================================
=============================================
* Benchmark Result (single input)
  - FPS : 20.16                              
=============================================
=============================================
* Benchmark Result (single input)
  - FPS : 18.15                              
=============================================
=============================================
* Benchmark Result (single input)
  - FPS : 20.35                              
=============================================
=============================================
* Benchmark Result (single input)
  - FPS : 20.36                              
=============================================
=============================================
* Benchmark Result (single input)
  - FPS : 18.50                              
=============================================
=============================================
* Benchmark Result (single input)
  - FPS : 18.70                              
=============================================
=============================================
* Benchmark Result (single input)
  - FPS : 18.64                              
=============================================
=============================================
* Benchmark Result (single input)
  - FPS : 20.34                              
=============================================
=============================================
* Benchmark Result (single input)
  - FPS : 18.18                              
=============================================
=============================================
* Benchmark Result (single input)
  - FPS : 18.04                              
=============================================
=============================================
* Benchmark Result (single input)
  - FPS : 17.07                              
=============================================
=============================================
* Benchmark Result (single input)
  - FPS : 20.19                              
=============================================
=============================================
* Benchmark Result (single input)
  - FPS : 18.53                              
=============================================
=============================================
* Benchmark Result (single input)
  - FPS : 20.91                              
=============================================
=============================================
* Benchmark Result (single input)
  - FPS : 18.32                              
=============================================
=============================================
* Benchmark Result (single input)
  - FPS : 19.15                              
=============================================
=============================================
* Benchmark Result (single input)
  - FPS : 19.02                              
=============================================
=============================================
* Benchmark Result (single input)
  - FPS : 19.56                              
=============================================
=============================================
* Benchmark Result (single input)
  - FPS : 20.20                              
=============================================
=============================================
* Benchmark Result (single input)
  - FPS : 20.86                              
=============================================
=============================================
* Benchmark Result (single input)
  - FPS : 18.26                              
=============================================
=============================================
* Benchmark Result (single input)
  - FPS : 20.46                              
=============================================
=============================================
* Benchmark Result (single input)
  - FPS : 19.17                              
=============================================
=============================================
* Benchmark Result (single input)
  - FPS : 20.38                              
=============================================
=============================================
* Benchmark Result (single input)
  - FPS : 20.36                              
=============================================
=============================================
* Benchmark Result (single input)
  - FPS : 18.13                              
=============================================
=============================================
* Benchmark Result (single input)
  - FPS : 19.27                              
=============================================
=============================================
* Benchmark Result (single input)
  - FPS : 18.95                              
=============================================
=============================================
* Benchmark Result (single input)
  - FPS : 19.10                              
=============================================
=============================================
* Benchmark Result (single input)
  - FPS : 20.60                              
=============================================
=============================================
* Benchmark Result (single input)
  - FPS : 19.88                              
=============================================
=============================================
* Benchmark Result (single input)
  - FPS : 20.01                              
=============================================
=============================================
* Benchmark Result (single input)
  - FPS : 19.49                              
=============================================
=============================================
* Benchmark Result (single input)
  - FPS : 20.27                              
=============================================
=============================================
* Benchmark Result (single input)
  - FPS : 20.07                              
=============================================
=============================================
* Benchmark Result (single input)
  - FPS : 18.11                              
=============================================
=============================================
* Benchmark Result (single input)
  - FPS : 19.99                              
=============================================
=============================================
* Benchmark Result (single input)
  - FPS : 20.26                              
=============================================
=============================================
* Benchmark Result (single input)
  - FPS : 20.09                              
=============================================
=============================================
* Benchmark Result (single input)
  - FPS : 20.37                              
=============================================
=============================================
* Benchmark Result (single input)
  - FPS : 18.31                              
=============================================
=============================================
* Benchmark Result (single input)
  - FPS : 18.57                              
=============================================
=============================================
* Benchmark Result (single input)
  - FPS : 18.93                              
=============================================
=============================================
* Benchmark Result (single input)
  - FPS : 20.28                              
=============================================
=============================================
* Benchmark Result (single input)
  - FPS : 18.15                              
=============================================
=============================================
* Benchmark Result (single input)
  - FPS : 20.57                              
=============================================
=============================================
* Benchmark Result (single input)
  - FPS : 18.51                              
=============================================
=============================================
* Benchmark Result (single input)
  - FPS : 20.59                              
=============================================
=============================================
* Benchmark Result (single input)
  - FPS : 18.24                              
=============================================
=============================================
* Benchmark Result (single input)
  - FPS : 18.83                              
=============================================
=============================================
* Benchmark Result (single input)
  - FPS : 18.80                              
=============================================
=============================================
* Benchmark Result (single input)
  - FPS : 20.73                              
=============================================
=============================================
* Benchmark Result (single input)
  - FPS : 20.87                              
=============================================
=============================================
* Benchmark Result (single input)
  - FPS : 20.49                              
=============================================
=============================================
* Benchmark Result (single input)
  - FPS : 20.19                              
=============================================
=============================================
* Benchmark Result (single input)
  - FPS : 18.33                              
=============================================
=============================================
* Benchmark Result (single input)
  - FPS : 18.57                              
=============================================
=============================================
* Benchmark Result (single input)
  - FPS : 20.39                              
=============================================
=============================================
* Benchmark Result (single input)
  - FPS : 19.50                              
=============================================
=============================================
* Benchmark Result (single input)
  - FPS : 19.25                              
=============================================
=============================================
* Benchmark Result (single input)
  - FPS : 19.54                              
=============================================
=============================================
* Benchmark Result (single input)
  - FPS : 18.98                              
=============================================
=============================================
* Benchmark Result (single input)
  - FPS : 19.58                              
=============================================
=============================================
* Benchmark Result (single input)
  - FPS : 19.43                              
=============================================
=============================================
* Benchmark Result (single input)
  - FPS : 18.14                              
=============================================
=============================================
* Benchmark Result (single input)
  - FPS : 19.86                              
=============================================
=============================================
* Benchmark Result (single input)
  - FPS : 19.38                              
=============================================
=============================================
* Benchmark Result (single input)
  - FPS : 20.39                              
=============================================
=============================================
* Benchmark Result (single input)
  - FPS : 19.20                              
=============================================
=============================================
* Benchmark Result (single input)
  - FPS : 19.30                              
=============================================
=============================================
* Benchmark Result (single input)
  - FPS : 20.55                              
=============================================
=============================================
* Benchmark Result (single input)
  - FPS : 18.09                              
=============================================
=============================================
* Benchmark Result (single input)
  - FPS : 20.44                              
=============================================
=============================================
* Benchmark Result (single input)
  - FPS : 18.89                              
=============================================
=============================================
* Benchmark Result (single input)
  - FPS : 20.46                              
=============================================
=============================================
* Benchmark Result (single input)
  - FPS : 18.50                              
=============================================
=============================================
* Benchmark Result (single input)
  - FPS : 20.12                              
=============================================
=============================================
* Benchmark Result (single input)
  - FPS : 18.24                              
=============================================
=============================================
* Benchmark Result (single input)
  - FPS : 20.49                              
=============================================
=============================================
* Benchmark Result (single input)
  - FPS : 18.55                              
=============================================
=============================================
* Benchmark Result (single input)
  - FPS : 20.77                              
=============================================
=============================================
* Benchmark Result (single input)
  - FPS : 20.70                              
=============================================
=============================================
* Benchmark Result (single input)
  - FPS : 19.42                              
=============================================
=============================================
* Benchmark Result (single input)
  - FPS : 19.39                              
=============================================
=============================================
* Benchmark Result (single input)
  - FPS : 20.24                              
=============================================
=============================================
* Benchmark Result (single input)
  - FPS : 20.34                              
=============================================
=============================================
* Benchmark Result (single input)
  - FPS : 21.13                              
=============================================
=============================================
* Benchmark Result (single input)
  - FPS : 19.96                              
=============================================
=============================================
* Benchmark Result (single input)
  - FPS : 18.83                              
=============================================
=============================================
* Benchmark Result (single input)
  - FPS : 19.21                              
=============================================
=============================================
* Benchmark Result (single input)
  - FPS : 17.93                              
=============================================
=============================================
* Benchmark Result (single input)
  - FPS : 19.66                              
=============================================
=============================================
* Benchmark Result (single input)
  - FPS : 19.09                              
=============================================
=============================================
* Benchmark Result (single input)
  - FPS : 18.79                              
=============================================
=============================================
* Benchmark Result (single input)
  - FPS : 20.76                              
=============================================
=============================================
* Benchmark Result (single input)
  - FPS : 20.38                              
=============================================
=============================================
* Benchmark Result (single input)
  - FPS : 20.76                              
=============================================
=============================================
* Benchmark Result (single input)
  - FPS : 19.43                              
=============================================
=============================================
* Benchmark Result (single input)
  - FPS : 20.46                              
=============================================
=============================================
* Benchmark Result (single input)
  - FPS : 20.21                              
=============================================
=============================================
* Benchmark Result (single input)
  - FPS : 18.89                              
=============================================
=============================================
* Benchmark Result (single input)
  - FPS : 19.61                              
=============================================
=============================================
* Benchmark Result (single input)
  - FPS : 18.95                              
=============================================
=============================================
* Benchmark Result (single input)
  - FPS : 20.42                              
=============================================
=============================================
* Benchmark Result (single input)
  - FPS : 19.40                              
=============================================
=============================================
* Benchmark Result (single input)
  - FPS : 19.43                              
=============================================
=============================================
* Benchmark Result (single input)
  - FPS : 20.73                              
=============================================
=============================================
* Benchmark Result (single input)
  - FPS : 20.48                              
=============================================
=============================================
* Benchmark Result (single input)
  - FPS : 18.45                              
=============================================
=============================================
* Benchmark Result (single input)
  - FPS : 19.32                              
=============================================
=============================================
* Benchmark Result (single input)
  - FPS : 19.69                              
=============================================
=============================================
* Benchmark Result (single input)
  - FPS : 19.51                              
=============================================
=============================================
* Benchmark Result (single input)
  - FPS : 20.88                              
=============================================
=============================================
* Benchmark Result (single input)
  - FPS : 20.60                              
=============================================
=============================================
* Benchmark Result (single input)
  - FPS : 18.14                              
=============================================
=============================================
* Benchmark Result (single input)
  - FPS : 20.39                              
=============================================
=============================================
* Benchmark Result (single input)
  - FPS : 20.08                              
=============================================
=============================================
* Benchmark Result (single input)
  - FPS : 18.58                              
=============================================
=============================================
* Benchmark Result (single input)
  - FPS : 19.16                              
=============================================
=============================================
* Benchmark Result (single input)
  - FPS : 20.13                              
=============================================
=============================================
* Benchmark Result (single input)
  - FPS : 20.48                              
=============================================
=============================================
* Benchmark Result (single input)
  - FPS : 20.51                              
=============================================
=============================================
* Benchmark Result (single input)
  - FPS : 19.51                              
=============================================
=============================================
* Benchmark Result (single input)
  - FPS : 20.57                              
=============================================
=============================================
* Benchmark Result (single input)
  - FPS : 19.94                              
=============================================
=============================================
* Benchmark Result (single input)
  - FPS : 18.20                              
=============================================
=============================================
* Benchmark Result (single input)
  - FPS : 18.31                              
=============================================
=============================================
* Benchmark Result (single input)
  - FPS : 17.84                              
=============================================
=============================================
* Benchmark Result (single input)
  - FPS : 20.20                              
=============================================
=============================================
* Benchmark Result (single input)
  - FPS : 19.60                              
=============================================
=============================================
* Benchmark Result (single input)
  - FPS : 20.40                              
=============================================
=============================================
* Benchmark Result (single input)
  - FPS : 18.28                              
=============================================
=============================================
* Benchmark Result (single input)
  - FPS : 20.58                              
=============================================
=============================================
* Benchmark Result (single input)
  - FPS : 20.43                              
=============================================
=============================================
* Benchmark Result (single input)
  - FPS : 18.98                              
=============================================
=============================================
* Benchmark Result (single input)
  - FPS : 19.43                              
=============================================
=============================================
* Benchmark Result (single input)
  - FPS : 20.42                              
=============================================
Profiler data has been written to profiler.json
  -------------------------------------------------------------------------------
  |           Name                 |  min (us)    |  max (us)    | average (us) |
  -------------------------------------------------------------------------------
  |   Framework Response Handling  |           21 |          153 |      83.4485 | 151, 55, 121, 60, 122, 66, 106, 123, 110, 54, 113, 96, 81, 83, 95, 60, 116, 105, 57, 70, 88, 117, 72, 52, 106, 55, 117, 60, 25, 50, ...
  |                       NPU Core |        21777 |        21803 |      21791.5 | 21792, 21792, 21787, 21796, 21797, 21791, 21786, 21789, 21791, 21786, 21788, 21792, 21790, 21798, 21800, 21792, 21791, 21790, 21793, 21790, 21788, 21793, 21794, 21789, 21785, 21794, 21786, 21788, 21793, 21792, ...
  |       NPU Input Format Handler |          263 |          603 |      287.611 | 603, 275, 269, 283, 289, 302, 276, 285, 274, 299, 277, 302, 283, 350, 287, 283, 274, 272, 294, 274, 295, 271, 283, 310, 264, 292, 278, 281, 286, 285, ...
  |      NPU Output Format Handler |        14465 |        23071 |      17978.2 | 21926, 15592, 21144, 15061, 15390, 15896, 15890, 20519, 21723, 16088, 21374, 20387, 19950, 19883, 18142, 15153, 20540, 15552, 15509, 15189, 18362, 15294, 21140, 15552, 21099, 15170, 18718, 15988, 14465, 16930, ...
  |                       NPU Task |        44327 |        57398 |      49802.4 | 57398, 47674, 53251, 46501, 47307, 48148, 49060, 53108, 53728, 48350, 53144, 51770, 51105, 50520, 49509, 46805, 52649, 47536, 47714, 45806, 49848, 47607, 53384, 47159, 53243, 46727, 50902, 48498, 44327, 47206, ...
  |                      PCIe Read |         5994 |        10528 |      7689.06 | 10528, 8173, 7760, 7571, 7903, 8195, 8365, 7904, 7959, 8138, 7634, 7536, 7348, 6837, 7589, 7457, 7667, 7714, 7697, 6792, 7716, 7906, 8125, 7569, 7844, 7683, 7636, 8148, 6261, 6770, ...
  |                     PCIe Write |          910 |         2137 |      1058.93 | 932, 1101, 937, 1027, 1118, 1110, 1221, 1199, 1129, 1193, 1191, 984, 1061, 958, 938, 984, 1107, 1105, 1040, 1109, 917, 1104, 1058, 972, 1209, 1057, 1101, 1217, 1022, 952, ...
  |           Service Process Wait |        45792 |      1126639 |      54832.8 | 1126639, 48321, 49479, 54304, 47978, 48735, 50302, 50363, 53884, 55276, 49778, 51889, 54387, 52624, 51846, 51338, 48372, 53994, 49264, 48530, 47101, 51960, 53370, 48866, 48655, 54361, 48869, 52010, 49438, 45792, ...
  -------------------------------------------------------------------------------

__CPU_PERCENT__=44%
