Runtime Framework Version: v3.2.0
Device Driver Version: v2.1.0
PCIe Driver Version: v2.0.1

modelFile: /home/deepx/sijo_feat_windows_env/dx_stream/apps/benchmark/assets/models_dx_com220rc2/yolo26n-obb.dxnn
inputFile: 
outputFile: output.bin
benchmark: 0
loops: 300
Device specification: 'all' (default)
[INFO] Profiler is enabled.
Run model target mode : Single Mode
Inference by loops: count=300

=== Model File: /home/deepx/sijo_feat_windows_env/dx_stream/apps/benchmark/assets/models_dx_com220rc2/yolo26n-obb.dxnn ===

Model Input Tensors:
  - images
Model Output Tensors:
  - /model.23/one2one_cv2.0/one2one_cv2.0.2/Conv_output_0
  - /model.23/one2one_cv4.0/one2one_cv4.0.2/Conv_output_0
  - /model.23/one2one_cv2.1/one2one_cv2.1.2/Conv_output_0
  - /model.23/one2one_cv4.1/one2one_cv4.1.2/Conv_output_0
  - /model.23/one2one_cv3.0/one2one_cv3.0.2/Conv_output_0
  - /model.23/one2one_cv3.1/one2one_cv3.1.2/Conv_output_0
  - /model.23/one2one_cv2.2/one2one_cv2.2.2/Conv_output_0
  - /model.23/one2one_cv4.2/one2one_cv4.2.2/Conv_output_0
  - /model.23/one2one_cv3.2/one2one_cv3.2.2/Conv_output_0

Tasks:
  [ ] -> npu_0 -> []
  Task[0] npu_0, NPU, NPU memory usage 375,261,952 bytes (input 3,145,728 bytes, output 1,720,320 bytes)
  Inputs
     -  images, UINT8, [1, 1024, 1024, 3 ]
  Outputs
    -  /model.23/one2one_cv2.0/one2one_cv2.0.2/Conv_output_0, FLOAT, [1, 4, 128, 128 ]
    -  /model.23/one2one_cv4.0/one2one_cv4.0.2/Conv_output_0, FLOAT, [1, 1, 128, 128 ]
    -  /model.23/one2one_cv2.1/one2one_cv2.1.2/Conv_output_0, FLOAT, [1, 4, 64, 64 ]
    -  /model.23/one2one_cv4.1/one2one_cv4.1.2/Conv_output_0, FLOAT, [1, 1, 64, 64 ]
    -  /model.23/one2one_cv3.0/one2one_cv3.0.2/Conv_output_0, FLOAT, [1, 15, 128, 128 ]
    -  /model.23/one2one_cv3.1/one2one_cv3.1.2/Conv_output_0, FLOAT, [1, 15, 64, 64 ]
    -  /model.23/one2one_cv2.2/one2one_cv2.2.2/Conv_output_0, FLOAT, [1, 4, 32, 32 ]
    -  /model.23/one2one_cv4.2/one2one_cv4.2.2/Conv_output_0, FLOAT, [1, 1, 32, 32 ]
    -  /model.23/one2one_cv3.2/one2one_cv3.2.2/Conv_output_0, FLOAT, [1, 15, 32, 32 ]


Performing 1 warmup run(s)...
Warmup completed.
=============================================
* Benchmark Result (single input)
  - FPS : 24.08                              
=============================================
=============================================
* Benchmark Result (single input)
  - FPS : 24.16                              
=============================================
=============================================
* Benchmark Result (single input)
  - FPS : 23.31                              
=============================================
=============================================
* Benchmark Result (single input)
  - FPS : 24.21                              
=============================================
=============================================
* Benchmark Result (single input)
  - FPS : 22.83                              
=============================================
=============================================
* Benchmark Result (single input)
  - FPS : 23.56                              
=============================================
=============================================
* Benchmark Result (single input)
  - FPS : 24.11                              
=============================================
=============================================
* Benchmark Result (single input)
  - FPS : 23.54                              
=============================================
=============================================
* Benchmark Result (single input)
  - FPS : 23.38                              
=============================================
=============================================
* Benchmark Result (single input)
  - FPS : 23.01                              
=============================================
=============================================
* Benchmark Result (single input)
  - FPS : 23.14                              
=============================================
=============================================
* Benchmark Result (single input)
  - FPS : 22.82                              
=============================================
=============================================
* Benchmark Result (single input)
  - FPS : 23.78                              
=============================================
=============================================
* Benchmark Result (single input)
  - FPS : 24.10                              
=============================================
=============================================
* Benchmark Result (single input)
  - FPS : 22.36                              
=============================================
=============================================
* Benchmark Result (single input)
  - FPS : 23.73                              
=============================================
=============================================
* Benchmark Result (single input)
  - FPS : 22.80                              
=============================================
=============================================
* Benchmark Result (single input)
  - FPS : 22.22                              
=============================================
=============================================
* Benchmark Result (single input)
  - FPS : 22.75                              
=============================================
=============================================
* Benchmark Result (single input)
  - FPS : 24.12                              
=============================================
=============================================
* Benchmark Result (single input)
  - FPS : 22.74                              
=============================================
=============================================
* Benchmark Result (single input)
  - FPS : 22.72                              
=============================================
=============================================
* Benchmark Result (single input)
  - FPS : 23.84                              
=============================================
=============================================
* Benchmark Result (single input)
  - FPS : 24.56                              
=============================================
=============================================
* Benchmark Result (single input)
  - FPS : 22.78                              
=============================================
=============================================
* Benchmark Result (single input)
  - FPS : 22.34                              
=============================================
=============================================
* Benchmark Result (single input)
  - FPS : 23.65                              
=============================================
=============================================
* Benchmark Result (single input)
  - FPS : 23.26                              
=============================================
=============================================
* Benchmark Result (single input)
  - FPS : 20.45                              
=============================================
=============================================
* Benchmark Result (single input)
  - FPS : 22.74                              
=============================================
=============================================
* Benchmark Result (single input)
  - FPS : 22.24                              
=============================================
=============================================
* Benchmark Result (single input)
  - FPS : 23.73                              
=============================================
=============================================
* Benchmark Result (single input)
  - FPS : 24.32                              
=============================================
=============================================
* Benchmark Result (single input)
  - FPS : 23.83                              
=============================================
=============================================
* Benchmark Result (single input)
  - FPS : 23.64                              
=============================================
=============================================
* Benchmark Result (single input)
  - FPS : 22.90                              
=============================================
=============================================
* Benchmark Result (single input)
  - FPS : 22.88                              
=============================================
=============================================
* Benchmark Result (single input)
  - FPS : 23.44                              
=============================================
=============================================
* Benchmark Result (single input)
  - FPS : 23.53                              
=============================================
=============================================
* Benchmark Result (single input)
  - FPS : 22.72                              
=============================================
=============================================
* Benchmark Result (single input)
  - FPS : 25.61                              
=============================================
=============================================
* Benchmark Result (single input)
  - FPS : 25.76                              
=============================================
=============================================
* Benchmark Result (single input)
  - FPS : 24.18                              
=============================================
=============================================
* Benchmark Result (single input)
  - FPS : 23.01                              
=============================================
=============================================
* Benchmark Result (single input)
  - FPS : 22.94                              
=============================================
=============================================
* Benchmark Result (single input)
  - FPS : 24.26                              
=============================================
=============================================
* Benchmark Result (single input)
  - FPS : 24.99                              
=============================================
=============================================
* Benchmark Result (single input)
  - FPS : 22.92                              
=============================================
=============================================
* Benchmark Result (single input)
  - FPS : 23.60                              
=============================================
=============================================
* Benchmark Result (single input)
  - FPS : 23.11                              
=============================================
=============================================
* Benchmark Result (single input)
  - FPS : 22.61                              
=============================================
=============================================
* Benchmark Result (single input)
  - FPS : 21.81                              
=============================================
=============================================
* Benchmark Result (single input)
  - FPS : 23.32                              
=============================================
=============================================
* Benchmark Result (single input)
  - FPS : 23.90                              
=============================================
=============================================
* Benchmark Result (single input)
  - FPS : 23.86                              
=============================================
=============================================
* Benchmark Result (single input)
  - FPS : 24.41                              
=============================================
=============================================
* Benchmark Result (single input)
  - FPS : 23.52                              
=============================================
=============================================
* Benchmark Result (single input)
  - FPS : 23.91                              
=============================================
=============================================
* Benchmark Result (single input)
  - FPS : 24.16                              
=============================================
=============================================
* Benchmark Result (single input)
  - FPS : 22.93                              
=============================================
=============================================
* Benchmark Result (single input)
  - FPS : 22.26                              
=============================================
=============================================
* Benchmark Result (single input)
  - FPS : 23.75                              
=============================================
=============================================
* Benchmark Result (single input)
  - FPS : 24.15                              
=============================================
=============================================
* Benchmark Result (single input)
  - FPS : 23.44                              
=============================================
=============================================
* Benchmark Result (single input)
  - FPS : 23.68                              
=============================================
=============================================
* Benchmark Result (single input)
  - FPS : 23.08                              
=============================================
=============================================
* Benchmark Result (single input)
  - FPS : 23.84                              
=============================================
=============================================
* Benchmark Result (single input)
  - FPS : 23.39                              
=============================================
=============================================
* Benchmark Result (single input)
  - FPS : 22.66                              
=============================================
=============================================
* Benchmark Result (single input)
  - FPS : 23.88                              
=============================================
=============================================
* Benchmark Result (single input)
  - FPS : 25.15                              
=============================================
=============================================
* Benchmark Result (single input)
  - FPS : 23.02                              
=============================================
=============================================
* Benchmark Result (single input)
  - FPS : 23.67                              
=============================================
=============================================
* Benchmark Result (single input)
  - FPS : 23.86                              
=============================================
=============================================
* Benchmark Result (single input)
  - FPS : 23.98                              
=============================================
=============================================
* Benchmark Result (single input)
  - FPS : 24.16                              
=============================================
=============================================
* Benchmark Result (single input)
  - FPS : 23.26                              
=============================================
=============================================
* Benchmark Result (single input)
  - FPS : 23.99                              
=============================================
=============================================
* Benchmark Result (single input)
  - FPS : 24.02                              
=============================================
=============================================
* Benchmark Result (single input)
  - FPS : 24.28                              
=============================================
=============================================
* Benchmark Result (single input)
  - FPS : 24.09                              
=============================================
=============================================
* Benchmark Result (single input)
  - FPS : 23.05                              
=============================================
=============================================
* Benchmark Result (single input)
  - FPS : 24.13                              
=============================================
=============================================
* Benchmark Result (single input)
  - FPS : 23.19                              
=============================================
=============================================
* Benchmark Result (single input)
  - FPS : 24.60                              
=============================================
=============================================
* Benchmark Result (single input)
  - FPS : 22.18                              
=============================================
=============================================
* Benchmark Result (single input)
  - FPS : 22.85                              
=============================================
=============================================
* Benchmark Result (single input)
  - FPS : 24.08                              
=============================================
=============================================
* Benchmark Result (single input)
  - FPS : 22.34                              
=============================================
=============================================
* Benchmark Result (single input)
  - FPS : 23.55                              
=============================================
=============================================
* Benchmark Result (single input)
  - FPS : 23.90                              
=============================================
=============================================
* Benchmark Result (single input)
  - FPS : 22.51                              
=============================================
=============================================
* Benchmark Result (single input)
  - FPS : 22.96                              
=============================================
=============================================
* Benchmark Result (single input)
  - FPS : 22.77                              
=============================================
=============================================
* Benchmark Result (single input)
  - FPS : 23.88                              
=============================================
=============================================
* Benchmark Result (single input)
  - FPS : 23.89                              
=============================================
=============================================
* Benchmark Result (single input)
  - FPS : 23.73                              
=============================================
=============================================
* Benchmark Result (single input)
  - FPS : 22.48                              
=============================================
=============================================
* Benchmark Result (single input)
  - FPS : 23.78                              
=============================================
=============================================
* Benchmark Result (single input)
  - FPS : 22.89                              
=============================================
=============================================
* Benchmark Result (single input)
  - FPS : 23.20                              
=============================================
=============================================
* Benchmark Result (single input)
  - FPS : 23.04                              
=============================================
=============================================
* Benchmark Result (single input)
  - FPS : 23.74                              
=============================================
=============================================
* Benchmark Result (single input)
  - FPS : 23.53                              
=============================================
=============================================
* Benchmark Result (single input)
  - FPS : 23.76                              
=============================================
=============================================
* Benchmark Result (single input)
  - FPS : 22.97                              
=============================================
=============================================
* Benchmark Result (single input)
  - FPS : 24.10                              
=============================================
=============================================
* Benchmark Result (single input)
  - FPS : 25.01                              
=============================================
=============================================
* Benchmark Result (single input)
  - FPS : 23.23                              
=============================================
=============================================
* Benchmark Result (single input)
  - FPS : 23.06                              
=============================================
=============================================
* Benchmark Result (single input)
  - FPS : 23.44                              
=============================================
=============================================
* Benchmark Result (single input)
  - FPS : 22.82                              
=============================================
=============================================
* Benchmark Result (single input)
  - FPS : 23.81                              
=============================================
=============================================
* Benchmark Result (single input)
  - FPS : 23.97                              
=============================================
=============================================
* Benchmark Result (single input)
  - FPS : 22.91                              
=============================================
=============================================
* Benchmark Result (single input)
  - FPS : 21.87                              
=============================================
=============================================
* Benchmark Result (single input)
  - FPS : 22.17                              
=============================================
=============================================
* Benchmark Result (single input)
  - FPS : 25.29                              
=============================================
=============================================
* Benchmark Result (single input)
  - FPS : 23.21                              
=============================================
=============================================
* Benchmark Result (single input)
  - FPS : 23.36                              
=============================================
=============================================
* Benchmark Result (single input)
  - FPS : 23.03                              
=============================================
=============================================
* Benchmark Result (single input)
  - FPS : 22.16                              
=============================================
=============================================
* Benchmark Result (single input)
  - FPS : 24.15                              
=============================================
=============================================
* Benchmark Result (single input)
  - FPS : 23.98                              
=============================================
=============================================
* Benchmark Result (single input)
  - FPS : 22.76                              
=============================================
=============================================
* Benchmark Result (single input)
  - FPS : 23.26                              
=============================================
=============================================
* Benchmark Result (single input)
  - FPS : 23.87                              
=============================================
=============================================
* Benchmark Result (single input)
  - FPS : 24.35                              
=============================================
=============================================
* Benchmark Result (single input)
  - FPS : 22.28                              
=============================================
=============================================
* Benchmark Result (single input)
  - FPS : 23.06                              
=============================================
=============================================
* Benchmark Result (single input)
  - FPS : 23.83                              
=============================================
=============================================
* Benchmark Result (single input)
  - FPS : 23.87                              
=============================================
=============================================
* Benchmark Result (single input)
  - FPS : 22.25                              
=============================================
=============================================
* Benchmark Result (single input)
  - FPS : 22.94                              
=============================================
=============================================
* Benchmark Result (single input)
  - FPS : 22.58                              
=============================================
=============================================
* Benchmark Result (single input)
  - FPS : 23.27                              
=============================================
=============================================
* Benchmark Result (single input)
  - FPS : 24.05                              
=============================================
=============================================
* Benchmark Result (single input)
  - FPS : 24.41                              
=============================================
=============================================
* Benchmark Result (single input)
  - FPS : 22.53                              
=============================================
=============================================
* Benchmark Result (single input)
  - FPS : 22.48                              
=============================================
=============================================
* Benchmark Result (single input)
  - FPS : 23.69                              
=============================================
=============================================
* Benchmark Result (single input)
  - FPS : 23.76                              
=============================================
=============================================
* Benchmark Result (single input)
  - FPS : 23.19                              
=============================================
=============================================
* Benchmark Result (single input)
  - FPS : 22.35                              
=============================================
=============================================
* Benchmark Result (single input)
  - FPS : 23.79                              
=============================================
=============================================
* Benchmark Result (single input)
  - FPS : 23.22                              
=============================================
=============================================
* Benchmark Result (single input)
  - FPS : 23.74                              
=============================================
=============================================
* Benchmark Result (single input)
  - FPS : 22.09                              
=============================================
=============================================
* Benchmark Result (single input)
  - FPS : 22.39                              
=============================================
=============================================
* Benchmark Result (single input)
  - FPS : 24.31                              
=============================================
=============================================
* Benchmark Result (single input)
  - FPS : 22.93                              
=============================================
=============================================
* Benchmark Result (single input)
  - FPS : 23.85                              
=============================================
=============================================
* Benchmark Result (single input)
  - FPS : 23.22                              
=============================================
=============================================
* Benchmark Result (single input)
  - FPS : 23.62                              
=============================================
=============================================
* Benchmark Result (single input)
  - FPS : 22.68                              
=============================================
=============================================
* Benchmark Result (single input)
  - FPS : 24.64                              
=============================================
=============================================
* Benchmark Result (single input)
  - FPS : 23.33                              
=============================================
=============================================
* Benchmark Result (single input)
  - FPS : 24.26                              
=============================================
=============================================
* Benchmark Result (single input)
  - FPS : 21.29                              
=============================================
=============================================
* Benchmark Result (single input)
  - FPS : 24.68                              
=============================================
=============================================
* Benchmark Result (single input)
  - FPS : 24.92                              
=============================================
=============================================
* Benchmark Result (single input)
  - FPS : 26.91                              
=============================================
=============================================
* Benchmark Result (single input)
  - FPS : 24.33                              
=============================================
=============================================
* Benchmark Result (single input)
  - FPS : 22.07                              
=============================================
=============================================
* Benchmark Result (single input)
  - FPS : 22.90                              
=============================================
=============================================
* Benchmark Result (single input)
  - FPS : 24.21                              
=============================================
=============================================
* Benchmark Result (single input)
  - FPS : 22.25                              
=============================================
=============================================
* Benchmark Result (single input)
  - FPS : 22.69                              
=============================================
=============================================
* Benchmark Result (single input)
  - FPS : 22.53                              
=============================================
=============================================
* Benchmark Result (single input)
  - FPS : 23.64                              
=============================================
=============================================
* Benchmark Result (single input)
  - FPS : 24.00                              
=============================================
=============================================
* Benchmark Result (single input)
  - FPS : 24.38                              
=============================================
=============================================
* Benchmark Result (single input)
  - FPS : 23.97                              
=============================================
=============================================
* Benchmark Result (single input)
  - FPS : 22.91                              
=============================================
=============================================
* Benchmark Result (single input)
  - FPS : 23.61                              
=============================================
=============================================
* Benchmark Result (single input)
  - FPS : 24.00                              
=============================================
=============================================
* Benchmark Result (single input)
  - FPS : 23.12                              
=============================================
=============================================
* Benchmark Result (single input)
  - FPS : 23.20                              
=============================================
=============================================
* Benchmark Result (single input)
  - FPS : 23.71                              
=============================================
=============================================
* Benchmark Result (single input)
  - FPS : 24.15                              
=============================================
=============================================
* Benchmark Result (single input)
  - FPS : 23.63                              
=============================================
=============================================
* Benchmark Result (single input)
  - FPS : 23.16                              
=============================================
=============================================
* Benchmark Result (single input)
  - FPS : 22.47                              
=============================================
=============================================
* Benchmark Result (single input)
  - FPS : 22.23                              
=============================================
=============================================
* Benchmark Result (single input)
  - FPS : 23.45                              
=============================================
=============================================
* Benchmark Result (single input)
  - FPS : 23.53                              
=============================================
=============================================
* Benchmark Result (single input)
  - FPS : 24.36                              
=============================================
=============================================
* Benchmark Result (single input)
  - FPS : 22.37                              
=============================================
=============================================
* Benchmark Result (single input)
  - FPS : 23.84                              
=============================================
=============================================
* Benchmark Result (single input)
  - FPS : 22.87                              
=============================================
=============================================
* Benchmark Result (single input)
  - FPS : 24.05                              
=============================================
=============================================
* Benchmark Result (single input)
  - FPS : 23.87                              
=============================================
=============================================
* Benchmark Result (single input)
  - FPS : 22.97                              
=============================================
=============================================
* Benchmark Result (single input)
  - FPS : 22.27                              
=============================================
=============================================
* Benchmark Result (single input)
  - FPS : 24.05                              
=============================================
=============================================
* Benchmark Result (single input)
  - FPS : 23.98                              
=============================================
=============================================
* Benchmark Result (single input)
  - FPS : 22.30                              
=============================================
=============================================
* Benchmark Result (single input)
  - FPS : 23.08                              
=============================================
=============================================
* Benchmark Result (single input)
  - FPS : 22.98                              
=============================================
=============================================
* Benchmark Result (single input)
  - FPS : 24.08                              
=============================================
=============================================
* Benchmark Result (single input)
  - FPS : 22.13                              
=============================================
=============================================
* Benchmark Result (single input)
  - FPS : 23.42                              
=============================================
=============================================
* Benchmark Result (single input)
  - FPS : 22.37                              
=============================================
=============================================
* Benchmark Result (single input)
  - FPS : 22.85                              
=============================================
=============================================
* Benchmark Result (single input)
  - FPS : 23.73                              
=============================================
=============================================
* Benchmark Result (single input)
  - FPS : 23.60                              
=============================================
=============================================
* Benchmark Result (single input)
  - FPS : 22.35                              
=============================================
=============================================
* Benchmark Result (single input)
  - FPS : 23.52                              
=============================================
=============================================
* Benchmark Result (single input)
  - FPS : 23.07                              
=============================================
=============================================
* Benchmark Result (single input)
  - FPS : 23.32                              
=============================================
=============================================
* Benchmark Result (single input)
  - FPS : 22.61                              
=============================================
=============================================
* Benchmark Result (single input)
  - FPS : 23.66                              
=============================================
=============================================
* Benchmark Result (single input)
  - FPS : 23.86                              
=============================================
=============================================
* Benchmark Result (single input)
  - FPS : 24.05                              
=============================================
=============================================
* Benchmark Result (single input)
  - FPS : 22.71                              
=============================================
=============================================
* Benchmark Result (single input)
  - FPS : 23.26                              
=============================================
=============================================
* Benchmark Result (single input)
  - FPS : 21.45                              
=============================================
=============================================
* Benchmark Result (single input)
  - FPS : 23.64                              
=============================================
=============================================
* Benchmark Result (single input)
  - FPS : 24.21                              
=============================================
=============================================
* Benchmark Result (single input)
  - FPS : 23.24                              
=============================================
=============================================
* Benchmark Result (single input)
  - FPS : 26.16                              
=============================================
=============================================
* Benchmark Result (single input)
  - FPS : 27.60                              
=============================================
=============================================
* Benchmark Result (single input)
  - FPS : 26.83                              
=============================================
=============================================
* Benchmark Result (single input)
  - FPS : 25.83                              
=============================================
=============================================
* Benchmark Result (single input)
  - FPS : 25.70                              
=============================================
=============================================
* Benchmark Result (single input)
  - FPS : 26.27                              
=============================================
=============================================
* Benchmark Result (single input)
  - FPS : 23.60                              
=============================================
=============================================
* Benchmark Result (single input)
  - FPS : 24.03                              
=============================================
=============================================
* Benchmark Result (single input)
  - FPS : 24.38                              
=============================================
=============================================
* Benchmark Result (single input)
  - FPS : 23.84                              
=============================================
=============================================
* Benchmark Result (single input)
  - FPS : 23.43                              
=============================================
=============================================
* Benchmark Result (single input)
  - FPS : 24.10                              
=============================================
=============================================
* Benchmark Result (single input)
  - FPS : 23.97                              
=============================================
=============================================
* Benchmark Result (single input)
  - FPS : 22.91                              
=============================================
=============================================
* Benchmark Result (single input)
  - FPS : 22.79                              
=============================================
=============================================
* Benchmark Result (single input)
  - FPS : 24.18                              
=============================================
=============================================
* Benchmark Result (single input)
  - FPS : 22.95                              
=============================================
=============================================
* Benchmark Result (single input)
  - FPS : 22.41                              
=============================================
=============================================
* Benchmark Result (single input)
  - FPS : 23.71                              
=============================================
=============================================
* Benchmark Result (single input)
  - FPS : 23.96                              
=============================================
=============================================
* Benchmark Result (single input)
  - FPS : 22.42                              
=============================================
=============================================
* Benchmark Result (single input)
  - FPS : 24.18                              
=============================================
=============================================
* Benchmark Result (single input)
  - FPS : 23.89                              
=============================================
=============================================
* Benchmark Result (single input)
  - FPS : 23.45                              
=============================================
=============================================
* Benchmark Result (single input)
  - FPS : 22.65                              
=============================================
=============================================
* Benchmark Result (single input)
  - FPS : 23.89                              
=============================================
=============================================
* Benchmark Result (single input)
  - FPS : 24.52                              
=============================================
=============================================
* Benchmark Result (single input)
  - FPS : 24.16                              
=============================================
=============================================
* Benchmark Result (single input)
  - FPS : 23.14                              
=============================================
=============================================
* Benchmark Result (single input)
  - FPS : 22.60                              
=============================================
=============================================
* Benchmark Result (single input)
  - FPS : 22.98                              
=============================================
=============================================
* Benchmark Result (single input)
  - FPS : 23.42                              
=============================================
=============================================
* Benchmark Result (single input)
  - FPS : 22.86                              
=============================================
=============================================
* Benchmark Result (single input)
  - FPS : 22.66                              
=============================================
=============================================
* Benchmark Result (single input)
  - FPS : 23.72                              
=============================================
=============================================
* Benchmark Result (single input)
  - FPS : 24.16                              
=============================================
=============================================
* Benchmark Result (single input)
  - FPS : 24.14                              
=============================================
=============================================
* Benchmark Result (single input)
  - FPS : 24.35                              
=============================================
=============================================
* Benchmark Result (single input)
  - FPS : 22.91                              
=============================================
=============================================
* Benchmark Result (single input)
  - FPS : 25.71                              
=============================================
=============================================
* Benchmark Result (single input)
  - FPS : 22.72                              
=============================================
=============================================
* Benchmark Result (single input)
  - FPS : 22.84                              
=============================================
=============================================
* Benchmark Result (single input)
  - FPS : 23.99                              
=============================================
=============================================
* Benchmark Result (single input)
  - FPS : 24.21                              
=============================================
=============================================
* Benchmark Result (single input)
  - FPS : 24.04                              
=============================================
=============================================
* Benchmark Result (single input)
  - FPS : 22.67                              
=============================================
=============================================
* Benchmark Result (single input)
  - FPS : 22.68                              
=============================================
=============================================
* Benchmark Result (single input)
  - FPS : 22.64                              
=============================================
=============================================
* Benchmark Result (single input)
  - FPS : 23.71                              
=============================================
=============================================
* Benchmark Result (single input)
  - FPS : 23.72                              
=============================================
=============================================
* Benchmark Result (single input)
  - FPS : 23.43                              
=============================================
=============================================
* Benchmark Result (single input)
  - FPS : 24.60                              
=============================================
=============================================
* Benchmark Result (single input)
  - FPS : 25.01                              
=============================================
=============================================
* Benchmark Result (single input)
  - FPS : 23.17                              
=============================================
=============================================
* Benchmark Result (single input)
  - FPS : 22.52                              
=============================================
=============================================
* Benchmark Result (single input)
  - FPS : 24.18                              
=============================================
=============================================
* Benchmark Result (single input)
  - FPS : 22.66                              
=============================================
=============================================
* Benchmark Result (single input)
  - FPS : 22.88                              
=============================================
=============================================
* Benchmark Result (single input)
  - FPS : 21.92                              
=============================================
=============================================
* Benchmark Result (single input)
  - FPS : 24.40                              
=============================================
=============================================
* Benchmark Result (single input)
  - FPS : 24.90                              
=============================================
=============================================
* Benchmark Result (single input)
  - FPS : 24.21                              
=============================================
=============================================
* Benchmark Result (single input)
  - FPS : 23.74                              
=============================================
=============================================
* Benchmark Result (single input)
  - FPS : 24.56                              
=============================================
=============================================
* Benchmark Result (single input)
  - FPS : 24.28                              
=============================================
=============================================
* Benchmark Result (single input)
  - FPS : 24.31                              
=============================================
=============================================
* Benchmark Result (single input)
  - FPS : 22.92                              
=============================================
=============================================
* Benchmark Result (single input)
  - FPS : 22.96                              
=============================================
=============================================
* Benchmark Result (single input)
  - FPS : 22.59                              
=============================================
=============================================
* Benchmark Result (single input)
  - FPS : 24.06                              
=============================================
=============================================
* Benchmark Result (single input)
  - FPS : 23.87                              
=============================================
=============================================
* Benchmark Result (single input)
  - FPS : 22.70                              
=============================================
=============================================
* Benchmark Result (single input)
  - FPS : 23.76                              
=============================================
=============================================
* Benchmark Result (single input)
  - FPS : 23.14                              
=============================================
=============================================
* Benchmark Result (single input)
  - FPS : 24.85                              
=============================================
=============================================
* Benchmark Result (single input)
  - FPS : 22.32                              
=============================================
=============================================
* Benchmark Result (single input)
  - FPS : 23.70                              
=============================================
=============================================
* Benchmark Result (single input)
  - FPS : 21.78                              
=============================================
=============================================
* Benchmark Result (single input)
  - FPS : 22.81                              
=============================================
=============================================
* Benchmark Result (single input)
  - FPS : 22.83                              
=============================================
Profiler data has been written to profiler.json
  -------------------------------------------------------------------------------
  |           Name                 |  min (us)    |  max (us)    | average (us) |
  -------------------------------------------------------------------------------
  |   Framework Response Handling  |           22 |          213 |      103.977 | 213, 61, 161, 118, 131, 114, 119, 126, 118, 92, 119, 128, 131, 145, 128, 127, 125, 118, 78, 106, 83, 120, 117, 130, 62, 130, 117, 57, 127, 65, ...
  |                       NPU Core |        26132 |        26156 |        26145 | 26148, 26146, 26141, 26144, 26146, 26140, 26151, 26144, 26143, 26140, 26142, 26140, 26139, 26143, 26142, 26149, 26138, 26154, 26154, 26147, 26146, 26135, 26150, 26143, 26145, 26147, 26145, 26143, 26152, 26150, ...
  |       NPU Input Format Handler |          631 |         2194 |      884.708 | 2194, 871, 922, 915, 903, 833, 635, 911, 888, 691, 667, 905, 899, 963, 847, 907, 717, 654, 912, 1242, 919, 673, 915, 958, 891, 923, 1001, 978, 663, 967, ...
  |      NPU Output Format Handler |         3420 |        10258 |       7377.2 | 8227, 8872, 7427, 8180, 6865, 7126, 7648, 7857, 6636, 6164, 7717, 8294, 8049, 6731, 8181, 6415, 6374, 7951, 7449, 9783, 5468, 7744, 7578, 7882, 7778, 9196, 6306, 6752, 8403, 8013, ...
  |                       NPU Task |        35863 |        48161 |      42187.4 | 46132, 43205, 42510, 42918, 41776, 42164, 41632, 42897, 41153, 39727, 42474, 42977, 42778, 42276, 43165, 41635, 41401, 43048, 45216, 44578, 39237, 42509, 42587, 42367, 42905, 44632, 41070, 41435, 43363, 42497, ...
  |                      PCIe Read |         2721 |         6019 |      3849.61 | 6019, 3700, 3841, 3975, 3998, 4094, 3664, 3648, 3856, 3459, 3998, 3949, 3834, 4031, 4049, 3828, 3955, 4054, 3188, 3930, 3219, 3851, 3973, 3737, 3704, 4065, 3923, 4099, 4008, 3700, ...
  |                     PCIe Write |         2292 |         3644 |      2640.85 | 2432, 2737, 2502, 2556, 2719, 2767, 2572, 2748, 2563, 2492, 2400, 2556, 2754, 2715, 2773, 2726, 2536, 2570, 2732, 2499, 2725, 2517, 2576, 2533, 2738, 2581, 2700, 2605, 2466, 2780, ...
  |           Service Process Wait |        36363 |      1101334 |      46148.3 | 1101334, 41677, 44126, 42557, 43600, 42028, 41906, 43249, 42776, 40950, 40505, 42660, 43204, 43953, 42053, 44288, 41682, 41607, 47418, 41795, 45035, 39689, 43711, 42882, 43479, 43365, 44590, 41223, 41885, 43893, ...
  -------------------------------------------------------------------------------

__CPU_PERCENT__=26%
