Runtime Framework Version: v3.2.0
Device Driver Version: v2.1.0
PCIe Driver Version: v2.0.1

modelFile: /home/deepx/sijo_feat_windows_env/dx_stream/apps/benchmark/assets/models_dx_com220rc2/yolo26x-pose.dxnn
inputFile: 
outputFile: output.bin
benchmark: 0
loops: 300
Device specification: 'all' (default)
[INFO] Profiler is enabled.
Run model target mode : Single Mode
Inference by loops: count=300

=== Model File: /home/deepx/sijo_feat_windows_env/dx_stream/apps/benchmark/assets/models_dx_com220rc2/yolo26x-pose.dxnn ===

Model Input Tensors:
  - images
Model Output Tensors:
  - /model.23/one2one_cv4_kpts.0/Conv_output_0
  - /model.23/one2one_cv2.0/one2one_cv2.0.2/Conv_output_0
  - /model.23/one2one_cv4_kpts.1/Conv_output_0
  - /model.23/one2one_cv2.1/one2one_cv2.1.2/Conv_output_0
  - /model.23/one2one_cv3.0/one2one_cv3.0.2/Conv_output_0
  - /model.23/one2one_cv3.1/one2one_cv3.1.2/Conv_output_0
  - /model.23/one2one_cv4_kpts.2/Conv_output_0
  - /model.23/one2one_cv2.2/one2one_cv2.2.2/Conv_output_0
  - /model.23/one2one_cv3.2/one2one_cv3.2.2/Conv_output_0

Tasks:
  [ ] -> npu_0 -> []
  Task[0] npu_0, NPU, NPU memory usage 265,566,592 bytes (input 1,228,800 bytes, output 1,881,600 bytes)
  Inputs
     -  images, UINT8, [1, 640, 640, 3 ]
  Outputs
    -  /model.23/one2one_cv4_kpts.0/Conv_output_0, FLOAT, [1, 51, 80, 80 ]
    -  /model.23/one2one_cv2.0/one2one_cv2.0.2/Conv_output_0, FLOAT, [1, 4, 80, 80 ]
    -  /model.23/one2one_cv4_kpts.1/Conv_output_0, FLOAT, [1, 51, 40, 40 ]
    -  /model.23/one2one_cv2.1/one2one_cv2.1.2/Conv_output_0, FLOAT, [1, 4, 40, 40 ]
    -  /model.23/one2one_cv3.0/one2one_cv3.0.2/Conv_output_0, FLOAT, [1, 1, 80, 80 ]
    -  /model.23/one2one_cv3.1/one2one_cv3.1.2/Conv_output_0, FLOAT, [1, 1, 40, 40 ]
    -  /model.23/one2one_cv4_kpts.2/Conv_output_0, FLOAT, [1, 51, 20, 20 ]
    -  /model.23/one2one_cv2.2/one2one_cv2.2.2/Conv_output_0, FLOAT, [1, 4, 20, 20 ]
    -  /model.23/one2one_cv3.2/one2one_cv3.2.2/Conv_output_0, FLOAT, [1, 1, 20, 20 ]


Performing 1 warmup run(s)...
Warmup completed.
=============================================
* Benchmark Result (single input)
  - FPS : 12.08                              
=============================================
=============================================
* Benchmark Result (single input)
  - FPS : 12.94                              
=============================================
=============================================
* Benchmark Result (single input)
  - FPS : 13.05                              
=============================================
=============================================
* Benchmark Result (single input)
  - FPS : 12.52                              
=============================================
=============================================
* Benchmark Result (single input)
  - FPS : 12.70                              
=============================================
=============================================
* Benchmark Result (single input)
  - FPS : 12.38                              
=============================================
=============================================
* Benchmark Result (single input)
  - FPS : 12.26                              
=============================================
=============================================
* Benchmark Result (single input)
  - FPS : 12.71                              
=============================================
=============================================
* Benchmark Result (single input)
  - FPS : 12.60                              
=============================================
=============================================
* Benchmark Result (single input)
  - FPS : 12.23                              
=============================================
=============================================
* Benchmark Result (single input)
  - FPS : 12.04                              
=============================================
=============================================
* Benchmark Result (single input)
  - FPS : 11.99                              
=============================================
=============================================
* Benchmark Result (single input)
  - FPS : 12.47                              
=============================================
=============================================
* Benchmark Result (single input)
  - FPS : 12.37                              
=============================================
=============================================
* Benchmark Result (single input)
  - FPS : 12.34                              
=============================================
=============================================
* Benchmark Result (single input)
  - FPS : 12.35                              
=============================================
=============================================
* Benchmark Result (single input)
  - FPS : 12.30                              
=============================================
=============================================
* Benchmark Result (single input)
  - FPS : 12.67                              
=============================================
=============================================
* Benchmark Result (single input)
  - FPS : 12.77                              
=============================================
=============================================
* Benchmark Result (single input)
  - FPS : 12.40                              
=============================================
=============================================
* Benchmark Result (single input)
  - FPS : 12.65                              
=============================================
=============================================
* Benchmark Result (single input)
  - FPS : 12.65                              
=============================================
=============================================
* Benchmark Result (single input)
  - FPS : 12.36                              
=============================================
=============================================
* Benchmark Result (single input)
  - FPS : 12.62                              
=============================================
=============================================
* Benchmark Result (single input)
  - FPS : 12.27                              
=============================================
=============================================
* Benchmark Result (single input)
  - FPS : 12.76                              
=============================================
=============================================
* Benchmark Result (single input)
  - FPS : 12.44                              
=============================================
=============================================
* Benchmark Result (single input)
  - FPS : 12.08                              
=============================================
=============================================
* Benchmark Result (single input)
  - FPS : 12.28                              
=============================================
=============================================
* Benchmark Result (single input)
  - FPS : 12.57                              
=============================================
=============================================
* Benchmark Result (single input)
  - FPS : 12.05                              
=============================================
=============================================
* Benchmark Result (single input)
  - FPS : 12.58                              
=============================================
=============================================
* Benchmark Result (single input)
  - FPS : 12.35                              
=============================================
=============================================
* Benchmark Result (single input)
  - FPS : 12.34                              
=============================================
=============================================
* Benchmark Result (single input)
  - FPS : 12.75                              
=============================================
=============================================
* Benchmark Result (single input)
  - FPS : 12.16                              
=============================================
=============================================
* Benchmark Result (single input)
  - FPS : 12.25                              
=============================================
=============================================
* Benchmark Result (single input)
  - FPS : 12.65                              
=============================================
=============================================
* Benchmark Result (single input)
  - FPS : 12.41                              
=============================================
=============================================
* Benchmark Result (single input)
  - FPS : 12.65                              
=============================================
=============================================
* Benchmark Result (single input)
  - FPS : 12.17                              
=============================================
=============================================
* Benchmark Result (single input)
  - FPS : 11.47                              
=============================================
=============================================
* Benchmark Result (single input)
  - FPS : 12.32                              
=============================================
=============================================
* Benchmark Result (single input)
  - FPS : 12.34                              
=============================================
=============================================
* Benchmark Result (single input)
  - FPS : 12.66                              
=============================================
=============================================
* Benchmark Result (single input)
  - FPS : 12.40                              
=============================================
=============================================
* Benchmark Result (single input)
  - FPS : 12.61                              
=============================================
=============================================
* Benchmark Result (single input)
  - FPS : 12.36                              
=============================================
=============================================
* Benchmark Result (single input)
  - FPS : 12.13                              
=============================================
=============================================
* Benchmark Result (single input)
  - FPS : 12.72                              
=============================================
=============================================
* Benchmark Result (single input)
  - FPS : 12.86                              
=============================================
=============================================
* Benchmark Result (single input)
  - FPS : 13.12                              
=============================================
=============================================
* Benchmark Result (single input)
  - FPS : 13.13                              
=============================================
=============================================
* Benchmark Result (single input)
  - FPS : 12.50                              
=============================================
=============================================
* Benchmark Result (single input)
  - FPS : 12.73                              
=============================================
=============================================
* Benchmark Result (single input)
  - FPS : 12.06                              
=============================================
=============================================
* Benchmark Result (single input)
  - FPS : 12.53                              
=============================================
=============================================
* Benchmark Result (single input)
  - FPS : 12.22                              
=============================================
=============================================
* Benchmark Result (single input)
  - FPS : 12.72                              
=============================================
=============================================
* Benchmark Result (single input)
  - FPS : 12.64                              
=============================================
=============================================
* Benchmark Result (single input)
  - FPS : 12.52                              
=============================================
=============================================
* Benchmark Result (single input)
  - FPS : 12.30                              
=============================================
=============================================
* Benchmark Result (single input)
  - FPS : 12.05                              
=============================================
=============================================
* Benchmark Result (single input)
  - FPS : 12.18                              
=============================================
=============================================
* Benchmark Result (single input)
  - FPS : 12.70                              
=============================================
=============================================
* Benchmark Result (single input)
  - FPS : 12.83                              
=============================================
=============================================
* Benchmark Result (single input)
  - FPS : 12.83                              
=============================================
=============================================
* Benchmark Result (single input)
  - FPS : 12.34                              
=============================================
=============================================
* Benchmark Result (single input)
  - FPS : 12.56                              
=============================================
=============================================
* Benchmark Result (single input)
  - FPS : 12.66                              
=============================================
=============================================
* Benchmark Result (single input)
  - FPS : 12.66                              
=============================================
=============================================
* Benchmark Result (single input)
  - FPS : 12.45                              
=============================================
=============================================
* Benchmark Result (single input)
  - FPS : 12.45                              
=============================================
=============================================
* Benchmark Result (single input)
  - FPS : 12.40                              
=============================================
=============================================
* Benchmark Result (single input)
  - FPS : 12.64                              
=============================================
=============================================
* Benchmark Result (single input)
  - FPS : 12.73                              
=============================================
=============================================
* Benchmark Result (single input)
  - FPS : 12.68                              
=============================================
=============================================
* Benchmark Result (single input)
  - FPS : 12.34                              
=============================================
=============================================
* Benchmark Result (single input)
  - FPS : 12.03                              
=============================================
=============================================
* Benchmark Result (single input)
  - FPS : 12.56                              
=============================================
=============================================
* Benchmark Result (single input)
  - FPS : 12.59                              
=============================================
=============================================
* Benchmark Result (single input)
  - FPS : 12.09                              
=============================================
=============================================
* Benchmark Result (single input)
  - FPS : 12.68                              
=============================================
=============================================
* Benchmark Result (single input)
  - FPS : 12.68                              
=============================================
=============================================
* Benchmark Result (single input)
  - FPS : 12.29                              
=============================================
=============================================
* Benchmark Result (single input)
  - FPS : 12.06                              
=============================================
=============================================
* Benchmark Result (single input)
  - FPS : 12.63                              
=============================================
=============================================
* Benchmark Result (single input)
  - FPS : 12.26                              
=============================================
=============================================
* Benchmark Result (single input)
  - FPS : 12.83                              
=============================================
=============================================
* Benchmark Result (single input)
  - FPS : 12.69                              
=============================================
=============================================
* Benchmark Result (single input)
  - FPS : 12.29                              
=============================================
=============================================
* Benchmark Result (single input)
  - FPS : 12.43                              
=============================================
=============================================
* Benchmark Result (single input)
  - FPS : 12.61                              
=============================================
=============================================
* Benchmark Result (single input)
  - FPS : 12.17                              
=============================================
=============================================
* Benchmark Result (single input)
  - FPS : 12.25                              
=============================================
=============================================
* Benchmark Result (single input)
  - FPS : 12.70                              
=============================================
=============================================
* Benchmark Result (single input)
  - FPS : 12.24                              
=============================================
=============================================
* Benchmark Result (single input)
  - FPS : 12.29                              
=============================================
=============================================
* Benchmark Result (single input)
  - FPS : 12.53                              
=============================================
=============================================
* Benchmark Result (single input)
  - FPS : 12.26                              
=============================================
=============================================
* Benchmark Result (single input)
  - FPS : 12.58                              
=============================================
=============================================
* Benchmark Result (single input)
  - FPS : 12.62                              
=============================================
=============================================
* Benchmark Result (single input)
  - FPS : 12.17                              
=============================================
=============================================
* Benchmark Result (single input)
  - FPS : 12.51                              
=============================================
=============================================
* Benchmark Result (single input)
  - FPS : 12.66                              
=============================================
=============================================
* Benchmark Result (single input)
  - FPS : 12.66                              
=============================================
=============================================
* Benchmark Result (single input)
  - FPS : 12.64                              
=============================================
=============================================
* Benchmark Result (single input)
  - FPS : 12.50                              
=============================================
=============================================
* Benchmark Result (single input)
  - FPS : 12.56                              
=============================================
=============================================
* Benchmark Result (single input)
  - FPS : 12.65                              
=============================================
=============================================
* Benchmark Result (single input)
  - FPS : 12.15                              
=============================================
=============================================
* Benchmark Result (single input)
  - FPS : 12.65                              
=============================================
=============================================
* Benchmark Result (single input)
  - FPS : 12.14                              
=============================================
=============================================
* Benchmark Result (single input)
  - FPS : 12.57                              
=============================================
=============================================
* Benchmark Result (single input)
  - FPS : 12.04                              
=============================================
=============================================
* Benchmark Result (single input)
  - FPS : 12.42                              
=============================================
=============================================
* Benchmark Result (single input)
  - FPS : 12.74                              
=============================================
=============================================
* Benchmark Result (single input)
  - FPS : 12.23                              
=============================================
=============================================
* Benchmark Result (single input)
  - FPS : 12.64                              
=============================================
=============================================
* Benchmark Result (single input)
  - FPS : 12.35                              
=============================================
=============================================
* Benchmark Result (single input)
  - FPS : 12.39                              
=============================================
=============================================
* Benchmark Result (single input)
  - FPS : 12.63                              
=============================================
=============================================
* Benchmark Result (single input)
  - FPS : 12.55                              
=============================================
=============================================
* Benchmark Result (single input)
  - FPS : 12.63                              
=============================================
=============================================
* Benchmark Result (single input)
  - FPS : 12.37                              
=============================================
=============================================
* Benchmark Result (single input)
  - FPS : 12.14                              
=============================================
=============================================
* Benchmark Result (single input)
  - FPS : 12.37                              
=============================================
=============================================
* Benchmark Result (single input)
  - FPS : 12.29                              
=============================================
=============================================
* Benchmark Result (single input)
  - FPS : 12.30                              
=============================================
=============================================
* Benchmark Result (single input)
  - FPS : 12.83                              
=============================================
=============================================
* Benchmark Result (single input)
  - FPS : 12.33                              
=============================================
=============================================
* Benchmark Result (single input)
  - FPS : 12.21                              
=============================================
=============================================
* Benchmark Result (single input)
  - FPS : 12.72                              
=============================================
=============================================
* Benchmark Result (single input)
  - FPS : 12.64                              
=============================================
=============================================
* Benchmark Result (single input)
  - FPS : 12.16                              
=============================================
=============================================
* Benchmark Result (single input)
  - FPS : 12.31                              
=============================================
=============================================
* Benchmark Result (single input)
  - FPS : 12.60                              
=============================================
=============================================
* Benchmark Result (single input)
  - FPS : 12.13                              
=============================================
=============================================
* Benchmark Result (single input)
  - FPS : 12.75                              
=============================================
=============================================
* Benchmark Result (single input)
  - FPS : 12.08                              
=============================================
=============================================
* Benchmark Result (single input)
  - FPS : 12.23                              
=============================================
=============================================
* Benchmark Result (single input)
  - FPS : 12.41                              
=============================================
=============================================
* Benchmark Result (single input)
  - FPS : 12.28                              
=============================================
=============================================
* Benchmark Result (single input)
  - FPS : 12.21                              
=============================================
=============================================
* Benchmark Result (single input)
  - FPS : 12.73                              
=============================================
=============================================
* Benchmark Result (single input)
  - FPS : 12.71                              
=============================================
=============================================
* Benchmark Result (single input)
  - FPS : 12.63                              
=============================================
=============================================
* Benchmark Result (single input)
  - FPS : 12.95                              
=============================================
=============================================
* Benchmark Result (single input)
  - FPS : 12.53                              
=============================================
=============================================
* Benchmark Result (single input)
  - FPS : 12.24                              
=============================================
=============================================
* Benchmark Result (single input)
  - FPS : 13.45                              
=============================================
=============================================
* Benchmark Result (single input)
  - FPS : 13.44                              
=============================================
=============================================
* Benchmark Result (single input)
  - FPS : 12.97                              
=============================================
=============================================
* Benchmark Result (single input)
  - FPS : 13.14                              
=============================================
=============================================
* Benchmark Result (single input)
  - FPS : 13.48                              
=============================================
=============================================
* Benchmark Result (single input)
  - FPS : 13.26                              
=============================================
=============================================
* Benchmark Result (single input)
  - FPS : 13.39                              
=============================================
=============================================
* Benchmark Result (single input)
  - FPS : 12.36                              
=============================================
=============================================
* Benchmark Result (single input)
  - FPS : 12.33                              
=============================================
=============================================
* Benchmark Result (single input)
  - FPS : 12.25                              
=============================================
=============================================
* Benchmark Result (single input)
  - FPS : 12.66                              
=============================================
=============================================
* Benchmark Result (single input)
  - FPS : 12.31                              
=============================================
=============================================
* Benchmark Result (single input)
  - FPS : 12.30                              
=============================================
=============================================
* Benchmark Result (single input)
  - FPS : 12.67                              
=============================================
=============================================
* Benchmark Result (single input)
  - FPS : 12.39                              
=============================================
=============================================
* Benchmark Result (single input)
  - FPS : 12.33                              
=============================================
=============================================
* Benchmark Result (single input)
  - FPS : 12.29                              
=============================================
=============================================
* Benchmark Result (single input)
  - FPS : 12.29                              
=============================================
=============================================
* Benchmark Result (single input)
  - FPS : 12.25                              
=============================================
=============================================
* Benchmark Result (single input)
  - FPS : 12.18                              
=============================================
=============================================
* Benchmark Result (single input)
  - FPS : 12.72                              
=============================================
=============================================
* Benchmark Result (single input)
  - FPS : 12.74                              
=============================================
=============================================
* Benchmark Result (single input)
  - FPS : 12.17                              
=============================================
=============================================
* Benchmark Result (single input)
  - FPS : 12.39                              
=============================================
=============================================
* Benchmark Result (single input)
  - FPS : 12.83                              
=============================================
=============================================
* Benchmark Result (single input)
  - FPS : 12.02                              
=============================================
=============================================
* Benchmark Result (single input)
  - FPS : 12.89                              
=============================================
=============================================
* Benchmark Result (single input)
  - FPS : 12.47                              
=============================================
=============================================
* Benchmark Result (single input)
  - FPS : 13.34                              
=============================================
=============================================
* Benchmark Result (single input)
  - FPS : 13.06                              
=============================================
=============================================
* Benchmark Result (single input)
  - FPS : 12.28                              
=============================================
=============================================
* Benchmark Result (single input)
  - FPS : 12.63                              
=============================================
=============================================
* Benchmark Result (single input)
  - FPS : 12.65                              
=============================================
=============================================
* Benchmark Result (single input)
  - FPS : 12.57                              
=============================================
=============================================
* Benchmark Result (single input)
  - FPS : 12.41                              
=============================================
=============================================
* Benchmark Result (single input)
  - FPS : 12.22                              
=============================================
=============================================
* Benchmark Result (single input)
  - FPS : 12.15                              
=============================================
=============================================
* Benchmark Result (single input)
  - FPS : 12.35                              
=============================================
=============================================
* Benchmark Result (single input)
  - FPS : 12.37                              
=============================================
=============================================
* Benchmark Result (single input)
  - FPS : 12.60                              
=============================================
=============================================
* Benchmark Result (single input)
  - FPS : 12.32                              
=============================================
=============================================
* Benchmark Result (single input)
  - FPS : 12.56                              
=============================================
=============================================
* Benchmark Result (single input)
  - FPS : 12.78                              
=============================================
=============================================
* Benchmark Result (single input)
  - FPS : 12.61                              
=============================================
=============================================
* Benchmark Result (single input)
  - FPS : 12.32                              
=============================================
=============================================
* Benchmark Result (single input)
  - FPS : 12.32                              
=============================================
=============================================
* Benchmark Result (single input)
  - FPS : 12.72                              
=============================================
=============================================
* Benchmark Result (single input)
  - FPS : 12.72                              
=============================================
=============================================
* Benchmark Result (single input)
  - FPS : 12.75                              
=============================================
=============================================
* Benchmark Result (single input)
  - FPS : 12.37                              
=============================================
=============================================
* Benchmark Result (single input)
  - FPS : 12.33                              
=============================================
=============================================
* Benchmark Result (single input)
  - FPS : 12.59                              
=============================================
=============================================
* Benchmark Result (single input)
  - FPS : 12.16                              
=============================================
=============================================
* Benchmark Result (single input)
  - FPS : 12.68                              
=============================================
=============================================
* Benchmark Result (single input)
  - FPS : 12.36                              
=============================================
=============================================
* Benchmark Result (single input)
  - FPS : 12.43                              
=============================================
=============================================
* Benchmark Result (single input)
  - FPS : 12.30                              
=============================================
=============================================
* Benchmark Result (single input)
  - FPS : 12.03                              
=============================================
=============================================
* Benchmark Result (single input)
  - FPS : 12.64                              
=============================================
=============================================
* Benchmark Result (single input)
  - FPS : 12.64                              
=============================================
=============================================
* Benchmark Result (single input)
  - FPS : 12.55                              
=============================================
=============================================
* Benchmark Result (single input)
  - FPS : 12.71                              
=============================================
=============================================
* Benchmark Result (single input)
  - FPS : 12.54                              
=============================================
=============================================
* Benchmark Result (single input)
  - FPS : 12.07                              
=============================================
=============================================
* Benchmark Result (single input)
  - FPS : 12.83                              
=============================================
=============================================
* Benchmark Result (single input)
  - FPS : 12.67                              
=============================================
=============================================
* Benchmark Result (single input)
  - FPS : 12.36                              
=============================================
=============================================
* Benchmark Result (single input)
  - FPS : 12.25                              
=============================================
=============================================
* Benchmark Result (single input)
  - FPS : 12.58                              
=============================================
=============================================
* Benchmark Result (single input)
  - FPS : 12.72                              
=============================================
=============================================
* Benchmark Result (single input)
  - FPS : 12.35                              
=============================================
=============================================
* Benchmark Result (single input)
  - FPS : 12.76                              
=============================================
=============================================
* Benchmark Result (single input)
  - FPS : 12.61                              
=============================================
=============================================
* Benchmark Result (single input)
  - FPS : 12.19                              
=============================================
=============================================
* Benchmark Result (single input)
  - FPS : 11.96                              
=============================================
=============================================
* Benchmark Result (single input)
  - FPS : 12.52                              
=============================================
=============================================
* Benchmark Result (single input)
  - FPS : 12.31                              
=============================================
=============================================
* Benchmark Result (single input)
  - FPS : 12.09                              
=============================================
=============================================
* Benchmark Result (single input)
  - FPS : 12.28                              
=============================================
=============================================
* Benchmark Result (single input)
  - FPS : 12.27                              
=============================================
=============================================
* Benchmark Result (single input)
  - FPS : 12.68                              
=============================================
=============================================
* Benchmark Result (single input)
  - FPS : 12.09                              
=============================================
=============================================
* Benchmark Result (single input)
  - FPS : 12.45                              
=============================================
=============================================
* Benchmark Result (single input)
  - FPS : 12.53                              
=============================================
=============================================
* Benchmark Result (single input)
  - FPS : 12.14                              
=============================================
=============================================
* Benchmark Result (single input)
  - FPS : 12.23                              
=============================================
=============================================
* Benchmark Result (single input)
  - FPS : 12.33                              
=============================================
=============================================
* Benchmark Result (single input)
  - FPS : 12.32                              
=============================================
=============================================
* Benchmark Result (single input)
  - FPS : 12.87                              
=============================================
=============================================
* Benchmark Result (single input)
  - FPS : 12.69                              
=============================================
=============================================
* Benchmark Result (single input)
  - FPS : 12.31                              
=============================================
=============================================
* Benchmark Result (single input)
  - FPS : 11.96                              
=============================================
=============================================
* Benchmark Result (single input)
  - FPS : 12.83                              
=============================================
=============================================
* Benchmark Result (single input)
  - FPS : 12.70                              
=============================================
=============================================
* Benchmark Result (single input)
  - FPS : 12.83                              
=============================================
=============================================
* Benchmark Result (single input)
  - FPS : 12.96                              
=============================================
=============================================
* Benchmark Result (single input)
  - FPS : 12.99                              
=============================================
=============================================
* Benchmark Result (single input)
  - FPS : 12.25                              
=============================================
=============================================
* Benchmark Result (single input)
  - FPS : 12.61                              
=============================================
=============================================
* Benchmark Result (single input)
  - FPS : 12.10                              
=============================================
=============================================
* Benchmark Result (single input)
  - FPS : 12.07                              
=============================================
=============================================
* Benchmark Result (single input)
  - FPS : 12.30                              
=============================================
=============================================
* Benchmark Result (single input)
  - FPS : 12.48                              
=============================================
=============================================
* Benchmark Result (single input)
  - FPS : 12.41                              
=============================================
=============================================
* Benchmark Result (single input)
  - FPS : 12.94                              
=============================================
=============================================
* Benchmark Result (single input)
  - FPS : 12.79                              
=============================================
=============================================
* Benchmark Result (single input)
  - FPS : 12.60                              
=============================================
=============================================
* Benchmark Result (single input)
  - FPS : 13.34                              
=============================================
=============================================
* Benchmark Result (single input)
  - FPS : 11.54                              
=============================================
=============================================
* Benchmark Result (single input)
  - FPS : 12.67                              
=============================================
=============================================
* Benchmark Result (single input)
  - FPS : 12.71                              
=============================================
=============================================
* Benchmark Result (single input)
  - FPS : 12.20                              
=============================================
=============================================
* Benchmark Result (single input)
  - FPS : 12.30                              
=============================================
=============================================
* Benchmark Result (single input)
  - FPS : 12.06                              
=============================================
=============================================
* Benchmark Result (single input)
  - FPS : 12.67                              
=============================================
=============================================
* Benchmark Result (single input)
  - FPS : 12.66                              
=============================================
=============================================
* Benchmark Result (single input)
  - FPS : 12.95                              
=============================================
=============================================
* Benchmark Result (single input)
  - FPS : 12.64                              
=============================================
=============================================
* Benchmark Result (single input)
  - FPS : 12.91                              
=============================================
=============================================
* Benchmark Result (single input)
  - FPS : 12.96                              
=============================================
=============================================
* Benchmark Result (single input)
  - FPS : 12.90                              
=============================================
=============================================
* Benchmark Result (single input)
  - FPS : 12.77                              
=============================================
=============================================
* Benchmark Result (single input)
  - FPS : 12.02                              
=============================================
=============================================
* Benchmark Result (single input)
  - FPS : 12.70                              
=============================================
=============================================
* Benchmark Result (single input)
  - FPS : 12.33                              
=============================================
=============================================
* Benchmark Result (single input)
  - FPS : 12.60                              
=============================================
=============================================
* Benchmark Result (single input)
  - FPS : 12.19                              
=============================================
=============================================
* Benchmark Result (single input)
  - FPS : 12.88                              
=============================================
=============================================
* Benchmark Result (single input)
  - FPS : 12.81                              
=============================================
=============================================
* Benchmark Result (single input)
  - FPS : 12.82                              
=============================================
=============================================
* Benchmark Result (single input)
  - FPS : 12.86                              
=============================================
=============================================
* Benchmark Result (single input)
  - FPS : 12.93                              
=============================================
=============================================
* Benchmark Result (single input)
  - FPS : 12.50                              
=============================================
=============================================
* Benchmark Result (single input)
  - FPS : 12.61                              
=============================================
=============================================
* Benchmark Result (single input)
  - FPS : 12.09                              
=============================================
=============================================
* Benchmark Result (single input)
  - FPS : 12.56                              
=============================================
=============================================
* Benchmark Result (single input)
  - FPS : 12.71                              
=============================================
=============================================
* Benchmark Result (single input)
  - FPS : 12.09                              
=============================================
=============================================
* Benchmark Result (single input)
  - FPS : 12.69                              
=============================================
=============================================
* Benchmark Result (single input)
  - FPS : 12.74                              
=============================================
=============================================
* Benchmark Result (single input)
  - FPS : 12.21                              
=============================================
=============================================
* Benchmark Result (single input)
  - FPS : 12.32                              
=============================================
=============================================
* Benchmark Result (single input)
  - FPS : 12.07                              
=============================================
=============================================
* Benchmark Result (single input)
  - FPS : 12.41                              
=============================================
=============================================
* Benchmark Result (single input)
  - FPS : 12.30                              
=============================================
=============================================
* Benchmark Result (single input)
  - FPS : 12.24                              
=============================================
=============================================
* Benchmark Result (single input)
  - FPS : 12.61                              
=============================================
=============================================
* Benchmark Result (single input)
  - FPS : 12.35                              
=============================================
=============================================
* Benchmark Result (single input)
  - FPS : 12.28                              
=============================================
=============================================
* Benchmark Result (single input)
  - FPS : 12.07                              
=============================================
Profiler data has been written to profiler.json
  -------------------------------------------------------------------------------
  |           Name                 |  min (us)    |  max (us)    | average (us) |
  -------------------------------------------------------------------------------
  |   Framework Response Handling  |           20 |          241 |      87.4086 | 241, 124, 122, 55, 127, 39, 146, 124, 91, 136, 69, 63, 63, 123, 123, 94, 126, 120, 55, 76, 126, 126, 65, 63, 61, 64, 64, 114, 113, 107, ...
  |                       NPU Core |        66523 |        66567 |      66545.1 | 66552, 66550, 66545, 66543, 66532, 66536, 66546, 66538, 66555, 66546, 66548, 66553, 66545, 66531, 66545, 66547, 66545, 66541, 66550, 66554, 66542, 66554, 66545, 66559, 66553, 66543, 66543, 66550, 66538, 66558, ...
  |       NPU Input Format Handler |          246 |          617 |      332.229 | 604, 249, 367, 266, 349, 351, 334, 320, 348, 253, 342, 259, 272, 256, 389, 411, 338, 313, 380, 341, 365, 397, 349, 275, 368, 396, 275, 250, 272, 377, ...
  |      NPU Output Format Handler |         3309 |        10995 |      7746.52 | 9336, 8962, 6711, 7090, 8910, 8087, 6743, 6631, 6569, 7864, 7159, 9562, 6742, 9592, 6358, 9009, 6739, 10417, 7949, 6822, 6549, 6788, 10423, 8462, 8475, 6356, 7431, 7119, 8584, 9965, ...
  |                       NPU Task |        73873 |        86528 |      79614.5 | 83851, 81050, 79153, 78593, 81475, 79315, 78604, 78680, 78697, 79386, 79219, 81221, 78673, 81650, 78719, 81751, 79031, 82431, 79856, 77816, 81448, 78825, 82412, 80443, 80213, 78827, 79339, 78856, 80278, 81740, ...
  |                      PCIe Read |         2073 |         4918 |      2843.58 | 4918, 3108, 3039, 2868, 3067, 2533, 2826, 3068, 3093, 2734, 2995, 2825, 3126, 2787, 3091, 3127, 2778, 2989, 2703, 2379, 2745, 2877, 3116, 2803, 2742, 3087, 3067, 2802, 3105, 2924, ...
  |                     PCIe Write |          905 |         1271 |      1060.04 | 1074, 1208, 1233, 1032, 1046, 1062, 1068, 1087, 1063, 1176, 1111, 1093, 1036, 1012, 1231, 1041, 1037, 1050, 1053, 1038, 1057, 1028, 1053, 1008, 1095, 1070, 989, 1156, 952, 985, ...
  |           Service Process Wait |        74008 |      1386505 |      84434.7 | 1386505, 79636, 81838, 78873, 80004, 81531, 80067, 78854, 79055, 78946, 80252, 78807, 79304, 79586, 82132, 79475, 82331, 78837, 83462, 79974, 81797, 78777, 81845, 79257, 80722, 81147, 78459, 79857, 78884, 81012, ...
  -------------------------------------------------------------------------------

__CPU_PERCENT__=13%
