Runtime Framework Version: v3.3.2
Device Driver Version: v2.4.1
PCIe Driver Version: v2.2.0

modelFile: /home/rock/sijo_feat_windows_env/dx_stream/apps/benchmark/assets/models_dxnn_v2.3.0/yolo26l-seg.dxnn
inputFile: 
outputFile: output.bin
benchmark: 0
loops: 300
Device specification: 'all' (default)
[INFO] Profiler is enabled.
Run model target mode : Single Mode
Inference by loops: count=300

=== Model File: /home/rock/sijo_feat_windows_env/dx_stream/apps/benchmark/assets/models_dxnn_v2.3.0/yolo26l-seg.dxnn ===

Model Input Tensors:
  - images
Model Output Tensors:
  - output0
  - output1

Tasks:
  [ ] -> npu_0 -> [cpu_0, ]
  Task[0] npu_0, NPU, NPU memory usage 337,405,312 bytes (input 1,228,800 bytes, output 7,174,400 bytes), mem_usage:644,451,712 bytes
  Inputs
     -  images, UINT8, [1, 640, 640, 3 ]
  Outputs
    -  /model.23/one2one_cv4.0/one2one_cv4.0.2/Conv_output_0, FLOAT, [1, 32, 80, 80 ]
    -  /model.23/one2one_cv2.0/one2one_cv2.0.2/Conv_output_0, FLOAT, [1, 4, 80, 80 ]
    -  /model.23/one2one_cv2.1/one2one_cv2.1.2/Conv_output_0, FLOAT, [1, 4, 40, 40 ]
    -  /model.23/one2one_cv4.1/one2one_cv4.1.2/Conv_output_0, FLOAT, [1, 32, 40, 40 ]
    -  /model.23/one2one_cv3.0/one2one_cv3.0.2/Conv_output_0, FLOAT, [1, 80, 80, 80 ]
    -  /model.23/one2one_cv4.2/one2one_cv4.2.2/Conv_output_0, FLOAT, [1, 32, 20, 20 ]
    -  /model.23/one2one_cv2.2/one2one_cv2.2.2/Conv_output_0, FLOAT, [1, 4, 20, 20 ]
    -  /model.23/one2one_cv3.1/one2one_cv3.1.2/Conv_output_0, FLOAT, [1, 80, 40, 40 ]
    -  output1, FLOAT, [1, 32, 160, 160 ]
    -  /model.23/one2one_cv3.2/one2one_cv3.2.2/Conv_output_0, FLOAT, [1, 80, 20, 20 ]

  [ npu_0, ] -> cpu_0 -> []
  Task[1] cpu_0, CPU, input 3,897,600 bytes, output 46,800 bytes
  Inputs
     -  /model.23/one2one_cv2.0/one2one_cv2.0.2/Conv_output_0, FLOAT, [1, 4, 80, 80 ]
     -  /model.23/one2one_cv2.1/one2one_cv2.1.2/Conv_output_0, FLOAT, [1, 4, 40, 40 ]
     -  /model.23/one2one_cv2.2/one2one_cv2.2.2/Conv_output_0, FLOAT, [1, 4, 20, 20 ]
     -  /model.23/one2one_cv3.0/one2one_cv3.0.2/Conv_output_0, FLOAT, [1, 80, 80, 80 ]
     -  /model.23/one2one_cv3.2/one2one_cv3.2.2/Conv_output_0, FLOAT, [1, 80, 20, 20 ]
     -  /model.23/one2one_cv3.1/one2one_cv3.1.2/Conv_output_0, FLOAT, [1, 80, 40, 40 ]
     -  /model.23/one2one_cv4.0/one2one_cv4.0.2/Conv_output_0, FLOAT, [1, 32, 80, 80 ]
     -  /model.23/one2one_cv4.1/one2one_cv4.1.2/Conv_output_0, FLOAT, [1, 32, 40, 40 ]
     -  /model.23/one2one_cv4.2/one2one_cv4.2.2/Conv_output_0, FLOAT, [1, 32, 20, 20 ]
  Outputs
     -  output0, FLOAT, [1, 300, 38 ]
     -  /model.23/TopK_output_0, FLOAT, [1, 300 ]


Performing 1 warmup run(s)...
Warmup completed.
=============================================
* Benchmark Result (single input)
  - FPS : 8.79                               
=============================================
=============================================
* Benchmark Result (single input)
  - FPS : 9.20                               
=============================================
=============================================
* Benchmark Result (single input)
  - FPS : 12.61                              
=============================================
=============================================
* Benchmark Result (single input)
  - FPS : 12.62                              
=============================================
=============================================
* Benchmark Result (single input)
  - FPS : 11.84                              
=============================================
=============================================
* Benchmark Result (single input)
  - FPS : 12.40                              
=============================================
=============================================
* Benchmark Result (single input)
  - FPS : 10.98                              
=============================================
=============================================
* Benchmark Result (single input)
  - FPS : 11.27                              
=============================================
=============================================
* Benchmark Result (single input)
  - FPS : 11.43                              
=============================================
=============================================
* Benchmark Result (single input)
  - FPS : 11.27                              
=============================================
=============================================
* Benchmark Result (single input)
  - FPS : 11.48                              
=============================================
=============================================
* Benchmark Result (single input)
  - FPS : 12.78                              
=============================================
=============================================
* Benchmark Result (single input)
  - FPS : 12.79                              
=============================================
=============================================
* Benchmark Result (single input)
  - FPS : 12.73                              
=============================================
=============================================
* Benchmark Result (single input)
  - FPS : 12.74                              
=============================================
=============================================
* Benchmark Result (single input)
  - FPS : 12.76                              
=============================================
=============================================
* Benchmark Result (single input)
  - FPS : 12.73                              
=============================================
=============================================
* Benchmark Result (single input)
  - FPS : 12.76                              
=============================================
=============================================
* Benchmark Result (single input)
  - FPS : 12.76                              
=============================================
=============================================
* Benchmark Result (single input)
  - FPS : 12.76                              
=============================================
=============================================
* Benchmark Result (single input)
  - FPS : 8.72                               
=============================================
=============================================
* Benchmark Result (single input)
  - FPS : 12.59                              
=============================================
=============================================
* Benchmark Result (single input)
  - FPS : 8.76                               
=============================================
=============================================
* Benchmark Result (single input)
  - FPS : 8.79                               
=============================================
=============================================
* Benchmark Result (single input)
  - FPS : 12.73                              
=============================================
=============================================
* Benchmark Result (single input)
  - FPS : 12.65                              
=============================================
=============================================
* Benchmark Result (single input)
  - FPS : 12.54                              
=============================================
=============================================
* Benchmark Result (single input)
  - FPS : 12.58                              
=============================================
=============================================
* Benchmark Result (single input)
  - FPS : 12.69                              
=============================================
=============================================
* Benchmark Result (single input)
  - FPS : 12.70                              
=============================================
=============================================
* Benchmark Result (single input)
  - FPS : 12.75                              
=============================================
=============================================
* Benchmark Result (single input)
  - FPS : 12.74                              
=============================================
=============================================
* Benchmark Result (single input)
  - FPS : 12.72                              
=============================================
=============================================
* Benchmark Result (single input)
  - FPS : 12.74                              
=============================================
=============================================
* Benchmark Result (single input)
  - FPS : 12.42                              
=============================================
=============================================
* Benchmark Result (single input)
  - FPS : 11.33                              
=============================================
=============================================
* Benchmark Result (single input)
  - FPS : 11.33                              
=============================================
=============================================
* Benchmark Result (single input)
  - FPS : 11.34                              
=============================================
=============================================
* Benchmark Result (single input)
  - FPS : 11.22                              
=============================================
=============================================
* Benchmark Result (single input)
  - FPS : 11.22                              
=============================================
=============================================
* Benchmark Result (single input)
  - FPS : 11.31                              
=============================================
=============================================
* Benchmark Result (single input)
  - FPS : 11.33                              
=============================================
=============================================
* Benchmark Result (single input)
  - FPS : 11.32                              
=============================================
=============================================
* Benchmark Result (single input)
  - FPS : 11.26                              
=============================================
=============================================
* Benchmark Result (single input)
  - FPS : 12.57                              
=============================================
=============================================
* Benchmark Result (single input)
  - FPS : 12.72                              
=============================================
=============================================
* Benchmark Result (single input)
  - FPS : 12.75                              
=============================================
=============================================
* Benchmark Result (single input)
  - FPS : 12.75                              
=============================================
=============================================
* Benchmark Result (single input)
  - FPS : 10.11                              
=============================================
=============================================
* Benchmark Result (single input)
  - FPS : 10.11                              
=============================================
=============================================
* Benchmark Result (single input)
  - FPS : 10.00                              
=============================================
=============================================
* Benchmark Result (single input)
  - FPS : 9.98                               
=============================================
=============================================
* Benchmark Result (single input)
  - FPS : 10.06                              
=============================================
=============================================
* Benchmark Result (single input)
  - FPS : 10.07                              
=============================================
=============================================
* Benchmark Result (single input)
  - FPS : 11.54                              
=============================================
=============================================
* Benchmark Result (single input)
  - FPS : 12.59                              
=============================================
=============================================
* Benchmark Result (single input)
  - FPS : 12.71                              
=============================================
=============================================
* Benchmark Result (single input)
  - FPS : 12.76                              
=============================================
=============================================
* Benchmark Result (single input)
  - FPS : 12.78                              
=============================================
=============================================
* Benchmark Result (single input)
  - FPS : 12.69                              
=============================================
=============================================
* Benchmark Result (single input)
  - FPS : 12.71                              
=============================================
=============================================
* Benchmark Result (single input)
  - FPS : 12.75                              
=============================================
=============================================
* Benchmark Result (single input)
  - FPS : 12.73                              
=============================================
=============================================
* Benchmark Result (single input)
  - FPS : 12.73                              
=============================================
=============================================
* Benchmark Result (single input)
  - FPS : 12.74                              
=============================================
=============================================
* Benchmark Result (single input)
  - FPS : 11.78                              
=============================================
=============================================
* Benchmark Result (single input)
  - FPS : 12.73                              
=============================================
=============================================
* Benchmark Result (single input)
  - FPS : 12.62                              
=============================================
=============================================
* Benchmark Result (single input)
  - FPS : 11.26                              
=============================================
=============================================
* Benchmark Result (single input)
  - FPS : 11.32                              
=============================================
=============================================
* Benchmark Result (single input)
  - FPS : 11.31                              
=============================================
=============================================
* Benchmark Result (single input)
  - FPS : 10.74                              
=============================================
=============================================
* Benchmark Result (single input)
  - FPS : 11.34                              
=============================================
=============================================
* Benchmark Result (single input)
  - FPS : 11.33                              
=============================================
=============================================
* Benchmark Result (single input)
  - FPS : 11.22                              
=============================================
=============================================
* Benchmark Result (single input)
  - FPS : 11.22                              
=============================================
=============================================
* Benchmark Result (single input)
  - FPS : 11.32                              
=============================================
=============================================
* Benchmark Result (single input)
  - FPS : 12.66                              
=============================================
=============================================
* Benchmark Result (single input)
  - FPS : 11.60                              
=============================================
=============================================
* Benchmark Result (single input)
  - FPS : 10.09                              
=============================================
=============================================
* Benchmark Result (single input)
  - FPS : 10.08                              
=============================================
=============================================
* Benchmark Result (single input)
  - FPS : 10.11                              
=============================================
=============================================
* Benchmark Result (single input)
  - FPS : 10.07                              
=============================================
=============================================
* Benchmark Result (single input)
  - FPS : 10.08                              
=============================================
=============================================
* Benchmark Result (single input)
  - FPS : 10.06                              
=============================================
=============================================
* Benchmark Result (single input)
  - FPS : 12.69                              
=============================================
=============================================
* Benchmark Result (single input)
  - FPS : 12.74                              
=============================================
=============================================
* Benchmark Result (single input)
  - FPS : 12.70                              
=============================================
=============================================
* Benchmark Result (single input)
  - FPS : 12.73                              
=============================================
=============================================
* Benchmark Result (single input)
  - FPS : 12.73                              
=============================================
=============================================
* Benchmark Result (single input)
  - FPS : 12.70                              
=============================================
=============================================
* Benchmark Result (single input)
  - FPS : 12.72                              
=============================================
=============================================
* Benchmark Result (single input)
  - FPS : 12.69                              
=============================================
=============================================
* Benchmark Result (single input)
  - FPS : 12.71                              
=============================================
=============================================
* Benchmark Result (single input)
  - FPS : 12.71                              
=============================================
=============================================
* Benchmark Result (single input)
  - FPS : 12.71                              
=============================================
=============================================
* Benchmark Result (single input)
  - FPS : 12.74                              
=============================================
=============================================
* Benchmark Result (single input)
  - FPS : 12.71                              
=============================================
=============================================
* Benchmark Result (single input)
  - FPS : 12.69                              
=============================================
=============================================
* Benchmark Result (single input)
  - FPS : 12.69                              
=============================================
=============================================
* Benchmark Result (single input)
  - FPS : 11.14                              
=============================================
=============================================
* Benchmark Result (single input)
  - FPS : 11.35                              
=============================================
=============================================
* Benchmark Result (single input)
  - FPS : 11.32                              
=============================================
=============================================
* Benchmark Result (single input)
  - FPS : 12.66                              
=============================================
=============================================
* Benchmark Result (single input)
  - FPS : 12.73                              
=============================================
=============================================
* Benchmark Result (single input)
  - FPS : 12.75                              
=============================================
=============================================
* Benchmark Result (single input)
  - FPS : 12.73                              
=============================================
=============================================
* Benchmark Result (single input)
  - FPS : 12.70                              
=============================================
=============================================
* Benchmark Result (single input)
  - FPS : 12.69                              
=============================================
=============================================
* Benchmark Result (single input)
  - FPS : 12.69                              
=============================================
=============================================
* Benchmark Result (single input)
  - FPS : 10.10                              
=============================================
=============================================
* Benchmark Result (single input)
  - FPS : 10.08                              
=============================================
=============================================
* Benchmark Result (single input)
  - FPS : 10.10                              
=============================================
=============================================
* Benchmark Result (single input)
  - FPS : 10.06                              
=============================================
=============================================
* Benchmark Result (single input)
  - FPS : 12.67                              
=============================================
=============================================
* Benchmark Result (single input)
  - FPS : 12.64                              
=============================================
=============================================
* Benchmark Result (single input)
  - FPS : 12.73                              
=============================================
=============================================
* Benchmark Result (single input)
  - FPS : 12.75                              
=============================================
=============================================
* Benchmark Result (single input)
  - FPS : 12.73                              
=============================================
=============================================
* Benchmark Result (single input)
  - FPS : 12.69                              
=============================================
=============================================
* Benchmark Result (single input)
  - FPS : 12.67                              
=============================================
=============================================
* Benchmark Result (single input)
  - FPS : 12.70                              
=============================================
=============================================
* Benchmark Result (single input)
  - FPS : 12.66                              
=============================================
=============================================
* Benchmark Result (single input)
  - FPS : 12.69                              
=============================================
=============================================
* Benchmark Result (single input)
  - FPS : 12.12                              
=============================================
=============================================
* Benchmark Result (single input)
  - FPS : 12.20                              
=============================================
=============================================
* Benchmark Result (single input)
  - FPS : 12.70                              
=============================================
=============================================
* Benchmark Result (single input)
  - FPS : 11.33                              
=============================================
=============================================
* Benchmark Result (single input)
  - FPS : 11.24                              
=============================================
=============================================
* Benchmark Result (single input)
  - FPS : 11.29                              
=============================================
=============================================
* Benchmark Result (single input)
  - FPS : 11.28                              
=============================================
=============================================
* Benchmark Result (single input)
  - FPS : 11.27                              
=============================================
=============================================
* Benchmark Result (single input)
  - FPS : 11.29                              
=============================================
=============================================
* Benchmark Result (single input)
  - FPS : 11.33                              
=============================================
=============================================
* Benchmark Result (single input)
  - FPS : 12.66                              
=============================================
=============================================
* Benchmark Result (single input)
  - FPS : 12.68                              
=============================================
=============================================
* Benchmark Result (single input)
  - FPS : 12.69                              
=============================================
=============================================
* Benchmark Result (single input)
  - FPS : 12.67                              
=============================================
=============================================
* Benchmark Result (single input)
  - FPS : 10.05                              
=============================================
=============================================
* Benchmark Result (single input)
  - FPS : 10.06                              
=============================================
=============================================
* Benchmark Result (single input)
  - FPS : 10.06                              
=============================================
=============================================
* Benchmark Result (single input)
  - FPS : 10.06                              
=============================================
=============================================
* Benchmark Result (single input)
  - FPS : 12.60                              
=============================================
=============================================
* Benchmark Result (single input)
  - FPS : 10.03                              
=============================================
=============================================
* Benchmark Result (single input)
  - FPS : 10.07                              
=============================================
=============================================
* Benchmark Result (single input)
  - FPS : 10.12                              
=============================================
=============================================
* Benchmark Result (single input)
  - FPS : 10.10                              
=============================================
=============================================
* Benchmark Result (single input)
  - FPS : 12.74                              
=============================================
=============================================
* Benchmark Result (single input)
  - FPS : 12.68                              
=============================================
=============================================
* Benchmark Result (single input)
  - FPS : 12.58                              
=============================================
=============================================
* Benchmark Result (single input)
  - FPS : 12.64                              
=============================================
=============================================
* Benchmark Result (single input)
  - FPS : 12.76                              
=============================================
=============================================
* Benchmark Result (single input)
  - FPS : 12.79                              
=============================================
=============================================
* Benchmark Result (single input)
  - FPS : 12.76                              
=============================================
=============================================
* Benchmark Result (single input)
  - FPS : 12.76                              
=============================================
=============================================
* Benchmark Result (single input)
  - FPS : 12.60                              
=============================================
=============================================
* Benchmark Result (single input)
  - FPS : 12.64                              
=============================================
=============================================
* Benchmark Result (single input)
  - FPS : 11.42                              
=============================================
=============================================
* Benchmark Result (single input)
  - FPS : 11.39                              
=============================================
=============================================
* Benchmark Result (single input)
  - FPS : 11.41                              
=============================================
=============================================
* Benchmark Result (single input)
  - FPS : 11.41                              
=============================================
=============================================
* Benchmark Result (single input)
  - FPS : 11.34                              
=============================================
=============================================
* Benchmark Result (single input)
  - FPS : 12.76                              
=============================================
=============================================
* Benchmark Result (single input)
  - FPS : 12.81                              
=============================================
=============================================
* Benchmark Result (single input)
  - FPS : 12.79                              
=============================================
=============================================
* Benchmark Result (single input)
  - FPS : 12.81                              
=============================================
=============================================
* Benchmark Result (single input)
  - FPS : 12.80                              
=============================================
=============================================
* Benchmark Result (single input)
  - FPS : 12.63                              
=============================================
=============================================
* Benchmark Result (single input)
  - FPS : 12.70                              
=============================================
=============================================
* Benchmark Result (single input)
  - FPS : 12.66                              
=============================================
=============================================
* Benchmark Result (single input)
  - FPS : 12.72                              
=============================================
=============================================
* Benchmark Result (single input)
  - FPS : 10.08                              
=============================================
=============================================
* Benchmark Result (single input)
  - FPS : 10.07                              
=============================================
=============================================
* Benchmark Result (single input)
  - FPS : 12.07                              
=============================================
=============================================
* Benchmark Result (single input)
  - FPS : 12.66                              
=============================================
=============================================
* Benchmark Result (single input)
  - FPS : 12.82                              
=============================================
=============================================
* Benchmark Result (single input)
  - FPS : 12.82                              
=============================================
=============================================
* Benchmark Result (single input)
  - FPS : 12.77                              
=============================================
=============================================
* Benchmark Result (single input)
  - FPS : 12.82                              
=============================================
=============================================
* Benchmark Result (single input)
  - FPS : 12.67                              
=============================================
=============================================
* Benchmark Result (single input)
  - FPS : 12.68                              
=============================================
=============================================
* Benchmark Result (single input)
  - FPS : 12.80                              
=============================================
=============================================
* Benchmark Result (single input)
  - FPS : 12.79                              
=============================================
=============================================
* Benchmark Result (single input)
  - FPS : 12.80                              
=============================================
=============================================
* Benchmark Result (single input)
  - FPS : 12.79                              
=============================================
=============================================
* Benchmark Result (single input)
  - FPS : 12.78                              
=============================================
=============================================
* Benchmark Result (single input)
  - FPS : 12.68                              
=============================================
=============================================
* Benchmark Result (single input)
  - FPS : 11.37                              
=============================================
=============================================
* Benchmark Result (single input)
  - FPS : 11.33                              
=============================================
=============================================
* Benchmark Result (single input)
  - FPS : 11.39                              
=============================================
=============================================
* Benchmark Result (single input)
  - FPS : 11.40                              
=============================================
=============================================
* Benchmark Result (single input)
  - FPS : 11.35                              
=============================================
=============================================
* Benchmark Result (single input)
  - FPS : 12.52                              
=============================================
=============================================
* Benchmark Result (single input)
  - FPS : 12.56                              
=============================================
=============================================
* Benchmark Result (single input)
  - FPS : 12.76                              
=============================================
=============================================
* Benchmark Result (single input)
  - FPS : 12.80                              
=============================================
=============================================
* Benchmark Result (single input)
  - FPS : 12.79                              
=============================================
=============================================
* Benchmark Result (single input)
  - FPS : 12.01                              
=============================================
=============================================
* Benchmark Result (single input)
  - FPS : 8.71                               
=============================================
=============================================
* Benchmark Result (single input)
  - FPS : 12.60                              
=============================================
=============================================
* Benchmark Result (single input)
  - FPS : 8.76                               
=============================================
=============================================
* Benchmark Result (single input)
  - FPS : 8.80                               
=============================================
=============================================
* Benchmark Result (single input)
  - FPS : 9.52                               
=============================================
=============================================
* Benchmark Result (single input)
  - FPS : 9.99                               
=============================================
=============================================
* Benchmark Result (single input)
  - FPS : 10.06                              
=============================================
=============================================
* Benchmark Result (single input)
  - FPS : 10.12                              
=============================================
=============================================
* Benchmark Result (single input)
  - FPS : 10.12                              
=============================================
=============================================
* Benchmark Result (single input)
  - FPS : 10.10                              
=============================================
=============================================
* Benchmark Result (single input)
  - FPS : 10.02                              
=============================================
=============================================
* Benchmark Result (single input)
  - FPS : 10.07                              
=============================================
=============================================
* Benchmark Result (single input)
  - FPS : 10.12                              
=============================================
=============================================
* Benchmark Result (single input)
  - FPS : 10.12                              
=============================================
=============================================
* Benchmark Result (single input)
  - FPS : 10.10                              
=============================================
=============================================
* Benchmark Result (single input)
  - FPS : 8.75                               
=============================================
=============================================
* Benchmark Result (single input)
  - FPS : 8.37                               
=============================================
=============================================
* Benchmark Result (single input)
  - FPS : 8.60                               
=============================================
=============================================
* Benchmark Result (single input)
  - FPS : 8.67                               
=============================================
=============================================
* Benchmark Result (single input)
  - FPS : 8.27                               
=============================================
=============================================
* Benchmark Result (single input)
  - FPS : 8.45                               
=============================================
=============================================
* Benchmark Result (single input)
  - FPS : 8.40                               
=============================================
=============================================
* Benchmark Result (single input)
  - FPS : 9.21                               
=============================================
=============================================
* Benchmark Result (single input)
  - FPS : 12.14                              
=============================================
=============================================
* Benchmark Result (single input)
  - FPS : 12.69                              
=============================================
=============================================
* Benchmark Result (single input)
  - FPS : 12.78                              
=============================================
=============================================
* Benchmark Result (single input)
  - FPS : 12.78                              
=============================================
=============================================
* Benchmark Result (single input)
  - FPS : 12.81                              
=============================================
=============================================
* Benchmark Result (single input)
  - FPS : 12.77                              
=============================================
=============================================
* Benchmark Result (single input)
  - FPS : 12.78                              
=============================================
=============================================
* Benchmark Result (single input)
  - FPS : 12.63                              
=============================================
=============================================
* Benchmark Result (single input)
  - FPS : 12.69                              
=============================================
=============================================
* Benchmark Result (single input)
  - FPS : 12.77                              
=============================================
=============================================
* Benchmark Result (single input)
  - FPS : 12.77                              
=============================================
=============================================
* Benchmark Result (single input)
  - FPS : 12.79                              
=============================================
=============================================
* Benchmark Result (single input)
  - FPS : 12.76                              
=============================================
=============================================
* Benchmark Result (single input)
  - FPS : 12.77                              
=============================================
=============================================
* Benchmark Result (single input)
  - FPS : 12.74                              
=============================================
=============================================
* Benchmark Result (single input)
  - FPS : 12.64                              
=============================================
=============================================
* Benchmark Result (single input)
  - FPS : 12.68                              
=============================================
=============================================
* Benchmark Result (single input)
  - FPS : 12.75                              
=============================================
=============================================
* Benchmark Result (single input)
  - FPS : 12.75                              
=============================================
=============================================
* Benchmark Result (single input)
  - FPS : 12.77                              
=============================================
=============================================
* Benchmark Result (single input)
  - FPS : 12.77                              
=============================================
=============================================
* Benchmark Result (single input)
  - FPS : 12.79                              
=============================================
=============================================
* Benchmark Result (single input)
  - FPS : 12.79                              
=============================================
=============================================
* Benchmark Result (single input)
  - FPS : 12.81                              
=============================================
=============================================
* Benchmark Result (single input)
  - FPS : 11.65                              
=============================================
=============================================
* Benchmark Result (single input)
  - FPS : 8.63                               
=============================================
=============================================
* Benchmark Result (single input)
  - FPS : 8.44                               
=============================================
=============================================
* Benchmark Result (single input)
  - FPS : 8.43                               
=============================================
=============================================
* Benchmark Result (single input)
  - FPS : 9.82                               
=============================================
=============================================
* Benchmark Result (single input)
  - FPS : 10.13                              
=============================================
=============================================
* Benchmark Result (single input)
  - FPS : 11.09                              
=============================================
=============================================
* Benchmark Result (single input)
  - FPS : 12.66                              
=============================================
=============================================
* Benchmark Result (single input)
  - FPS : 12.79                              
=============================================
=============================================
* Benchmark Result (single input)
  - FPS : 12.74                              
=============================================
=============================================
* Benchmark Result (single input)
  - FPS : 12.75                              
=============================================
=============================================
* Benchmark Result (single input)
  - FPS : 12.74                              
=============================================
=============================================
* Benchmark Result (single input)
  - FPS : 12.66                              
=============================================
=============================================
* Benchmark Result (single input)
  - FPS : 12.67                              
=============================================
=============================================
* Benchmark Result (single input)
  - FPS : 12.72                              
=============================================
=============================================
* Benchmark Result (single input)
  - FPS : 12.74                              
=============================================
=============================================
* Benchmark Result (single input)
  - FPS : 12.77                              
=============================================
=============================================
* Benchmark Result (single input)
  - FPS : 12.78                              
=============================================
=============================================
* Benchmark Result (single input)
  - FPS : 12.73                              
=============================================
=============================================
* Benchmark Result (single input)
  - FPS : 12.59                              
=============================================
=============================================
* Benchmark Result (single input)
  - FPS : 12.65                              
=============================================
=============================================
* Benchmark Result (single input)
  - FPS : 12.77                              
=============================================
=============================================
* Benchmark Result (single input)
  - FPS : 12.79                              
=============================================
=============================================
* Benchmark Result (single input)
  - FPS : 12.76                              
=============================================
=============================================
* Benchmark Result (single input)
  - FPS : 12.77                              
=============================================
=============================================
* Benchmark Result (single input)
  - FPS : 12.72                              
=============================================
=============================================
* Benchmark Result (single input)
  - FPS : 12.68                              
=============================================
=============================================
* Benchmark Result (single input)
  - FPS : 12.77                              
=============================================
=============================================
* Benchmark Result (single input)
  - FPS : 12.77                              
=============================================
=============================================
* Benchmark Result (single input)
  - FPS : 11.36                              
=============================================
=============================================
* Benchmark Result (single input)
  - FPS : 11.47                              
=============================================
=============================================
* Benchmark Result (single input)
  - FPS : 11.06                              
=============================================
=============================================
* Benchmark Result (single input)
  - FPS : 8.45                               
=============================================
=============================================
* Benchmark Result (single input)
  - FPS : 8.52                               
=============================================
=============================================
* Benchmark Result (single input)
  - FPS : 8.65                               
=============================================
=============================================
* Benchmark Result (single input)
  - FPS : 8.65                               
=============================================
=============================================
* Benchmark Result (single input)
  - FPS : 8.66                               
=============================================
=============================================
* Benchmark Result (single input)
  - FPS : 8.36                               
=============================================
=============================================
* Benchmark Result (single input)
  - FPS : 8.44                               
=============================================
=============================================
* Benchmark Result (single input)
  - FPS : 8.62                               
=============================================
=============================================
* Benchmark Result (single input)
  - FPS : 9.49                               
=============================================
=============================================
* Benchmark Result (single input)
  - FPS : 10.08                              
=============================================
=============================================
* Benchmark Result (single input)
  - FPS : 10.01                              
=============================================
=============================================
* Benchmark Result (single input)
  - FPS : 10.09                              
=============================================
=============================================
* Benchmark Result (single input)
  - FPS : 10.05                              
=============================================
=============================================
* Benchmark Result (single input)
  - FPS : 10.00                              
=============================================
=============================================
* Benchmark Result (single input)
  - FPS : 11.79                              
=============================================
=============================================
* Benchmark Result (single input)
  - FPS : 12.75                              
=============================================
=============================================
* Benchmark Result (single input)
  - FPS : 12.75                              
=============================================
=============================================
* Benchmark Result (single input)
  - FPS : 12.78                              
=============================================
=============================================
* Benchmark Result (single input)
  - FPS : 12.75                              
=============================================
=============================================
* Benchmark Result (single input)
  - FPS : 12.59                              
=============================================
=============================================
* Benchmark Result (single input)
  - FPS : 12.25                              
=============================================
=============================================
* Benchmark Result (single input)
  - FPS : 12.77                              
=============================================
=============================================
* Benchmark Result (single input)
  - FPS : 12.78                              
=============================================
Profiler data has been written to profiler.json
  -------------------------------------------------------------------------------
  | Device 0                                                                    |
  |            Name                |  min (us)    |  max (us)    | average (us) |
  -------------------------------------------------------------------------------
  |                    Buffer Wait |            1 |           14 |       4.8505 |
  |       NPU Input Format Handler |            1 |           29 |      7.07973 |
  |                     PCIe Write |         1172 |         2978 |      1493.71 |
  |                       NPU Core |        40624 |        40648 |      40635.2 |
  |                      PCIe Read |         8010 |        17157 |      9888.96 |
  |      NPU Output Format Handler |        13706 |        49797 |      19287.5 |
  |                       NPU Task |        64803 |       101446 |      72137.9 |
  -------------------------------------------------------------------------------
  -------------------------------------------------------------------------------
  | CPU Tasks                                                                   |
  |            Name                |  min (us)    |  max (us)    | average (us) |
  -------------------------------------------------------------------------------
  |            CPU Task Queue Wait |           15 |          290 |      42.3123 |
  |                          cpu_0 |        11184 |        19717 |      12928.9 |
  -------------------------------------------------------------------------------

__CPU_PERCENT__=45%
