Runtime Framework Version: v3.3.2
Device Driver Version: v2.4.1
PCIe Driver Version: v2.2.0

modelFile: /home/deepx/sijo_feat_windows_env/dx_stream/apps/benchmark/assets/models_dxnn_v2.3.0/yolo26n-obb.dxnn
inputFile: 
outputFile: output.bin
benchmark: 0
loops: 300
Device specification: 'all' (default)
[INFO] Profiler is enabled.
Run model target mode : Single Mode
Inference by loops: count=300

=== Model File: /home/deepx/sijo_feat_windows_env/dx_stream/apps/benchmark/assets/models_dxnn_v2.3.0/yolo26n-obb.dxnn ===

Model Input Tensors:
  - images
Model Output Tensors:
  - output0

Tasks:
  [ ] -> npu_0 -> [cpu_0, ]
  Task[0] npu_0, NPU, NPU memory usage 252,252,928 bytes (input 3,145,728 bytes, output 1,720,320 bytes), mem_usage:500,372,224 bytes
  Inputs
     -  images, UINT8, [1, 1024, 1024, 3 ]
  Outputs
    -  /model.23/one2one_cv4.0/one2one_cv4.0.2/Conv_output_0, FLOAT, [1, 1, 128, 128 ]
    -  /model.23/one2one_cv2.0/one2one_cv2.0.2/Conv_output_0, FLOAT, [1, 4, 128, 128 ]
    -  /model.23/one2one_cv3.0/one2one_cv3.0.2/Conv_output_0, FLOAT, [1, 15, 128, 128 ]
    -  /model.23/one2one_cv4.1/one2one_cv4.1.2/Conv_output_0, FLOAT, [1, 1, 64, 64 ]
    -  /model.23/one2one_cv2.1/one2one_cv2.1.2/Conv_output_0, FLOAT, [1, 4, 64, 64 ]
    -  /model.23/one2one_cv3.1/one2one_cv3.1.2/Conv_output_0, FLOAT, [1, 15, 64, 64 ]
    -  /model.23/one2one_cv2.2/one2one_cv2.2.2/Conv_output_0, FLOAT, [1, 4, 32, 32 ]
    -  /model.23/one2one_cv4.2/one2one_cv4.2.2/Conv_output_0, FLOAT, [1, 1, 32, 32 ]
    -  /model.23/one2one_cv3.2/one2one_cv3.2.2/Conv_output_0, FLOAT, [1, 15, 32, 32 ]

  [ npu_0, ] -> cpu_0 -> []
  Task[1] cpu_0, CPU, input 1,720,320 bytes, output 9,600 bytes
  Inputs
     -  /model.23/one2one_cv2.0/one2one_cv2.0.2/Conv_output_0, FLOAT, [1, 4, 128, 128 ]
     -  /model.23/one2one_cv2.2/one2one_cv2.2.2/Conv_output_0, FLOAT, [1, 4, 32, 32 ]
     -  /model.23/one2one_cv2.1/one2one_cv2.1.2/Conv_output_0, FLOAT, [1, 4, 64, 64 ]
     -  /model.23/one2one_cv4.1/one2one_cv4.1.2/Conv_output_0, FLOAT, [1, 1, 64, 64 ]
     -  /model.23/one2one_cv4.2/one2one_cv4.2.2/Conv_output_0, FLOAT, [1, 1, 32, 32 ]
     -  /model.23/one2one_cv4.0/one2one_cv4.0.2/Conv_output_0, FLOAT, [1, 1, 128, 128 ]
     -  /model.23/one2one_cv3.0/one2one_cv3.0.2/Conv_output_0, FLOAT, [1, 15, 128, 128 ]
     -  /model.23/one2one_cv3.1/one2one_cv3.1.2/Conv_output_0, FLOAT, [1, 15, 64, 64 ]
     -  /model.23/one2one_cv3.2/one2one_cv3.2.2/Conv_output_0, FLOAT, [1, 15, 32, 32 ]
  Outputs
     -  /model.23/TopK_output_0, FLOAT, [1, 300 ]
     -  output0, FLOAT, [1, 300, 7 ]


Performing 1 warmup run(s)...
Warmup completed.
=============================================
* Benchmark Result (single input)
  - FPS : 23.69                              
=============================================
=============================================
* Benchmark Result (single input)
  - FPS : 25.52                              
=============================================
=============================================
* Benchmark Result (single input)
  - FPS : 26.02                              
=============================================
=============================================
* Benchmark Result (single input)
  - FPS : 24.86                              
=============================================
=============================================
* Benchmark Result (single input)
  - FPS : 24.85                              
=============================================
=============================================
* Benchmark Result (single input)
  - FPS : 25.14                              
=============================================
=============================================
* Benchmark Result (single input)
  - FPS : 24.45                              
=============================================
=============================================
* Benchmark Result (single input)
  - FPS : 24.75                              
=============================================
=============================================
* Benchmark Result (single input)
  - FPS : 24.60                              
=============================================
=============================================
* Benchmark Result (single input)
  - FPS : 23.35                              
=============================================
=============================================
* Benchmark Result (single input)
  - FPS : 24.81                              
=============================================
=============================================
* Benchmark Result (single input)
  - FPS : 24.30                              
=============================================
=============================================
* Benchmark Result (single input)
  - FPS : 24.71                              
=============================================
=============================================
* Benchmark Result (single input)
  - FPS : 24.47                              
=============================================
=============================================
* Benchmark Result (single input)
  - FPS : 25.86                              
=============================================
=============================================
* Benchmark Result (single input)
  - FPS : 25.06                              
=============================================
=============================================
* Benchmark Result (single input)
  - FPS : 25.42                              
=============================================
=============================================
* Benchmark Result (single input)
  - FPS : 24.35                              
=============================================
=============================================
* Benchmark Result (single input)
  - FPS : 24.52                              
=============================================
=============================================
* Benchmark Result (single input)
  - FPS : 24.82                              
=============================================
=============================================
* Benchmark Result (single input)
  - FPS : 23.63                              
=============================================
=============================================
* Benchmark Result (single input)
  - FPS : 23.97                              
=============================================
=============================================
* Benchmark Result (single input)
  - FPS : 25.46                              
=============================================
=============================================
* Benchmark Result (single input)
  - FPS : 24.90                              
=============================================
=============================================
* Benchmark Result (single input)
  - FPS : 24.56                              
=============================================
=============================================
* Benchmark Result (single input)
  - FPS : 25.10                              
=============================================
=============================================
* Benchmark Result (single input)
  - FPS : 24.37                              
=============================================
=============================================
* Benchmark Result (single input)
  - FPS : 25.65                              
=============================================
=============================================
* Benchmark Result (single input)
  - FPS : 24.36                              
=============================================
=============================================
* Benchmark Result (single input)
  - FPS : 25.04                              
=============================================
=============================================
* Benchmark Result (single input)
  - FPS : 25.21                              
=============================================
=============================================
* Benchmark Result (single input)
  - FPS : 25.22                              
=============================================
=============================================
* Benchmark Result (single input)
  - FPS : 24.86                              
=============================================
=============================================
* Benchmark Result (single input)
  - FPS : 25.26                              
=============================================
=============================================
* Benchmark Result (single input)
  - FPS : 25.56                              
=============================================
=============================================
* Benchmark Result (single input)
  - FPS : 24.43                              
=============================================
=============================================
* Benchmark Result (single input)
  - FPS : 25.50                              
=============================================
=============================================
* Benchmark Result (single input)
  - FPS : 21.97                              
=============================================
=============================================
* Benchmark Result (single input)
  - FPS : 24.36                              
=============================================
=============================================
* Benchmark Result (single input)
  - FPS : 24.59                              
=============================================
=============================================
* Benchmark Result (single input)
  - FPS : 25.49                              
=============================================
=============================================
* Benchmark Result (single input)
  - FPS : 23.70                              
=============================================
=============================================
* Benchmark Result (single input)
  - FPS : 25.44                              
=============================================
=============================================
* Benchmark Result (single input)
  - FPS : 24.62                              
=============================================
=============================================
* Benchmark Result (single input)
  - FPS : 25.34                              
=============================================
=============================================
* Benchmark Result (single input)
  - FPS : 24.50                              
=============================================
=============================================
* Benchmark Result (single input)
  - FPS : 25.91                              
=============================================
=============================================
* Benchmark Result (single input)
  - FPS : 25.59                              
=============================================
=============================================
* Benchmark Result (single input)
  - FPS : 24.78                              
=============================================
=============================================
* Benchmark Result (single input)
  - FPS : 22.52                              
=============================================
=============================================
* Benchmark Result (single input)
  - FPS : 25.33                              
=============================================
=============================================
* Benchmark Result (single input)
  - FPS : 25.42                              
=============================================
=============================================
* Benchmark Result (single input)
  - FPS : 24.49                              
=============================================
=============================================
* Benchmark Result (single input)
  - FPS : 24.63                              
=============================================
=============================================
* Benchmark Result (single input)
  - FPS : 26.02                              
=============================================
=============================================
* Benchmark Result (single input)
  - FPS : 25.42                              
=============================================
=============================================
* Benchmark Result (single input)
  - FPS : 24.68                              
=============================================
=============================================
* Benchmark Result (single input)
  - FPS : 24.81                              
=============================================
=============================================
* Benchmark Result (single input)
  - FPS : 26.04                              
=============================================
=============================================
* Benchmark Result (single input)
  - FPS : 24.36                              
=============================================
=============================================
* Benchmark Result (single input)
  - FPS : 24.71                              
=============================================
=============================================
* Benchmark Result (single input)
  - FPS : 25.74                              
=============================================
=============================================
* Benchmark Result (single input)
  - FPS : 24.70                              
=============================================
=============================================
* Benchmark Result (single input)
  - FPS : 25.38                              
=============================================
=============================================
* Benchmark Result (single input)
  - FPS : 25.21                              
=============================================
=============================================
* Benchmark Result (single input)
  - FPS : 24.65                              
=============================================
=============================================
* Benchmark Result (single input)
  - FPS : 26.49                              
=============================================
=============================================
* Benchmark Result (single input)
  - FPS : 24.42                              
=============================================
=============================================
* Benchmark Result (single input)
  - FPS : 25.59                              
=============================================
=============================================
* Benchmark Result (single input)
  - FPS : 24.65                              
=============================================
=============================================
* Benchmark Result (single input)
  - FPS : 24.77                              
=============================================
=============================================
* Benchmark Result (single input)
  - FPS : 25.61                              
=============================================
=============================================
* Benchmark Result (single input)
  - FPS : 23.75                              
=============================================
=============================================
* Benchmark Result (single input)
  - FPS : 24.70                              
=============================================
=============================================
* Benchmark Result (single input)
  - FPS : 25.11                              
=============================================
=============================================
* Benchmark Result (single input)
  - FPS : 24.89                              
=============================================
=============================================
* Benchmark Result (single input)
  - FPS : 24.38                              
=============================================
=============================================
* Benchmark Result (single input)
  - FPS : 25.10                              
=============================================
=============================================
* Benchmark Result (single input)
  - FPS : 24.62                              
=============================================
=============================================
* Benchmark Result (single input)
  - FPS : 24.76                              
=============================================
=============================================
* Benchmark Result (single input)
  - FPS : 25.10                              
=============================================
=============================================
* Benchmark Result (single input)
  - FPS : 24.28                              
=============================================
=============================================
* Benchmark Result (single input)
  - FPS : 26.17                              
=============================================
=============================================
* Benchmark Result (single input)
  - FPS : 26.26                              
=============================================
=============================================
* Benchmark Result (single input)
  - FPS : 26.99                              
=============================================
=============================================
* Benchmark Result (single input)
  - FPS : 24.08                              
=============================================
=============================================
* Benchmark Result (single input)
  - FPS : 26.97                              
=============================================
=============================================
* Benchmark Result (single input)
  - FPS : 21.76                              
=============================================
=============================================
* Benchmark Result (single input)
  - FPS : 25.76                              
=============================================
=============================================
* Benchmark Result (single input)
  - FPS : 24.18                              
=============================================
=============================================
* Benchmark Result (single input)
  - FPS : 25.32                              
=============================================
=============================================
* Benchmark Result (single input)
  - FPS : 24.87                              
=============================================
=============================================
* Benchmark Result (single input)
  - FPS : 24.00                              
=============================================
=============================================
* Benchmark Result (single input)
  - FPS : 25.13                              
=============================================
=============================================
* Benchmark Result (single input)
  - FPS : 24.93                              
=============================================
=============================================
* Benchmark Result (single input)
  - FPS : 24.58                              
=============================================
=============================================
* Benchmark Result (single input)
  - FPS : 25.53                              
=============================================
=============================================
* Benchmark Result (single input)
  - FPS : 24.69                              
=============================================
=============================================
* Benchmark Result (single input)
  - FPS : 24.67                              
=============================================
=============================================
* Benchmark Result (single input)
  - FPS : 24.04                              
=============================================
=============================================
* Benchmark Result (single input)
  - FPS : 21.39                              
=============================================
=============================================
* Benchmark Result (single input)
  - FPS : 24.34                              
=============================================
=============================================
* Benchmark Result (single input)
  - FPS : 24.39                              
=============================================
=============================================
* Benchmark Result (single input)
  - FPS : 24.24                              
=============================================
=============================================
* Benchmark Result (single input)
  - FPS : 25.32                              
=============================================
=============================================
* Benchmark Result (single input)
  - FPS : 25.13                              
=============================================
=============================================
* Benchmark Result (single input)
  - FPS : 24.71                              
=============================================
=============================================
* Benchmark Result (single input)
  - FPS : 25.63                              
=============================================
=============================================
* Benchmark Result (single input)
  - FPS : 24.46                              
=============================================
=============================================
* Benchmark Result (single input)
  - FPS : 25.89                              
=============================================
=============================================
* Benchmark Result (single input)
  - FPS : 25.00                              
=============================================
=============================================
* Benchmark Result (single input)
  - FPS : 24.80                              
=============================================
=============================================
* Benchmark Result (single input)
  - FPS : 24.45                              
=============================================
=============================================
* Benchmark Result (single input)
  - FPS : 24.85                              
=============================================
=============================================
* Benchmark Result (single input)
  - FPS : 25.92                              
=============================================
=============================================
* Benchmark Result (single input)
  - FPS : 24.26                              
=============================================
=============================================
* Benchmark Result (single input)
  - FPS : 24.40                              
=============================================
=============================================
* Benchmark Result (single input)
  - FPS : 23.94                              
=============================================
=============================================
* Benchmark Result (single input)
  - FPS : 24.45                              
=============================================
=============================================
* Benchmark Result (single input)
  - FPS : 25.68                              
=============================================
=============================================
* Benchmark Result (single input)
  - FPS : 24.74                              
=============================================
=============================================
* Benchmark Result (single input)
  - FPS : 23.73                              
=============================================
=============================================
* Benchmark Result (single input)
  - FPS : 24.48                              
=============================================
=============================================
* Benchmark Result (single input)
  - FPS : 24.91                              
=============================================
=============================================
* Benchmark Result (single input)
  - FPS : 23.96                              
=============================================
=============================================
* Benchmark Result (single input)
  - FPS : 23.94                              
=============================================
=============================================
* Benchmark Result (single input)
  - FPS : 25.53                              
=============================================
=============================================
* Benchmark Result (single input)
  - FPS : 25.52                              
=============================================
=============================================
* Benchmark Result (single input)
  - FPS : 24.32                              
=============================================
=============================================
* Benchmark Result (single input)
  - FPS : 24.42                              
=============================================
=============================================
* Benchmark Result (single input)
  - FPS : 26.00                              
=============================================
=============================================
* Benchmark Result (single input)
  - FPS : 24.89                              
=============================================
=============================================
* Benchmark Result (single input)
  - FPS : 24.37                              
=============================================
=============================================
* Benchmark Result (single input)
  - FPS : 24.60                              
=============================================
=============================================
* Benchmark Result (single input)
  - FPS : 24.82                              
=============================================
=============================================
* Benchmark Result (single input)
  - FPS : 25.71                              
=============================================
=============================================
* Benchmark Result (single input)
  - FPS : 25.24                              
=============================================
=============================================
* Benchmark Result (single input)
  - FPS : 22.58                              
=============================================
=============================================
* Benchmark Result (single input)
  - FPS : 25.77                              
=============================================
=============================================
* Benchmark Result (single input)
  - FPS : 25.15                              
=============================================
=============================================
* Benchmark Result (single input)
  - FPS : 25.87                              
=============================================
=============================================
* Benchmark Result (single input)
  - FPS : 25.66                              
=============================================
=============================================
* Benchmark Result (single input)
  - FPS : 24.29                              
=============================================
=============================================
* Benchmark Result (single input)
  - FPS : 24.20                              
=============================================
=============================================
* Benchmark Result (single input)
  - FPS : 24.58                              
=============================================
=============================================
* Benchmark Result (single input)
  - FPS : 25.65                              
=============================================
=============================================
* Benchmark Result (single input)
  - FPS : 23.88                              
=============================================
=============================================
* Benchmark Result (single input)
  - FPS : 24.79                              
=============================================
=============================================
* Benchmark Result (single input)
  - FPS : 24.99                              
=============================================
=============================================
* Benchmark Result (single input)
  - FPS : 24.49                              
=============================================
=============================================
* Benchmark Result (single input)
  - FPS : 22.37                              
=============================================
=============================================
* Benchmark Result (single input)
  - FPS : 25.38                              
=============================================
=============================================
* Benchmark Result (single input)
  - FPS : 24.79                              
=============================================
=============================================
* Benchmark Result (single input)
  - FPS : 24.58                              
=============================================
=============================================
* Benchmark Result (single input)
  - FPS : 25.02                              
=============================================
=============================================
* Benchmark Result (single input)
  - FPS : 23.64                              
=============================================
=============================================
* Benchmark Result (single input)
  - FPS : 25.56                              
=============================================
=============================================
* Benchmark Result (single input)
  - FPS : 24.89                              
=============================================
=============================================
* Benchmark Result (single input)
  - FPS : 25.86                              
=============================================
=============================================
* Benchmark Result (single input)
  - FPS : 25.40                              
=============================================
=============================================
* Benchmark Result (single input)
  - FPS : 24.53                              
=============================================
=============================================
* Benchmark Result (single input)
  - FPS : 24.47                              
=============================================
=============================================
* Benchmark Result (single input)
  - FPS : 22.15                              
=============================================
=============================================
* Benchmark Result (single input)
  - FPS : 25.17                              
=============================================
=============================================
* Benchmark Result (single input)
  - FPS : 25.77                              
=============================================
=============================================
* Benchmark Result (single input)
  - FPS : 25.69                              
=============================================
=============================================
* Benchmark Result (single input)
  - FPS : 23.84                              
=============================================
=============================================
* Benchmark Result (single input)
  - FPS : 24.77                              
=============================================
=============================================
* Benchmark Result (single input)
  - FPS : 24.23                              
=============================================
=============================================
* Benchmark Result (single input)
  - FPS : 24.04                              
=============================================
=============================================
* Benchmark Result (single input)
  - FPS : 25.45                              
=============================================
=============================================
* Benchmark Result (single input)
  - FPS : 24.54                              
=============================================
=============================================
* Benchmark Result (single input)
  - FPS : 24.51                              
=============================================
=============================================
* Benchmark Result (single input)
  - FPS : 25.06                              
=============================================
=============================================
* Benchmark Result (single input)
  - FPS : 25.93                              
=============================================
=============================================
* Benchmark Result (single input)
  - FPS : 21.90                              
=============================================
=============================================
* Benchmark Result (single input)
  - FPS : 24.78                              
=============================================
=============================================
* Benchmark Result (single input)
  - FPS : 24.49                              
=============================================
=============================================
* Benchmark Result (single input)
  - FPS : 24.20                              
=============================================
=============================================
* Benchmark Result (single input)
  - FPS : 24.14                              
=============================================
=============================================
* Benchmark Result (single input)
  - FPS : 25.34                              
=============================================
=============================================
* Benchmark Result (single input)
  - FPS : 24.47                              
=============================================
=============================================
* Benchmark Result (single input)
  - FPS : 25.47                              
=============================================
=============================================
* Benchmark Result (single input)
  - FPS : 24.22                              
=============================================
=============================================
* Benchmark Result (single input)
  - FPS : 24.44                              
=============================================
=============================================
* Benchmark Result (single input)
  - FPS : 25.35                              
=============================================
=============================================
* Benchmark Result (single input)
  - FPS : 24.71                              
=============================================
=============================================
* Benchmark Result (single input)
  - FPS : 24.84                              
=============================================
=============================================
* Benchmark Result (single input)
  - FPS : 24.29                              
=============================================
=============================================
* Benchmark Result (single input)
  - FPS : 24.81                              
=============================================
=============================================
* Benchmark Result (single input)
  - FPS : 25.15                              
=============================================
=============================================
* Benchmark Result (single input)
  - FPS : 24.37                              
=============================================
=============================================
* Benchmark Result (single input)
  - FPS : 26.14                              
=============================================
=============================================
* Benchmark Result (single input)
  - FPS : 24.64                              
=============================================
=============================================
* Benchmark Result (single input)
  - FPS : 24.72                              
=============================================
=============================================
* Benchmark Result (single input)
  - FPS : 24.36                              
=============================================
=============================================
* Benchmark Result (single input)
  - FPS : 24.64                              
=============================================
=============================================
* Benchmark Result (single input)
  - FPS : 25.90                              
=============================================
=============================================
* Benchmark Result (single input)
  - FPS : 25.28                              
=============================================
=============================================
* Benchmark Result (single input)
  - FPS : 24.23                              
=============================================
=============================================
* Benchmark Result (single input)
  - FPS : 22.32                              
=============================================
=============================================
* Benchmark Result (single input)
  - FPS : 24.41                              
=============================================
=============================================
* Benchmark Result (single input)
  - FPS : 25.96                              
=============================================
=============================================
* Benchmark Result (single input)
  - FPS : 24.95                              
=============================================
=============================================
* Benchmark Result (single input)
  - FPS : 26.67                              
=============================================
=============================================
* Benchmark Result (single input)
  - FPS : 27.03                              
=============================================
=============================================
* Benchmark Result (single input)
  - FPS : 25.23                              
=============================================
=============================================
* Benchmark Result (single input)
  - FPS : 23.93                              
=============================================
=============================================
* Benchmark Result (single input)
  - FPS : 24.71                              
=============================================
=============================================
* Benchmark Result (single input)
  - FPS : 25.57                              
=============================================
=============================================
* Benchmark Result (single input)
  - FPS : 25.69                              
=============================================
=============================================
* Benchmark Result (single input)
  - FPS : 23.70                              
=============================================
=============================================
* Benchmark Result (single input)
  - FPS : 23.88                              
=============================================
=============================================
* Benchmark Result (single input)
  - FPS : 24.55                              
=============================================
=============================================
* Benchmark Result (single input)
  - FPS : 25.49                              
=============================================
=============================================
* Benchmark Result (single input)
  - FPS : 24.53                              
=============================================
=============================================
* Benchmark Result (single input)
  - FPS : 24.52                              
=============================================
=============================================
* Benchmark Result (single input)
  - FPS : 24.35                              
=============================================
=============================================
* Benchmark Result (single input)
  - FPS : 25.79                              
=============================================
=============================================
* Benchmark Result (single input)
  - FPS : 24.28                              
=============================================
=============================================
* Benchmark Result (single input)
  - FPS : 24.75                              
=============================================
=============================================
* Benchmark Result (single input)
  - FPS : 25.25                              
=============================================
=============================================
* Benchmark Result (single input)
  - FPS : 26.32                              
=============================================
=============================================
* Benchmark Result (single input)
  - FPS : 26.26                              
=============================================
=============================================
* Benchmark Result (single input)
  - FPS : 28.04                              
=============================================
=============================================
* Benchmark Result (single input)
  - FPS : 25.33                              
=============================================
=============================================
* Benchmark Result (single input)
  - FPS : 24.77                              
=============================================
=============================================
* Benchmark Result (single input)
  - FPS : 24.83                              
=============================================
=============================================
* Benchmark Result (single input)
  - FPS : 25.85                              
=============================================
=============================================
* Benchmark Result (single input)
  - FPS : 25.40                              
=============================================
=============================================
* Benchmark Result (single input)
  - FPS : 24.17                              
=============================================
=============================================
* Benchmark Result (single input)
  - FPS : 25.18                              
=============================================
=============================================
* Benchmark Result (single input)
  - FPS : 24.52                              
=============================================
=============================================
* Benchmark Result (single input)
  - FPS : 24.57                              
=============================================
=============================================
* Benchmark Result (single input)
  - FPS : 23.97                              
=============================================
=============================================
* Benchmark Result (single input)
  - FPS : 28.89                              
=============================================
=============================================
* Benchmark Result (single input)
  - FPS : 25.17                              
=============================================
=============================================
* Benchmark Result (single input)
  - FPS : 24.46                              
=============================================
=============================================
* Benchmark Result (single input)
  - FPS : 25.96                              
=============================================
=============================================
* Benchmark Result (single input)
  - FPS : 26.49                              
=============================================
=============================================
* Benchmark Result (single input)
  - FPS : 24.55                              
=============================================
=============================================
* Benchmark Result (single input)
  - FPS : 24.19                              
=============================================
=============================================
* Benchmark Result (single input)
  - FPS : 25.22                              
=============================================
=============================================
* Benchmark Result (single input)
  - FPS : 29.37                              
=============================================
=============================================
* Benchmark Result (single input)
  - FPS : 30.20                              
=============================================
=============================================
* Benchmark Result (single input)
  - FPS : 29.43                              
=============================================
=============================================
* Benchmark Result (single input)
  - FPS : 28.81                              
=============================================
=============================================
* Benchmark Result (single input)
  - FPS : 27.32                              
=============================================
=============================================
* Benchmark Result (single input)
  - FPS : 26.09                              
=============================================
=============================================
* Benchmark Result (single input)
  - FPS : 24.79                              
=============================================
=============================================
* Benchmark Result (single input)
  - FPS : 25.35                              
=============================================
=============================================
* Benchmark Result (single input)
  - FPS : 22.96                              
=============================================
=============================================
* Benchmark Result (single input)
  - FPS : 25.23                              
=============================================
=============================================
* Benchmark Result (single input)
  - FPS : 25.48                              
=============================================
=============================================
* Benchmark Result (single input)
  - FPS : 25.33                              
=============================================
=============================================
* Benchmark Result (single input)
  - FPS : 24.85                              
=============================================
=============================================
* Benchmark Result (single input)
  - FPS : 26.12                              
=============================================
=============================================
* Benchmark Result (single input)
  - FPS : 24.73                              
=============================================
=============================================
* Benchmark Result (single input)
  - FPS : 25.36                              
=============================================
=============================================
* Benchmark Result (single input)
  - FPS : 24.63                              
=============================================
=============================================
* Benchmark Result (single input)
  - FPS : 26.23                              
=============================================
=============================================
* Benchmark Result (single input)
  - FPS : 24.47                              
=============================================
=============================================
* Benchmark Result (single input)
  - FPS : 24.89                              
=============================================
=============================================
* Benchmark Result (single input)
  - FPS : 25.19                              
=============================================
=============================================
* Benchmark Result (single input)
  - FPS : 25.51                              
=============================================
=============================================
* Benchmark Result (single input)
  - FPS : 25.80                              
=============================================
=============================================
* Benchmark Result (single input)
  - FPS : 24.51                              
=============================================
=============================================
* Benchmark Result (single input)
  - FPS : 24.64                              
=============================================
=============================================
* Benchmark Result (single input)
  - FPS : 26.24                              
=============================================
=============================================
* Benchmark Result (single input)
  - FPS : 24.98                              
=============================================
=============================================
* Benchmark Result (single input)
  - FPS : 24.59                              
=============================================
=============================================
* Benchmark Result (single input)
  - FPS : 25.40                              
=============================================
=============================================
* Benchmark Result (single input)
  - FPS : 24.60                              
=============================================
=============================================
* Benchmark Result (single input)
  - FPS : 24.44                              
=============================================
=============================================
* Benchmark Result (single input)
  - FPS : 24.45                              
=============================================
=============================================
* Benchmark Result (single input)
  - FPS : 25.64                              
=============================================
=============================================
* Benchmark Result (single input)
  - FPS : 24.43                              
=============================================
=============================================
* Benchmark Result (single input)
  - FPS : 24.06                              
=============================================
=============================================
* Benchmark Result (single input)
  - FPS : 24.68                              
=============================================
=============================================
* Benchmark Result (single input)
  - FPS : 23.51                              
=============================================
=============================================
* Benchmark Result (single input)
  - FPS : 24.17                              
=============================================
=============================================
* Benchmark Result (single input)
  - FPS : 24.03                              
=============================================
=============================================
* Benchmark Result (single input)
  - FPS : 25.06                              
=============================================
=============================================
* Benchmark Result (single input)
  - FPS : 25.80                              
=============================================
=============================================
* Benchmark Result (single input)
  - FPS : 25.22                              
=============================================
=============================================
* Benchmark Result (single input)
  - FPS : 24.17                              
=============================================
=============================================
* Benchmark Result (single input)
  - FPS : 25.79                              
=============================================
=============================================
* Benchmark Result (single input)
  - FPS : 25.85                              
=============================================
=============================================
* Benchmark Result (single input)
  - FPS : 24.42                              
=============================================
=============================================
* Benchmark Result (single input)
  - FPS : 24.50                              
=============================================
=============================================
* Benchmark Result (single input)
  - FPS : 25.92                              
=============================================
=============================================
* Benchmark Result (single input)
  - FPS : 24.23                              
=============================================
=============================================
* Benchmark Result (single input)
  - FPS : 24.75                              
=============================================
=============================================
* Benchmark Result (single input)
  - FPS : 25.31                              
=============================================
=============================================
* Benchmark Result (single input)
  - FPS : 24.73                              
=============================================
=============================================
* Benchmark Result (single input)
  - FPS : 24.17                              
=============================================
=============================================
* Benchmark Result (single input)
  - FPS : 24.41                              
=============================================
=============================================
* Benchmark Result (single input)
  - FPS : 26.14                              
=============================================
=============================================
* Benchmark Result (single input)
  - FPS : 23.53                              
=============================================
=============================================
* Benchmark Result (single input)
  - FPS : 24.11                              
=============================================
Profiler data has been written to profiler.json
  -------------------------------------------------------------------------------
  | Device 0                                                                    |
  |            Name                |  min (us)    |  max (us)    | average (us) |
  -------------------------------------------------------------------------------
  |                    Buffer Wait |            3 |           34 |      4.80565 |
  |       NPU Input Format Handler |            2 |           16 |      3.30897 |
  |                     PCIe Write |         2296 |         2768 |      2648.89 |
  |                       NPU Core |        21931 |        21957 |      21941.1 |
  |                      PCIe Read |         2723 |         5248 |       3813.1 |
  |      NPU Output Format Handler |         3157 |         9337 |      6785.43 |
  |                       NPU Task |        30771 |        42859 |      36598.2 |
  -------------------------------------------------------------------------------
  -------------------------------------------------------------------------------
  | CPU Tasks                                                                   |
  |            Name                |  min (us)    |  max (us)    | average (us) |
  -------------------------------------------------------------------------------
  |            CPU Task Queue Wait |           17 |          202 |      58.1096 |
  |                          cpu_0 |         2111 |         6306 |      3261.57 |
  -------------------------------------------------------------------------------

__CPU_PERCENT__=32%
