Runtime Framework Version: v3.3.2
Device Driver Version: v2.4.1
PCIe Driver Version: v2.2.0

modelFile: /home/orangepi/sijo_feat_windows_env/dx_stream/apps/benchmark/assets/models_dxnn_v2.3.0/yolo26n-pose.dxnn
inputFile: 
outputFile: output.bin
benchmark: 0
loops: 300
Device specification: 'all' (default)
[INFO] Profiler is enabled.
Run model target mode : Single Mode
Inference by loops: count=300

=== Model File: /home/orangepi/sijo_feat_windows_env/dx_stream/apps/benchmark/assets/models_dxnn_v2.3.0/yolo26n-pose.dxnn ===

Model Input Tensors:
  - images
Model Output Tensors:
  - output0

Tasks:
  [ ] -> npu_0 -> [cpu_0, ]
  Task[0] npu_0, NPU, NPU memory usage 124,216,128 bytes (input 1,228,800 bytes, output 1,881,600 bytes), mem_usage:244,331,328 bytes
  Inputs
     -  images, UINT8, [1, 640, 640, 3 ]
  Outputs
    -  /model.23/one2one_cv4_kpts.0/Conv_output_0, FLOAT, [1, 51, 80, 80 ]
    -  /model.23/one2one_cv2.0/one2one_cv2.0.2/Conv_output_0, FLOAT, [1, 4, 80, 80 ]
    -  /model.23/one2one_cv3.0/one2one_cv3.0.2/Conv_output_0, FLOAT, [1, 1, 80, 80 ]
    -  /model.23/one2one_cv4_kpts.1/Conv_output_0, FLOAT, [1, 51, 40, 40 ]
    -  /model.23/one2one_cv2.1/one2one_cv2.1.2/Conv_output_0, FLOAT, [1, 4, 40, 40 ]
    -  /model.23/one2one_cv3.1/one2one_cv3.1.2/Conv_output_0, FLOAT, [1, 1, 40, 40 ]
    -  /model.23/one2one_cv4_kpts.2/Conv_output_0, FLOAT, [1, 51, 20, 20 ]
    -  /model.23/one2one_cv2.2/one2one_cv2.2.2/Conv_output_0, FLOAT, [1, 4, 20, 20 ]
    -  /model.23/one2one_cv3.2/one2one_cv3.2.2/Conv_output_0, FLOAT, [1, 1, 20, 20 ]

  [ npu_0, ] -> cpu_0 -> []
  Task[1] cpu_0, CPU, input 1,881,600 bytes, output 69,600 bytes
  Inputs
     -  /model.23/one2one_cv2.0/one2one_cv2.0.2/Conv_output_0, FLOAT, [1, 4, 80, 80 ]
     -  /model.23/one2one_cv2.1/one2one_cv2.1.2/Conv_output_0, FLOAT, [1, 4, 40, 40 ]
     -  /model.23/one2one_cv2.2/one2one_cv2.2.2/Conv_output_0, FLOAT, [1, 4, 20, 20 ]
     -  /model.23/one2one_cv4_kpts.0/Conv_output_0, FLOAT, [1, 51, 80, 80 ]
     -  /model.23/one2one_cv4_kpts.2/Conv_output_0, FLOAT, [1, 51, 20, 20 ]
     -  /model.23/one2one_cv4_kpts.1/Conv_output_0, FLOAT, [1, 51, 40, 40 ]
     -  /model.23/one2one_cv3.0/one2one_cv3.0.2/Conv_output_0, FLOAT, [1, 1, 80, 80 ]
     -  /model.23/one2one_cv3.1/one2one_cv3.1.2/Conv_output_0, FLOAT, [1, 1, 40, 40 ]
     -  /model.23/one2one_cv3.2/one2one_cv3.2.2/Conv_output_0, FLOAT, [1, 1, 20, 20 ]
  Outputs
     -  output0, FLOAT, [1, 300, 57 ]
     -  /model.23/TopK_output_0, FLOAT, [1, 300 ]


Performing 1 warmup run(s)...
Warmup completed.
=============================================
* Benchmark Result (single input)
  - FPS : 24.34                              
=============================================
=============================================
* Benchmark Result (single input)
  - FPS : 24.66                              
=============================================
=============================================
* Benchmark Result (single input)
  - FPS : 24.37                              
=============================================
=============================================
* Benchmark Result (single input)
  - FPS : 24.04                              
=============================================
=============================================
* Benchmark Result (single input)
  - FPS : 24.83                              
=============================================
=============================================
* Benchmark Result (single input)
  - FPS : 24.84                              
=============================================
=============================================
* Benchmark Result (single input)
  - FPS : 24.39                              
=============================================
=============================================
* Benchmark Result (single input)
  - FPS : 24.86                              
=============================================
=============================================
* Benchmark Result (single input)
  - FPS : 24.34                              
=============================================
=============================================
* Benchmark Result (single input)
  - FPS : 24.65                              
=============================================
=============================================
* Benchmark Result (single input)
  - FPS : 24.40                              
=============================================
=============================================
* Benchmark Result (single input)
  - FPS : 24.20                              
=============================================
=============================================
* Benchmark Result (single input)
  - FPS : 25.01                              
=============================================
=============================================
* Benchmark Result (single input)
  - FPS : 24.80                              
=============================================
=============================================
* Benchmark Result (single input)
  - FPS : 23.65                              
=============================================
=============================================
* Benchmark Result (single input)
  - FPS : 24.55                              
=============================================
=============================================
* Benchmark Result (single input)
  - FPS : 23.63                              
=============================================
=============================================
* Benchmark Result (single input)
  - FPS : 24.85                              
=============================================
=============================================
* Benchmark Result (single input)
  - FPS : 24.13                              
=============================================
=============================================
* Benchmark Result (single input)
  - FPS : 22.44                              
=============================================
=============================================
* Benchmark Result (single input)
  - FPS : 24.72                              
=============================================
=============================================
* Benchmark Result (single input)
  - FPS : 24.21                              
=============================================
=============================================
* Benchmark Result (single input)
  - FPS : 24.51                              
=============================================
=============================================
* Benchmark Result (single input)
  - FPS : 23.86                              
=============================================
=============================================
* Benchmark Result (single input)
  - FPS : 24.30                              
=============================================
=============================================
* Benchmark Result (single input)
  - FPS : 24.59                              
=============================================
=============================================
* Benchmark Result (single input)
  - FPS : 24.57                              
=============================================
=============================================
* Benchmark Result (single input)
  - FPS : 24.61                              
=============================================
=============================================
* Benchmark Result (single input)
  - FPS : 23.20                              
=============================================
=============================================
* Benchmark Result (single input)
  - FPS : 24.67                              
=============================================
=============================================
* Benchmark Result (single input)
  - FPS : 24.66                              
=============================================
=============================================
* Benchmark Result (single input)
  - FPS : 25.03                              
=============================================
=============================================
* Benchmark Result (single input)
  - FPS : 24.90                              
=============================================
=============================================
* Benchmark Result (single input)
  - FPS : 24.05                              
=============================================
=============================================
* Benchmark Result (single input)
  - FPS : 24.74                              
=============================================
=============================================
* Benchmark Result (single input)
  - FPS : 24.11                              
=============================================
=============================================
* Benchmark Result (single input)
  - FPS : 24.59                              
=============================================
=============================================
* Benchmark Result (single input)
  - FPS : 24.12                              
=============================================
=============================================
* Benchmark Result (single input)
  - FPS : 24.54                              
=============================================
=============================================
* Benchmark Result (single input)
  - FPS : 24.40                              
=============================================
=============================================
* Benchmark Result (single input)
  - FPS : 24.15                              
=============================================
=============================================
* Benchmark Result (single input)
  - FPS : 24.33                              
=============================================
=============================================
* Benchmark Result (single input)
  - FPS : 23.97                              
=============================================
=============================================
* Benchmark Result (single input)
  - FPS : 23.88                              
=============================================
=============================================
* Benchmark Result (single input)
  - FPS : 24.09                              
=============================================
=============================================
* Benchmark Result (single input)
  - FPS : 24.18                              
=============================================
=============================================
* Benchmark Result (single input)
  - FPS : 23.90                              
=============================================
=============================================
* Benchmark Result (single input)
  - FPS : 24.10                              
=============================================
=============================================
* Benchmark Result (single input)
  - FPS : 24.23                              
=============================================
=============================================
* Benchmark Result (single input)
  - FPS : 24.09                              
=============================================
=============================================
* Benchmark Result (single input)
  - FPS : 24.18                              
=============================================
=============================================
* Benchmark Result (single input)
  - FPS : 24.96                              
=============================================
=============================================
* Benchmark Result (single input)
  - FPS : 23.91                              
=============================================
=============================================
* Benchmark Result (single input)
  - FPS : 24.16                              
=============================================
=============================================
* Benchmark Result (single input)
  - FPS : 24.45                              
=============================================
=============================================
* Benchmark Result (single input)
  - FPS : 23.83                              
=============================================
=============================================
* Benchmark Result (single input)
  - FPS : 24.62                              
=============================================
=============================================
* Benchmark Result (single input)
  - FPS : 23.60                              
=============================================
=============================================
* Benchmark Result (single input)
  - FPS : 24.15                              
=============================================
=============================================
* Benchmark Result (single input)
  - FPS : 24.56                              
=============================================
=============================================
* Benchmark Result (single input)
  - FPS : 24.10                              
=============================================
=============================================
* Benchmark Result (single input)
  - FPS : 23.67                              
=============================================
=============================================
* Benchmark Result (single input)
  - FPS : 22.58                              
=============================================
=============================================
* Benchmark Result (single input)
  - FPS : 24.39                              
=============================================
=============================================
* Benchmark Result (single input)
  - FPS : 23.99                              
=============================================
=============================================
* Benchmark Result (single input)
  - FPS : 24.43                              
=============================================
=============================================
* Benchmark Result (single input)
  - FPS : 24.31                              
=============================================
=============================================
* Benchmark Result (single input)
  - FPS : 24.09                              
=============================================
=============================================
* Benchmark Result (single input)
  - FPS : 24.03                              
=============================================
=============================================
* Benchmark Result (single input)
  - FPS : 24.10                              
=============================================
=============================================
* Benchmark Result (single input)
  - FPS : 23.84                              
=============================================
=============================================
* Benchmark Result (single input)
  - FPS : 23.94                              
=============================================
=============================================
* Benchmark Result (single input)
  - FPS : 24.01                              
=============================================
=============================================
* Benchmark Result (single input)
  - FPS : 23.76                              
=============================================
=============================================
* Benchmark Result (single input)
  - FPS : 24.12                              
=============================================
=============================================
* Benchmark Result (single input)
  - FPS : 24.04                              
=============================================
=============================================
* Benchmark Result (single input)
  - FPS : 24.40                              
=============================================
=============================================
* Benchmark Result (single input)
  - FPS : 22.34                              
=============================================
=============================================
* Benchmark Result (single input)
  - FPS : 23.94                              
=============================================
=============================================
* Benchmark Result (single input)
  - FPS : 24.40                              
=============================================
=============================================
* Benchmark Result (single input)
  - FPS : 24.14                              
=============================================
=============================================
* Benchmark Result (single input)
  - FPS : 24.33                              
=============================================
=============================================
* Benchmark Result (single input)
  - FPS : 24.39                              
=============================================
=============================================
* Benchmark Result (single input)
  - FPS : 24.09                              
=============================================
=============================================
* Benchmark Result (single input)
  - FPS : 24.25                              
=============================================
=============================================
* Benchmark Result (single input)
  - FPS : 24.26                              
=============================================
=============================================
* Benchmark Result (single input)
  - FPS : 24.24                              
=============================================
=============================================
* Benchmark Result (single input)
  - FPS : 24.33                              
=============================================
=============================================
* Benchmark Result (single input)
  - FPS : 24.03                              
=============================================
=============================================
* Benchmark Result (single input)
  - FPS : 23.77                              
=============================================
=============================================
* Benchmark Result (single input)
  - FPS : 24.27                              
=============================================
=============================================
* Benchmark Result (single input)
  - FPS : 24.74                              
=============================================
=============================================
* Benchmark Result (single input)
  - FPS : 23.89                              
=============================================
=============================================
* Benchmark Result (single input)
  - FPS : 23.98                              
=============================================
=============================================
* Benchmark Result (single input)
  - FPS : 23.95                              
=============================================
=============================================
* Benchmark Result (single input)
  - FPS : 24.66                              
=============================================
=============================================
* Benchmark Result (single input)
  - FPS : 24.63                              
=============================================
=============================================
* Benchmark Result (single input)
  - FPS : 24.22                              
=============================================
=============================================
* Benchmark Result (single input)
  - FPS : 24.42                              
=============================================
=============================================
* Benchmark Result (single input)
  - FPS : 24.82                              
=============================================
=============================================
* Benchmark Result (single input)
  - FPS : 24.34                              
=============================================
=============================================
* Benchmark Result (single input)
  - FPS : 24.79                              
=============================================
=============================================
* Benchmark Result (single input)
  - FPS : 24.43                              
=============================================
=============================================
* Benchmark Result (single input)
  - FPS : 23.89                              
=============================================
=============================================
* Benchmark Result (single input)
  - FPS : 24.20                              
=============================================
=============================================
* Benchmark Result (single input)
  - FPS : 24.25                              
=============================================
=============================================
* Benchmark Result (single input)
  - FPS : 24.52                              
=============================================
=============================================
* Benchmark Result (single input)
  - FPS : 24.16                              
=============================================
=============================================
* Benchmark Result (single input)
  - FPS : 24.04                              
=============================================
=============================================
* Benchmark Result (single input)
  - FPS : 24.64                              
=============================================
=============================================
* Benchmark Result (single input)
  - FPS : 23.20                              
=============================================
=============================================
* Benchmark Result (single input)
  - FPS : 24.26                              
=============================================
=============================================
* Benchmark Result (single input)
  - FPS : 24.47                              
=============================================
=============================================
* Benchmark Result (single input)
  - FPS : 24.23                              
=============================================
=============================================
* Benchmark Result (single input)
  - FPS : 24.01                              
=============================================
=============================================
* Benchmark Result (single input)
  - FPS : 23.71                              
=============================================
=============================================
* Benchmark Result (single input)
  - FPS : 24.48                              
=============================================
=============================================
* Benchmark Result (single input)
  - FPS : 24.21                              
=============================================
=============================================
* Benchmark Result (single input)
  - FPS : 24.71                              
=============================================
=============================================
* Benchmark Result (single input)
  - FPS : 24.46                              
=============================================
=============================================
* Benchmark Result (single input)
  - FPS : 23.56                              
=============================================
=============================================
* Benchmark Result (single input)
  - FPS : 24.05                              
=============================================
=============================================
* Benchmark Result (single input)
  - FPS : 24.32                              
=============================================
=============================================
* Benchmark Result (single input)
  - FPS : 29.52                              
=============================================
=============================================
* Benchmark Result (single input)
  - FPS : 26.13                              
=============================================
=============================================
* Benchmark Result (single input)
  - FPS : 28.74                              
=============================================
=============================================
* Benchmark Result (single input)
  - FPS : 25.51                              
=============================================
=============================================
* Benchmark Result (single input)
  - FPS : 27.73                              
=============================================
=============================================
* Benchmark Result (single input)
  - FPS : 29.36                              
=============================================
=============================================
* Benchmark Result (single input)
  - FPS : 28.95                              
=============================================
=============================================
* Benchmark Result (single input)
  - FPS : 28.94                              
=============================================
=============================================
* Benchmark Result (single input)
  - FPS : 30.42                              
=============================================
=============================================
* Benchmark Result (single input)
  - FPS : 28.98                              
=============================================
=============================================
* Benchmark Result (single input)
  - FPS : 29.60                              
=============================================
=============================================
* Benchmark Result (single input)
  - FPS : 28.45                              
=============================================
=============================================
* Benchmark Result (single input)
  - FPS : 28.57                              
=============================================
=============================================
* Benchmark Result (single input)
  - FPS : 29.04                              
=============================================
=============================================
* Benchmark Result (single input)
  - FPS : 28.72                              
=============================================
=============================================
* Benchmark Result (single input)
  - FPS : 28.93                              
=============================================
=============================================
* Benchmark Result (single input)
  - FPS : 28.70                              
=============================================
=============================================
* Benchmark Result (single input)
  - FPS : 29.35                              
=============================================
=============================================
* Benchmark Result (single input)
  - FPS : 29.21                              
=============================================
=============================================
* Benchmark Result (single input)
  - FPS : 28.52                              
=============================================
=============================================
* Benchmark Result (single input)
  - FPS : 30.58                              
=============================================
=============================================
* Benchmark Result (single input)
  - FPS : 29.09                              
=============================================
=============================================
* Benchmark Result (single input)
  - FPS : 28.52                              
=============================================
=============================================
* Benchmark Result (single input)
  - FPS : 30.57                              
=============================================
=============================================
* Benchmark Result (single input)
  - FPS : 28.79                              
=============================================
=============================================
* Benchmark Result (single input)
  - FPS : 29.54                              
=============================================
=============================================
* Benchmark Result (single input)
  - FPS : 28.37                              
=============================================
=============================================
* Benchmark Result (single input)
  - FPS : 29.52                              
=============================================
=============================================
* Benchmark Result (single input)
  - FPS : 30.16                              
=============================================
=============================================
* Benchmark Result (single input)
  - FPS : 31.05                              
=============================================
=============================================
* Benchmark Result (single input)
  - FPS : 22.42                              
=============================================
=============================================
* Benchmark Result (single input)
  - FPS : 26.72                              
=============================================
=============================================
* Benchmark Result (single input)
  - FPS : 19.11                              
=============================================
=============================================
* Benchmark Result (single input)
  - FPS : 27.05                              
=============================================
=============================================
* Benchmark Result (single input)
  - FPS : 21.72                              
=============================================
=============================================
* Benchmark Result (single input)
  - FPS : 29.04                              
=============================================
=============================================
* Benchmark Result (single input)
  - FPS : 21.41                              
=============================================
=============================================
* Benchmark Result (single input)
  - FPS : 29.04                              
=============================================
=============================================
* Benchmark Result (single input)
  - FPS : 29.16                              
=============================================
=============================================
* Benchmark Result (single input)
  - FPS : 28.73                              
=============================================
=============================================
* Benchmark Result (single input)
  - FPS : 17.33                              
=============================================
=============================================
* Benchmark Result (single input)
  - FPS : 26.70                              
=============================================
=============================================
* Benchmark Result (single input)
  - FPS : 26.58                              
=============================================
=============================================
* Benchmark Result (single input)
  - FPS : 28.58                              
=============================================
=============================================
* Benchmark Result (single input)
  - FPS : 23.37                              
=============================================
=============================================
* Benchmark Result (single input)
  - FPS : 22.84                              
=============================================
=============================================
* Benchmark Result (single input)
  - FPS : 27.66                              
=============================================
=============================================
* Benchmark Result (single input)
  - FPS : 27.95                              
=============================================
=============================================
* Benchmark Result (single input)
  - FPS : 29.82                              
=============================================
=============================================
* Benchmark Result (single input)
  - FPS : 29.66                              
=============================================
=============================================
* Benchmark Result (single input)
  - FPS : 29.55                              
=============================================
=============================================
* Benchmark Result (single input)
  - FPS : 29.23                              
=============================================
=============================================
* Benchmark Result (single input)
  - FPS : 29.91                              
=============================================
=============================================
* Benchmark Result (single input)
  - FPS : 29.40                              
=============================================
=============================================
* Benchmark Result (single input)
  - FPS : 23.86                              
=============================================
=============================================
* Benchmark Result (single input)
  - FPS : 20.53                              
=============================================
=============================================
* Benchmark Result (single input)
  - FPS : 30.81                              
=============================================
=============================================
* Benchmark Result (single input)
  - FPS : 22.55                              
=============================================
=============================================
* Benchmark Result (single input)
  - FPS : 27.48                              
=============================================
=============================================
* Benchmark Result (single input)
  - FPS : 22.11                              
=============================================
=============================================
* Benchmark Result (single input)
  - FPS : 28.25                              
=============================================
=============================================
* Benchmark Result (single input)
  - FPS : 28.20                              
=============================================
=============================================
* Benchmark Result (single input)
  - FPS : 30.91                              
=============================================
=============================================
* Benchmark Result (single input)
  - FPS : 29.93                              
=============================================
=============================================
* Benchmark Result (single input)
  - FPS : 31.13                              
=============================================
=============================================
* Benchmark Result (single input)
  - FPS : 23.21                              
=============================================
=============================================
* Benchmark Result (single input)
  - FPS : 27.21                              
=============================================
=============================================
* Benchmark Result (single input)
  - FPS : 28.79                              
=============================================
=============================================
* Benchmark Result (single input)
  - FPS : 31.06                              
=============================================
=============================================
* Benchmark Result (single input)
  - FPS : 29.72                              
=============================================
=============================================
* Benchmark Result (single input)
  - FPS : 31.45                              
=============================================
=============================================
* Benchmark Result (single input)
  - FPS : 20.61                              
=============================================
=============================================
* Benchmark Result (single input)
  - FPS : 28.39                              
=============================================
=============================================
* Benchmark Result (single input)
  - FPS : 29.79                              
=============================================
=============================================
* Benchmark Result (single input)
  - FPS : 30.26                              
=============================================
=============================================
* Benchmark Result (single input)
  - FPS : 24.56                              
=============================================
=============================================
* Benchmark Result (single input)
  - FPS : 28.23                              
=============================================
=============================================
* Benchmark Result (single input)
  - FPS : 30.01                              
=============================================
=============================================
* Benchmark Result (single input)
  - FPS : 29.66                              
=============================================
=============================================
* Benchmark Result (single input)
  - FPS : 22.43                              
=============================================
=============================================
* Benchmark Result (single input)
  - FPS : 29.14                              
=============================================
=============================================
* Benchmark Result (single input)
  - FPS : 21.01                              
=============================================
=============================================
* Benchmark Result (single input)
  - FPS : 28.72                              
=============================================
=============================================
* Benchmark Result (single input)
  - FPS : 21.33                              
=============================================
=============================================
* Benchmark Result (single input)
  - FPS : 29.03                              
=============================================
=============================================
* Benchmark Result (single input)
  - FPS : 15.65                              
=============================================
=============================================
* Benchmark Result (single input)
  - FPS : 22.25                              
=============================================
=============================================
* Benchmark Result (single input)
  - FPS : 29.56                              
=============================================
=============================================
* Benchmark Result (single input)
  - FPS : 23.11                              
=============================================
=============================================
* Benchmark Result (single input)
  - FPS : 27.08                              
=============================================
=============================================
* Benchmark Result (single input)
  - FPS : 22.89                              
=============================================
=============================================
* Benchmark Result (single input)
  - FPS : 29.33                              
=============================================
=============================================
* Benchmark Result (single input)
  - FPS : 28.95                              
=============================================
=============================================
* Benchmark Result (single input)
  - FPS : 29.00                              
=============================================
=============================================
* Benchmark Result (single input)
  - FPS : 28.82                              
=============================================
=============================================
* Benchmark Result (single input)
  - FPS : 28.57                              
=============================================
=============================================
* Benchmark Result (single input)
  - FPS : 28.13                              
=============================================
=============================================
* Benchmark Result (single input)
  - FPS : 30.24                              
=============================================
=============================================
* Benchmark Result (single input)
  - FPS : 20.50                              
=============================================
=============================================
* Benchmark Result (single input)
  - FPS : 19.22                              
=============================================
=============================================
* Benchmark Result (single input)
  - FPS : 29.08                              
=============================================
=============================================
* Benchmark Result (single input)
  - FPS : 28.08                              
=============================================
=============================================
* Benchmark Result (single input)
  - FPS : 22.50                              
=============================================
=============================================
* Benchmark Result (single input)
  - FPS : 28.84                              
=============================================
=============================================
* Benchmark Result (single input)
  - FPS : 30.45                              
=============================================
=============================================
* Benchmark Result (single input)
  - FPS : 23.68                              
=============================================
=============================================
* Benchmark Result (single input)
  - FPS : 20.65                              
=============================================
=============================================
* Benchmark Result (single input)
  - FPS : 29.15                              
=============================================
=============================================
* Benchmark Result (single input)
  - FPS : 29.36                              
=============================================
=============================================
* Benchmark Result (single input)
  - FPS : 30.83                              
=============================================
=============================================
* Benchmark Result (single input)
  - FPS : 27.34                              
=============================================
=============================================
* Benchmark Result (single input)
  - FPS : 25.56                              
=============================================
=============================================
* Benchmark Result (single input)
  - FPS : 27.81                              
=============================================
=============================================
* Benchmark Result (single input)
  - FPS : 19.52                              
=============================================
=============================================
* Benchmark Result (single input)
  - FPS : 20.29                              
=============================================
=============================================
* Benchmark Result (single input)
  - FPS : 32.16                              
=============================================
=============================================
* Benchmark Result (single input)
  - FPS : 27.00                              
=============================================
=============================================
* Benchmark Result (single input)
  - FPS : 28.75                              
=============================================
=============================================
* Benchmark Result (single input)
  - FPS : 28.59                              
=============================================
=============================================
* Benchmark Result (single input)
  - FPS : 28.48                              
=============================================
=============================================
* Benchmark Result (single input)
  - FPS : 28.08                              
=============================================
=============================================
* Benchmark Result (single input)
  - FPS : 29.73                              
=============================================
=============================================
* Benchmark Result (single input)
  - FPS : 30.58                              
=============================================
=============================================
* Benchmark Result (single input)
  - FPS : 31.22                              
=============================================
=============================================
* Benchmark Result (single input)
  - FPS : 20.75                              
=============================================
=============================================
* Benchmark Result (single input)
  - FPS : 30.34                              
=============================================
=============================================
* Benchmark Result (single input)
  - FPS : 22.86                              
=============================================
=============================================
* Benchmark Result (single input)
  - FPS : 29.25                              
=============================================
=============================================
* Benchmark Result (single input)
  - FPS : 28.93                              
=============================================
=============================================
* Benchmark Result (single input)
  - FPS : 31.34                              
=============================================
=============================================
* Benchmark Result (single input)
  - FPS : 28.14                              
=============================================
=============================================
* Benchmark Result (single input)
  - FPS : 29.17                              
=============================================
=============================================
* Benchmark Result (single input)
  - FPS : 29.36                              
=============================================
=============================================
* Benchmark Result (single input)
  - FPS : 28.46                              
=============================================
=============================================
* Benchmark Result (single input)
  - FPS : 29.28                              
=============================================
=============================================
* Benchmark Result (single input)
  - FPS : 31.20                              
=============================================
=============================================
* Benchmark Result (single input)
  - FPS : 28.52                              
=============================================
=============================================
* Benchmark Result (single input)
  - FPS : 28.78                              
=============================================
=============================================
* Benchmark Result (single input)
  - FPS : 28.65                              
=============================================
=============================================
* Benchmark Result (single input)
  - FPS : 28.64                              
=============================================
=============================================
* Benchmark Result (single input)
  - FPS : 29.33                              
=============================================
=============================================
* Benchmark Result (single input)
  - FPS : 30.69                              
=============================================
=============================================
* Benchmark Result (single input)
  - FPS : 20.37                              
=============================================
=============================================
* Benchmark Result (single input)
  - FPS : 30.61                              
=============================================
=============================================
* Benchmark Result (single input)
  - FPS : 20.76                              
=============================================
=============================================
* Benchmark Result (single input)
  - FPS : 31.26                              
=============================================
=============================================
* Benchmark Result (single input)
  - FPS : 21.01                              
=============================================
=============================================
* Benchmark Result (single input)
  - FPS : 27.21                              
=============================================
=============================================
* Benchmark Result (single input)
  - FPS : 30.12                              
=============================================
=============================================
* Benchmark Result (single input)
  - FPS : 28.54                              
=============================================
=============================================
* Benchmark Result (single input)
  - FPS : 25.39                              
=============================================
=============================================
* Benchmark Result (single input)
  - FPS : 27.87                              
=============================================
=============================================
* Benchmark Result (single input)
  - FPS : 26.99                              
=============================================
=============================================
* Benchmark Result (single input)
  - FPS : 27.75                              
=============================================
=============================================
* Benchmark Result (single input)
  - FPS : 29.43                              
=============================================
=============================================
* Benchmark Result (single input)
  - FPS : 24.00                              
=============================================
=============================================
* Benchmark Result (single input)
  - FPS : 22.14                              
=============================================
=============================================
* Benchmark Result (single input)
  - FPS : 28.58                              
=============================================
=============================================
* Benchmark Result (single input)
  - FPS : 28.01                              
=============================================
=============================================
* Benchmark Result (single input)
  - FPS : 29.80                              
=============================================
=============================================
* Benchmark Result (single input)
  - FPS : 28.65                              
=============================================
=============================================
* Benchmark Result (single input)
  - FPS : 27.68                              
=============================================
=============================================
* Benchmark Result (single input)
  - FPS : 30.56                              
=============================================
=============================================
* Benchmark Result (single input)
  - FPS : 20.69                              
=============================================
=============================================
* Benchmark Result (single input)
  - FPS : 26.62                              
=============================================
=============================================
* Benchmark Result (single input)
  - FPS : 28.50                              
=============================================
=============================================
* Benchmark Result (single input)
  - FPS : 28.57                              
=============================================
=============================================
* Benchmark Result (single input)
  - FPS : 31.01                              
=============================================
=============================================
* Benchmark Result (single input)
  - FPS : 28.88                              
=============================================
=============================================
* Benchmark Result (single input)
  - FPS : 20.55                              
=============================================
=============================================
* Benchmark Result (single input)
  - FPS : 28.99                              
=============================================
=============================================
* Benchmark Result (single input)
  - FPS : 29.20                              
=============================================
=============================================
* Benchmark Result (single input)
  - FPS : 31.44                              
=============================================
=============================================
* Benchmark Result (single input)
  - FPS : 29.38                              
=============================================
=============================================
* Benchmark Result (single input)
  - FPS : 30.40                              
=============================================
=============================================
* Benchmark Result (single input)
  - FPS : 28.37                              
=============================================
=============================================
* Benchmark Result (single input)
  - FPS : 29.41                              
=============================================
Profiler data has been written to profiler.json
  -------------------------------------------------------------------------------
  | Device 0                                                                    |
  |            Name                |  min (us)    |  max (us)    | average (us) |
  -------------------------------------------------------------------------------
  |                    Buffer Wait |            7 |           82 |      15.1229 |
  |       NPU Input Format Handler |            5 |           40 |      9.82392 |
  |                     PCIe Write |          894 |         1987 |      1421.84 |
  |                       NPU Core |         8946 |         8961 |      8953.09 |
  |                      PCIe Read |         2214 |         4444 |      3342.31 |
  |      NPU Output Format Handler |         7146 |        33721 |      11421.4 |
  |                       NPU Task |        23248 |        55099 |      26805.1 |
  -------------------------------------------------------------------------------
  -------------------------------------------------------------------------------
  | CPU Tasks                                                                   |
  |            Name                |  min (us)    |  max (us)    | average (us) |
  -------------------------------------------------------------------------------
  |            CPU Task Queue Wait |           35 |          302 |      158.146 |
  |                          cpu_0 |         6057 |        21252 |      11006.2 |
  -------------------------------------------------------------------------------

__CPU_PERCENT__=70%
