Runtime Framework Version: v3.3.2
Device Driver Version: v2.4.1
PCIe Driver Version: v2.2.0

modelFile: /home/orangepi/sijo_feat_windows_env/dx_stream/apps/benchmark/assets/models_dxnn_v2.3.0/yolo26s-pose.dxnn
inputFile: 
outputFile: output.bin
benchmark: 0
loops: 300
Device specification: 'all' (default)
[INFO] Profiler is enabled.
Run model target mode : Single Mode
Inference by loops: count=300

=== Model File: /home/orangepi/sijo_feat_windows_env/dx_stream/apps/benchmark/assets/models_dxnn_v2.3.0/yolo26s-pose.dxnn ===

Model Input Tensors:
  - images
Model Output Tensors:
  - output0

Tasks:
  [ ] -> npu_0 -> [cpu_0, ]
  Task[0] npu_0, NPU, NPU memory usage 166,422,400 bytes (input 1,228,800 bytes, output 1,881,600 bytes), mem_usage:320,944,000 bytes
  Inputs
     -  images, UINT8, [1, 640, 640, 3 ]
  Outputs
    -  /model.23/one2one_cv4_kpts.0/Conv_output_0, FLOAT, [1, 51, 80, 80 ]
    -  /model.23/one2one_cv2.0/one2one_cv2.0.2/Conv_output_0, FLOAT, [1, 4, 80, 80 ]
    -  /model.23/one2one_cv4_kpts.1/Conv_output_0, FLOAT, [1, 51, 40, 40 ]
    -  /model.23/one2one_cv2.1/one2one_cv2.1.2/Conv_output_0, FLOAT, [1, 4, 40, 40 ]
    -  /model.23/one2one_cv3.0/one2one_cv3.0.2/Conv_output_0, FLOAT, [1, 1, 80, 80 ]
    -  /model.23/one2one_cv3.1/one2one_cv3.1.2/Conv_output_0, FLOAT, [1, 1, 40, 40 ]
    -  /model.23/one2one_cv2.2/one2one_cv2.2.2/Conv_output_0, FLOAT, [1, 4, 20, 20 ]
    -  /model.23/one2one_cv4_kpts.2/Conv_output_0, FLOAT, [1, 51, 20, 20 ]
    -  /model.23/one2one_cv3.2/one2one_cv3.2.2/Conv_output_0, FLOAT, [1, 1, 20, 20 ]

  [ npu_0, ] -> cpu_0 -> []
  Task[1] cpu_0, CPU, input 1,881,600 bytes, output 69,600 bytes
  Inputs
     -  /model.23/one2one_cv2.0/one2one_cv2.0.2/Conv_output_0, FLOAT, [1, 4, 80, 80 ]
     -  /model.23/one2one_cv2.2/one2one_cv2.2.2/Conv_output_0, FLOAT, [1, 4, 20, 20 ]
     -  /model.23/one2one_cv2.1/one2one_cv2.1.2/Conv_output_0, FLOAT, [1, 4, 40, 40 ]
     -  /model.23/one2one_cv3.0/one2one_cv3.0.2/Conv_output_0, FLOAT, [1, 1, 80, 80 ]
     -  /model.23/one2one_cv3.1/one2one_cv3.1.2/Conv_output_0, FLOAT, [1, 1, 40, 40 ]
     -  /model.23/one2one_cv3.2/one2one_cv3.2.2/Conv_output_0, FLOAT, [1, 1, 20, 20 ]
     -  /model.23/one2one_cv4_kpts.0/Conv_output_0, FLOAT, [1, 51, 80, 80 ]
     -  /model.23/one2one_cv4_kpts.1/Conv_output_0, FLOAT, [1, 51, 40, 40 ]
     -  /model.23/one2one_cv4_kpts.2/Conv_output_0, FLOAT, [1, 51, 20, 20 ]
  Outputs
     -  /model.23/TopK_output_0, FLOAT, [1, 300 ]
     -  output0, FLOAT, [1, 300, 57 ]


Performing 1 warmup run(s)...
Warmup completed.
=============================================
* Benchmark Result (single input)
  - FPS : 17.86                              
=============================================
=============================================
* Benchmark Result (single input)
  - FPS : 20.41                              
=============================================
=============================================
* Benchmark Result (single input)
  - FPS : 18.04                              
=============================================
=============================================
* Benchmark Result (single input)
  - FPS : 20.39                              
=============================================
=============================================
* Benchmark Result (single input)
  - FPS : 20.57                              
=============================================
=============================================
* Benchmark Result (single input)
  - FPS : 20.47                              
=============================================
=============================================
* Benchmark Result (single input)
  - FPS : 20.40                              
=============================================
=============================================
* Benchmark Result (single input)
  - FPS : 20.13                              
=============================================
=============================================
* Benchmark Result (single input)
  - FPS : 20.17                              
=============================================
=============================================
* Benchmark Result (single input)
  - FPS : 20.80                              
=============================================
=============================================
* Benchmark Result (single input)
  - FPS : 20.29                              
=============================================
=============================================
* Benchmark Result (single input)
  - FPS : 20.18                              
=============================================
=============================================
* Benchmark Result (single input)
  - FPS : 17.83                              
=============================================
=============================================
* Benchmark Result (single input)
  - FPS : 20.76                              
=============================================
=============================================
* Benchmark Result (single input)
  - FPS : 20.15                              
=============================================
=============================================
* Benchmark Result (single input)
  - FPS : 20.31                              
=============================================
=============================================
* Benchmark Result (single input)
  - FPS : 20.24                              
=============================================
=============================================
* Benchmark Result (single input)
  - FPS : 20.18                              
=============================================
=============================================
* Benchmark Result (single input)
  - FPS : 20.27                              
=============================================
=============================================
* Benchmark Result (single input)
  - FPS : 20.47                              
=============================================
=============================================
* Benchmark Result (single input)
  - FPS : 20.07                              
=============================================
=============================================
* Benchmark Result (single input)
  - FPS : 20.42                              
=============================================
=============================================
* Benchmark Result (single input)
  - FPS : 20.00                              
=============================================
=============================================
* Benchmark Result (single input)
  - FPS : 19.12                              
=============================================
=============================================
* Benchmark Result (single input)
  - FPS : 20.36                              
=============================================
=============================================
* Benchmark Result (single input)
  - FPS : 20.72                              
=============================================
=============================================
* Benchmark Result (single input)
  - FPS : 20.47                              
=============================================
=============================================
* Benchmark Result (single input)
  - FPS : 20.16                              
=============================================
=============================================
* Benchmark Result (single input)
  - FPS : 20.42                              
=============================================
=============================================
* Benchmark Result (single input)
  - FPS : 20.18                              
=============================================
=============================================
* Benchmark Result (single input)
  - FPS : 20.37                              
=============================================
=============================================
* Benchmark Result (single input)
  - FPS : 20.38                              
=============================================
=============================================
* Benchmark Result (single input)
  - FPS : 20.43                              
=============================================
=============================================
* Benchmark Result (single input)
  - FPS : 20.48                              
=============================================
=============================================
* Benchmark Result (single input)
  - FPS : 20.33                              
=============================================
=============================================
* Benchmark Result (single input)
  - FPS : 20.29                              
=============================================
=============================================
* Benchmark Result (single input)
  - FPS : 20.20                              
=============================================
=============================================
* Benchmark Result (single input)
  - FPS : 20.17                              
=============================================
=============================================
* Benchmark Result (single input)
  - FPS : 20.21                              
=============================================
=============================================
* Benchmark Result (single input)
  - FPS : 20.35                              
=============================================
=============================================
* Benchmark Result (single input)
  - FPS : 20.20                              
=============================================
=============================================
* Benchmark Result (single input)
  - FPS : 20.42                              
=============================================
=============================================
* Benchmark Result (single input)
  - FPS : 20.15                              
=============================================
=============================================
* Benchmark Result (single input)
  - FPS : 20.37                              
=============================================
=============================================
* Benchmark Result (single input)
  - FPS : 20.34                              
=============================================
=============================================
* Benchmark Result (single input)
  - FPS : 20.31                              
=============================================
=============================================
* Benchmark Result (single input)
  - FPS : 20.45                              
=============================================
=============================================
* Benchmark Result (single input)
  - FPS : 20.24                              
=============================================
=============================================
* Benchmark Result (single input)
  - FPS : 20.31                              
=============================================
=============================================
* Benchmark Result (single input)
  - FPS : 20.48                              
=============================================
=============================================
* Benchmark Result (single input)
  - FPS : 20.19                              
=============================================
=============================================
* Benchmark Result (single input)
  - FPS : 20.31                              
=============================================
=============================================
* Benchmark Result (single input)
  - FPS : 20.33                              
=============================================
=============================================
* Benchmark Result (single input)
  - FPS : 20.44                              
=============================================
=============================================
* Benchmark Result (single input)
  - FPS : 20.41                              
=============================================
=============================================
* Benchmark Result (single input)
  - FPS : 20.08                              
=============================================
=============================================
* Benchmark Result (single input)
  - FPS : 20.32                              
=============================================
=============================================
* Benchmark Result (single input)
  - FPS : 20.30                              
=============================================
=============================================
* Benchmark Result (single input)
  - FPS : 20.57                              
=============================================
=============================================
* Benchmark Result (single input)
  - FPS : 20.21                              
=============================================
=============================================
* Benchmark Result (single input)
  - FPS : 20.27                              
=============================================
=============================================
* Benchmark Result (single input)
  - FPS : 20.51                              
=============================================
=============================================
* Benchmark Result (single input)
  - FPS : 20.43                              
=============================================
=============================================
* Benchmark Result (single input)
  - FPS : 19.73                              
=============================================
=============================================
* Benchmark Result (single input)
  - FPS : 20.38                              
=============================================
=============================================
* Benchmark Result (single input)
  - FPS : 20.67                              
=============================================
=============================================
* Benchmark Result (single input)
  - FPS : 20.34                              
=============================================
=============================================
* Benchmark Result (single input)
  - FPS : 20.47                              
=============================================
=============================================
* Benchmark Result (single input)
  - FPS : 20.28                              
=============================================
=============================================
* Benchmark Result (single input)
  - FPS : 20.26                              
=============================================
=============================================
* Benchmark Result (single input)
  - FPS : 20.03                              
=============================================
=============================================
* Benchmark Result (single input)
  - FPS : 20.39                              
=============================================
=============================================
* Benchmark Result (single input)
  - FPS : 20.27                              
=============================================
=============================================
* Benchmark Result (single input)
  - FPS : 20.36                              
=============================================
=============================================
* Benchmark Result (single input)
  - FPS : 19.46                              
=============================================
=============================================
* Benchmark Result (single input)
  - FPS : 20.44                              
=============================================
=============================================
* Benchmark Result (single input)
  - FPS : 20.22                              
=============================================
=============================================
* Benchmark Result (single input)
  - FPS : 20.18                              
=============================================
=============================================
* Benchmark Result (single input)
  - FPS : 20.56                              
=============================================
=============================================
* Benchmark Result (single input)
  - FPS : 20.09                              
=============================================
=============================================
* Benchmark Result (single input)
  - FPS : 20.24                              
=============================================
=============================================
* Benchmark Result (single input)
  - FPS : 20.24                              
=============================================
=============================================
* Benchmark Result (single input)
  - FPS : 20.37                              
=============================================
=============================================
* Benchmark Result (single input)
  - FPS : 20.26                              
=============================================
=============================================
* Benchmark Result (single input)
  - FPS : 20.13                              
=============================================
=============================================
* Benchmark Result (single input)
  - FPS : 20.57                              
=============================================
=============================================
* Benchmark Result (single input)
  - FPS : 20.19                              
=============================================
=============================================
* Benchmark Result (single input)
  - FPS : 20.59                              
=============================================
=============================================
* Benchmark Result (single input)
  - FPS : 20.31                              
=============================================
=============================================
* Benchmark Result (single input)
  - FPS : 20.30                              
=============================================
=============================================
* Benchmark Result (single input)
  - FPS : 20.19                              
=============================================
=============================================
* Benchmark Result (single input)
  - FPS : 20.44                              
=============================================
=============================================
* Benchmark Result (single input)
  - FPS : 20.57                              
=============================================
=============================================
* Benchmark Result (single input)
  - FPS : 17.91                              
=============================================
=============================================
* Benchmark Result (single input)
  - FPS : 18.63                              
=============================================
=============================================
* Benchmark Result (single input)
  - FPS : 20.54                              
=============================================
=============================================
* Benchmark Result (single input)
  - FPS : 20.21                              
=============================================
=============================================
* Benchmark Result (single input)
  - FPS : 20.17                              
=============================================
=============================================
* Benchmark Result (single input)
  - FPS : 20.16                              
=============================================
=============================================
* Benchmark Result (single input)
  - FPS : 20.25                              
=============================================
=============================================
* Benchmark Result (single input)
  - FPS : 18.89                              
=============================================
=============================================
* Benchmark Result (single input)
  - FPS : 20.26                              
=============================================
=============================================
* Benchmark Result (single input)
  - FPS : 20.09                              
=============================================
=============================================
* Benchmark Result (single input)
  - FPS : 19.87                              
=============================================
=============================================
* Benchmark Result (single input)
  - FPS : 20.24                              
=============================================
=============================================
* Benchmark Result (single input)
  - FPS : 20.61                              
=============================================
=============================================
* Benchmark Result (single input)
  - FPS : 20.20                              
=============================================
=============================================
* Benchmark Result (single input)
  - FPS : 20.25                              
=============================================
=============================================
* Benchmark Result (single input)
  - FPS : 20.53                              
=============================================
=============================================
* Benchmark Result (single input)
  - FPS : 20.29                              
=============================================
=============================================
* Benchmark Result (single input)
  - FPS : 20.85                              
=============================================
=============================================
* Benchmark Result (single input)
  - FPS : 20.55                              
=============================================
=============================================
* Benchmark Result (single input)
  - FPS : 20.11                              
=============================================
=============================================
* Benchmark Result (single input)
  - FPS : 18.82                              
=============================================
=============================================
* Benchmark Result (single input)
  - FPS : 20.54                              
=============================================
=============================================
* Benchmark Result (single input)
  - FPS : 20.31                              
=============================================
=============================================
* Benchmark Result (single input)
  - FPS : 20.29                              
=============================================
=============================================
* Benchmark Result (single input)
  - FPS : 20.48                              
=============================================
=============================================
* Benchmark Result (single input)
  - FPS : 20.46                              
=============================================
=============================================
* Benchmark Result (single input)
  - FPS : 20.31                              
=============================================
=============================================
* Benchmark Result (single input)
  - FPS : 20.28                              
=============================================
=============================================
* Benchmark Result (single input)
  - FPS : 20.45                              
=============================================
=============================================
* Benchmark Result (single input)
  - FPS : 20.09                              
=============================================
=============================================
* Benchmark Result (single input)
  - FPS : 20.14                              
=============================================
=============================================
* Benchmark Result (single input)
  - FPS : 20.13                              
=============================================
=============================================
* Benchmark Result (single input)
  - FPS : 20.11                              
=============================================
=============================================
* Benchmark Result (single input)
  - FPS : 20.11                              
=============================================
=============================================
* Benchmark Result (single input)
  - FPS : 20.05                              
=============================================
=============================================
* Benchmark Result (single input)
  - FPS : 20.20                              
=============================================
=============================================
* Benchmark Result (single input)
  - FPS : 20.09                              
=============================================
=============================================
* Benchmark Result (single input)
  - FPS : 20.08                              
=============================================
=============================================
* Benchmark Result (single input)
  - FPS : 20.57                              
=============================================
=============================================
* Benchmark Result (single input)
  - FPS : 20.28                              
=============================================
=============================================
* Benchmark Result (single input)
  - FPS : 20.29                              
=============================================
=============================================
* Benchmark Result (single input)
  - FPS : 20.52                              
=============================================
=============================================
* Benchmark Result (single input)
  - FPS : 20.39                              
=============================================
=============================================
* Benchmark Result (single input)
  - FPS : 20.26                              
=============================================
=============================================
* Benchmark Result (single input)
  - FPS : 20.27                              
=============================================
=============================================
* Benchmark Result (single input)
  - FPS : 20.21                              
=============================================
=============================================
* Benchmark Result (single input)
  - FPS : 20.48                              
=============================================
=============================================
* Benchmark Result (single input)
  - FPS : 20.43                              
=============================================
=============================================
* Benchmark Result (single input)
  - FPS : 20.24                              
=============================================
=============================================
* Benchmark Result (single input)
  - FPS : 20.17                              
=============================================
=============================================
* Benchmark Result (single input)
  - FPS : 20.33                              
=============================================
=============================================
* Benchmark Result (single input)
  - FPS : 19.46                              
=============================================
=============================================
* Benchmark Result (single input)
  - FPS : 18.53                              
=============================================
=============================================
* Benchmark Result (single input)
  - FPS : 20.37                              
=============================================
=============================================
* Benchmark Result (single input)
  - FPS : 20.34                              
=============================================
=============================================
* Benchmark Result (single input)
  - FPS : 20.54                              
=============================================
=============================================
* Benchmark Result (single input)
  - FPS : 20.44                              
=============================================
=============================================
* Benchmark Result (single input)
  - FPS : 18.86                              
=============================================
=============================================
* Benchmark Result (single input)
  - FPS : 20.49                              
=============================================
=============================================
* Benchmark Result (single input)
  - FPS : 18.80                              
=============================================
=============================================
* Benchmark Result (single input)
  - FPS : 20.30                              
=============================================
=============================================
* Benchmark Result (single input)
  - FPS : 20.24                              
=============================================
=============================================
* Benchmark Result (single input)
  - FPS : 17.78                              
=============================================
=============================================
* Benchmark Result (single input)
  - FPS : 20.35                              
=============================================
=============================================
* Benchmark Result (single input)
  - FPS : 20.29                              
=============================================
=============================================
* Benchmark Result (single input)
  - FPS : 19.93                              
=============================================
=============================================
* Benchmark Result (single input)
  - FPS : 20.12                              
=============================================
=============================================
* Benchmark Result (single input)
  - FPS : 20.23                              
=============================================
=============================================
* Benchmark Result (single input)
  - FPS : 20.25                              
=============================================
=============================================
* Benchmark Result (single input)
  - FPS : 20.44                              
=============================================
=============================================
* Benchmark Result (single input)
  - FPS : 20.41                              
=============================================
=============================================
* Benchmark Result (single input)
  - FPS : 20.19                              
=============================================
=============================================
* Benchmark Result (single input)
  - FPS : 20.20                              
=============================================
=============================================
* Benchmark Result (single input)
  - FPS : 18.93                              
=============================================
=============================================
* Benchmark Result (single input)
  - FPS : 20.19                              
=============================================
=============================================
* Benchmark Result (single input)
  - FPS : 20.31                              
=============================================
=============================================
* Benchmark Result (single input)
  - FPS : 20.31                              
=============================================
=============================================
* Benchmark Result (single input)
  - FPS : 20.26                              
=============================================
=============================================
* Benchmark Result (single input)
  - FPS : 20.46                              
=============================================
=============================================
* Benchmark Result (single input)
  - FPS : 20.45                              
=============================================
=============================================
* Benchmark Result (single input)
  - FPS : 20.17                              
=============================================
=============================================
* Benchmark Result (single input)
  - FPS : 20.37                              
=============================================
=============================================
* Benchmark Result (single input)
  - FPS : 24.02                              
=============================================
=============================================
* Benchmark Result (single input)
  - FPS : 13.96                              
=============================================
=============================================
* Benchmark Result (single input)
  - FPS : 19.33                              
=============================================
=============================================
* Benchmark Result (single input)
  - FPS : 23.58                              
=============================================
=============================================
* Benchmark Result (single input)
  - FPS : 24.58                              
=============================================
=============================================
* Benchmark Result (single input)
  - FPS : 19.32                              
=============================================
=============================================
* Benchmark Result (single input)
  - FPS : 15.17                              
=============================================
=============================================
* Benchmark Result (single input)
  - FPS : 17.84                              
=============================================
=============================================
* Benchmark Result (single input)
  - FPS : 21.37                              
=============================================
=============================================
* Benchmark Result (single input)
  - FPS : 22.54                              
=============================================
=============================================
* Benchmark Result (single input)
  - FPS : 14.21                              
=============================================
=============================================
* Benchmark Result (single input)
  - FPS : 23.90                              
=============================================
=============================================
* Benchmark Result (single input)
  - FPS : 23.11                              
=============================================
=============================================
* Benchmark Result (single input)
  - FPS : 18.28                              
=============================================
=============================================
* Benchmark Result (single input)
  - FPS : 24.08                              
=============================================
=============================================
* Benchmark Result (single input)
  - FPS : 22.93                              
=============================================
=============================================
* Benchmark Result (single input)
  - FPS : 16.89                              
=============================================
=============================================
* Benchmark Result (single input)
  - FPS : 23.29                              
=============================================
=============================================
* Benchmark Result (single input)
  - FPS : 18.13                              
=============================================
=============================================
* Benchmark Result (single input)
  - FPS : 24.08                              
=============================================
=============================================
* Benchmark Result (single input)
  - FPS : 23.23                              
=============================================
=============================================
* Benchmark Result (single input)
  - FPS : 23.06                              
=============================================
=============================================
* Benchmark Result (single input)
  - FPS : 23.84                              
=============================================
=============================================
* Benchmark Result (single input)
  - FPS : 15.21                              
=============================================
=============================================
* Benchmark Result (single input)
  - FPS : 15.14                              
=============================================
=============================================
* Benchmark Result (single input)
  - FPS : 20.17                              
=============================================
=============================================
* Benchmark Result (single input)
  - FPS : 21.59                              
=============================================
=============================================
* Benchmark Result (single input)
  - FPS : 14.21                              
=============================================
=============================================
* Benchmark Result (single input)
  - FPS : 14.35                              
=============================================
=============================================
* Benchmark Result (single input)
  - FPS : 17.09                              
=============================================
=============================================
* Benchmark Result (single input)
  - FPS : 23.80                              
=============================================
=============================================
* Benchmark Result (single input)
  - FPS : 23.14                              
=============================================
=============================================
* Benchmark Result (single input)
  - FPS : 23.05                              
=============================================
=============================================
* Benchmark Result (single input)
  - FPS : 23.53                              
=============================================
=============================================
* Benchmark Result (single input)
  - FPS : 19.36                              
=============================================
=============================================
* Benchmark Result (single input)
  - FPS : 24.29                              
=============================================
=============================================
* Benchmark Result (single input)
  - FPS : 21.66                              
=============================================
=============================================
* Benchmark Result (single input)
  - FPS : 24.30                              
=============================================
=============================================
* Benchmark Result (single input)
  - FPS : 17.75                              
=============================================
=============================================
* Benchmark Result (single input)
  - FPS : 26.57                              
=============================================
=============================================
* Benchmark Result (single input)
  - FPS : 19.08                              
=============================================
=============================================
* Benchmark Result (single input)
  - FPS : 20.53                              
=============================================
=============================================
* Benchmark Result (single input)
  - FPS : 19.89                              
=============================================
=============================================
* Benchmark Result (single input)
  - FPS : 23.47                              
=============================================
=============================================
* Benchmark Result (single input)
  - FPS : 23.46                              
=============================================
=============================================
* Benchmark Result (single input)
  - FPS : 20.53                              
=============================================
=============================================
* Benchmark Result (single input)
  - FPS : 18.10                              
=============================================
=============================================
* Benchmark Result (single input)
  - FPS : 22.15                              
=============================================
=============================================
* Benchmark Result (single input)
  - FPS : 17.93                              
=============================================
=============================================
* Benchmark Result (single input)
  - FPS : 19.82                              
=============================================
=============================================
* Benchmark Result (single input)
  - FPS : 20.45                              
=============================================
=============================================
* Benchmark Result (single input)
  - FPS : 19.06                              
=============================================
=============================================
* Benchmark Result (single input)
  - FPS : 24.79                              
=============================================
=============================================
* Benchmark Result (single input)
  - FPS : 24.11                              
=============================================
=============================================
* Benchmark Result (single input)
  - FPS : 23.70                              
=============================================
=============================================
* Benchmark Result (single input)
  - FPS : 23.27                              
=============================================
=============================================
* Benchmark Result (single input)
  - FPS : 16.37                              
=============================================
=============================================
* Benchmark Result (single input)
  - FPS : 24.14                              
=============================================
=============================================
* Benchmark Result (single input)
  - FPS : 16.76                              
=============================================
=============================================
* Benchmark Result (single input)
  - FPS : 23.25                              
=============================================
=============================================
* Benchmark Result (single input)
  - FPS : 14.88                              
=============================================
=============================================
* Benchmark Result (single input)
  - FPS : 19.85                              
=============================================
=============================================
* Benchmark Result (single input)
  - FPS : 21.36                              
=============================================
=============================================
* Benchmark Result (single input)
  - FPS : 22.90                              
=============================================
=============================================
* Benchmark Result (single input)
  - FPS : 23.54                              
=============================================
=============================================
* Benchmark Result (single input)
  - FPS : 23.28                              
=============================================
=============================================
* Benchmark Result (single input)
  - FPS : 23.65                              
=============================================
=============================================
* Benchmark Result (single input)
  - FPS : 22.44                              
=============================================
=============================================
* Benchmark Result (single input)
  - FPS : 23.92                              
=============================================
=============================================
* Benchmark Result (single input)
  - FPS : 16.97                              
=============================================
=============================================
* Benchmark Result (single input)
  - FPS : 16.60                              
=============================================
=============================================
* Benchmark Result (single input)
  - FPS : 20.08                              
=============================================
=============================================
* Benchmark Result (single input)
  - FPS : 22.57                              
=============================================
=============================================
* Benchmark Result (single input)
  - FPS : 23.84                              
=============================================
=============================================
* Benchmark Result (single input)
  - FPS : 16.67                              
=============================================
=============================================
* Benchmark Result (single input)
  - FPS : 24.31                              
=============================================
=============================================
* Benchmark Result (single input)
  - FPS : 16.64                              
=============================================
=============================================
* Benchmark Result (single input)
  - FPS : 18.94                              
=============================================
=============================================
* Benchmark Result (single input)
  - FPS : 14.09                              
=============================================
=============================================
* Benchmark Result (single input)
  - FPS : 23.33                              
=============================================
=============================================
* Benchmark Result (single input)
  - FPS : 14.47                              
=============================================
=============================================
* Benchmark Result (single input)
  - FPS : 17.16                              
=============================================
=============================================
* Benchmark Result (single input)
  - FPS : 17.95                              
=============================================
=============================================
* Benchmark Result (single input)
  - FPS : 22.36                              
=============================================
=============================================
* Benchmark Result (single input)
  - FPS : 24.33                              
=============================================
=============================================
* Benchmark Result (single input)
  - FPS : 23.27                              
=============================================
=============================================
* Benchmark Result (single input)
  - FPS : 21.62                              
=============================================
=============================================
* Benchmark Result (single input)
  - FPS : 24.19                              
=============================================
=============================================
* Benchmark Result (single input)
  - FPS : 17.93                              
=============================================
=============================================
* Benchmark Result (single input)
  - FPS : 19.95                              
=============================================
=============================================
* Benchmark Result (single input)
  - FPS : 20.52                              
=============================================
=============================================
* Benchmark Result (single input)
  - FPS : 20.60                              
=============================================
=============================================
* Benchmark Result (single input)
  - FPS : 20.59                              
=============================================
=============================================
* Benchmark Result (single input)
  - FPS : 20.85                              
=============================================
=============================================
* Benchmark Result (single input)
  - FPS : 20.40                              
=============================================
=============================================
* Benchmark Result (single input)
  - FPS : 20.63                              
=============================================
=============================================
* Benchmark Result (single input)
  - FPS : 20.57                              
=============================================
=============================================
* Benchmark Result (single input)
  - FPS : 20.65                              
=============================================
=============================================
* Benchmark Result (single input)
  - FPS : 20.75                              
=============================================
=============================================
* Benchmark Result (single input)
  - FPS : 20.61                              
=============================================
=============================================
* Benchmark Result (single input)
  - FPS : 20.67                              
=============================================
=============================================
* Benchmark Result (single input)
  - FPS : 20.66                              
=============================================
=============================================
* Benchmark Result (single input)
  - FPS : 20.53                              
=============================================
=============================================
* Benchmark Result (single input)
  - FPS : 20.65                              
=============================================
=============================================
* Benchmark Result (single input)
  - FPS : 20.61                              
=============================================
=============================================
* Benchmark Result (single input)
  - FPS : 20.57                              
=============================================
=============================================
* Benchmark Result (single input)
  - FPS : 20.74                              
=============================================
=============================================
* Benchmark Result (single input)
  - FPS : 20.52                              
=============================================
=============================================
* Benchmark Result (single input)
  - FPS : 20.59                              
=============================================
=============================================
* Benchmark Result (single input)
  - FPS : 20.58                              
=============================================
=============================================
* Benchmark Result (single input)
  - FPS : 20.57                              
=============================================
=============================================
* Benchmark Result (single input)
  - FPS : 20.41                              
=============================================
=============================================
* Benchmark Result (single input)
  - FPS : 20.53                              
=============================================
=============================================
* Benchmark Result (single input)
  - FPS : 18.74                              
=============================================
=============================================
* Benchmark Result (single input)
  - FPS : 20.52                              
=============================================
=============================================
* Benchmark Result (single input)
  - FPS : 20.67                              
=============================================
=============================================
* Benchmark Result (single input)
  - FPS : 20.57                              
=============================================
=============================================
* Benchmark Result (single input)
  - FPS : 20.72                              
=============================================
=============================================
* Benchmark Result (single input)
  - FPS : 20.56                              
=============================================
=============================================
* Benchmark Result (single input)
  - FPS : 20.35                              
=============================================
=============================================
* Benchmark Result (single input)
  - FPS : 20.45                              
=============================================
=============================================
* Benchmark Result (single input)
  - FPS : 20.72                              
=============================================
=============================================
* Benchmark Result (single input)
  - FPS : 20.32                              
=============================================
=============================================
* Benchmark Result (single input)
  - FPS : 19.45                              
=============================================
=============================================
* Benchmark Result (single input)
  - FPS : 20.50                              
=============================================
Profiler data has been written to profiler.json
  -------------------------------------------------------------------------------
  | Device 0                                                                    |
  |            Name                |  min (us)    |  max (us)    | average (us) |
  -------------------------------------------------------------------------------
  |                    Buffer Wait |            7 |           68 |      14.3738 |
  |       NPU Input Format Handler |            6 |           24 |      9.61462 |
  |                     PCIe Write |          833 |         3080 |      1412.31 |
  |                       NPU Core |        15973 |        15996 |      15986.1 |
  |                      PCIe Read |         2441 |         5898 |      3860.92 |
  |      NPU Output Format Handler |         5845 |        36491 |      12023.4 |
  |                       NPU Task |        30000 |        59071 |      35032.8 |
  -------------------------------------------------------------------------------
  -------------------------------------------------------------------------------
  | CPU Tasks                                                                   |
  |            Name                |  min (us)    |  max (us)    | average (us) |
  -------------------------------------------------------------------------------
  |            CPU Task Queue Wait |           49 |          455 |      143.452 |
  |                          cpu_0 |         6611 |        53352 |      13694.9 |
  -------------------------------------------------------------------------------

__CPU_PERCENT__=62%
