Runtime Framework Version: v3.2.0
Device Driver Version: v2.1.0
PCIe Driver Version: v2.0.1

modelFile: /home/deepx/sijo_feat_windows_env/dx_stream/apps/benchmark/assets/models_dx_com220rc2/yolo26n-pose.dxnn
inputFile: 
outputFile: output.bin
benchmark: 0
loops: 30
Device specification: 'all' (default)
Run model target mode : Benchmark Mode
Inference by time: duration=30(s)

=== Model File: /home/deepx/sijo_feat_windows_env/dx_stream/apps/benchmark/assets/models_dx_com220rc2/yolo26n-pose.dxnn ===

Model Input Tensors:
  - images
Model Output Tensors:
  - output0

Tasks:
  [ ] -> npu_0 -> [cpu_0, ]
  Task[0] npu_0, NPU, NPU memory usage 158,811,328 bytes (input 1,228,800 bytes, output 1,881,600 bytes)
  Inputs
     -  images, UINT8, [1, 640, 640, 3 ]
  Outputs
    -  /model.23/one2one_cv4_kpts.0/Conv_output_0, FLOAT, [1, 51, 80, 80 ]
    -  /model.23/one2one_cv2.0/one2one_cv2.0.2/Conv_output_0, FLOAT, [1, 4, 80, 80 ]
    -  /model.23/one2one_cv2.1/one2one_cv2.1.2/Conv_output_0, FLOAT, [1, 4, 40, 40 ]
    -  /model.23/one2one_cv4_kpts.1/Conv_output_0, FLOAT, [1, 51, 40, 40 ]
    -  /model.23/one2one_cv3.0/one2one_cv3.0.2/Conv_output_0, FLOAT, [1, 1, 80, 80 ]
    -  /model.23/one2one_cv3.1/one2one_cv3.1.2/Conv_output_0, FLOAT, [1, 1, 40, 40 ]
    -  /model.23/one2one_cv4_kpts.2/Conv_output_0, FLOAT, [1, 51, 20, 20 ]
    -  /model.23/one2one_cv2.2/one2one_cv2.2.2/Conv_output_0, FLOAT, [1, 4, 20, 20 ]
    -  /model.23/one2one_cv3.2/one2one_cv3.2.2/Conv_output_0, FLOAT, [1, 1, 20, 20 ]

  [ npu_0, ] -> cpu_0 -> []
  Task[1] cpu_0, CPU, input 1,881,600 bytes, output 69,600 bytes
  Inputs
     -  /model.23/one2one_cv2.0/one2one_cv2.0.2/Conv_output_0, FLOAT, [1, 4, 80, 80 ]
     -  /model.23/one2one_cv2.1/one2one_cv2.1.2/Conv_output_0, FLOAT, [1, 4, 40, 40 ]
     -  /model.23/one2one_cv2.2/one2one_cv2.2.2/Conv_output_0, FLOAT, [1, 4, 20, 20 ]
     -  /model.23/one2one_cv4_kpts.0/Conv_output_0, FLOAT, [1, 51, 80, 80 ]
     -  /model.23/one2one_cv4_kpts.1/Conv_output_0, FLOAT, [1, 51, 40, 40 ]
     -  /model.23/one2one_cv4_kpts.2/Conv_output_0, FLOAT, [1, 51, 20, 20 ]
     -  /model.23/one2one_cv3.0/one2one_cv3.0.2/Conv_output_0, FLOAT, [1, 1, 80, 80 ]
     -  /model.23/one2one_cv3.1/one2one_cv3.1.2/Conv_output_0, FLOAT, [1, 1, 40, 40 ]
     -  /model.23/one2one_cv3.2/one2one_cv3.2.2/Conv_output_0, FLOAT, [1, 1, 20, 20 ]
  Outputs
     -  output0, FLOAT, [1, 300, 57 ]
     -  /model.23/TopK_output_0, FLOAT, [1, 300 ]


Performing 1 warmup run(s)...
Warmup completed.
Inference by time: total-inference-time=30.0503(s) total-loops=3408
=============================================
* Benchmark Result (3408 inputs)
  - FPS : 113.41                             
=============================================

__CPU_PERCENT__=140%
