Runtime Framework Version: v3.2.0
Device Driver Version: v2.1.0
PCIe Driver Version: v2.0.1

modelFile: /home/deepx/sijo_feat_windows_env/dx_stream/apps/benchmark/assets/models_dx_com220rc2/yolo26s-obb.dxnn
inputFile: 
outputFile: output.bin
benchmark: 0
loops: 300
Device specification: 'all' (default)
[INFO] Profiler is enabled.
Run model target mode : Single Mode
Inference by loops: count=300

=== Model File: /home/deepx/sijo_feat_windows_env/dx_stream/apps/benchmark/assets/models_dx_com220rc2/yolo26s-obb.dxnn ===

Model Input Tensors:
  - images
Model Output Tensors:
  - output0

Tasks:
  [ ] -> npu_0 -> [cpu_0, ]
  Task[0] npu_0, NPU, NPU memory usage 383,490,304 bytes (input 3,145,728 bytes, output 1,720,320 bytes)
  Inputs
     -  images, UINT8, [1, 1024, 1024, 3 ]
  Outputs
    -  /model.23/one2one_cv2.0/one2one_cv2.0.2/Conv_output_0, FLOAT, [1, 4, 128, 128 ]
    -  /model.23/one2one_cv4.0/one2one_cv4.0.2/Conv_output_0, FLOAT, [1, 1, 128, 128 ]
    -  /model.23/one2one_cv4.1/one2one_cv4.1.2/Conv_output_0, FLOAT, [1, 1, 64, 64 ]
    -  /model.23/one2one_cv2.1/one2one_cv2.1.2/Conv_output_0, FLOAT, [1, 4, 64, 64 ]
    -  /model.23/one2one_cv3.0/one2one_cv3.0.2/Conv_output_0, FLOAT, [1, 15, 128, 128 ]
    -  /model.23/one2one_cv3.1/one2one_cv3.1.2/Conv_output_0, FLOAT, [1, 15, 64, 64 ]
    -  /model.23/one2one_cv4.2/one2one_cv4.2.2/Conv_output_0, FLOAT, [1, 1, 32, 32 ]
    -  /model.23/one2one_cv2.2/one2one_cv2.2.2/Conv_output_0, FLOAT, [1, 4, 32, 32 ]
    -  /model.23/one2one_cv3.2/one2one_cv3.2.2/Conv_output_0, FLOAT, [1, 15, 32, 32 ]

  [ npu_0, ] -> cpu_0 -> []
  Task[1] cpu_0, CPU, input 1,720,320 bytes, output 9,600 bytes
  Inputs
     -  /model.23/one2one_cv2.0/one2one_cv2.0.2/Conv_output_0, FLOAT, [1, 4, 128, 128 ]
     -  /model.23/one2one_cv2.1/one2one_cv2.1.2/Conv_output_0, FLOAT, [1, 4, 64, 64 ]
     -  /model.23/one2one_cv2.2/one2one_cv2.2.2/Conv_output_0, FLOAT, [1, 4, 32, 32 ]
     -  /model.23/one2one_cv4.0/one2one_cv4.0.2/Conv_output_0, FLOAT, [1, 1, 128, 128 ]
     -  /model.23/one2one_cv4.2/one2one_cv4.2.2/Conv_output_0, FLOAT, [1, 1, 32, 32 ]
     -  /model.23/one2one_cv4.1/one2one_cv4.1.2/Conv_output_0, FLOAT, [1, 1, 64, 64 ]
     -  /model.23/one2one_cv3.0/one2one_cv3.0.2/Conv_output_0, FLOAT, [1, 15, 128, 128 ]
     -  /model.23/one2one_cv3.1/one2one_cv3.1.2/Conv_output_0, FLOAT, [1, 15, 64, 64 ]
     -  /model.23/one2one_cv3.2/one2one_cv3.2.2/Conv_output_0, FLOAT, [1, 15, 32, 32 ]
  Outputs
     -  output0, FLOAT, [1, 300, 7 ]
     -  /model.23/TopK_output_0, FLOAT, [1, 300 ]


Performing 1 warmup run(s)...
Warmup completed.
=============================================
* Benchmark Result (single input)
  - FPS : 12.37                              
=============================================
=============================================
* Benchmark Result (single input)
  - FPS : 12.37                              
=============================================
=============================================
* Benchmark Result (single input)
  - FPS : 12.46                              
=============================================
=============================================
* Benchmark Result (single input)
  - FPS : 12.38                              
=============================================
=============================================
* Benchmark Result (single input)
  - FPS : 12.40                              
=============================================
=============================================
* Benchmark Result (single input)
  - FPS : 12.37                              
=============================================
=============================================
* Benchmark Result (single input)
  - FPS : 12.44                              
=============================================
=============================================
* Benchmark Result (single input)
  - FPS : 12.43                              
=============================================
=============================================
* Benchmark Result (single input)
  - FPS : 12.39                              
=============================================
=============================================
* Benchmark Result (single input)
  - FPS : 12.43                              
=============================================
=============================================
* Benchmark Result (single input)
  - FPS : 12.39                              
=============================================
=============================================
* Benchmark Result (single input)
  - FPS : 12.42                              
=============================================
=============================================
* Benchmark Result (single input)
  - FPS : 12.35                              
=============================================
=============================================
* Benchmark Result (single input)
  - FPS : 12.37                              
=============================================
=============================================
* Benchmark Result (single input)
  - FPS : 12.40                              
=============================================
=============================================
* Benchmark Result (single input)
  - FPS : 12.38                              
=============================================
=============================================
* Benchmark Result (single input)
  - FPS : 12.40                              
=============================================
=============================================
* Benchmark Result (single input)
  - FPS : 12.39                              
=============================================
=============================================
* Benchmark Result (single input)
  - FPS : 12.40                              
=============================================
=============================================
* Benchmark Result (single input)
  - FPS : 12.41                              
=============================================
=============================================
* Benchmark Result (single input)
  - FPS : 12.35                              
=============================================
=============================================
* Benchmark Result (single input)
  - FPS : 12.37                              
=============================================
=============================================
* Benchmark Result (single input)
  - FPS : 12.39                              
=============================================
=============================================
* Benchmark Result (single input)
  - FPS : 12.41                              
=============================================
=============================================
* Benchmark Result (single input)
  - FPS : 12.41                              
=============================================
=============================================
* Benchmark Result (single input)
  - FPS : 12.34                              
=============================================
=============================================
* Benchmark Result (single input)
  - FPS : 12.40                              
=============================================
=============================================
* Benchmark Result (single input)
  - FPS : 12.44                              
=============================================
=============================================
* Benchmark Result (single input)
  - FPS : 12.44                              
=============================================
=============================================
* Benchmark Result (single input)
  - FPS : 12.38                              
=============================================
=============================================
* Benchmark Result (single input)
  - FPS : 12.44                              
=============================================
=============================================
* Benchmark Result (single input)
  - FPS : 12.37                              
=============================================
=============================================
* Benchmark Result (single input)
  - FPS : 12.37                              
=============================================
=============================================
* Benchmark Result (single input)
  - FPS : 12.39                              
=============================================
=============================================
* Benchmark Result (single input)
  - FPS : 12.38                              
=============================================
=============================================
* Benchmark Result (single input)
  - FPS : 12.39                              
=============================================
=============================================
* Benchmark Result (single input)
  - FPS : 12.42                              
=============================================
=============================================
* Benchmark Result (single input)
  - FPS : 12.37                              
=============================================
=============================================
* Benchmark Result (single input)
  - FPS : 12.42                              
=============================================
=============================================
* Benchmark Result (single input)
  - FPS : 12.40                              
=============================================
=============================================
* Benchmark Result (single input)
  - FPS : 12.46                              
=============================================
=============================================
* Benchmark Result (single input)
  - FPS : 12.42                              
=============================================
=============================================
* Benchmark Result (single input)
  - FPS : 12.37                              
=============================================
=============================================
* Benchmark Result (single input)
  - FPS : 12.42                              
=============================================
=============================================
* Benchmark Result (single input)
  - FPS : 12.41                              
=============================================
=============================================
* Benchmark Result (single input)
  - FPS : 12.44                              
=============================================
=============================================
* Benchmark Result (single input)
  - FPS : 12.43                              
=============================================
=============================================
* Benchmark Result (single input)
  - FPS : 12.33                              
=============================================
=============================================
* Benchmark Result (single input)
  - FPS : 12.38                              
=============================================
=============================================
* Benchmark Result (single input)
  - FPS : 12.40                              
=============================================
=============================================
* Benchmark Result (single input)
  - FPS : 12.37                              
=============================================
=============================================
* Benchmark Result (single input)
  - FPS : 12.04                              
=============================================
=============================================
* Benchmark Result (single input)
  - FPS : 12.42                              
=============================================
=============================================
* Benchmark Result (single input)
  - FPS : 12.42                              
=============================================
=============================================
* Benchmark Result (single input)
  - FPS : 12.41                              
=============================================
=============================================
* Benchmark Result (single input)
  - FPS : 12.44                              
=============================================
=============================================
* Benchmark Result (single input)
  - FPS : 12.36                              
=============================================
=============================================
* Benchmark Result (single input)
  - FPS : 12.31                              
=============================================
=============================================
* Benchmark Result (single input)
  - FPS : 12.42                              
=============================================
=============================================
* Benchmark Result (single input)
  - FPS : 12.44                              
=============================================
=============================================
* Benchmark Result (single input)
  - FPS : 12.42                              
=============================================
=============================================
* Benchmark Result (single input)
  - FPS : 12.41                              
=============================================
=============================================
* Benchmark Result (single input)
  - FPS : 12.40                              
=============================================
=============================================
* Benchmark Result (single input)
  - FPS : 12.37                              
=============================================
=============================================
* Benchmark Result (single input)
  - FPS : 12.40                              
=============================================
=============================================
* Benchmark Result (single input)
  - FPS : 12.41                              
=============================================
=============================================
* Benchmark Result (single input)
  - FPS : 12.37                              
=============================================
=============================================
* Benchmark Result (single input)
  - FPS : 12.44                              
=============================================
=============================================
* Benchmark Result (single input)
  - FPS : 12.37                              
=============================================
=============================================
* Benchmark Result (single input)
  - FPS : 12.37                              
=============================================
=============================================
* Benchmark Result (single input)
  - FPS : 12.42                              
=============================================
=============================================
* Benchmark Result (single input)
  - FPS : 12.44                              
=============================================
=============================================
* Benchmark Result (single input)
  - FPS : 12.39                              
=============================================
=============================================
* Benchmark Result (single input)
  - FPS : 12.41                              
=============================================
=============================================
* Benchmark Result (single input)
  - FPS : 12.47                              
=============================================
=============================================
* Benchmark Result (single input)
  - FPS : 12.44                              
=============================================
=============================================
* Benchmark Result (single input)
  - FPS : 12.38                              
=============================================
=============================================
* Benchmark Result (single input)
  - FPS : 12.34                              
=============================================
=============================================
* Benchmark Result (single input)
  - FPS : 12.36                              
=============================================
=============================================
* Benchmark Result (single input)
  - FPS : 12.36                              
=============================================
=============================================
* Benchmark Result (single input)
  - FPS : 12.43                              
=============================================
=============================================
* Benchmark Result (single input)
  - FPS : 12.42                              
=============================================
=============================================
* Benchmark Result (single input)
  - FPS : 12.40                              
=============================================
=============================================
* Benchmark Result (single input)
  - FPS : 12.46                              
=============================================
=============================================
* Benchmark Result (single input)
  - FPS : 11.72                              
=============================================
=============================================
* Benchmark Result (single input)
  - FPS : 12.40                              
=============================================
=============================================
* Benchmark Result (single input)
  - FPS : 12.38                              
=============================================
=============================================
* Benchmark Result (single input)
  - FPS : 12.35                              
=============================================
=============================================
* Benchmark Result (single input)
  - FPS : 12.39                              
=============================================
=============================================
* Benchmark Result (single input)
  - FPS : 12.35                              
=============================================
=============================================
* Benchmark Result (single input)
  - FPS : 12.35                              
=============================================
=============================================
* Benchmark Result (single input)
  - FPS : 12.42                              
=============================================
=============================================
* Benchmark Result (single input)
  - FPS : 12.32                              
=============================================
=============================================
* Benchmark Result (single input)
  - FPS : 12.38                              
=============================================
=============================================
* Benchmark Result (single input)
  - FPS : 12.36                              
=============================================
=============================================
* Benchmark Result (single input)
  - FPS : 12.38                              
=============================================
=============================================
* Benchmark Result (single input)
  - FPS : 12.44                              
=============================================
=============================================
* Benchmark Result (single input)
  - FPS : 12.35                              
=============================================
=============================================
* Benchmark Result (single input)
  - FPS : 12.38                              
=============================================
=============================================
* Benchmark Result (single input)
  - FPS : 12.42                              
=============================================
=============================================
* Benchmark Result (single input)
  - FPS : 12.46                              
=============================================
=============================================
* Benchmark Result (single input)
  - FPS : 12.43                              
=============================================
=============================================
* Benchmark Result (single input)
  - FPS : 12.40                              
=============================================
=============================================
* Benchmark Result (single input)
  - FPS : 12.42                              
=============================================
=============================================
* Benchmark Result (single input)
  - FPS : 12.40                              
=============================================
=============================================
* Benchmark Result (single input)
  - FPS : 12.38                              
=============================================
=============================================
* Benchmark Result (single input)
  - FPS : 12.41                              
=============================================
=============================================
* Benchmark Result (single input)
  - FPS : 11.90                              
=============================================
=============================================
* Benchmark Result (single input)
  - FPS : 12.34                              
=============================================
=============================================
* Benchmark Result (single input)
  - FPS : 12.37                              
=============================================
=============================================
* Benchmark Result (single input)
  - FPS : 12.41                              
=============================================
=============================================
* Benchmark Result (single input)
  - FPS : 12.43                              
=============================================
=============================================
* Benchmark Result (single input)
  - FPS : 12.46                              
=============================================
=============================================
* Benchmark Result (single input)
  - FPS : 12.33                              
=============================================
=============================================
* Benchmark Result (single input)
  - FPS : 12.38                              
=============================================
=============================================
* Benchmark Result (single input)
  - FPS : 12.38                              
=============================================
=============================================
* Benchmark Result (single input)
  - FPS : 12.41                              
=============================================
=============================================
* Benchmark Result (single input)
  - FPS : 12.37                              
=============================================
=============================================
* Benchmark Result (single input)
  - FPS : 12.37                              
=============================================
=============================================
* Benchmark Result (single input)
  - FPS : 12.37                              
=============================================
=============================================
* Benchmark Result (single input)
  - FPS : 12.34                              
=============================================
=============================================
* Benchmark Result (single input)
  - FPS : 12.38                              
=============================================
=============================================
* Benchmark Result (single input)
  - FPS : 12.36                              
=============================================
=============================================
* Benchmark Result (single input)
  - FPS : 12.42                              
=============================================
=============================================
* Benchmark Result (single input)
  - FPS : 12.41                              
=============================================
=============================================
* Benchmark Result (single input)
  - FPS : 12.37                              
=============================================
=============================================
* Benchmark Result (single input)
  - FPS : 12.36                              
=============================================
=============================================
* Benchmark Result (single input)
  - FPS : 12.37                              
=============================================
=============================================
* Benchmark Result (single input)
  - FPS : 12.43                              
=============================================
=============================================
* Benchmark Result (single input)
  - FPS : 12.37                              
=============================================
=============================================
* Benchmark Result (single input)
  - FPS : 12.45                              
=============================================
=============================================
* Benchmark Result (single input)
  - FPS : 12.37                              
=============================================
=============================================
* Benchmark Result (single input)
  - FPS : 12.31                              
=============================================
=============================================
* Benchmark Result (single input)
  - FPS : 12.42                              
=============================================
=============================================
* Benchmark Result (single input)
  - FPS : 12.34                              
=============================================
=============================================
* Benchmark Result (single input)
  - FPS : 12.42                              
=============================================
=============================================
* Benchmark Result (single input)
  - FPS : 12.47                              
=============================================
=============================================
* Benchmark Result (single input)
  - FPS : 12.45                              
=============================================
=============================================
* Benchmark Result (single input)
  - FPS : 12.38                              
=============================================
=============================================
* Benchmark Result (single input)
  - FPS : 12.38                              
=============================================
=============================================
* Benchmark Result (single input)
  - FPS : 12.38                              
=============================================
=============================================
* Benchmark Result (single input)
  - FPS : 12.39                              
=============================================
=============================================
* Benchmark Result (single input)
  - FPS : 12.43                              
=============================================
=============================================
* Benchmark Result (single input)
  - FPS : 12.31                              
=============================================
=============================================
* Benchmark Result (single input)
  - FPS : 12.25                              
=============================================
=============================================
* Benchmark Result (single input)
  - FPS : 12.37                              
=============================================
=============================================
* Benchmark Result (single input)
  - FPS : 12.40                              
=============================================
=============================================
* Benchmark Result (single input)
  - FPS : 12.36                              
=============================================
=============================================
* Benchmark Result (single input)
  - FPS : 12.40                              
=============================================
=============================================
* Benchmark Result (single input)
  - FPS : 12.39                              
=============================================
=============================================
* Benchmark Result (single input)
  - FPS : 12.42                              
=============================================
=============================================
* Benchmark Result (single input)
  - FPS : 12.39                              
=============================================
=============================================
* Benchmark Result (single input)
  - FPS : 12.36                              
=============================================
=============================================
* Benchmark Result (single input)
  - FPS : 12.33                              
=============================================
=============================================
* Benchmark Result (single input)
  - FPS : 12.25                              
=============================================
=============================================
* Benchmark Result (single input)
  - FPS : 12.35                              
=============================================
=============================================
* Benchmark Result (single input)
  - FPS : 12.37                              
=============================================
=============================================
* Benchmark Result (single input)
  - FPS : 12.32                              
=============================================
=============================================
* Benchmark Result (single input)
  - FPS : 12.41                              
=============================================
=============================================
* Benchmark Result (single input)
  - FPS : 12.45                              
=============================================
=============================================
* Benchmark Result (single input)
  - FPS : 12.38                              
=============================================
=============================================
* Benchmark Result (single input)
  - FPS : 12.47                              
=============================================
=============================================
* Benchmark Result (single input)
  - FPS : 12.39                              
=============================================
=============================================
* Benchmark Result (single input)
  - FPS : 12.06                              
=============================================
=============================================
* Benchmark Result (single input)
  - FPS : 12.35                              
=============================================
=============================================
* Benchmark Result (single input)
  - FPS : 12.41                              
=============================================
=============================================
* Benchmark Result (single input)
  - FPS : 12.41                              
=============================================
=============================================
* Benchmark Result (single input)
  - FPS : 12.34                              
=============================================
=============================================
* Benchmark Result (single input)
  - FPS : 12.35                              
=============================================
=============================================
* Benchmark Result (single input)
  - FPS : 12.40                              
=============================================
=============================================
* Benchmark Result (single input)
  - FPS : 12.35                              
=============================================
=============================================
* Benchmark Result (single input)
  - FPS : 12.41                              
=============================================
=============================================
* Benchmark Result (single input)
  - FPS : 12.33                              
=============================================
=============================================
* Benchmark Result (single input)
  - FPS : 12.37                              
=============================================
=============================================
* Benchmark Result (single input)
  - FPS : 12.38                              
=============================================
=============================================
* Benchmark Result (single input)
  - FPS : 12.41                              
=============================================
=============================================
* Benchmark Result (single input)
  - FPS : 12.40                              
=============================================
=============================================
* Benchmark Result (single input)
  - FPS : 12.35                              
=============================================
=============================================
* Benchmark Result (single input)
  - FPS : 12.25                              
=============================================
=============================================
* Benchmark Result (single input)
  - FPS : 12.29                              
=============================================
=============================================
* Benchmark Result (single input)
  - FPS : 12.38                              
=============================================
=============================================
* Benchmark Result (single input)
  - FPS : 12.44                              
=============================================
=============================================
* Benchmark Result (single input)
  - FPS : 12.39                              
=============================================
=============================================
* Benchmark Result (single input)
  - FPS : 12.34                              
=============================================
=============================================
* Benchmark Result (single input)
  - FPS : 12.40                              
=============================================
=============================================
* Benchmark Result (single input)
  - FPS : 12.33                              
=============================================
=============================================
* Benchmark Result (single input)
  - FPS : 12.37                              
=============================================
=============================================
* Benchmark Result (single input)
  - FPS : 12.29                              
=============================================
=============================================
* Benchmark Result (single input)
  - FPS : 12.38                              
=============================================
=============================================
* Benchmark Result (single input)
  - FPS : 12.34                              
=============================================
=============================================
* Benchmark Result (single input)
  - FPS : 12.39                              
=============================================
=============================================
* Benchmark Result (single input)
  - FPS : 12.36                              
=============================================
=============================================
* Benchmark Result (single input)
  - FPS : 12.39                              
=============================================
=============================================
* Benchmark Result (single input)
  - FPS : 12.27                              
=============================================
=============================================
* Benchmark Result (single input)
  - FPS : 12.31                              
=============================================
=============================================
* Benchmark Result (single input)
  - FPS : 12.39                              
=============================================
=============================================
* Benchmark Result (single input)
  - FPS : 12.37                              
=============================================
=============================================
* Benchmark Result (single input)
  - FPS : 12.41                              
=============================================
=============================================
* Benchmark Result (single input)
  - FPS : 12.39                              
=============================================
=============================================
* Benchmark Result (single input)
  - FPS : 12.40                              
=============================================
=============================================
* Benchmark Result (single input)
  - FPS : 12.42                              
=============================================
=============================================
* Benchmark Result (single input)
  - FPS : 12.38                              
=============================================
=============================================
* Benchmark Result (single input)
  - FPS : 12.39                              
=============================================
=============================================
* Benchmark Result (single input)
  - FPS : 12.37                              
=============================================
=============================================
* Benchmark Result (single input)
  - FPS : 12.35                              
=============================================
=============================================
* Benchmark Result (single input)
  - FPS : 12.37                              
=============================================
=============================================
* Benchmark Result (single input)
  - FPS : 12.35                              
=============================================
=============================================
* Benchmark Result (single input)
  - FPS : 12.39                              
=============================================
=============================================
* Benchmark Result (single input)
  - FPS : 12.43                              
=============================================
=============================================
* Benchmark Result (single input)
  - FPS : 12.38                              
=============================================
=============================================
* Benchmark Result (single input)
  - FPS : 12.32                              
=============================================
=============================================
* Benchmark Result (single input)
  - FPS : 12.41                              
=============================================
=============================================
* Benchmark Result (single input)
  - FPS : 12.40                              
=============================================
=============================================
* Benchmark Result (single input)
  - FPS : 12.42                              
=============================================
=============================================
* Benchmark Result (single input)
  - FPS : 12.42                              
=============================================
=============================================
* Benchmark Result (single input)
  - FPS : 12.36                              
=============================================
=============================================
* Benchmark Result (single input)
  - FPS : 12.39                              
=============================================
=============================================
* Benchmark Result (single input)
  - FPS : 12.30                              
=============================================
=============================================
* Benchmark Result (single input)
  - FPS : 12.37                              
=============================================
=============================================
* Benchmark Result (single input)
  - FPS : 12.42                              
=============================================
=============================================
* Benchmark Result (single input)
  - FPS : 12.36                              
=============================================
=============================================
* Benchmark Result (single input)
  - FPS : 12.39                              
=============================================
=============================================
* Benchmark Result (single input)
  - FPS : 12.40                              
=============================================
=============================================
* Benchmark Result (single input)
  - FPS : 12.35                              
=============================================
=============================================
* Benchmark Result (single input)
  - FPS : 12.36                              
=============================================
=============================================
* Benchmark Result (single input)
  - FPS : 12.38                              
=============================================
=============================================
* Benchmark Result (single input)
  - FPS : 12.42                              
=============================================
=============================================
* Benchmark Result (single input)
  - FPS : 12.39                              
=============================================
=============================================
* Benchmark Result (single input)
  - FPS : 12.35                              
=============================================
=============================================
* Benchmark Result (single input)
  - FPS : 12.39                              
=============================================
=============================================
* Benchmark Result (single input)
  - FPS : 12.38                              
=============================================
=============================================
* Benchmark Result (single input)
  - FPS : 12.36                              
=============================================
=============================================
* Benchmark Result (single input)
  - FPS : 12.33                              
=============================================
=============================================
* Benchmark Result (single input)
  - FPS : 12.36                              
=============================================
=============================================
* Benchmark Result (single input)
  - FPS : 12.39                              
=============================================
=============================================
* Benchmark Result (single input)
  - FPS : 12.35                              
=============================================
=============================================
* Benchmark Result (single input)
  - FPS : 12.34                              
=============================================
=============================================
* Benchmark Result (single input)
  - FPS : 12.29                              
=============================================
=============================================
* Benchmark Result (single input)
  - FPS : 12.29                              
=============================================
=============================================
* Benchmark Result (single input)
  - FPS : 12.29                              
=============================================
=============================================
* Benchmark Result (single input)
  - FPS : 12.40                              
=============================================
=============================================
* Benchmark Result (single input)
  - FPS : 12.37                              
=============================================
=============================================
* Benchmark Result (single input)
  - FPS : 12.34                              
=============================================
=============================================
* Benchmark Result (single input)
  - FPS : 12.41                              
=============================================
=============================================
* Benchmark Result (single input)
  - FPS : 12.38                              
=============================================
=============================================
* Benchmark Result (single input)
  - FPS : 12.38                              
=============================================
=============================================
* Benchmark Result (single input)
  - FPS : 12.37                              
=============================================
=============================================
* Benchmark Result (single input)
  - FPS : 12.26                              
=============================================
=============================================
* Benchmark Result (single input)
  - FPS : 12.38                              
=============================================
=============================================
* Benchmark Result (single input)
  - FPS : 12.35                              
=============================================
=============================================
* Benchmark Result (single input)
  - FPS : 12.39                              
=============================================
=============================================
* Benchmark Result (single input)
  - FPS : 12.41                              
=============================================
=============================================
* Benchmark Result (single input)
  - FPS : 12.30                              
=============================================
=============================================
* Benchmark Result (single input)
  - FPS : 12.40                              
=============================================
=============================================
* Benchmark Result (single input)
  - FPS : 12.36                              
=============================================
=============================================
* Benchmark Result (single input)
  - FPS : 12.40                              
=============================================
=============================================
* Benchmark Result (single input)
  - FPS : 12.32                              
=============================================
=============================================
* Benchmark Result (single input)
  - FPS : 12.18                              
=============================================
=============================================
* Benchmark Result (single input)
  - FPS : 12.39                              
=============================================
=============================================
* Benchmark Result (single input)
  - FPS : 12.30                              
=============================================
=============================================
* Benchmark Result (single input)
  - FPS : 12.28                              
=============================================
=============================================
* Benchmark Result (single input)
  - FPS : 12.37                              
=============================================
=============================================
* Benchmark Result (single input)
  - FPS : 12.35                              
=============================================
=============================================
* Benchmark Result (single input)
  - FPS : 12.26                              
=============================================
=============================================
* Benchmark Result (single input)
  - FPS : 12.34                              
=============================================
=============================================
* Benchmark Result (single input)
  - FPS : 12.36                              
=============================================
=============================================
* Benchmark Result (single input)
  - FPS : 12.32                              
=============================================
=============================================
* Benchmark Result (single input)
  - FPS : 12.40                              
=============================================
=============================================
* Benchmark Result (single input)
  - FPS : 12.36                              
=============================================
=============================================
* Benchmark Result (single input)
  - FPS : 12.40                              
=============================================
=============================================
* Benchmark Result (single input)
  - FPS : 12.39                              
=============================================
=============================================
* Benchmark Result (single input)
  - FPS : 12.38                              
=============================================
=============================================
* Benchmark Result (single input)
  - FPS : 12.38                              
=============================================
=============================================
* Benchmark Result (single input)
  - FPS : 12.40                              
=============================================
=============================================
* Benchmark Result (single input)
  - FPS : 12.39                              
=============================================
=============================================
* Benchmark Result (single input)
  - FPS : 12.40                              
=============================================
=============================================
* Benchmark Result (single input)
  - FPS : 12.41                              
=============================================
=============================================
* Benchmark Result (single input)
  - FPS : 12.40                              
=============================================
=============================================
* Benchmark Result (single input)
  - FPS : 12.39                              
=============================================
=============================================
* Benchmark Result (single input)
  - FPS : 12.39                              
=============================================
=============================================
* Benchmark Result (single input)
  - FPS : 12.38                              
=============================================
=============================================
* Benchmark Result (single input)
  - FPS : 12.41                              
=============================================
=============================================
* Benchmark Result (single input)
  - FPS : 12.30                              
=============================================
=============================================
* Benchmark Result (single input)
  - FPS : 12.24                              
=============================================
=============================================
* Benchmark Result (single input)
  - FPS : 12.40                              
=============================================
=============================================
* Benchmark Result (single input)
  - FPS : 12.41                              
=============================================
=============================================
* Benchmark Result (single input)
  - FPS : 12.43                              
=============================================
=============================================
* Benchmark Result (single input)
  - FPS : 12.38                              
=============================================
=============================================
* Benchmark Result (single input)
  - FPS : 12.41                              
=============================================
=============================================
* Benchmark Result (single input)
  - FPS : 12.33                              
=============================================
=============================================
* Benchmark Result (single input)
  - FPS : 12.41                              
=============================================
=============================================
* Benchmark Result (single input)
  - FPS : 12.38                              
=============================================
=============================================
* Benchmark Result (single input)
  - FPS : 12.42                              
=============================================
=============================================
* Benchmark Result (single input)
  - FPS : 12.44                              
=============================================
=============================================
* Benchmark Result (single input)
  - FPS : 12.45                              
=============================================
=============================================
* Benchmark Result (single input)
  - FPS : 12.45                              
=============================================
=============================================
* Benchmark Result (single input)
  - FPS : 12.43                              
=============================================
=============================================
* Benchmark Result (single input)
  - FPS : 12.37                              
=============================================
=============================================
* Benchmark Result (single input)
  - FPS : 12.37                              
=============================================
=============================================
* Benchmark Result (single input)
  - FPS : 12.38                              
=============================================
Profiler data has been written to profiler.json
  -------------------------------------------------------------------------------
  |           Name                 |  min (us)    |  max (us)    | average (us) |
  -------------------------------------------------------------------------------
  |   Framework Response Handling  |           13 |           35 |      17.7708 | 35, 18, 20, 15, 18, 17, 18, 16, 17, 15, 21, 20, 19, 19, 16, 17, 15, 18, 17, 19, 18, 18, 19, 14, 18, 16, 17, 16, 14, 16, ...
  |                       NPU Core |        59444 |        60474 |      59927.6 | 59937, 59661, 59538, 59754, 59689, 59732, 59923, 59998, 59840, 60144, 60300, 59654, 60064, 59823, 59661, 59507, 60338, 60023, 60000, 59832, 60072, 60110, 59991, 59962, 60318, 59941, 60119, 59715, 59832, 60012, ...
  |       NPU Input Format Handler |         1050 |         1282 |      1098.74 | 1282, 1091, 1087, 1085, 1113, 1082, 1082, 1080, 1078, 1086, 1082, 1087, 1111, 1087, 1092, 1075, 1077, 1131, 1096, 1086, 1070, 1093, 1091, 1143, 1086, 1097, 1079, 1108, 1110, 1084, ...
  |      NPU Output Format Handler |         4172 |         5117 |      4730.95 | 4172, 4698, 4696, 4710, 4927, 4695, 4687, 4726, 4739, 4736, 4687, 4660, 4675, 4693, 4705, 4731, 4709, 4727, 4693, 4700, 4698, 4718, 4683, 4724, 4686, 4765, 4756, 4749, 4680, 4763, ...
  |                       NPU Task |        74628 |        79689 |      75221.4 | 75565, 74846, 74720, 74949, 75102, 74922, 75079, 75198, 75045, 78497, 75514, 74788, 75274, 74984, 74881, 74678, 75557, 75251, 75193, 75040, 75251, 75303, 75154, 75280, 75468, 75209, 75356, 74971, 75019, 75287, ...
  |                      PCIe Read |         5078 |         5734 |      5121.61 | 5734, 5121, 5106, 5122, 5092, 5128, 5118, 5127, 5106, 5111, 5110, 5128, 5122, 5094, 5115, 5099, 5117, 5098, 5123, 5100, 5131, 5101, 5101, 5111, 5102, 5124, 5131, 5098, 5120, 5123, ...
  |                     PCIe Write |         3953 |         4021 |      3984.47 | 3984, 3987, 3988, 3987, 3987, 3984, 3983, 3977, 3983, 3986, 3988, 3968, 3991, 3986, 3977, 3977, 3993, 3984, 3980, 3989, 3979, 3985, 3995, 3984, 3977, 3978, 3963, 3983, 3981, 3989, ...
  |           Service Process Wait |        80260 |      1185426 |      84510.2 | 1185426, 80472, 80423, 80500, 80444, 80672, 80713, 80762, 80667, 84071, 81143, 80343, 80866, 80608, 80460, 80272, 81186, 80834, 80748, 80658, 80813, 80931, 80831, 80840, 81084, 80739, 80948, 80587, 80642, 80815, ...
  |                          cpu_0 |         5252 |         5828 |      5392.26 | 5438, 5466, 5328, 5292, 5327, 5386, 5411, 5393, 5348, 5367, 5323, 5463, 5378, 5381, 5378, 5401, 5348, 5304, 5365, 5372, 5378, 5351, 5361, 5347, 5376, 5368, 5351, 5347, 5402, 5363, ...
  -------------------------------------------------------------------------------

__CPU_PERCENT__=15%
