Runtime Framework Version: v3.4.0
Device Driver Version: v2.5.1
PCIe Driver Version: v2.4.1

modelFile: /home/deepx/work/deepx-yjsong/dx-all-suite/dx-benchmark/benchmark/assets/models/yolo26-s-seg_640x640.dxnn
inputFile: 
outputFile: output.bin
benchmark: 0
loops: 300
Device specification: 'all' (default)
[INFO] Profiler is enabled.
Run model target mode : Single Mode
Inference by loops: count=300

=== Model File: /home/deepx/work/deepx-yjsong/dx-all-suite/dx-benchmark/benchmark/assets/models/yolo26-s-seg_640x640.dxnn ===

Model Input Tensors:
  - images
Model Output Tensors:
  - /model.23/one2one_cv4.0/one2one_cv4.0.2/Conv_output_0
  - /model.23/one2one_cv2.0/one2one_cv2.0.2/Conv_output_0
  - /model.23/one2one_cv4.1/one2one_cv4.1.2/Conv_output_0
  - /model.23/one2one_cv2.1/one2one_cv2.1.2/Conv_output_0
  - /model.23/one2one_cv3.0/one2one_cv3.0.2/Conv_output_0
  - /model.23/one2one_cv2.2/one2one_cv2.2.2/Conv_output_0
  - /model.23/one2one_cv4.2/one2one_cv4.2.2/Conv_output_0
  - /model.23/one2one_cv3.1/one2one_cv3.1.2/Conv_output_0
  - output1
  - /model.23/one2one_cv3.2/one2one_cv3.2.2/Conv_output_0

Tasks:
  [ ] -> npu_0 -> []
  Task[0] npu_0, NPU, NPU memory usage 186,531,904 bytes (input 1,228,800 bytes, output 7,174,400 bytes), mem_usage:361,162,816 bytes
  Inputs
     -  images, UINT8, [1, 640, 640, 3 ]
  Outputs
    -  /model.23/one2one_cv4.0/one2one_cv4.0.2/Conv_output_0, FLOAT, [1, 32, 80, 80 ]
    -  /model.23/one2one_cv2.0/one2one_cv2.0.2/Conv_output_0, FLOAT, [1, 4, 80, 80 ]
    -  /model.23/one2one_cv4.1/one2one_cv4.1.2/Conv_output_0, FLOAT, [1, 32, 40, 40 ]
    -  /model.23/one2one_cv2.1/one2one_cv2.1.2/Conv_output_0, FLOAT, [1, 4, 40, 40 ]
    -  /model.23/one2one_cv3.0/one2one_cv3.0.2/Conv_output_0, FLOAT, [1, 80, 80, 80 ]
    -  /model.23/one2one_cv2.2/one2one_cv2.2.2/Conv_output_0, FLOAT, [1, 4, 20, 20 ]
    -  /model.23/one2one_cv4.2/one2one_cv4.2.2/Conv_output_0, FLOAT, [1, 32, 20, 20 ]
    -  /model.23/one2one_cv3.1/one2one_cv3.1.2/Conv_output_0, FLOAT, [1, 80, 40, 40 ]
    -  output1, FLOAT, [1, 32, 160, 160 ]
    -  /model.23/one2one_cv3.2/one2one_cv3.2.2/Conv_output_0, FLOAT, [1, 80, 20, 20 ]


Performing 1 warmup run(s)...
Warmup completed.
=============================================
* Benchmark Result (single input)
  - FPS : 34.57                              
=============================================
=============================================
* Benchmark Result (single input)
  - FPS : 34.59                              
=============================================
=============================================
* Benchmark Result (single input)
  - FPS : 34.53                              
=============================================
=============================================
* Benchmark Result (single input)
  - FPS : 35.59                              
=============================================
=============================================
* Benchmark Result (single input)
  - FPS : 37.27                              
=============================================
=============================================
* Benchmark Result (single input)
  - FPS : 36.60                              
=============================================
=============================================
* Benchmark Result (single input)
  - FPS : 36.65                              
=============================================
=============================================
* Benchmark Result (single input)
  - FPS : 37.41                              
=============================================
=============================================
* Benchmark Result (single input)
  - FPS : 35.93                              
=============================================
=============================================
* Benchmark Result (single input)
  - FPS : 36.50                              
=============================================
=============================================
* Benchmark Result (single input)
  - FPS : 36.67                              
=============================================
=============================================
* Benchmark Result (single input)
  - FPS : 37.37                              
=============================================
=============================================
* Benchmark Result (single input)
  - FPS : 36.05                              
=============================================
=============================================
* Benchmark Result (single input)
  - FPS : 37.04                              
=============================================
=============================================
* Benchmark Result (single input)
  - FPS : 37.46                              
=============================================
=============================================
* Benchmark Result (single input)
  - FPS : 37.30                              
=============================================
=============================================
* Benchmark Result (single input)
  - FPS : 36.85                              
=============================================
=============================================
* Benchmark Result (single input)
  - FPS : 35.66                              
=============================================
=============================================
* Benchmark Result (single input)
  - FPS : 37.00                              
=============================================
=============================================
* Benchmark Result (single input)
  - FPS : 37.16                              
=============================================
=============================================
* Benchmark Result (single input)
  - FPS : 36.99                              
=============================================
=============================================
* Benchmark Result (single input)
  - FPS : 36.94                              
=============================================
=============================================
* Benchmark Result (single input)
  - FPS : 37.43                              
=============================================
=============================================
* Benchmark Result (single input)
  - FPS : 36.82                              
=============================================
=============================================
* Benchmark Result (single input)
  - FPS : 36.48                              
=============================================
=============================================
* Benchmark Result (single input)
  - FPS : 36.53                              
=============================================
=============================================
* Benchmark Result (single input)
  - FPS : 35.82                              
=============================================
=============================================
* Benchmark Result (single input)
  - FPS : 35.69                              
=============================================
=============================================
* Benchmark Result (single input)
  - FPS : 36.89                              
=============================================
=============================================
* Benchmark Result (single input)
  - FPS : 36.83                              
=============================================
=============================================
* Benchmark Result (single input)
  - FPS : 37.16                              
=============================================
=============================================
* Benchmark Result (single input)
  - FPS : 35.92                              
=============================================
=============================================
* Benchmark Result (single input)
  - FPS : 35.83                              
=============================================
=============================================
* Benchmark Result (single input)
  - FPS : 35.67                              
=============================================
=============================================
* Benchmark Result (single input)
  - FPS : 36.52                              
=============================================
=============================================
* Benchmark Result (single input)
  - FPS : 36.56                              
=============================================
=============================================
* Benchmark Result (single input)
  - FPS : 35.81                              
=============================================
=============================================
* Benchmark Result (single input)
  - FPS : 36.48                              
=============================================
=============================================
* Benchmark Result (single input)
  - FPS : 37.19                              
=============================================
=============================================
* Benchmark Result (single input)
  - FPS : 36.30                              
=============================================
=============================================
* Benchmark Result (single input)
  - FPS : 36.88                              
=============================================
=============================================
* Benchmark Result (single input)
  - FPS : 30.26                              
=============================================
=============================================
* Benchmark Result (single input)
  - FPS : 37.19                              
=============================================
=============================================
* Benchmark Result (single input)
  - FPS : 37.27                              
=============================================
=============================================
* Benchmark Result (single input)
  - FPS : 35.61                              
=============================================
=============================================
* Benchmark Result (single input)
  - FPS : 37.30                              
=============================================
=============================================
* Benchmark Result (single input)
  - FPS : 37.19                              
=============================================
=============================================
* Benchmark Result (single input)
  - FPS : 37.24                              
=============================================
=============================================
* Benchmark Result (single input)
  - FPS : 36.23                              
=============================================
=============================================
* Benchmark Result (single input)
  - FPS : 36.90                              
=============================================
=============================================
* Benchmark Result (single input)
  - FPS : 37.18                              
=============================================
=============================================
* Benchmark Result (single input)
  - FPS : 36.73                              
=============================================
=============================================
* Benchmark Result (single input)
  - FPS : 36.87                              
=============================================
=============================================
* Benchmark Result (single input)
  - FPS : 36.94                              
=============================================
=============================================
* Benchmark Result (single input)
  - FPS : 35.57                              
=============================================
=============================================
* Benchmark Result (single input)
  - FPS : 37.01                              
=============================================
=============================================
* Benchmark Result (single input)
  - FPS : 37.03                              
=============================================
=============================================
* Benchmark Result (single input)
  - FPS : 36.60                              
=============================================
=============================================
* Benchmark Result (single input)
  - FPS : 36.00                              
=============================================
=============================================
* Benchmark Result (single input)
  - FPS : 36.62                              
=============================================
=============================================
* Benchmark Result (single input)
  - FPS : 32.32                              
=============================================
=============================================
* Benchmark Result (single input)
  - FPS : 36.77                              
=============================================
=============================================
* Benchmark Result (single input)
  - FPS : 36.52                              
=============================================
=============================================
* Benchmark Result (single input)
  - FPS : 36.87                              
=============================================
=============================================
* Benchmark Result (single input)
  - FPS : 36.84                              
=============================================
=============================================
* Benchmark Result (single input)
  - FPS : 36.56                              
=============================================
=============================================
* Benchmark Result (single input)
  - FPS : 36.49                              
=============================================
=============================================
* Benchmark Result (single input)
  - FPS : 36.96                              
=============================================
=============================================
* Benchmark Result (single input)
  - FPS : 36.69                              
=============================================
=============================================
* Benchmark Result (single input)
  - FPS : 37.06                              
=============================================
=============================================
* Benchmark Result (single input)
  - FPS : 36.36                              
=============================================
=============================================
* Benchmark Result (single input)
  - FPS : 36.68                              
=============================================
=============================================
* Benchmark Result (single input)
  - FPS : 37.17                              
=============================================
=============================================
* Benchmark Result (single input)
  - FPS : 36.26                              
=============================================
=============================================
* Benchmark Result (single input)
  - FPS : 37.16                              
=============================================
=============================================
* Benchmark Result (single input)
  - FPS : 37.42                              
=============================================
=============================================
* Benchmark Result (single input)
  - FPS : 35.85                              
=============================================
=============================================
* Benchmark Result (single input)
  - FPS : 34.85                              
=============================================
=============================================
* Benchmark Result (single input)
  - FPS : 37.34                              
=============================================
=============================================
* Benchmark Result (single input)
  - FPS : 37.19                              
=============================================
=============================================
* Benchmark Result (single input)
  - FPS : 36.49                              
=============================================
=============================================
* Benchmark Result (single input)
  - FPS : 36.73                              
=============================================
=============================================
* Benchmark Result (single input)
  - FPS : 36.73                              
=============================================
=============================================
* Benchmark Result (single input)
  - FPS : 37.11                              
=============================================
=============================================
* Benchmark Result (single input)
  - FPS : 37.46                              
=============================================
=============================================
* Benchmark Result (single input)
  - FPS : 33.59                              
=============================================
=============================================
* Benchmark Result (single input)
  - FPS : 37.49                              
=============================================
=============================================
* Benchmark Result (single input)
  - FPS : 35.74                              
=============================================
=============================================
* Benchmark Result (single input)
  - FPS : 36.26                              
=============================================
=============================================
* Benchmark Result (single input)
  - FPS : 37.20                              
=============================================
=============================================
* Benchmark Result (single input)
  - FPS : 37.31                              
=============================================
=============================================
* Benchmark Result (single input)
  - FPS : 37.32                              
=============================================
=============================================
* Benchmark Result (single input)
  - FPS : 37.18                              
=============================================
=============================================
* Benchmark Result (single input)
  - FPS : 37.36                              
=============================================
=============================================
* Benchmark Result (single input)
  - FPS : 37.29                              
=============================================
=============================================
* Benchmark Result (single input)
  - FPS : 37.58                              
=============================================
=============================================
* Benchmark Result (single input)
  - FPS : 37.47                              
=============================================
=============================================
* Benchmark Result (single input)
  - FPS : 37.26                              
=============================================
=============================================
* Benchmark Result (single input)
  - FPS : 37.29                              
=============================================
=============================================
* Benchmark Result (single input)
  - FPS : 37.48                              
=============================================
=============================================
* Benchmark Result (single input)
  - FPS : 37.23                              
=============================================
=============================================
* Benchmark Result (single input)
  - FPS : 37.33                              
=============================================
=============================================
* Benchmark Result (single input)
  - FPS : 37.24                              
=============================================
=============================================
* Benchmark Result (single input)
  - FPS : 37.54                              
=============================================
=============================================
* Benchmark Result (single input)
  - FPS : 37.27                              
=============================================
=============================================
* Benchmark Result (single input)
  - FPS : 37.37                              
=============================================
=============================================
* Benchmark Result (single input)
  - FPS : 37.37                              
=============================================
=============================================
* Benchmark Result (single input)
  - FPS : 35.91                              
=============================================
=============================================
* Benchmark Result (single input)
  - FPS : 37.25                              
=============================================
=============================================
* Benchmark Result (single input)
  - FPS : 37.24                              
=============================================
=============================================
* Benchmark Result (single input)
  - FPS : 37.34                              
=============================================
=============================================
* Benchmark Result (single input)
  - FPS : 35.86                              
=============================================
=============================================
* Benchmark Result (single input)
  - FPS : 37.28                              
=============================================
=============================================
* Benchmark Result (single input)
  - FPS : 37.24                              
=============================================
=============================================
* Benchmark Result (single input)
  - FPS : 35.76                              
=============================================
=============================================
* Benchmark Result (single input)
  - FPS : 37.44                              
=============================================
=============================================
* Benchmark Result (single input)
  - FPS : 35.67                              
=============================================
=============================================
* Benchmark Result (single input)
  - FPS : 37.34                              
=============================================
=============================================
* Benchmark Result (single input)
  - FPS : 36.64                              
=============================================
=============================================
* Benchmark Result (single input)
  - FPS : 37.44                              
=============================================
=============================================
* Benchmark Result (single input)
  - FPS : 37.06                              
=============================================
=============================================
* Benchmark Result (single input)
  - FPS : 37.21                              
=============================================
=============================================
* Benchmark Result (single input)
  - FPS : 36.92                              
=============================================
=============================================
* Benchmark Result (single input)
  - FPS : 37.11                              
=============================================
=============================================
* Benchmark Result (single input)
  - FPS : 37.43                              
=============================================
=============================================
* Benchmark Result (single input)
  - FPS : 37.12                              
=============================================
=============================================
* Benchmark Result (single input)
  - FPS : 37.38                              
=============================================
=============================================
* Benchmark Result (single input)
  - FPS : 37.54                              
=============================================
=============================================
* Benchmark Result (single input)
  - FPS : 36.72                              
=============================================
=============================================
* Benchmark Result (single input)
  - FPS : 37.46                              
=============================================
=============================================
* Benchmark Result (single input)
  - FPS : 37.42                              
=============================================
=============================================
* Benchmark Result (single input)
  - FPS : 37.22                              
=============================================
=============================================
* Benchmark Result (single input)
  - FPS : 37.16                              
=============================================
=============================================
* Benchmark Result (single input)
  - FPS : 37.12                              
=============================================
=============================================
* Benchmark Result (single input)
  - FPS : 36.83                              
=============================================
=============================================
* Benchmark Result (single input)
  - FPS : 35.61                              
=============================================
=============================================
* Benchmark Result (single input)
  - FPS : 37.22                              
=============================================
=============================================
* Benchmark Result (single input)
  - FPS : 36.86                              
=============================================
=============================================
* Benchmark Result (single input)
  - FPS : 36.99                              
=============================================
=============================================
* Benchmark Result (single input)
  - FPS : 37.31                              
=============================================
=============================================
* Benchmark Result (single input)
  - FPS : 37.04                              
=============================================
=============================================
* Benchmark Result (single input)
  - FPS : 36.55                              
=============================================
=============================================
* Benchmark Result (single input)
  - FPS : 37.17                              
=============================================
=============================================
* Benchmark Result (single input)
  - FPS : 36.84                              
=============================================
=============================================
* Benchmark Result (single input)
  - FPS : 37.02                              
=============================================
=============================================
* Benchmark Result (single input)
  - FPS : 37.10                              
=============================================
=============================================
* Benchmark Result (single input)
  - FPS : 36.71                              
=============================================
=============================================
* Benchmark Result (single input)
  - FPS : 37.37                              
=============================================
=============================================
* Benchmark Result (single input)
  - FPS : 37.24                              
=============================================
=============================================
* Benchmark Result (single input)
  - FPS : 36.80                              
=============================================
=============================================
* Benchmark Result (single input)
  - FPS : 37.19                              
=============================================
=============================================
* Benchmark Result (single input)
  - FPS : 37.12                              
=============================================
=============================================
* Benchmark Result (single input)
  - FPS : 33.42                              
=============================================
=============================================
* Benchmark Result (single input)
  - FPS : 36.62                              
=============================================
=============================================
* Benchmark Result (single input)
  - FPS : 37.48                              
=============================================
=============================================
* Benchmark Result (single input)
  - FPS : 35.85                              
=============================================
=============================================
* Benchmark Result (single input)
  - FPS : 36.93                              
=============================================
=============================================
* Benchmark Result (single input)
  - FPS : 37.17                              
=============================================
=============================================
* Benchmark Result (single input)
  - FPS : 36.92                              
=============================================
=============================================
* Benchmark Result (single input)
  - FPS : 37.61                              
=============================================
=============================================
* Benchmark Result (single input)
  - FPS : 35.25                              
=============================================
=============================================
* Benchmark Result (single input)
  - FPS : 37.10                              
=============================================
=============================================
* Benchmark Result (single input)
  - FPS : 37.50                              
=============================================
=============================================
* Benchmark Result (single input)
  - FPS : 37.15                              
=============================================
=============================================
* Benchmark Result (single input)
  - FPS : 37.10                              
=============================================
=============================================
* Benchmark Result (single input)
  - FPS : 36.85                              
=============================================
=============================================
* Benchmark Result (single input)
  - FPS : 35.74                              
=============================================
=============================================
* Benchmark Result (single input)
  - FPS : 36.82                              
=============================================
=============================================
* Benchmark Result (single input)
  - FPS : 37.12                              
=============================================
=============================================
* Benchmark Result (single input)
  - FPS : 37.03                              
=============================================
=============================================
* Benchmark Result (single input)
  - FPS : 37.28                              
=============================================
=============================================
* Benchmark Result (single input)
  - FPS : 36.40                              
=============================================
=============================================
* Benchmark Result (single input)
  - FPS : 32.79                              
=============================================
=============================================
* Benchmark Result (single input)
  - FPS : 36.65                              
=============================================
=============================================
* Benchmark Result (single input)
  - FPS : 35.50                              
=============================================
=============================================
* Benchmark Result (single input)
  - FPS : 37.05                              
=============================================
=============================================
* Benchmark Result (single input)
  - FPS : 36.90                              
=============================================
=============================================
* Benchmark Result (single input)
  - FPS : 36.22                              
=============================================
=============================================
* Benchmark Result (single input)
  - FPS : 36.56                              
=============================================
=============================================
* Benchmark Result (single input)
  - FPS : 36.91                              
=============================================
=============================================
* Benchmark Result (single input)
  - FPS : 36.73                              
=============================================
=============================================
* Benchmark Result (single input)
  - FPS : 36.81                              
=============================================
=============================================
* Benchmark Result (single input)
  - FPS : 33.04                              
=============================================
=============================================
* Benchmark Result (single input)
  - FPS : 37.14                              
=============================================
=============================================
* Benchmark Result (single input)
  - FPS : 36.02                              
=============================================
=============================================
* Benchmark Result (single input)
  - FPS : 37.21                              
=============================================
=============================================
* Benchmark Result (single input)
  - FPS : 37.40                              
=============================================
=============================================
* Benchmark Result (single input)
  - FPS : 37.42                              
=============================================
=============================================
* Benchmark Result (single input)
  - FPS : 37.50                              
=============================================
=============================================
* Benchmark Result (single input)
  - FPS : 37.45                              
=============================================
=============================================
* Benchmark Result (single input)
  - FPS : 32.90                              
=============================================
=============================================
* Benchmark Result (single input)
  - FPS : 37.54                              
=============================================
=============================================
* Benchmark Result (single input)
  - FPS : 37.56                              
=============================================
=============================================
* Benchmark Result (single input)
  - FPS : 37.13                              
=============================================
=============================================
* Benchmark Result (single input)
  - FPS : 37.35                              
=============================================
=============================================
* Benchmark Result (single input)
  - FPS : 37.56                              
=============================================
=============================================
* Benchmark Result (single input)
  - FPS : 37.41                              
=============================================
=============================================
* Benchmark Result (single input)
  - FPS : 36.42                              
=============================================
=============================================
* Benchmark Result (single input)
  - FPS : 37.36                              
=============================================
=============================================
* Benchmark Result (single input)
  - FPS : 37.49                              
=============================================
=============================================
* Benchmark Result (single input)
  - FPS : 37.58                              
=============================================
=============================================
* Benchmark Result (single input)
  - FPS : 37.08                              
=============================================
=============================================
* Benchmark Result (single input)
  - FPS : 35.74                              
=============================================
=============================================
* Benchmark Result (single input)
  - FPS : 37.60                              
=============================================
=============================================
* Benchmark Result (single input)
  - FPS : 37.54                              
=============================================
=============================================
* Benchmark Result (single input)
  - FPS : 37.22                              
=============================================
=============================================
* Benchmark Result (single input)
  - FPS : 35.56                              
=============================================
=============================================
* Benchmark Result (single input)
  - FPS : 37.61                              
=============================================
=============================================
* Benchmark Result (single input)
  - FPS : 36.99                              
=============================================
=============================================
* Benchmark Result (single input)
  - FPS : 35.84                              
=============================================
=============================================
* Benchmark Result (single input)
  - FPS : 37.31                              
=============================================
=============================================
* Benchmark Result (single input)
  - FPS : 37.55                              
=============================================
=============================================
* Benchmark Result (single input)
  - FPS : 37.27                              
=============================================
=============================================
* Benchmark Result (single input)
  - FPS : 37.28                              
=============================================
=============================================
* Benchmark Result (single input)
  - FPS : 37.50                              
=============================================
=============================================
* Benchmark Result (single input)
  - FPS : 37.43                              
=============================================
=============================================
* Benchmark Result (single input)
  - FPS : 36.73                              
=============================================
=============================================
* Benchmark Result (single input)
  - FPS : 37.37                              
=============================================
=============================================
* Benchmark Result (single input)
  - FPS : 37.58                              
=============================================
=============================================
* Benchmark Result (single input)
  - FPS : 37.00                              
=============================================
=============================================
* Benchmark Result (single input)
  - FPS : 37.52                              
=============================================
=============================================
* Benchmark Result (single input)
  - FPS : 37.36                              
=============================================
=============================================
* Benchmark Result (single input)
  - FPS : 37.16                              
=============================================
=============================================
* Benchmark Result (single input)
  - FPS : 37.07                              
=============================================
=============================================
* Benchmark Result (single input)
  - FPS : 36.90                              
=============================================
=============================================
* Benchmark Result (single input)
  - FPS : 36.85                              
=============================================
=============================================
* Benchmark Result (single input)
  - FPS : 36.98                              
=============================================
=============================================
* Benchmark Result (single input)
  - FPS : 37.29                              
=============================================
=============================================
* Benchmark Result (single input)
  - FPS : 33.20                              
=============================================
=============================================
* Benchmark Result (single input)
  - FPS : 11.41                              
=============================================
=============================================
* Benchmark Result (single input)
  - FPS : 34.20                              
=============================================
=============================================
* Benchmark Result (single input)
  - FPS : 36.99                              
=============================================
=============================================
* Benchmark Result (single input)
  - FPS : 36.66                              
=============================================
=============================================
* Benchmark Result (single input)
  - FPS : 36.89                              
=============================================
=============================================
* Benchmark Result (single input)
  - FPS : 36.59                              
=============================================
=============================================
* Benchmark Result (single input)
  - FPS : 37.02                              
=============================================
=============================================
* Benchmark Result (single input)
  - FPS : 37.27                              
=============================================
=============================================
* Benchmark Result (single input)
  - FPS : 37.15                              
=============================================
=============================================
* Benchmark Result (single input)
  - FPS : 37.06                              
=============================================
=============================================
* Benchmark Result (single input)
  - FPS : 37.15                              
=============================================
=============================================
* Benchmark Result (single input)
  - FPS : 36.19                              
=============================================
=============================================
* Benchmark Result (single input)
  - FPS : 36.34                              
=============================================
=============================================
* Benchmark Result (single input)
  - FPS : 36.91                              
=============================================
=============================================
* Benchmark Result (single input)
  - FPS : 36.30                              
=============================================
=============================================
* Benchmark Result (single input)
  - FPS : 36.64                              
=============================================
=============================================
* Benchmark Result (single input)
  - FPS : 37.18                              
=============================================
=============================================
* Benchmark Result (single input)
  - FPS : 36.88                              
=============================================
=============================================
* Benchmark Result (single input)
  - FPS : 37.03                              
=============================================
=============================================
* Benchmark Result (single input)
  - FPS : 37.04                              
=============================================
=============================================
* Benchmark Result (single input)
  - FPS : 36.74                              
=============================================
=============================================
* Benchmark Result (single input)
  - FPS : 36.50                              
=============================================
=============================================
* Benchmark Result (single input)
  - FPS : 36.99                              
=============================================
=============================================
* Benchmark Result (single input)
  - FPS : 36.80                              
=============================================
=============================================
* Benchmark Result (single input)
  - FPS : 35.92                              
=============================================
=============================================
* Benchmark Result (single input)
  - FPS : 37.09                              
=============================================
=============================================
* Benchmark Result (single input)
  - FPS : 36.76                              
=============================================
=============================================
* Benchmark Result (single input)
  - FPS : 36.85                              
=============================================
=============================================
* Benchmark Result (single input)
  - FPS : 37.03                              
=============================================
=============================================
* Benchmark Result (single input)
  - FPS : 36.49                              
=============================================
=============================================
* Benchmark Result (single input)
  - FPS : 36.64                              
=============================================
=============================================
* Benchmark Result (single input)
  - FPS : 36.97                              
=============================================
=============================================
* Benchmark Result (single input)
  - FPS : 36.69                              
=============================================
=============================================
* Benchmark Result (single input)
  - FPS : 36.66                              
=============================================
=============================================
* Benchmark Result (single input)
  - FPS : 36.57                              
=============================================
=============================================
* Benchmark Result (single input)
  - FPS : 37.00                              
=============================================
=============================================
* Benchmark Result (single input)
  - FPS : 36.80                              
=============================================
=============================================
* Benchmark Result (single input)
  - FPS : 37.13                              
=============================================
=============================================
* Benchmark Result (single input)
  - FPS : 37.01                              
=============================================
=============================================
* Benchmark Result (single input)
  - FPS : 37.24                              
=============================================
=============================================
* Benchmark Result (single input)
  - FPS : 37.47                              
=============================================
=============================================
* Benchmark Result (single input)
  - FPS : 37.11                              
=============================================
=============================================
* Benchmark Result (single input)
  - FPS : 36.12                              
=============================================
=============================================
* Benchmark Result (single input)
  - FPS : 36.28                              
=============================================
=============================================
* Benchmark Result (single input)
  - FPS : 37.05                              
=============================================
=============================================
* Benchmark Result (single input)
  - FPS : 37.50                              
=============================================
=============================================
* Benchmark Result (single input)
  - FPS : 37.58                              
=============================================
=============================================
* Benchmark Result (single input)
  - FPS : 37.52                              
=============================================
=============================================
* Benchmark Result (single input)
  - FPS : 36.93                              
=============================================
=============================================
* Benchmark Result (single input)
  - FPS : 37.54                              
=============================================
=============================================
* Benchmark Result (single input)
  - FPS : 36.62                              
=============================================
=============================================
* Benchmark Result (single input)
  - FPS : 37.57                              
=============================================
=============================================
* Benchmark Result (single input)
  - FPS : 37.01                              
=============================================
=============================================
* Benchmark Result (single input)
  - FPS : 36.84                              
=============================================
=============================================
* Benchmark Result (single input)
  - FPS : 37.61                              
=============================================
=============================================
* Benchmark Result (single input)
  - FPS : 37.10                              
=============================================
=============================================
* Benchmark Result (single input)
  - FPS : 35.69                              
=============================================
=============================================
* Benchmark Result (single input)
  - FPS : 37.01                              
=============================================
=============================================
* Benchmark Result (single input)
  - FPS : 37.00                              
=============================================
=============================================
* Benchmark Result (single input)
  - FPS : 37.46                              
=============================================
=============================================
* Benchmark Result (single input)
  - FPS : 37.42                              
=============================================
=============================================
* Benchmark Result (single input)
  - FPS : 37.41                              
=============================================
=============================================
* Benchmark Result (single input)
  - FPS : 37.55                              
=============================================
=============================================
* Benchmark Result (single input)
  - FPS : 37.64                              
=============================================
=============================================
* Benchmark Result (single input)
  - FPS : 37.36                              
=============================================
=============================================
* Benchmark Result (single input)
  - FPS : 37.46                              
=============================================
=============================================
* Benchmark Result (single input)
  - FPS : 37.58                              
=============================================
=============================================
* Benchmark Result (single input)
  - FPS : 37.58                              
=============================================
=============================================
* Benchmark Result (single input)
  - FPS : 36.83                              
=============================================
=============================================
* Benchmark Result (single input)
  - FPS : 37.26                              
=============================================
=============================================
* Benchmark Result (single input)
  - FPS : 37.12                              
=============================================
Profiler data has been written to profiler.json
  ==============================================================================================
  | Task: npu_0                                                                                |
  ==============================================================================================
  ----------------------------------------------------------------------------------------------
  | Device 0                                                                                   |
  | Name                           |     min (us) |     max (us) | average (us) |      CoV (%) |
  ----------------------------------------------------------------------------------------------
  | Buffer Pool Wait               |         2.16 |         6.54 |         3.34 |        21.83 |
  | NPU Task (total)               |     25527.45 |     28801.40 |     26050.97 |         1.99 |
  |   - NPU Input Format Handler   |         0.42 |        28.71 |         1.42 |       226.51 |
  |   - H2D (Host-to-Device)       |       481.69 |       743.95 |       506.96 |         6.00 |
  |   - Inference                  |     16489.00 |     16499.00 |     16493.09 |         0.01 |
  |     - Inference Core 0         |     16489.00 |     16499.00 |     16493.09 |         0.01 |
  |   - D2H (Device-to-Host)       |      2851.28 |      4610.97 |      2933.96 |         6.83 |
  |   - NPU Output Format Handler  |      5526.52 |      6913.55 |      5952.38 |         6.52 |
  ----------------------------------------------------------------------------------------------
  ----------------------------------------------------------------------------------------------
  | Device 1                                                                                   |
  | Name                           |     min (us) |     max (us) | average (us) |      CoV (%) |
  ----------------------------------------------------------------------------------------------
  | Buffer Pool Wait               |         1.80 |         4.40 |         3.09 |        18.14 |
  | NPU Task (total)               |     25550.24 |     29905.29 |     26276.35 |         3.26 |
  |   - NPU Input Format Handler   |         0.53 |         8.58 |         1.26 |        75.64 |
  |   - H2D (Host-to-Device)       |       489.90 |       927.72 |       525.81 |         9.70 |
  |   - Inference                  |     16485.00 |     16494.00 |     16490.71 |         0.01 |
  |     - Inference Core 0         |     16485.00 |     16494.00 |     16490.71 |         0.01 |
  |   - D2H (Device-to-Host)       |      2884.64 |      4417.30 |      3003.87 |         6.38 |
  |   - NPU Output Format Handler  |      5484.06 |      7125.67 |      5925.66 |         6.58 |
  ----------------------------------------------------------------------------------------------
  ----------------------------------------------------------------------------------------------
  | Device 2                                                                                   |
  | Name                           |     min (us) |     max (us) | average (us) |      CoV (%) |
  ----------------------------------------------------------------------------------------------
  | Buffer Pool Wait               |         2.08 |         7.25 |         3.31 |        24.87 |
  | NPU Task (total)               |     25651.10 |     86603.55 |     27051.18 |        25.95 |
  |   - NPU Input Format Handler   |         0.36 |         7.70 |         1.11 |        79.45 |
  |   - H2D (Host-to-Device)       |       486.54 |       723.21 |       527.38 |         5.50 |
  |   - Inference                  |     16482.00 |     16495.00 |     16489.13 |         0.02 |
  |     - Inference Core 0         |     16482.00 |     16495.00 |     16489.13 |         0.02 |
  |   - D2H (Device-to-Host)       |      2912.57 |      4548.74 |      3050.03 |         6.03 |
  |   - NPU Output Format Handler  |      5512.08 |      6860.05 |      5859.20 |         5.00 |
  ----------------------------------------------------------------------------------------------
  ----------------------------------------------------------------------------------------------
  | Device 3                                                                                   |
  | Name                           |     min (us) |     max (us) | average (us) |      CoV (%) |
  ----------------------------------------------------------------------------------------------
  | Buffer Pool Wait               |         2.08 |         4.60 |         3.29 |        18.16 |
  | NPU Task (total)               |     25609.31 |     29363.95 |     26193.68 |         2.77 |
  |   - NPU Input Format Handler   |         0.37 |        18.76 |         1.14 |       182.60 |
  |   - H2D (Host-to-Device)       |       484.94 |       728.99 |       516.25 |         6.83 |
  |   - Inference                  |     16484.00 |     16497.00 |     16491.41 |         0.02 |
  |     - Inference Core 0         |     16484.00 |     16497.00 |     16491.41 |         0.02 |
  |   - D2H (Device-to-Host)       |      2898.88 |      4709.00 |      3002.92 |         6.90 |
  |   - NPU Output Format Handler  |      5534.74 |      6880.41 |      5919.18 |         6.52 |
  ----------------------------------------------------------------------------------------------

__CPU_PERCENT__=26%
