Runtime Framework Version: v3.4.0
Device Driver Version: v2.5.1
PCIe Driver Version: v2.4.1

modelFile: /home/deepx/work/deepx-yjsong/dx-all-suite/dx-benchmark/benchmark/assets/models/yolo26-m_224x224.dxnn
inputFile: 
outputFile: output.bin
benchmark: 0
loops: 300
Device specification: 'all' (default)
[INFO] Profiler is enabled.
Run model target mode : Single Mode
Inference by loops: count=300

=== Model File: /home/deepx/work/deepx-yjsong/dx-all-suite/dx-benchmark/benchmark/assets/models/yolo26-m_224x224.dxnn ===

Model Input Tensors:
  - images
Model Output Tensors:
  - output0

Tasks:
  [ ] -> npu_0 -> []
  Task[0] npu_0, NPU, NPU memory usage 15,552,832 bytes (input 150,528 bytes, output 4,000 bytes), mem_usage:19,061,056 bytes
  Inputs
     -  images, UINT8, [1, 224, 224, 3 ]
  Outputs
    -  output0, FLOAT, [1, 1000 ]


Performing 1 warmup run(s)...
Warmup completed.
=============================================
* Benchmark Result (single input)
  - FPS : 407.50                             
=============================================
=============================================
* Benchmark Result (single input)
  - FPS : 433.09                             
=============================================
=============================================
* Benchmark Result (single input)
  - FPS : 432.90                             
=============================================
=============================================
* Benchmark Result (single input)
  - FPS : 453.72                             
=============================================
=============================================
* Benchmark Result (single input)
  - FPS : 455.37                             
=============================================
=============================================
* Benchmark Result (single input)
  - FPS : 457.46                             
=============================================
=============================================
* Benchmark Result (single input)
  - FPS : 460.19                             
=============================================
=============================================
* Benchmark Result (single input)
  - FPS : 458.51                             
=============================================
=============================================
* Benchmark Result (single input)
  - FPS : 457.46                             
=============================================
=============================================
* Benchmark Result (single input)
  - FPS : 457.46                             
=============================================
=============================================
* Benchmark Result (single input)
  - FPS : 460.62                             
=============================================
=============================================
* Benchmark Result (single input)
  - FPS : 461.25                             
=============================================
=============================================
* Benchmark Result (single input)
  - FPS : 462.11                             
=============================================
=============================================
* Benchmark Result (single input)
  - FPS : 461.68                             
=============================================
=============================================
* Benchmark Result (single input)
  - FPS : 460.62                             
=============================================
=============================================
* Benchmark Result (single input)
  - FPS : 459.35                             
=============================================
=============================================
* Benchmark Result (single input)
  - FPS : 462.53                             
=============================================
=============================================
* Benchmark Result (single input)
  - FPS : 462.96                             
=============================================
=============================================
* Benchmark Result (single input)
  - FPS : 463.82                             
=============================================
=============================================
* Benchmark Result (single input)
  - FPS : 457.46                             
=============================================
=============================================
* Benchmark Result (single input)
  - FPS : 455.37                             
=============================================
=============================================
* Benchmark Result (single input)
  - FPS : 460.83                             
=============================================
=============================================
* Benchmark Result (single input)
  - FPS : 461.25                             
=============================================
=============================================
* Benchmark Result (single input)
  - FPS : 461.89                             
=============================================
=============================================
* Benchmark Result (single input)
  - FPS : 462.53                             
=============================================
=============================================
* Benchmark Result (single input)
  - FPS : 461.25                             
=============================================
=============================================
* Benchmark Result (single input)
  - FPS : 463.39                             
=============================================
=============================================
* Benchmark Result (single input)
  - FPS : 459.56                             
=============================================
=============================================
* Benchmark Result (single input)
  - FPS : 461.68                             
=============================================
=============================================
* Benchmark Result (single input)
  - FPS : 459.56                             
=============================================
=============================================
* Benchmark Result (single input)
  - FPS : 464.47                             
=============================================
=============================================
* Benchmark Result (single input)
  - FPS : 461.25                             
=============================================
=============================================
* Benchmark Result (single input)
  - FPS : 462.53                             
=============================================
=============================================
* Benchmark Result (single input)
  - FPS : 461.68                             
=============================================
=============================================
* Benchmark Result (single input)
  - FPS : 461.68                             
=============================================
=============================================
* Benchmark Result (single input)
  - FPS : 462.75                             
=============================================
=============================================
* Benchmark Result (single input)
  - FPS : 459.98                             
=============================================
=============================================
* Benchmark Result (single input)
  - FPS : 459.77                             
=============================================
=============================================
* Benchmark Result (single input)
  - FPS : 463.61                             
=============================================
=============================================
* Benchmark Result (single input)
  - FPS : 461.89                             
=============================================
=============================================
* Benchmark Result (single input)
  - FPS : 460.41                             
=============================================
=============================================
* Benchmark Result (single input)
  - FPS : 463.18                             
=============================================
=============================================
* Benchmark Result (single input)
  - FPS : 463.18                             
=============================================
=============================================
* Benchmark Result (single input)
  - FPS : 460.19                             
=============================================
=============================================
* Benchmark Result (single input)
  - FPS : 460.83                             
=============================================
=============================================
* Benchmark Result (single input)
  - FPS : 460.41                             
=============================================
=============================================
* Benchmark Result (single input)
  - FPS : 463.18                             
=============================================
=============================================
* Benchmark Result (single input)
  - FPS : 462.32                             
=============================================
=============================================
* Benchmark Result (single input)
  - FPS : 461.25                             
=============================================
=============================================
* Benchmark Result (single input)
  - FPS : 461.68                             
=============================================
=============================================
* Benchmark Result (single input)
  - FPS : 462.75                             
=============================================
=============================================
* Benchmark Result (single input)
  - FPS : 461.68                             
=============================================
=============================================
* Benchmark Result (single input)
  - FPS : 462.32                             
=============================================
=============================================
* Benchmark Result (single input)
  - FPS : 462.75                             
=============================================
=============================================
* Benchmark Result (single input)
  - FPS : 459.98                             
=============================================
=============================================
* Benchmark Result (single input)
  - FPS : 460.62                             
=============================================
=============================================
* Benchmark Result (single input)
  - FPS : 459.77                             
=============================================
=============================================
* Benchmark Result (single input)
  - FPS : 460.83                             
=============================================
=============================================
* Benchmark Result (single input)
  - FPS : 462.32                             
=============================================
=============================================
* Benchmark Result (single input)
  - FPS : 461.04                             
=============================================
=============================================
* Benchmark Result (single input)
  - FPS : 458.51                             
=============================================
=============================================
* Benchmark Result (single input)
  - FPS : 460.83                             
=============================================
=============================================
* Benchmark Result (single input)
  - FPS : 462.11                             
=============================================
=============================================
* Benchmark Result (single input)
  - FPS : 459.56                             
=============================================
=============================================
* Benchmark Result (single input)
  - FPS : 460.83                             
=============================================
=============================================
* Benchmark Result (single input)
  - FPS : 462.75                             
=============================================
=============================================
* Benchmark Result (single input)
  - FPS : 459.98                             
=============================================
=============================================
* Benchmark Result (single input)
  - FPS : 462.11                             
=============================================
=============================================
* Benchmark Result (single input)
  - FPS : 461.89                             
=============================================
=============================================
* Benchmark Result (single input)
  - FPS : 462.96                             
=============================================
=============================================
* Benchmark Result (single input)
  - FPS : 462.75                             
=============================================
=============================================
* Benchmark Result (single input)
  - FPS : 460.83                             
=============================================
=============================================
* Benchmark Result (single input)
  - FPS : 462.53                             
=============================================
=============================================
* Benchmark Result (single input)
  - FPS : 462.75                             
=============================================
=============================================
* Benchmark Result (single input)
  - FPS : 461.89                             
=============================================
=============================================
* Benchmark Result (single input)
  - FPS : 461.25                             
=============================================
=============================================
* Benchmark Result (single input)
  - FPS : 461.47                             
=============================================
=============================================
* Benchmark Result (single input)
  - FPS : 461.68                             
=============================================
=============================================
* Benchmark Result (single input)
  - FPS : 460.41                             
=============================================
=============================================
* Benchmark Result (single input)
  - FPS : 461.47                             
=============================================
=============================================
* Benchmark Result (single input)
  - FPS : 462.53                             
=============================================
=============================================
* Benchmark Result (single input)
  - FPS : 461.68                             
=============================================
=============================================
* Benchmark Result (single input)
  - FPS : 461.68                             
=============================================
=============================================
* Benchmark Result (single input)
  - FPS : 461.68                             
=============================================
=============================================
* Benchmark Result (single input)
  - FPS : 462.96                             
=============================================
=============================================
* Benchmark Result (single input)
  - FPS : 462.53                             
=============================================
=============================================
* Benchmark Result (single input)
  - FPS : 461.89                             
=============================================
=============================================
* Benchmark Result (single input)
  - FPS : 461.47                             
=============================================
=============================================
* Benchmark Result (single input)
  - FPS : 461.47                             
=============================================
=============================================
* Benchmark Result (single input)
  - FPS : 462.32                             
=============================================
=============================================
* Benchmark Result (single input)
  - FPS : 463.82                             
=============================================
=============================================
* Benchmark Result (single input)
  - FPS : 460.83                             
=============================================
=============================================
* Benchmark Result (single input)
  - FPS : 458.09                             
=============================================
=============================================
* Benchmark Result (single input)
  - FPS : 461.25                             
=============================================
=============================================
* Benchmark Result (single input)
  - FPS : 461.04                             
=============================================
=============================================
* Benchmark Result (single input)
  - FPS : 463.18                             
=============================================
=============================================
* Benchmark Result (single input)
  - FPS : 460.41                             
=============================================
=============================================
* Benchmark Result (single input)
  - FPS : 461.47                             
=============================================
=============================================
* Benchmark Result (single input)
  - FPS : 461.04                             
=============================================
=============================================
* Benchmark Result (single input)
  - FPS : 461.89                             
=============================================
=============================================
* Benchmark Result (single input)
  - FPS : 460.41                             
=============================================
=============================================
* Benchmark Result (single input)
  - FPS : 461.04                             
=============================================
=============================================
* Benchmark Result (single input)
  - FPS : 462.75                             
=============================================
=============================================
* Benchmark Result (single input)
  - FPS : 461.25                             
=============================================
=============================================
* Benchmark Result (single input)
  - FPS : 459.98                             
=============================================
=============================================
* Benchmark Result (single input)
  - FPS : 266.81                             
=============================================
=============================================
* Benchmark Result (single input)
  - FPS : 222.02                             
=============================================
=============================================
* Benchmark Result (single input)
  - FPS : 460.19                             
=============================================
=============================================
* Benchmark Result (single input)
  - FPS : 462.32                             
=============================================
=============================================
* Benchmark Result (single input)
  - FPS : 462.32                             
=============================================
=============================================
* Benchmark Result (single input)
  - FPS : 461.68                             
=============================================
=============================================
* Benchmark Result (single input)
  - FPS : 460.83                             
=============================================
=============================================
* Benchmark Result (single input)
  - FPS : 461.89                             
=============================================
=============================================
* Benchmark Result (single input)
  - FPS : 462.32                             
=============================================
=============================================
* Benchmark Result (single input)
  - FPS : 143.74                             
=============================================
=============================================
* Benchmark Result (single input)
  - FPS : 460.62                             
=============================================
=============================================
* Benchmark Result (single input)
  - FPS : 460.62                             
=============================================
=============================================
* Benchmark Result (single input)
  - FPS : 165.70                             
=============================================
=============================================
* Benchmark Result (single input)
  - FPS : 459.77                             
=============================================
=============================================
* Benchmark Result (single input)
  - FPS : 458.93                             
=============================================
=============================================
* Benchmark Result (single input)
  - FPS : 127.02                             
=============================================
=============================================
* Benchmark Result (single input)
  - FPS : 459.35                             
=============================================
=============================================
* Benchmark Result (single input)
  - FPS : 459.56                             
=============================================
=============================================
* Benchmark Result (single input)
  - FPS : 457.88                             
=============================================
=============================================
* Benchmark Result (single input)
  - FPS : 458.72                             
=============================================
=============================================
* Benchmark Result (single input)
  - FPS : 459.14                             
=============================================
=============================================
* Benchmark Result (single input)
  - FPS : 461.89                             
=============================================
=============================================
* Benchmark Result (single input)
  - FPS : 106.97                             
=============================================
=============================================
* Benchmark Result (single input)
  - FPS : 454.55                             
=============================================
=============================================
* Benchmark Result (single input)
  - FPS : 460.19                             
=============================================
=============================================
* Benchmark Result (single input)
  - FPS : 461.25                             
=============================================
=============================================
* Benchmark Result (single input)
  - FPS : 461.68                             
=============================================
=============================================
* Benchmark Result (single input)
  - FPS : 460.62                             
=============================================
=============================================
* Benchmark Result (single input)
  - FPS : 459.98                             
=============================================
=============================================
* Benchmark Result (single input)
  - FPS : 462.11                             
=============================================
=============================================
* Benchmark Result (single input)
  - FPS : 460.41                             
=============================================
=============================================
* Benchmark Result (single input)
  - FPS : 459.77                             
=============================================
=============================================
* Benchmark Result (single input)
  - FPS : 462.11                             
=============================================
=============================================
* Benchmark Result (single input)
  - FPS : 462.32                             
=============================================
=============================================
* Benchmark Result (single input)
  - FPS : 461.89                             
=============================================
=============================================
* Benchmark Result (single input)
  - FPS : 461.47                             
=============================================
=============================================
* Benchmark Result (single input)
  - FPS : 461.25                             
=============================================
=============================================
* Benchmark Result (single input)
  - FPS : 462.53                             
=============================================
=============================================
* Benchmark Result (single input)
  - FPS : 461.04                             
=============================================
=============================================
* Benchmark Result (single input)
  - FPS : 462.53                             
=============================================
=============================================
* Benchmark Result (single input)
  - FPS : 460.62                             
=============================================
=============================================
* Benchmark Result (single input)
  - FPS : 462.53                             
=============================================
=============================================
* Benchmark Result (single input)
  - FPS : 461.89                             
=============================================
=============================================
* Benchmark Result (single input)
  - FPS : 459.77                             
=============================================
=============================================
* Benchmark Result (single input)
  - FPS : 462.32                             
=============================================
=============================================
* Benchmark Result (single input)
  - FPS : 460.62                             
=============================================
=============================================
* Benchmark Result (single input)
  - FPS : 456.83                             
=============================================
=============================================
* Benchmark Result (single input)
  - FPS : 462.11                             
=============================================
=============================================
* Benchmark Result (single input)
  - FPS : 461.47                             
=============================================
=============================================
* Benchmark Result (single input)
  - FPS : 462.53                             
=============================================
=============================================
* Benchmark Result (single input)
  - FPS : 462.32                             
=============================================
=============================================
* Benchmark Result (single input)
  - FPS : 459.77                             
=============================================
=============================================
* Benchmark Result (single input)
  - FPS : 457.04                             
=============================================
=============================================
* Benchmark Result (single input)
  - FPS : 460.19                             
=============================================
=============================================
* Benchmark Result (single input)
  - FPS : 461.47                             
=============================================
=============================================
* Benchmark Result (single input)
  - FPS : 463.39                             
=============================================
=============================================
* Benchmark Result (single input)
  - FPS : 462.53                             
=============================================
=============================================
* Benchmark Result (single input)
  - FPS : 461.47                             
=============================================
=============================================
* Benchmark Result (single input)
  - FPS : 461.47                             
=============================================
=============================================
* Benchmark Result (single input)
  - FPS : 462.53                             
=============================================
=============================================
* Benchmark Result (single input)
  - FPS : 461.89                             
=============================================
=============================================
* Benchmark Result (single input)
  - FPS : 459.56                             
=============================================
=============================================
* Benchmark Result (single input)
  - FPS : 459.77                             
=============================================
=============================================
* Benchmark Result (single input)
  - FPS : 461.25                             
=============================================
=============================================
* Benchmark Result (single input)
  - FPS : 462.11                             
=============================================
=============================================
* Benchmark Result (single input)
  - FPS : 463.18                             
=============================================
=============================================
* Benchmark Result (single input)
  - FPS : 460.19                             
=============================================
=============================================
* Benchmark Result (single input)
  - FPS : 463.18                             
=============================================
=============================================
* Benchmark Result (single input)
  - FPS : 462.11                             
=============================================
=============================================
* Benchmark Result (single input)
  - FPS : 462.11                             
=============================================
=============================================
* Benchmark Result (single input)
  - FPS : 461.25                             
=============================================
=============================================
* Benchmark Result (single input)
  - FPS : 462.11                             
=============================================
=============================================
* Benchmark Result (single input)
  - FPS : 458.72                             
=============================================
=============================================
* Benchmark Result (single input)
  - FPS : 461.25                             
=============================================
=============================================
* Benchmark Result (single input)
  - FPS : 462.11                             
=============================================
=============================================
* Benchmark Result (single input)
  - FPS : 461.25                             
=============================================
=============================================
* Benchmark Result (single input)
  - FPS : 460.83                             
=============================================
=============================================
* Benchmark Result (single input)
  - FPS : 463.18                             
=============================================
=============================================
* Benchmark Result (single input)
  - FPS : 462.53                             
=============================================
=============================================
* Benchmark Result (single input)
  - FPS : 457.04                             
=============================================
=============================================
* Benchmark Result (single input)
  - FPS : 458.51                             
=============================================
=============================================
* Benchmark Result (single input)
  - FPS : 457.04                             
=============================================
=============================================
* Benchmark Result (single input)
  - FPS : 460.62                             
=============================================
=============================================
* Benchmark Result (single input)
  - FPS : 461.47                             
=============================================
=============================================
* Benchmark Result (single input)
  - FPS : 462.96                             
=============================================
=============================================
* Benchmark Result (single input)
  - FPS : 462.53                             
=============================================
=============================================
* Benchmark Result (single input)
  - FPS : 461.89                             
=============================================
=============================================
* Benchmark Result (single input)
  - FPS : 461.47                             
=============================================
=============================================
* Benchmark Result (single input)
  - FPS : 460.62                             
=============================================
=============================================
* Benchmark Result (single input)
  - FPS : 462.53                             
=============================================
=============================================
* Benchmark Result (single input)
  - FPS : 461.68                             
=============================================
=============================================
* Benchmark Result (single input)
  - FPS : 459.98                             
=============================================
=============================================
* Benchmark Result (single input)
  - FPS : 459.56                             
=============================================
=============================================
* Benchmark Result (single input)
  - FPS : 463.18                             
=============================================
=============================================
* Benchmark Result (single input)
  - FPS : 462.11                             
=============================================
=============================================
* Benchmark Result (single input)
  - FPS : 461.25                             
=============================================
=============================================
* Benchmark Result (single input)
  - FPS : 462.32                             
=============================================
=============================================
* Benchmark Result (single input)
  - FPS : 462.11                             
=============================================
=============================================
* Benchmark Result (single input)
  - FPS : 460.19                             
=============================================
=============================================
* Benchmark Result (single input)
  - FPS : 461.47                             
=============================================
=============================================
* Benchmark Result (single input)
  - FPS : 461.89                             
=============================================
=============================================
* Benchmark Result (single input)
  - FPS : 460.41                             
=============================================
=============================================
* Benchmark Result (single input)
  - FPS : 460.62                             
=============================================
=============================================
* Benchmark Result (single input)
  - FPS : 462.11                             
=============================================
=============================================
* Benchmark Result (single input)
  - FPS : 461.89                             
=============================================
=============================================
* Benchmark Result (single input)
  - FPS : 462.11                             
=============================================
=============================================
* Benchmark Result (single input)
  - FPS : 460.41                             
=============================================
=============================================
* Benchmark Result (single input)
  - FPS : 462.53                             
=============================================
=============================================
* Benchmark Result (single input)
  - FPS : 461.47                             
=============================================
=============================================
* Benchmark Result (single input)
  - FPS : 463.18                             
=============================================
=============================================
* Benchmark Result (single input)
  - FPS : 459.77                             
=============================================
=============================================
* Benchmark Result (single input)
  - FPS : 463.39                             
=============================================
=============================================
* Benchmark Result (single input)
  - FPS : 462.75                             
=============================================
=============================================
* Benchmark Result (single input)
  - FPS : 462.96                             
=============================================
=============================================
* Benchmark Result (single input)
  - FPS : 460.19                             
=============================================
=============================================
* Benchmark Result (single input)
  - FPS : 462.75                             
=============================================
=============================================
* Benchmark Result (single input)
  - FPS : 463.39                             
=============================================
=============================================
* Benchmark Result (single input)
  - FPS : 463.18                             
=============================================
=============================================
* Benchmark Result (single input)
  - FPS : 461.68                             
=============================================
=============================================
* Benchmark Result (single input)
  - FPS : 462.75                             
=============================================
=============================================
* Benchmark Result (single input)
  - FPS : 461.89                             
=============================================
=============================================
* Benchmark Result (single input)
  - FPS : 461.68                             
=============================================
=============================================
* Benchmark Result (single input)
  - FPS : 462.96                             
=============================================
=============================================
* Benchmark Result (single input)
  - FPS : 462.75                             
=============================================
=============================================
* Benchmark Result (single input)
  - FPS : 462.11                             
=============================================
=============================================
* Benchmark Result (single input)
  - FPS : 461.47                             
=============================================
=============================================
* Benchmark Result (single input)
  - FPS : 461.25                             
=============================================
=============================================
* Benchmark Result (single input)
  - FPS : 463.39                             
=============================================
=============================================
* Benchmark Result (single input)
  - FPS : 459.35                             
=============================================
=============================================
* Benchmark Result (single input)
  - FPS : 462.75                             
=============================================
=============================================
* Benchmark Result (single input)
  - FPS : 461.04                             
=============================================
=============================================
* Benchmark Result (single input)
  - FPS : 462.11                             
=============================================
=============================================
* Benchmark Result (single input)
  - FPS : 462.96                             
=============================================
=============================================
* Benchmark Result (single input)
  - FPS : 461.89                             
=============================================
=============================================
* Benchmark Result (single input)
  - FPS : 462.75                             
=============================================
=============================================
* Benchmark Result (single input)
  - FPS : 462.75                             
=============================================
=============================================
* Benchmark Result (single input)
  - FPS : 460.83                             
=============================================
=============================================
* Benchmark Result (single input)
  - FPS : 459.35                             
=============================================
=============================================
* Benchmark Result (single input)
  - FPS : 462.53                             
=============================================
=============================================
* Benchmark Result (single input)
  - FPS : 461.89                             
=============================================
=============================================
* Benchmark Result (single input)
  - FPS : 463.39                             
=============================================
=============================================
* Benchmark Result (single input)
  - FPS : 462.96                             
=============================================
=============================================
* Benchmark Result (single input)
  - FPS : 462.32                             
=============================================
=============================================
* Benchmark Result (single input)
  - FPS : 462.53                             
=============================================
=============================================
* Benchmark Result (single input)
  - FPS : 462.96                             
=============================================
=============================================
* Benchmark Result (single input)
  - FPS : 463.18                             
=============================================
=============================================
* Benchmark Result (single input)
  - FPS : 461.47                             
=============================================
=============================================
* Benchmark Result (single input)
  - FPS : 463.82                             
=============================================
=============================================
* Benchmark Result (single input)
  - FPS : 461.89                             
=============================================
=============================================
* Benchmark Result (single input)
  - FPS : 462.11                             
=============================================
=============================================
* Benchmark Result (single input)
  - FPS : 461.89                             
=============================================
=============================================
* Benchmark Result (single input)
  - FPS : 461.25                             
=============================================
=============================================
* Benchmark Result (single input)
  - FPS : 462.11                             
=============================================
=============================================
* Benchmark Result (single input)
  - FPS : 463.39                             
=============================================
=============================================
* Benchmark Result (single input)
  - FPS : 459.98                             
=============================================
=============================================
* Benchmark Result (single input)
  - FPS : 463.39                             
=============================================
=============================================
* Benchmark Result (single input)
  - FPS : 462.96                             
=============================================
=============================================
* Benchmark Result (single input)
  - FPS : 463.61                             
=============================================
=============================================
* Benchmark Result (single input)
  - FPS : 462.32                             
=============================================
=============================================
* Benchmark Result (single input)
  - FPS : 461.89                             
=============================================
=============================================
* Benchmark Result (single input)
  - FPS : 462.11                             
=============================================
=============================================
* Benchmark Result (single input)
  - FPS : 462.96                             
=============================================
=============================================
* Benchmark Result (single input)
  - FPS : 462.11                             
=============================================
=============================================
* Benchmark Result (single input)
  - FPS : 462.96                             
=============================================
=============================================
* Benchmark Result (single input)
  - FPS : 463.82                             
=============================================
=============================================
* Benchmark Result (single input)
  - FPS : 461.04                             
=============================================
=============================================
* Benchmark Result (single input)
  - FPS : 462.96                             
=============================================
=============================================
* Benchmark Result (single input)
  - FPS : 463.18                             
=============================================
=============================================
* Benchmark Result (single input)
  - FPS : 460.83                             
=============================================
=============================================
* Benchmark Result (single input)
  - FPS : 462.11                             
=============================================
=============================================
* Benchmark Result (single input)
  - FPS : 464.68                             
=============================================
=============================================
* Benchmark Result (single input)
  - FPS : 462.96                             
=============================================
=============================================
* Benchmark Result (single input)
  - FPS : 461.89                             
=============================================
=============================================
* Benchmark Result (single input)
  - FPS : 462.96                             
=============================================
=============================================
* Benchmark Result (single input)
  - FPS : 462.53                             
=============================================
=============================================
* Benchmark Result (single input)
  - FPS : 464.04                             
=============================================
=============================================
* Benchmark Result (single input)
  - FPS : 462.11                             
=============================================
=============================================
* Benchmark Result (single input)
  - FPS : 464.25                             
=============================================
=============================================
* Benchmark Result (single input)
  - FPS : 462.53                             
=============================================
=============================================
* Benchmark Result (single input)
  - FPS : 461.68                             
=============================================
=============================================
* Benchmark Result (single input)
  - FPS : 462.53                             
=============================================
=============================================
* Benchmark Result (single input)
  - FPS : 460.83                             
=============================================
=============================================
* Benchmark Result (single input)
  - FPS : 461.47                             
=============================================
=============================================
* Benchmark Result (single input)
  - FPS : 461.89                             
=============================================
=============================================
* Benchmark Result (single input)
  - FPS : 462.53                             
=============================================
=============================================
* Benchmark Result (single input)
  - FPS : 462.75                             
=============================================
=============================================
* Benchmark Result (single input)
  - FPS : 462.11                             
=============================================
=============================================
* Benchmark Result (single input)
  - FPS : 460.62                             
=============================================
=============================================
* Benchmark Result (single input)
  - FPS : 460.83                             
=============================================
=============================================
* Benchmark Result (single input)
  - FPS : 462.75                             
=============================================
=============================================
* Benchmark Result (single input)
  - FPS : 461.89                             
=============================================
=============================================
* Benchmark Result (single input)
  - FPS : 462.32                             
=============================================
=============================================
* Benchmark Result (single input)
  - FPS : 461.68                             
=============================================
=============================================
* Benchmark Result (single input)
  - FPS : 461.89                             
=============================================
=============================================
* Benchmark Result (single input)
  - FPS : 462.53                             
=============================================
Profiler data has been written to profiler.json
  ==============================================================================================
  | Task: npu_0                                                                                |
  ==============================================================================================
  ----------------------------------------------------------------------------------------------
  | Device 0                                                                                   |
  | Name                           |     min (us) |     max (us) | average (us) |      CoV (%) |
  ----------------------------------------------------------------------------------------------
  | Buffer Pool Wait               |         0.78 |         7.92 |         1.03 |        81.27 |
  | NPU Task (total)               |      2146.23 |      9335.45 |      2258.35 |        36.44 |
  |   - NPU Input Format Handler   |         3.39 |        71.52 |         4.76 |       163.18 |
  |   - H2D (Host-to-Device)       |        79.48 |       116.31 |        84.91 |         5.28 |
  |   - Inference                  |      1956.00 |      1959.00 |      1956.67 |         0.04 |
  |     - Inference Core 0         |      1956.00 |      1959.00 |      1956.67 |         0.04 |
  |   - D2H (Device-to-Host)       |        28.95 |        63.70 |        38.14 |        11.06 |
  |   - NPU Output Format Handler  |         0.38 |        13.56 |         0.78 |       192.10 |
  ----------------------------------------------------------------------------------------------
  ----------------------------------------------------------------------------------------------
  | Device 1                                                                                   |
  | Name                           |     min (us) |     max (us) | average (us) |      CoV (%) |
  ----------------------------------------------------------------------------------------------
  | Buffer Pool Wait               |         0.79 |         5.91 |         1.02 |        61.99 |
  | NPU Task (total)               |      2149.54 |      7865.72 |      2238.40 |        29.44 |
  |   - NPU Input Format Handler   |         3.36 |        48.10 |         4.53 |       114.25 |
  |   - H2D (Host-to-Device)       |        78.63 |       107.64 |        84.11 |         4.75 |
  |   - Inference                  |      1954.00 |      1961.00 |      1956.68 |         0.05 |
  |     - Inference Core 0         |      1954.00 |      1961.00 |      1956.68 |         0.05 |
  |   - D2H (Device-to-Host)       |        32.30 |        62.88 |        38.52 |        11.11 |
  |   - NPU Output Format Handler  |         0.39 |        32.66 |         1.15 |       330.14 |
  ----------------------------------------------------------------------------------------------
  ----------------------------------------------------------------------------------------------
  | Device 2                                                                                   |
  | Name                           |     min (us) |     max (us) | average (us) |      CoV (%) |
  ----------------------------------------------------------------------------------------------
  | Buffer Pool Wait               |         0.77 |        10.67 |         1.08 |       106.02 |
  | NPU Task (total)               |      2150.43 |      6026.69 |      2234.43 |        21.48 |
  |   - NPU Input Format Handler   |         3.31 |        42.94 |         4.43 |       102.95 |
  |   - H2D (Host-to-Device)       |        79.14 |       104.33 |        84.30 |         4.40 |
  |   - Inference                  |      1955.00 |      1959.00 |      1956.08 |         0.05 |
  |     - Inference Core 0         |      1955.00 |      1959.00 |      1956.08 |         0.05 |
  |   - D2H (Device-to-Host)       |        32.30 |        47.40 |        36.76 |         7.16 |
  |   - NPU Output Format Handler  |         0.41 |         7.20 |         0.68 |       113.54 |
  ----------------------------------------------------------------------------------------------
  ----------------------------------------------------------------------------------------------
  | Device 3                                                                                   |
  | Name                           |     min (us) |     max (us) | average (us) |      CoV (%) |
  ----------------------------------------------------------------------------------------------
  | Buffer Pool Wait               |         0.76 |         5.23 |         0.94 |        54.66 |
  | NPU Task (total)               |      2146.25 |      6947.85 |      2253.98 |        27.16 |
  |   - NPU Input Format Handler   |         3.34 |        44.89 |         4.40 |       108.16 |
  |   - H2D (Host-to-Device)       |        78.56 |       101.88 |        83.00 |         3.81 |
  |   - Inference                  |      1956.00 |      1959.00 |      1956.92 |         0.04 |
  |     - Inference Core 0         |      1956.00 |      1959.00 |      1956.92 |         0.04 |
  |   - D2H (Device-to-Host)       |        32.24 |        49.06 |        36.68 |         7.01 |
  |   - NPU Output Format Handler  |         0.38 |        15.82 |         0.90 |       204.49 |
  ----------------------------------------------------------------------------------------------

__CPU_PERCENT__=7%
