Runtime Framework Version: v3.4.0
Device Driver Version: v2.5.1
PCIe Driver Version: v2.4.1

modelFile: /home/deepx/work/deepx-yjsong/dx-all-suite/dx-benchmark/benchmark/assets/models/yolo26-s_640x640.dxnn
inputFile: 
outputFile: output.bin
benchmark: 0
loops: 300
Device specification: 'all' (default)
[INFO] Profiler is enabled.
Run model target mode : Single Mode
Inference by loops: count=300

=== Model File: /home/deepx/work/deepx-yjsong/dx-all-suite/dx-benchmark/benchmark/assets/models/yolo26-s_640x640.dxnn ===

Model Input Tensors:
  - images
Model Output Tensors:
  - output0

Tasks:
  [ ] -> npu_0 -> [cpu_0, ]
  Task[0] npu_0, NPU, NPU memory usage 159,324,928 bytes (input 1,228,800 bytes, output 2,822,400 bytes), mem_usage:307,843,840 bytes
  Inputs
     -  images, UINT8, [1, 640, 640, 3 ]
  Outputs
    -  /model.23/one2one_cv2.0/one2one_cv2.0.2/Conv_output_0, FLOAT, [1, 4, 80, 80 ]
    -  /model.23/one2one_cv2.1/one2one_cv2.1.2/Conv_output_0, FLOAT, [1, 4, 40, 40 ]
    -  /model.23/one2one_cv3.0/one2one_cv3.0.2/Conv_output_0, FLOAT, [1, 80, 80, 80 ]
    -  /model.23/one2one_cv3.1/one2one_cv3.1.2/Conv_output_0, FLOAT, [1, 80, 40, 40 ]
    -  /model.23/one2one_cv2.2/one2one_cv2.2.2/Conv_output_0, FLOAT, [1, 4, 20, 20 ]
    -  /model.23/one2one_cv3.2/one2one_cv3.2.2/Conv_output_0, FLOAT, [1, 80, 20, 20 ]

  [ npu_0, ] -> cpu_0 -> []
  Task[1] cpu_0, CPU, input 2,822,400 bytes, output 8,400 bytes
  Inputs
     -  /model.23/one2one_cv2.0/one2one_cv2.0.2/Conv_output_0, FLOAT, [1, 4, 80, 80 ]
     -  /model.23/one2one_cv2.2/one2one_cv2.2.2/Conv_output_0, FLOAT, [1, 4, 20, 20 ]
     -  /model.23/one2one_cv2.1/one2one_cv2.1.2/Conv_output_0, FLOAT, [1, 4, 40, 40 ]
     -  /model.23/one2one_cv3.0/one2one_cv3.0.2/Conv_output_0, FLOAT, [1, 80, 80, 80 ]
     -  /model.23/one2one_cv3.2/one2one_cv3.2.2/Conv_output_0, FLOAT, [1, 80, 20, 20 ]
     -  /model.23/one2one_cv3.1/one2one_cv3.1.2/Conv_output_0, FLOAT, [1, 80, 40, 40 ]
  Outputs
     -  output0, FLOAT, [1, 300, 6 ]
     -  /model.23/TopK_output_0, FLOAT, [1, 300 ]


Performing 1 warmup run(s)...
Warmup completed.
=============================================
* Benchmark Result (single input)
  - FPS : 51.47                              
=============================================
=============================================
* Benchmark Result (single input)
  - FPS : 54.36                              
=============================================
=============================================
* Benchmark Result (single input)
  - FPS : 53.37                              
=============================================
=============================================
* Benchmark Result (single input)
  - FPS : 58.93                              
=============================================
=============================================
* Benchmark Result (single input)
  - FPS : 58.99                              
=============================================
=============================================
* Benchmark Result (single input)
  - FPS : 58.74                              
=============================================
=============================================
* Benchmark Result (single input)
  - FPS : 59.72                              
=============================================
=============================================
* Benchmark Result (single input)
  - FPS : 59.07                              
=============================================
=============================================
* Benchmark Result (single input)
  - FPS : 59.15                              
=============================================
=============================================
* Benchmark Result (single input)
  - FPS : 59.19                              
=============================================
=============================================
* Benchmark Result (single input)
  - FPS : 56.96                              
=============================================
=============================================
* Benchmark Result (single input)
  - FPS : 58.01                              
=============================================
=============================================
* Benchmark Result (single input)
  - FPS : 58.73                              
=============================================
=============================================
* Benchmark Result (single input)
  - FPS : 58.72                              
=============================================
=============================================
* Benchmark Result (single input)
  - FPS : 58.99                              
=============================================
=============================================
* Benchmark Result (single input)
  - FPS : 59.52                              
=============================================
=============================================
* Benchmark Result (single input)
  - FPS : 57.73                              
=============================================
=============================================
* Benchmark Result (single input)
  - FPS : 58.70                              
=============================================
=============================================
* Benchmark Result (single input)
  - FPS : 59.40                              
=============================================
=============================================
* Benchmark Result (single input)
  - FPS : 58.46                              
=============================================
=============================================
* Benchmark Result (single input)
  - FPS : 52.06                              
=============================================
=============================================
* Benchmark Result (single input)
  - FPS : 58.83                              
=============================================
=============================================
* Benchmark Result (single input)
  - FPS : 57.43                              
=============================================
=============================================
* Benchmark Result (single input)
  - FPS : 56.03                              
=============================================
=============================================
* Benchmark Result (single input)
  - FPS : 57.29                              
=============================================
=============================================
* Benchmark Result (single input)
  - FPS : 59.52                              
=============================================
=============================================
* Benchmark Result (single input)
  - FPS : 58.10                              
=============================================
=============================================
* Benchmark Result (single input)
  - FPS : 58.94                              
=============================================
=============================================
* Benchmark Result (single input)
  - FPS : 56.95                              
=============================================
=============================================
* Benchmark Result (single input)
  - FPS : 58.37                              
=============================================
=============================================
* Benchmark Result (single input)
  - FPS : 57.00                              
=============================================
=============================================
* Benchmark Result (single input)
  - FPS : 58.70                              
=============================================
=============================================
* Benchmark Result (single input)
  - FPS : 58.91                              
=============================================
=============================================
* Benchmark Result (single input)
  - FPS : 57.84                              
=============================================
=============================================
* Benchmark Result (single input)
  - FPS : 58.38                              
=============================================
=============================================
* Benchmark Result (single input)
  - FPS : 58.56                              
=============================================
=============================================
* Benchmark Result (single input)
  - FPS : 58.55                              
=============================================
=============================================
* Benchmark Result (single input)
  - FPS : 58.25                              
=============================================
=============================================
* Benchmark Result (single input)
  - FPS : 58.81                              
=============================================
=============================================
* Benchmark Result (single input)
  - FPS : 58.72                              
=============================================
=============================================
* Benchmark Result (single input)
  - FPS : 59.20                              
=============================================
=============================================
* Benchmark Result (single input)
  - FPS : 59.55                              
=============================================
=============================================
* Benchmark Result (single input)
  - FPS : 59.21                              
=============================================
=============================================
* Benchmark Result (single input)
  - FPS : 59.02                              
=============================================
=============================================
* Benchmark Result (single input)
  - FPS : 59.71                              
=============================================
=============================================
* Benchmark Result (single input)
  - FPS : 58.75                              
=============================================
=============================================
* Benchmark Result (single input)
  - FPS : 59.00                              
=============================================
=============================================
* Benchmark Result (single input)
  - FPS : 59.16                              
=============================================
=============================================
* Benchmark Result (single input)
  - FPS : 59.08                              
=============================================
=============================================
* Benchmark Result (single input)
  - FPS : 58.44                              
=============================================
=============================================
* Benchmark Result (single input)
  - FPS : 58.85                              
=============================================
=============================================
* Benchmark Result (single input)
  - FPS : 58.99                              
=============================================
=============================================
* Benchmark Result (single input)
  - FPS : 59.07                              
=============================================
=============================================
* Benchmark Result (single input)
  - FPS : 59.23                              
=============================================
=============================================
* Benchmark Result (single input)
  - FPS : 59.20                              
=============================================
=============================================
* Benchmark Result (single input)
  - FPS : 58.50                              
=============================================
=============================================
* Benchmark Result (single input)
  - FPS : 59.06                              
=============================================
=============================================
* Benchmark Result (single input)
  - FPS : 58.58                              
=============================================
=============================================
* Benchmark Result (single input)
  - FPS : 58.79                              
=============================================
=============================================
* Benchmark Result (single input)
  - FPS : 58.55                              
=============================================
=============================================
* Benchmark Result (single input)
  - FPS : 59.13                              
=============================================
=============================================
* Benchmark Result (single input)
  - FPS : 59.11                              
=============================================
=============================================
* Benchmark Result (single input)
  - FPS : 58.78                              
=============================================
=============================================
* Benchmark Result (single input)
  - FPS : 57.26                              
=============================================
=============================================
* Benchmark Result (single input)
  - FPS : 58.81                              
=============================================
=============================================
* Benchmark Result (single input)
  - FPS : 59.12                              
=============================================
=============================================
* Benchmark Result (single input)
  - FPS : 59.63                              
=============================================
=============================================
* Benchmark Result (single input)
  - FPS : 59.16                              
=============================================
=============================================
* Benchmark Result (single input)
  - FPS : 59.23                              
=============================================
=============================================
* Benchmark Result (single input)
  - FPS : 59.21                              
=============================================
=============================================
* Benchmark Result (single input)
  - FPS : 59.78                              
=============================================
=============================================
* Benchmark Result (single input)
  - FPS : 59.83                              
=============================================
=============================================
* Benchmark Result (single input)
  - FPS : 57.82                              
=============================================
=============================================
* Benchmark Result (single input)
  - FPS : 59.27                              
=============================================
=============================================
* Benchmark Result (single input)
  - FPS : 59.74                              
=============================================
=============================================
* Benchmark Result (single input)
  - FPS : 58.46                              
=============================================
=============================================
* Benchmark Result (single input)
  - FPS : 59.77                              
=============================================
=============================================
* Benchmark Result (single input)
  - FPS : 58.54                              
=============================================
=============================================
* Benchmark Result (single input)
  - FPS : 59.86                              
=============================================
=============================================
* Benchmark Result (single input)
  - FPS : 58.50                              
=============================================
=============================================
* Benchmark Result (single input)
  - FPS : 58.79                              
=============================================
=============================================
* Benchmark Result (single input)
  - FPS : 58.97                              
=============================================
=============================================
* Benchmark Result (single input)
  - FPS : 58.94                              
=============================================
=============================================
* Benchmark Result (single input)
  - FPS : 59.72                              
=============================================
=============================================
* Benchmark Result (single input)
  - FPS : 55.06                              
=============================================
=============================================
* Benchmark Result (single input)
  - FPS : 59.59                              
=============================================
=============================================
* Benchmark Result (single input)
  - FPS : 59.73                              
=============================================
=============================================
* Benchmark Result (single input)
  - FPS : 59.80                              
=============================================
=============================================
* Benchmark Result (single input)
  - FPS : 59.85                              
=============================================
=============================================
* Benchmark Result (single input)
  - FPS : 59.21                              
=============================================
=============================================
* Benchmark Result (single input)
  - FPS : 54.02                              
=============================================
=============================================
* Benchmark Result (single input)
  - FPS : 56.89                              
=============================================
=============================================
* Benchmark Result (single input)
  - FPS : 58.42                              
=============================================
=============================================
* Benchmark Result (single input)
  - FPS : 56.98                              
=============================================
=============================================
* Benchmark Result (single input)
  - FPS : 58.69                              
=============================================
=============================================
* Benchmark Result (single input)
  - FPS : 58.44                              
=============================================
=============================================
* Benchmark Result (single input)
  - FPS : 59.15                              
=============================================
=============================================
* Benchmark Result (single input)
  - FPS : 58.97                              
=============================================
=============================================
* Benchmark Result (single input)
  - FPS : 59.05                              
=============================================
=============================================
* Benchmark Result (single input)
  - FPS : 59.24                              
=============================================
=============================================
* Benchmark Result (single input)
  - FPS : 59.17                              
=============================================
=============================================
* Benchmark Result (single input)
  - FPS : 58.84                              
=============================================
=============================================
* Benchmark Result (single input)
  - FPS : 59.41                              
=============================================
=============================================
* Benchmark Result (single input)
  - FPS : 58.10                              
=============================================
=============================================
* Benchmark Result (single input)
  - FPS : 58.91                              
=============================================
=============================================
* Benchmark Result (single input)
  - FPS : 59.24                              
=============================================
=============================================
* Benchmark Result (single input)
  - FPS : 58.49                              
=============================================
=============================================
* Benchmark Result (single input)
  - FPS : 57.65                              
=============================================
=============================================
* Benchmark Result (single input)
  - FPS : 59.22                              
=============================================
=============================================
* Benchmark Result (single input)
  - FPS : 59.19                              
=============================================
=============================================
* Benchmark Result (single input)
  - FPS : 58.50                              
=============================================
=============================================
* Benchmark Result (single input)
  - FPS : 59.12                              
=============================================
=============================================
* Benchmark Result (single input)
  - FPS : 59.61                              
=============================================
=============================================
* Benchmark Result (single input)
  - FPS : 58.48                              
=============================================
=============================================
* Benchmark Result (single input)
  - FPS : 58.78                              
=============================================
=============================================
* Benchmark Result (single input)
  - FPS : 59.28                              
=============================================
=============================================
* Benchmark Result (single input)
  - FPS : 58.96                              
=============================================
=============================================
* Benchmark Result (single input)
  - FPS : 59.18                              
=============================================
=============================================
* Benchmark Result (single input)
  - FPS : 57.34                              
=============================================
=============================================
* Benchmark Result (single input)
  - FPS : 59.21                              
=============================================
=============================================
* Benchmark Result (single input)
  - FPS : 59.15                              
=============================================
=============================================
* Benchmark Result (single input)
  - FPS : 59.19                              
=============================================
=============================================
* Benchmark Result (single input)
  - FPS : 59.29                              
=============================================
=============================================
* Benchmark Result (single input)
  - FPS : 59.13                              
=============================================
=============================================
* Benchmark Result (single input)
  - FPS : 59.14                              
=============================================
=============================================
* Benchmark Result (single input)
  - FPS : 59.22                              
=============================================
=============================================
* Benchmark Result (single input)
  - FPS : 60.02                              
=============================================
=============================================
* Benchmark Result (single input)
  - FPS : 58.39                              
=============================================
=============================================
* Benchmark Result (single input)
  - FPS : 59.22                              
=============================================
=============================================
* Benchmark Result (single input)
  - FPS : 59.13                              
=============================================
=============================================
* Benchmark Result (single input)
  - FPS : 59.07                              
=============================================
=============================================
* Benchmark Result (single input)
  - FPS : 60.11                              
=============================================
=============================================
* Benchmark Result (single input)
  - FPS : 59.91                              
=============================================
=============================================
* Benchmark Result (single input)
  - FPS : 60.16                              
=============================================
=============================================
* Benchmark Result (single input)
  - FPS : 60.02                              
=============================================
=============================================
* Benchmark Result (single input)
  - FPS : 60.04                              
=============================================
=============================================
* Benchmark Result (single input)
  - FPS : 59.64                              
=============================================
=============================================
* Benchmark Result (single input)
  - FPS : 59.53                              
=============================================
=============================================
* Benchmark Result (single input)
  - FPS : 59.34                              
=============================================
=============================================
* Benchmark Result (single input)
  - FPS : 59.38                              
=============================================
=============================================
* Benchmark Result (single input)
  - FPS : 59.33                              
=============================================
=============================================
* Benchmark Result (single input)
  - FPS : 59.43                              
=============================================
=============================================
* Benchmark Result (single input)
  - FPS : 59.52                              
=============================================
=============================================
* Benchmark Result (single input)
  - FPS : 59.55                              
=============================================
=============================================
* Benchmark Result (single input)
  - FPS : 59.19                              
=============================================
=============================================
* Benchmark Result (single input)
  - FPS : 59.44                              
=============================================
=============================================
* Benchmark Result (single input)
  - FPS : 59.39                              
=============================================
=============================================
* Benchmark Result (single input)
  - FPS : 59.50                              
=============================================
=============================================
* Benchmark Result (single input)
  - FPS : 59.86                              
=============================================
=============================================
* Benchmark Result (single input)
  - FPS : 60.09                              
=============================================
=============================================
* Benchmark Result (single input)
  - FPS : 59.94                              
=============================================
=============================================
* Benchmark Result (single input)
  - FPS : 59.09                              
=============================================
=============================================
* Benchmark Result (single input)
  - FPS : 58.97                              
=============================================
=============================================
* Benchmark Result (single input)
  - FPS : 58.86                              
=============================================
=============================================
* Benchmark Result (single input)
  - FPS : 59.73                              
=============================================
=============================================
* Benchmark Result (single input)
  - FPS : 59.64                              
=============================================
=============================================
* Benchmark Result (single input)
  - FPS : 59.63                              
=============================================
=============================================
* Benchmark Result (single input)
  - FPS : 59.83                              
=============================================
=============================================
* Benchmark Result (single input)
  - FPS : 59.87                              
=============================================
=============================================
* Benchmark Result (single input)
  - FPS : 59.79                              
=============================================
=============================================
* Benchmark Result (single input)
  - FPS : 59.72                              
=============================================
=============================================
* Benchmark Result (single input)
  - FPS : 58.83                              
=============================================
=============================================
* Benchmark Result (single input)
  - FPS : 59.00                              
=============================================
=============================================
* Benchmark Result (single input)
  - FPS : 58.88                              
=============================================
=============================================
* Benchmark Result (single input)
  - FPS : 59.68                              
=============================================
=============================================
* Benchmark Result (single input)
  - FPS : 58.63                              
=============================================
=============================================
* Benchmark Result (single input)
  - FPS : 59.75                              
=============================================
=============================================
* Benchmark Result (single input)
  - FPS : 59.95                              
=============================================
=============================================
* Benchmark Result (single input)
  - FPS : 59.08                              
=============================================
=============================================
* Benchmark Result (single input)
  - FPS : 59.42                              
=============================================
=============================================
* Benchmark Result (single input)
  - FPS : 59.85                              
=============================================
=============================================
* Benchmark Result (single input)
  - FPS : 59.57                              
=============================================
=============================================
* Benchmark Result (single input)
  - FPS : 59.18                              
=============================================
=============================================
* Benchmark Result (single input)
  - FPS : 59.99                              
=============================================
=============================================
* Benchmark Result (single input)
  - FPS : 58.65                              
=============================================
=============================================
* Benchmark Result (single input)
  - FPS : 54.71                              
=============================================
=============================================
* Benchmark Result (single input)
  - FPS : 59.23                              
=============================================
=============================================
* Benchmark Result (single input)
  - FPS : 58.30                              
=============================================
=============================================
* Benchmark Result (single input)
  - FPS : 58.29                              
=============================================
=============================================
* Benchmark Result (single input)
  - FPS : 58.57                              
=============================================
=============================================
* Benchmark Result (single input)
  - FPS : 58.93                              
=============================================
=============================================
* Benchmark Result (single input)
  - FPS : 58.48                              
=============================================
=============================================
* Benchmark Result (single input)
  - FPS : 59.42                              
=============================================
=============================================
* Benchmark Result (single input)
  - FPS : 59.05                              
=============================================
=============================================
* Benchmark Result (single input)
  - FPS : 58.55                              
=============================================
=============================================
* Benchmark Result (single input)
  - FPS : 58.65                              
=============================================
=============================================
* Benchmark Result (single input)
  - FPS : 58.74                              
=============================================
=============================================
* Benchmark Result (single input)
  - FPS : 58.59                              
=============================================
=============================================
* Benchmark Result (single input)
  - FPS : 58.45                              
=============================================
=============================================
* Benchmark Result (single input)
  - FPS : 58.85                              
=============================================
=============================================
* Benchmark Result (single input)
  - FPS : 57.99                              
=============================================
=============================================
* Benchmark Result (single input)
  - FPS : 58.60                              
=============================================
=============================================
* Benchmark Result (single input)
  - FPS : 57.16                              
=============================================
=============================================
* Benchmark Result (single input)
  - FPS : 57.70                              
=============================================
=============================================
* Benchmark Result (single input)
  - FPS : 58.20                              
=============================================
=============================================
* Benchmark Result (single input)
  - FPS : 57.00                              
=============================================
=============================================
* Benchmark Result (single input)
  - FPS : 57.80                              
=============================================
=============================================
* Benchmark Result (single input)
  - FPS : 57.89                              
=============================================
=============================================
* Benchmark Result (single input)
  - FPS : 57.14                              
=============================================
=============================================
* Benchmark Result (single input)
  - FPS : 54.55                              
=============================================
=============================================
* Benchmark Result (single input)
  - FPS : 58.23                              
=============================================
=============================================
* Benchmark Result (single input)
  - FPS : 58.84                              
=============================================
=============================================
* Benchmark Result (single input)
  - FPS : 55.29                              
=============================================
=============================================
* Benchmark Result (single input)
  - FPS : 58.83                              
=============================================
=============================================
* Benchmark Result (single input)
  - FPS : 58.88                              
=============================================
=============================================
* Benchmark Result (single input)
  - FPS : 58.80                              
=============================================
=============================================
* Benchmark Result (single input)
  - FPS : 59.15                              
=============================================
=============================================
* Benchmark Result (single input)
  - FPS : 59.46                              
=============================================
=============================================
* Benchmark Result (single input)
  - FPS : 55.34                              
=============================================
=============================================
* Benchmark Result (single input)
  - FPS : 57.95                              
=============================================
=============================================
* Benchmark Result (single input)
  - FPS : 59.68                              
=============================================
=============================================
* Benchmark Result (single input)
  - FPS : 55.26                              
=============================================
=============================================
* Benchmark Result (single input)
  - FPS : 57.99                              
=============================================
=============================================
* Benchmark Result (single input)
  - FPS : 58.20                              
=============================================
=============================================
* Benchmark Result (single input)
  - FPS : 58.98                              
=============================================
=============================================
* Benchmark Result (single input)
  - FPS : 58.62                              
=============================================
=============================================
* Benchmark Result (single input)
  - FPS : 59.18                              
=============================================
=============================================
* Benchmark Result (single input)
  - FPS : 59.23                              
=============================================
=============================================
* Benchmark Result (single input)
  - FPS : 59.11                              
=============================================
=============================================
* Benchmark Result (single input)
  - FPS : 59.18                              
=============================================
=============================================
* Benchmark Result (single input)
  - FPS : 59.27                              
=============================================
=============================================
* Benchmark Result (single input)
  - FPS : 59.11                              
=============================================
=============================================
* Benchmark Result (single input)
  - FPS : 58.70                              
=============================================
=============================================
* Benchmark Result (single input)
  - FPS : 50.89                              
=============================================
=============================================
* Benchmark Result (single input)
  - FPS : 57.71                              
=============================================
=============================================
* Benchmark Result (single input)
  - FPS : 59.00                              
=============================================
=============================================
* Benchmark Result (single input)
  - FPS : 59.92                              
=============================================
=============================================
* Benchmark Result (single input)
  - FPS : 59.68                              
=============================================
=============================================
* Benchmark Result (single input)
  - FPS : 58.40                              
=============================================
=============================================
* Benchmark Result (single input)
  - FPS : 59.20                              
=============================================
=============================================
* Benchmark Result (single input)
  - FPS : 57.13                              
=============================================
=============================================
* Benchmark Result (single input)
  - FPS : 59.18                              
=============================================
=============================================
* Benchmark Result (single input)
  - FPS : 59.35                              
=============================================
=============================================
* Benchmark Result (single input)
  - FPS : 58.01                              
=============================================
=============================================
* Benchmark Result (single input)
  - FPS : 59.53                              
=============================================
=============================================
* Benchmark Result (single input)
  - FPS : 59.09                              
=============================================
=============================================
* Benchmark Result (single input)
  - FPS : 59.11                              
=============================================
=============================================
* Benchmark Result (single input)
  - FPS : 59.19                              
=============================================
=============================================
* Benchmark Result (single input)
  - FPS : 59.36                              
=============================================
=============================================
* Benchmark Result (single input)
  - FPS : 58.49                              
=============================================
=============================================
* Benchmark Result (single input)
  - FPS : 57.21                              
=============================================
=============================================
* Benchmark Result (single input)
  - FPS : 58.11                              
=============================================
=============================================
* Benchmark Result (single input)
  - FPS : 58.40                              
=============================================
=============================================
* Benchmark Result (single input)
  - FPS : 59.07                              
=============================================
=============================================
* Benchmark Result (single input)
  - FPS : 58.54                              
=============================================
=============================================
* Benchmark Result (single input)
  - FPS : 59.04                              
=============================================
=============================================
* Benchmark Result (single input)
  - FPS : 59.13                              
=============================================
=============================================
* Benchmark Result (single input)
  - FPS : 59.17                              
=============================================
=============================================
* Benchmark Result (single input)
  - FPS : 59.07                              
=============================================
=============================================
* Benchmark Result (single input)
  - FPS : 58.72                              
=============================================
=============================================
* Benchmark Result (single input)
  - FPS : 59.18                              
=============================================
=============================================
* Benchmark Result (single input)
  - FPS : 58.13                              
=============================================
=============================================
* Benchmark Result (single input)
  - FPS : 58.88                              
=============================================
=============================================
* Benchmark Result (single input)
  - FPS : 59.06                              
=============================================
=============================================
* Benchmark Result (single input)
  - FPS : 58.75                              
=============================================
=============================================
* Benchmark Result (single input)
  - FPS : 59.20                              
=============================================
=============================================
* Benchmark Result (single input)
  - FPS : 59.02                              
=============================================
=============================================
* Benchmark Result (single input)
  - FPS : 59.19                              
=============================================
=============================================
* Benchmark Result (single input)
  - FPS : 59.19                              
=============================================
=============================================
* Benchmark Result (single input)
  - FPS : 58.82                              
=============================================
=============================================
* Benchmark Result (single input)
  - FPS : 58.63                              
=============================================
=============================================
* Benchmark Result (single input)
  - FPS : 58.93                              
=============================================
=============================================
* Benchmark Result (single input)
  - FPS : 58.71                              
=============================================
=============================================
* Benchmark Result (single input)
  - FPS : 59.15                              
=============================================
=============================================
* Benchmark Result (single input)
  - FPS : 59.38                              
=============================================
=============================================
* Benchmark Result (single input)
  - FPS : 58.90                              
=============================================
=============================================
* Benchmark Result (single input)
  - FPS : 59.02                              
=============================================
=============================================
* Benchmark Result (single input)
  - FPS : 59.67                              
=============================================
=============================================
* Benchmark Result (single input)
  - FPS : 58.67                              
=============================================
=============================================
* Benchmark Result (single input)
  - FPS : 59.64                              
=============================================
=============================================
* Benchmark Result (single input)
  - FPS : 59.50                              
=============================================
=============================================
* Benchmark Result (single input)
  - FPS : 57.88                              
=============================================
=============================================
* Benchmark Result (single input)
  - FPS : 59.48                              
=============================================
=============================================
* Benchmark Result (single input)
  - FPS : 57.77                              
=============================================
=============================================
* Benchmark Result (single input)
  - FPS : 59.66                              
=============================================
=============================================
* Benchmark Result (single input)
  - FPS : 58.31                              
=============================================
=============================================
* Benchmark Result (single input)
  - FPS : 58.11                              
=============================================
=============================================
* Benchmark Result (single input)
  - FPS : 58.37                              
=============================================
=============================================
* Benchmark Result (single input)
  - FPS : 59.71                              
=============================================
=============================================
* Benchmark Result (single input)
  - FPS : 58.04                              
=============================================
=============================================
* Benchmark Result (single input)
  - FPS : 59.08                              
=============================================
=============================================
* Benchmark Result (single input)
  - FPS : 58.08                              
=============================================
=============================================
* Benchmark Result (single input)
  - FPS : 58.67                              
=============================================
=============================================
* Benchmark Result (single input)
  - FPS : 58.55                              
=============================================
=============================================
* Benchmark Result (single input)
  - FPS : 59.21                              
=============================================
=============================================
* Benchmark Result (single input)
  - FPS : 59.27                              
=============================================
=============================================
* Benchmark Result (single input)
  - FPS : 58.38                              
=============================================
=============================================
* Benchmark Result (single input)
  - FPS : 59.57                              
=============================================
=============================================
* Benchmark Result (single input)
  - FPS : 57.89                              
=============================================
=============================================
* Benchmark Result (single input)
  - FPS : 58.46                              
=============================================
=============================================
* Benchmark Result (single input)
  - FPS : 59.71                              
=============================================
=============================================
* Benchmark Result (single input)
  - FPS : 59.02                              
=============================================
=============================================
* Benchmark Result (single input)
  - FPS : 59.25                              
=============================================
=============================================
* Benchmark Result (single input)
  - FPS : 58.92                              
=============================================
=============================================
* Benchmark Result (single input)
  - FPS : 59.08                              
=============================================
=============================================
* Benchmark Result (single input)
  - FPS : 59.08                              
=============================================
=============================================
* Benchmark Result (single input)
  - FPS : 58.79                              
=============================================
=============================================
* Benchmark Result (single input)
  - FPS : 57.27                              
=============================================
=============================================
* Benchmark Result (single input)
  - FPS : 59.13                              
=============================================
=============================================
* Benchmark Result (single input)
  - FPS : 59.12                              
=============================================
Profiler data has been written to profiler.json
  ==============================================================================================
  | Task: cpu_0                                                                                |
  ==============================================================================================
  ----------------------------------------------------------------------------------------------
  | CPU                                                                                        |
  | Name                           |     min (us) |     max (us) | average (us) |      CoV (%) |
  ----------------------------------------------------------------------------------------------
  | Buffer Pool Wait               |         0.69 |         5.39 |         1.00 |        40.34 |
  | CPU Dispatch Wait              |         2.69 |        18.27 |         5.70 |        80.85 |
  | CPU Task (total)               |       618.01 |      1854.08 |       758.81 |        19.41 |
  ----------------------------------------------------------------------------------------------
  ==============================================================================================
  | Task: npu_0                                                                                |
  ==============================================================================================
  ----------------------------------------------------------------------------------------------
  | Device 0                                                                                   |
  | Name                           |     min (us) |     max (us) | average (us) |      CoV (%) |
  ----------------------------------------------------------------------------------------------
  | Buffer Pool Wait               |         1.10 |         7.59 |         1.94 |        45.54 |
  | NPU Task (total)               |     15985.18 |     18924.25 |     16299.63 |         2.78 |
  |   - NPU Input Format Handler   |         0.23 |        23.28 |         0.79 |       331.77 |
  |   - H2D (Host-to-Device)       |       431.30 |       758.78 |       456.02 |         8.36 |
  |   - Inference                  |     12890.00 |     12899.00 |     12894.42 |         0.02 |
  |     - Inference Core 0         |     12890.00 |     12899.00 |     12894.42 |         0.02 |
  |   - D2H (Device-to-Host)       |      1507.39 |      2375.36 |      1557.90 |         6.28 |
  |   - NPU Output Format Handler  |      1032.11 |      2455.09 |      1245.68 |        22.04 |
  ----------------------------------------------------------------------------------------------
  ----------------------------------------------------------------------------------------------
  | Device 1                                                                                   |
  | Name                           |     min (us) |     max (us) | average (us) |      CoV (%) |
  ----------------------------------------------------------------------------------------------
  | Buffer Pool Wait               |         1.10 |         6.15 |         1.88 |        46.05 |
  | NPU Task (total)               |     15974.30 |     18289.68 |     16280.04 |         2.21 |
  |   - NPU Input Format Handler   |         0.16 |        16.19 |         0.66 |       277.44 |
  |   - H2D (Host-to-Device)       |       436.31 |       777.14 |       457.39 |         8.51 |
  |   - Inference                  |     12886.00 |     12897.00 |     12892.31 |         0.02 |
  |     - Inference Core 0         |     12886.00 |     12897.00 |     12892.31 |         0.02 |
  |   - D2H (Device-to-Host)       |      1501.70 |      2328.24 |      1556.24 |         5.92 |
  |   - NPU Output Format Handler  |      1034.62 |      2362.66 |      1232.19 |        17.96 |
  ----------------------------------------------------------------------------------------------
  ----------------------------------------------------------------------------------------------
  | Device 2                                                                                   |
  | Name                           |     min (us) |     max (us) | average (us) |      CoV (%) |
  ----------------------------------------------------------------------------------------------
  | Buffer Pool Wait               |         0.91 |        12.33 |         1.68 |        83.38 |
  | NPU Task (total)               |     15974.50 |     17577.39 |     16225.87 |         1.27 |
  |   - NPU Input Format Handler   |         0.18 |         6.13 |         0.52 |       131.70 |
  |   - H2D (Host-to-Device)       |       431.81 |       776.93 |       456.11 |         8.60 |
  |   - Inference                  |     12884.00 |     12898.00 |     12892.64 |         0.02 |
  |     - Inference Core 0         |     12884.00 |     12898.00 |     12892.64 |         0.02 |
  |   - D2H (Device-to-Host)       |      1510.15 |      2404.25 |      1562.70 |         6.52 |
  |   - NPU Output Format Handler  |      1030.91 |      1714.42 |      1201.77 |         9.74 |
  ----------------------------------------------------------------------------------------------
  ----------------------------------------------------------------------------------------------
  | Device 3                                                                                   |
  | Name                           |     min (us) |     max (us) | average (us) |      CoV (%) |
  ----------------------------------------------------------------------------------------------
  | Buffer Pool Wait               |         1.02 |         6.54 |         1.74 |        42.43 |
  | NPU Task (total)               |     15978.46 |     17968.97 |     16238.73 |         1.96 |
  |   - NPU Input Format Handler   |         0.19 |         7.51 |         0.52 |       164.45 |
  |   - H2D (Host-to-Device)       |       438.69 |       788.87 |       458.41 |         8.83 |
  |   - Inference                  |     12885.00 |     12896.00 |     12890.07 |         0.02 |
  |     - Inference Core 0         |     12885.00 |     12896.00 |     12890.07 |         0.02 |
  |   - D2H (Device-to-Host)       |      1505.74 |      2458.85 |      1555.63 |         6.91 |
  |   - NPU Output Format Handler  |      1031.99 |      2423.41 |      1228.74 |        19.70 |
  ----------------------------------------------------------------------------------------------

__CPU_PERCENT__=13%
