Runtime Framework Version: v3.4.0
Device Driver Version: v2.5.1
PCIe Driver Version: v2.4.1

modelFile: /home/deepx/work/deepx-yjsong/dx-all-suite/dx-benchmark/benchmark/assets/models/yolo26-n_640x640.dxnn
inputFile: 
outputFile: output.bin
benchmark: 0
loops: 300
Device specification: 'all' (default)
[INFO] Profiler is enabled.
Run model target mode : Single Mode
Inference by loops: count=300

=== Model File: /home/deepx/work/deepx-yjsong/dx-all-suite/dx-benchmark/benchmark/assets/models/yolo26-n_640x640.dxnn ===

Model Input Tensors:
  - images
Model Output Tensors:
  - output0

Tasks:
  [ ] -> npu_0 -> [cpu_0, ]
  Task[0] npu_0, NPU, NPU memory usage 123,523,264 bytes (input 1,228,800 bytes, output 2,822,400 bytes), mem_usage:243,632,320 bytes
  Inputs
     -  images, UINT8, [1, 640, 640, 3 ]
  Outputs
    -  /model.23/one2one_cv2.0/one2one_cv2.0.2/Conv_output_0, FLOAT, [1, 4, 80, 80 ]
    -  /model.23/one2one_cv3.0/one2one_cv3.0.2/Conv_output_0, FLOAT, [1, 80, 80, 80 ]
    -  /model.23/one2one_cv2.1/one2one_cv2.1.2/Conv_output_0, FLOAT, [1, 4, 40, 40 ]
    -  /model.23/one2one_cv3.1/one2one_cv3.1.2/Conv_output_0, FLOAT, [1, 80, 40, 40 ]
    -  /model.23/one2one_cv2.2/one2one_cv2.2.2/Conv_output_0, FLOAT, [1, 4, 20, 20 ]
    -  /model.23/one2one_cv3.2/one2one_cv3.2.2/Conv_output_0, FLOAT, [1, 80, 20, 20 ]

  [ npu_0, ] -> cpu_0 -> []
  Task[1] cpu_0, CPU, input 2,822,400 bytes, output 8,400 bytes
  Inputs
     -  /model.23/one2one_cv2.0/one2one_cv2.0.2/Conv_output_0, FLOAT, [1, 4, 80, 80 ]
     -  /model.23/one2one_cv2.1/one2one_cv2.1.2/Conv_output_0, FLOAT, [1, 4, 40, 40 ]
     -  /model.23/one2one_cv2.2/one2one_cv2.2.2/Conv_output_0, FLOAT, [1, 4, 20, 20 ]
     -  /model.23/one2one_cv3.0/one2one_cv3.0.2/Conv_output_0, FLOAT, [1, 80, 80, 80 ]
     -  /model.23/one2one_cv3.1/one2one_cv3.1.2/Conv_output_0, FLOAT, [1, 80, 40, 40 ]
     -  /model.23/one2one_cv3.2/one2one_cv3.2.2/Conv_output_0, FLOAT, [1, 80, 20, 20 ]
  Outputs
     -  /model.23/TopK_output_0, FLOAT, [1, 300 ]
     -  output0, FLOAT, [1, 300, 6 ]


Performing 1 warmup run(s)...
Warmup completed.
=============================================
* Benchmark Result (single input)
  - FPS : 75.37                              
=============================================
=============================================
* Benchmark Result (single input)
  - FPS : 79.90                              
=============================================
=============================================
* Benchmark Result (single input)
  - FPS : 81.06                              
=============================================
=============================================
* Benchmark Result (single input)
  - FPS : 84.57                              
=============================================
=============================================
* Benchmark Result (single input)
  - FPS : 89.25                              
=============================================
=============================================
* Benchmark Result (single input)
  - FPS : 90.38                              
=============================================
=============================================
* Benchmark Result (single input)
  - FPS : 90.24                              
=============================================
=============================================
* Benchmark Result (single input)
  - FPS : 88.94                              
=============================================
=============================================
* Benchmark Result (single input)
  - FPS : 84.98                              
=============================================
=============================================
* Benchmark Result (single input)
  - FPS : 89.24                              
=============================================
=============================================
* Benchmark Result (single input)
  - FPS : 89.52                              
=============================================
=============================================
* Benchmark Result (single input)
  - FPS : 90.56                              
=============================================
=============================================
* Benchmark Result (single input)
  - FPS : 90.65                              
=============================================
=============================================
* Benchmark Result (single input)
  - FPS : 90.28                              
=============================================
=============================================
* Benchmark Result (single input)
  - FPS : 88.05                              
=============================================
=============================================
* Benchmark Result (single input)
  - FPS : 89.21                              
=============================================
=============================================
* Benchmark Result (single input)
  - FPS : 87.66                              
=============================================
=============================================
* Benchmark Result (single input)
  - FPS : 77.81                              
=============================================
=============================================
* Benchmark Result (single input)
  - FPS : 87.56                              
=============================================
=============================================
* Benchmark Result (single input)
  - FPS : 87.45                              
=============================================
=============================================
* Benchmark Result (single input)
  - FPS : 84.57                              
=============================================
=============================================
* Benchmark Result (single input)
  - FPS : 87.78                              
=============================================
=============================================
* Benchmark Result (single input)
  - FPS : 88.95                              
=============================================
=============================================
* Benchmark Result (single input)
  - FPS : 88.00                              
=============================================
=============================================
* Benchmark Result (single input)
  - FPS : 87.97                              
=============================================
=============================================
* Benchmark Result (single input)
  - FPS : 83.92                              
=============================================
=============================================
* Benchmark Result (single input)
  - FPS : 85.64                              
=============================================
=============================================
* Benchmark Result (single input)
  - FPS : 88.44                              
=============================================
=============================================
* Benchmark Result (single input)
  - FPS : 88.56                              
=============================================
=============================================
* Benchmark Result (single input)
  - FPS : 88.67                              
=============================================
=============================================
* Benchmark Result (single input)
  - FPS : 88.69                              
=============================================
=============================================
* Benchmark Result (single input)
  - FPS : 89.12                              
=============================================
=============================================
* Benchmark Result (single input)
  - FPS : 85.41                              
=============================================
=============================================
* Benchmark Result (single input)
  - FPS : 88.82                              
=============================================
=============================================
* Benchmark Result (single input)
  - FPS : 88.66                              
=============================================
=============================================
* Benchmark Result (single input)
  - FPS : 89.72                              
=============================================
=============================================
* Benchmark Result (single input)
  - FPS : 85.61                              
=============================================
=============================================
* Benchmark Result (single input)
  - FPS : 86.43                              
=============================================
=============================================
* Benchmark Result (single input)
  - FPS : 88.76                              
=============================================
=============================================
* Benchmark Result (single input)
  - FPS : 89.37                              
=============================================
=============================================
* Benchmark Result (single input)
  - FPS : 87.76                              
=============================================
=============================================
* Benchmark Result (single input)
  - FPS : 85.02                              
=============================================
=============================================
* Benchmark Result (single input)
  - FPS : 88.64                              
=============================================
=============================================
* Benchmark Result (single input)
  - FPS : 88.55                              
=============================================
=============================================
* Benchmark Result (single input)
  - FPS : 88.74                              
=============================================
=============================================
* Benchmark Result (single input)
  - FPS : 88.85                              
=============================================
=============================================
* Benchmark Result (single input)
  - FPS : 88.94                              
=============================================
=============================================
* Benchmark Result (single input)
  - FPS : 88.78                              
=============================================
=============================================
* Benchmark Result (single input)
  - FPS : 89.11                              
=============================================
=============================================
* Benchmark Result (single input)
  - FPS : 88.36                              
=============================================
=============================================
* Benchmark Result (single input)
  - FPS : 85.70                              
=============================================
=============================================
* Benchmark Result (single input)
  - FPS : 88.20                              
=============================================
=============================================
* Benchmark Result (single input)
  - FPS : 88.64                              
=============================================
=============================================
* Benchmark Result (single input)
  - FPS : 88.57                              
=============================================
=============================================
* Benchmark Result (single input)
  - FPS : 88.92                              
=============================================
=============================================
* Benchmark Result (single input)
  - FPS : 88.98                              
=============================================
=============================================
* Benchmark Result (single input)
  - FPS : 86.42                              
=============================================
=============================================
* Benchmark Result (single input)
  - FPS : 88.76                              
=============================================
=============================================
* Benchmark Result (single input)
  - FPS : 88.22                              
=============================================
=============================================
* Benchmark Result (single input)
  - FPS : 88.91                              
=============================================
=============================================
* Benchmark Result (single input)
  - FPS : 88.43                              
=============================================
=============================================
* Benchmark Result (single input)
  - FPS : 88.22                              
=============================================
=============================================
* Benchmark Result (single input)
  - FPS : 89.29                              
=============================================
=============================================
* Benchmark Result (single input)
  - FPS : 91.15                              
=============================================
=============================================
* Benchmark Result (single input)
  - FPS : 89.81                              
=============================================
=============================================
* Benchmark Result (single input)
  - FPS : 89.80                              
=============================================
=============================================
* Benchmark Result (single input)
  - FPS : 88.55                              
=============================================
=============================================
* Benchmark Result (single input)
  - FPS : 89.45                              
=============================================
=============================================
* Benchmark Result (single input)
  - FPS : 89.99                              
=============================================
=============================================
* Benchmark Result (single input)
  - FPS : 88.50                              
=============================================
=============================================
* Benchmark Result (single input)
  - FPS : 89.57                              
=============================================
=============================================
* Benchmark Result (single input)
  - FPS : 89.45                              
=============================================
=============================================
* Benchmark Result (single input)
  - FPS : 87.25                              
=============================================
=============================================
* Benchmark Result (single input)
  - FPS : 88.34                              
=============================================
=============================================
* Benchmark Result (single input)
  - FPS : 88.32                              
=============================================
=============================================
* Benchmark Result (single input)
  - FPS : 89.77                              
=============================================
=============================================
* Benchmark Result (single input)
  - FPS : 88.41                              
=============================================
=============================================
* Benchmark Result (single input)
  - FPS : 89.74                              
=============================================
=============================================
* Benchmark Result (single input)
  - FPS : 90.56                              
=============================================
=============================================
* Benchmark Result (single input)
  - FPS : 87.07                              
=============================================
=============================================
* Benchmark Result (single input)
  - FPS : 90.40                              
=============================================
=============================================
* Benchmark Result (single input)
  - FPS : 88.83                              
=============================================
=============================================
* Benchmark Result (single input)
  - FPS : 88.94                              
=============================================
=============================================
* Benchmark Result (single input)
  - FPS : 89.38                              
=============================================
=============================================
* Benchmark Result (single input)
  - FPS : 87.47                              
=============================================
=============================================
* Benchmark Result (single input)
  - FPS : 87.70                              
=============================================
=============================================
* Benchmark Result (single input)
  - FPS : 88.95                              
=============================================
=============================================
* Benchmark Result (single input)
  - FPS : 88.94                              
=============================================
=============================================
* Benchmark Result (single input)
  - FPS : 87.73                              
=============================================
=============================================
* Benchmark Result (single input)
  - FPS : 88.25                              
=============================================
=============================================
* Benchmark Result (single input)
  - FPS : 88.72                              
=============================================
=============================================
* Benchmark Result (single input)
  - FPS : 88.65                              
=============================================
=============================================
* Benchmark Result (single input)
  - FPS : 87.67                              
=============================================
=============================================
* Benchmark Result (single input)
  - FPS : 89.31                              
=============================================
=============================================
* Benchmark Result (single input)
  - FPS : 83.91                              
=============================================
=============================================
* Benchmark Result (single input)
  - FPS : 88.86                              
=============================================
=============================================
* Benchmark Result (single input)
  - FPS : 89.59                              
=============================================
=============================================
* Benchmark Result (single input)
  - FPS : 89.94                              
=============================================
=============================================
* Benchmark Result (single input)
  - FPS : 88.77                              
=============================================
=============================================
* Benchmark Result (single input)
  - FPS : 88.74                              
=============================================
=============================================
* Benchmark Result (single input)
  - FPS : 88.57                              
=============================================
=============================================
* Benchmark Result (single input)
  - FPS : 90.19                              
=============================================
=============================================
* Benchmark Result (single input)
  - FPS : 88.13                              
=============================================
=============================================
* Benchmark Result (single input)
  - FPS : 89.20                              
=============================================
=============================================
* Benchmark Result (single input)
  - FPS : 88.75                              
=============================================
=============================================
* Benchmark Result (single input)
  - FPS : 88.32                              
=============================================
=============================================
* Benchmark Result (single input)
  - FPS : 89.64                              
=============================================
=============================================
* Benchmark Result (single input)
  - FPS : 90.42                              
=============================================
=============================================
* Benchmark Result (single input)
  - FPS : 89.43                              
=============================================
=============================================
* Benchmark Result (single input)
  - FPS : 90.48                              
=============================================
=============================================
* Benchmark Result (single input)
  - FPS : 86.09                              
=============================================
=============================================
* Benchmark Result (single input)
  - FPS : 90.89                              
=============================================
=============================================
* Benchmark Result (single input)
  - FPS : 90.43                              
=============================================
=============================================
* Benchmark Result (single input)
  - FPS : 89.82                              
=============================================
=============================================
* Benchmark Result (single input)
  - FPS : 88.98                              
=============================================
=============================================
* Benchmark Result (single input)
  - FPS : 89.81                              
=============================================
=============================================
* Benchmark Result (single input)
  - FPS : 90.19                              
=============================================
=============================================
* Benchmark Result (single input)
  - FPS : 88.28                              
=============================================
=============================================
* Benchmark Result (single input)
  - FPS : 90.19                              
=============================================
=============================================
* Benchmark Result (single input)
  - FPS : 88.14                              
=============================================
=============================================
* Benchmark Result (single input)
  - FPS : 88.04                              
=============================================
=============================================
* Benchmark Result (single input)
  - FPS : 88.98                              
=============================================
=============================================
* Benchmark Result (single input)
  - FPS : 89.15                              
=============================================
=============================================
* Benchmark Result (single input)
  - FPS : 87.71                              
=============================================
=============================================
* Benchmark Result (single input)
  - FPS : 89.05                              
=============================================
=============================================
* Benchmark Result (single input)
  - FPS : 85.15                              
=============================================
=============================================
* Benchmark Result (single input)
  - FPS : 86.56                              
=============================================
=============================================
* Benchmark Result (single input)
  - FPS : 84.40                              
=============================================
=============================================
* Benchmark Result (single input)
  - FPS : 85.19                              
=============================================
=============================================
* Benchmark Result (single input)
  - FPS : 79.59                              
=============================================
=============================================
* Benchmark Result (single input)
  - FPS : 88.42                              
=============================================
=============================================
* Benchmark Result (single input)
  - FPS : 84.77                              
=============================================
=============================================
* Benchmark Result (single input)
  - FPS : 78.91                              
=============================================
=============================================
* Benchmark Result (single input)
  - FPS : 86.60                              
=============================================
=============================================
* Benchmark Result (single input)
  - FPS : 82.35                              
=============================================
=============================================
* Benchmark Result (single input)
  - FPS : 87.67                              
=============================================
=============================================
* Benchmark Result (single input)
  - FPS : 79.18                              
=============================================
=============================================
* Benchmark Result (single input)
  - FPS : 88.73                              
=============================================
=============================================
* Benchmark Result (single input)
  - FPS : 88.49                              
=============================================
=============================================
* Benchmark Result (single input)
  - FPS : 85.98                              
=============================================
=============================================
* Benchmark Result (single input)
  - FPS : 87.93                              
=============================================
=============================================
* Benchmark Result (single input)
  - FPS : 88.90                              
=============================================
=============================================
* Benchmark Result (single input)
  - FPS : 88.42                              
=============================================
=============================================
* Benchmark Result (single input)
  - FPS : 84.40                              
=============================================
=============================================
* Benchmark Result (single input)
  - FPS : 88.23                              
=============================================
=============================================
* Benchmark Result (single input)
  - FPS : 88.23                              
=============================================
=============================================
* Benchmark Result (single input)
  - FPS : 85.03                              
=============================================
=============================================
* Benchmark Result (single input)
  - FPS : 86.30                              
=============================================
=============================================
* Benchmark Result (single input)
  - FPS : 87.54                              
=============================================
=============================================
* Benchmark Result (single input)
  - FPS : 84.41                              
=============================================
=============================================
* Benchmark Result (single input)
  - FPS : 86.11                              
=============================================
=============================================
* Benchmark Result (single input)
  - FPS : 88.06                              
=============================================
=============================================
* Benchmark Result (single input)
  - FPS : 86.53                              
=============================================
=============================================
* Benchmark Result (single input)
  - FPS : 86.90                              
=============================================
=============================================
* Benchmark Result (single input)
  - FPS : 86.95                              
=============================================
=============================================
* Benchmark Result (single input)
  - FPS : 86.66                              
=============================================
=============================================
* Benchmark Result (single input)
  - FPS : 87.61                              
=============================================
=============================================
* Benchmark Result (single input)
  - FPS : 87.53                              
=============================================
=============================================
* Benchmark Result (single input)
  - FPS : 86.89                              
=============================================
=============================================
* Benchmark Result (single input)
  - FPS : 88.82                              
=============================================
=============================================
* Benchmark Result (single input)
  - FPS : 87.97                              
=============================================
=============================================
* Benchmark Result (single input)
  - FPS : 88.25                              
=============================================
=============================================
* Benchmark Result (single input)
  - FPS : 88.23                              
=============================================
=============================================
* Benchmark Result (single input)
  - FPS : 88.72                              
=============================================
=============================================
* Benchmark Result (single input)
  - FPS : 89.73                              
=============================================
=============================================
* Benchmark Result (single input)
  - FPS : 78.60                              
=============================================
=============================================
* Benchmark Result (single input)
  - FPS : 90.16                              
=============================================
=============================================
* Benchmark Result (single input)
  - FPS : 87.90                              
=============================================
=============================================
* Benchmark Result (single input)
  - FPS : 85.36                              
=============================================
=============================================
* Benchmark Result (single input)
  - FPS : 89.99                              
=============================================
=============================================
* Benchmark Result (single input)
  - FPS : 88.43                              
=============================================
=============================================
* Benchmark Result (single input)
  - FPS : 87.27                              
=============================================
=============================================
* Benchmark Result (single input)
  - FPS : 89.14                              
=============================================
=============================================
* Benchmark Result (single input)
  - FPS : 87.18                              
=============================================
=============================================
* Benchmark Result (single input)
  - FPS : 85.76                              
=============================================
=============================================
* Benchmark Result (single input)
  - FPS : 86.84                              
=============================================
=============================================
* Benchmark Result (single input)
  - FPS : 88.05                              
=============================================
=============================================
* Benchmark Result (single input)
  - FPS : 87.87                              
=============================================
=============================================
* Benchmark Result (single input)
  - FPS : 86.99                              
=============================================
=============================================
* Benchmark Result (single input)
  - FPS : 88.00                              
=============================================
=============================================
* Benchmark Result (single input)
  - FPS : 87.68                              
=============================================
=============================================
* Benchmark Result (single input)
  - FPS : 88.76                              
=============================================
=============================================
* Benchmark Result (single input)
  - FPS : 88.12                              
=============================================
=============================================
* Benchmark Result (single input)
  - FPS : 89.09                              
=============================================
=============================================
* Benchmark Result (single input)
  - FPS : 81.58                              
=============================================
=============================================
* Benchmark Result (single input)
  - FPS : 86.96                              
=============================================
=============================================
* Benchmark Result (single input)
  - FPS : 86.78                              
=============================================
=============================================
* Benchmark Result (single input)
  - FPS : 87.38                              
=============================================
=============================================
* Benchmark Result (single input)
  - FPS : 86.68                              
=============================================
=============================================
* Benchmark Result (single input)
  - FPS : 84.32                              
=============================================
=============================================
* Benchmark Result (single input)
  - FPS : 88.61                              
=============================================
=============================================
* Benchmark Result (single input)
  - FPS : 86.80                              
=============================================
=============================================
* Benchmark Result (single input)
  - FPS : 88.66                              
=============================================
=============================================
* Benchmark Result (single input)
  - FPS : 87.40                              
=============================================
=============================================
* Benchmark Result (single input)
  - FPS : 84.36                              
=============================================
=============================================
* Benchmark Result (single input)
  - FPS : 86.75                              
=============================================
=============================================
* Benchmark Result (single input)
  - FPS : 85.03                              
=============================================
=============================================
* Benchmark Result (single input)
  - FPS : 85.44                              
=============================================
=============================================
* Benchmark Result (single input)
  - FPS : 87.80                              
=============================================
=============================================
* Benchmark Result (single input)
  - FPS : 86.01                              
=============================================
=============================================
* Benchmark Result (single input)
  - FPS : 88.66                              
=============================================
=============================================
* Benchmark Result (single input)
  - FPS : 85.15                              
=============================================
=============================================
* Benchmark Result (single input)
  - FPS : 85.84                              
=============================================
=============================================
* Benchmark Result (single input)
  - FPS : 87.37                              
=============================================
=============================================
* Benchmark Result (single input)
  - FPS : 85.71                              
=============================================
=============================================
* Benchmark Result (single input)
  - FPS : 86.25                              
=============================================
=============================================
* Benchmark Result (single input)
  - FPS : 88.32                              
=============================================
=============================================
* Benchmark Result (single input)
  - FPS : 87.41                              
=============================================
=============================================
* Benchmark Result (single input)
  - FPS : 87.11                              
=============================================
=============================================
* Benchmark Result (single input)
  - FPS : 87.31                              
=============================================
=============================================
* Benchmark Result (single input)
  - FPS : 87.72                              
=============================================
=============================================
* Benchmark Result (single input)
  - FPS : 88.79                              
=============================================
=============================================
* Benchmark Result (single input)
  - FPS : 87.27                              
=============================================
=============================================
* Benchmark Result (single input)
  - FPS : 88.64                              
=============================================
=============================================
* Benchmark Result (single input)
  - FPS : 80.89                              
=============================================
=============================================
* Benchmark Result (single input)
  - FPS : 86.55                              
=============================================
=============================================
* Benchmark Result (single input)
  - FPS : 86.57                              
=============================================
=============================================
* Benchmark Result (single input)
  - FPS : 88.61                              
=============================================
=============================================
* Benchmark Result (single input)
  - FPS : 86.90                              
=============================================
=============================================
* Benchmark Result (single input)
  - FPS : 81.68                              
=============================================
=============================================
* Benchmark Result (single input)
  - FPS : 87.10                              
=============================================
=============================================
* Benchmark Result (single input)
  - FPS : 87.24                              
=============================================
=============================================
* Benchmark Result (single input)
  - FPS : 88.67                              
=============================================
=============================================
* Benchmark Result (single input)
  - FPS : 88.42                              
=============================================
=============================================
* Benchmark Result (single input)
  - FPS : 88.45                              
=============================================
=============================================
* Benchmark Result (single input)
  - FPS : 88.46                              
=============================================
=============================================
* Benchmark Result (single input)
  - FPS : 87.80                              
=============================================
=============================================
* Benchmark Result (single input)
  - FPS : 86.38                              
=============================================
=============================================
* Benchmark Result (single input)
  - FPS : 88.30                              
=============================================
=============================================
* Benchmark Result (single input)
  - FPS : 87.49                              
=============================================
=============================================
* Benchmark Result (single input)
  - FPS : 86.42                              
=============================================
=============================================
* Benchmark Result (single input)
  - FPS : 83.83                              
=============================================
=============================================
* Benchmark Result (single input)
  - FPS : 87.43                              
=============================================
=============================================
* Benchmark Result (single input)
  - FPS : 86.13                              
=============================================
=============================================
* Benchmark Result (single input)
  - FPS : 87.30                              
=============================================
=============================================
* Benchmark Result (single input)
  - FPS : 87.15                              
=============================================
=============================================
* Benchmark Result (single input)
  - FPS : 87.87                              
=============================================
=============================================
* Benchmark Result (single input)
  - FPS : 87.85                              
=============================================
=============================================
* Benchmark Result (single input)
  - FPS : 88.07                              
=============================================
=============================================
* Benchmark Result (single input)
  - FPS : 84.48                              
=============================================
=============================================
* Benchmark Result (single input)
  - FPS : 87.73                              
=============================================
=============================================
* Benchmark Result (single input)
  - FPS : 87.85                              
=============================================
=============================================
* Benchmark Result (single input)
  - FPS : 87.43                              
=============================================
=============================================
* Benchmark Result (single input)
  - FPS : 86.56                              
=============================================
=============================================
* Benchmark Result (single input)
  - FPS : 87.54                              
=============================================
=============================================
* Benchmark Result (single input)
  - FPS : 88.83                              
=============================================
=============================================
* Benchmark Result (single input)
  - FPS : 89.36                              
=============================================
=============================================
* Benchmark Result (single input)
  - FPS : 88.25                              
=============================================
=============================================
* Benchmark Result (single input)
  - FPS : 88.04                              
=============================================
=============================================
* Benchmark Result (single input)
  - FPS : 89.03                              
=============================================
=============================================
* Benchmark Result (single input)
  - FPS : 89.02                              
=============================================
=============================================
* Benchmark Result (single input)
  - FPS : 88.04                              
=============================================
=============================================
* Benchmark Result (single input)
  - FPS : 88.76                              
=============================================
=============================================
* Benchmark Result (single input)
  - FPS : 87.12                              
=============================================
=============================================
* Benchmark Result (single input)
  - FPS : 88.35                              
=============================================
=============================================
* Benchmark Result (single input)
  - FPS : 90.05                              
=============================================
=============================================
* Benchmark Result (single input)
  - FPS : 86.48                              
=============================================
=============================================
* Benchmark Result (single input)
  - FPS : 88.09                              
=============================================
=============================================
* Benchmark Result (single input)
  - FPS : 89.12                              
=============================================
=============================================
* Benchmark Result (single input)
  - FPS : 87.14                              
=============================================
=============================================
* Benchmark Result (single input)
  - FPS : 90.18                              
=============================================
=============================================
* Benchmark Result (single input)
  - FPS : 87.61                              
=============================================
=============================================
* Benchmark Result (single input)
  - FPS : 88.64                              
=============================================
=============================================
* Benchmark Result (single input)
  - FPS : 88.68                              
=============================================
=============================================
* Benchmark Result (single input)
  - FPS : 86.40                              
=============================================
=============================================
* Benchmark Result (single input)
  - FPS : 87.75                              
=============================================
=============================================
* Benchmark Result (single input)
  - FPS : 88.64                              
=============================================
=============================================
* Benchmark Result (single input)
  - FPS : 88.58                              
=============================================
=============================================
* Benchmark Result (single input)
  - FPS : 87.11                              
=============================================
=============================================
* Benchmark Result (single input)
  - FPS : 87.09                              
=============================================
=============================================
* Benchmark Result (single input)
  - FPS : 88.00                              
=============================================
=============================================
* Benchmark Result (single input)
  - FPS : 86.68                              
=============================================
=============================================
* Benchmark Result (single input)
  - FPS : 88.53                              
=============================================
=============================================
* Benchmark Result (single input)
  - FPS : 84.61                              
=============================================
=============================================
* Benchmark Result (single input)
  - FPS : 89.93                              
=============================================
=============================================
* Benchmark Result (single input)
  - FPS : 89.02                              
=============================================
=============================================
* Benchmark Result (single input)
  - FPS : 82.84                              
=============================================
=============================================
* Benchmark Result (single input)
  - FPS : 89.35                              
=============================================
=============================================
* Benchmark Result (single input)
  - FPS : 89.02                              
=============================================
=============================================
* Benchmark Result (single input)
  - FPS : 88.79                              
=============================================
=============================================
* Benchmark Result (single input)
  - FPS : 88.94                              
=============================================
=============================================
* Benchmark Result (single input)
  - FPS : 87.09                              
=============================================
=============================================
* Benchmark Result (single input)
  - FPS : 88.63                              
=============================================
=============================================
* Benchmark Result (single input)
  - FPS : 88.96                              
=============================================
=============================================
* Benchmark Result (single input)
  - FPS : 88.83                              
=============================================
=============================================
* Benchmark Result (single input)
  - FPS : 87.69                              
=============================================
=============================================
* Benchmark Result (single input)
  - FPS : 88.94                              
=============================================
=============================================
* Benchmark Result (single input)
  - FPS : 87.71                              
=============================================
=============================================
* Benchmark Result (single input)
  - FPS : 88.46                              
=============================================
=============================================
* Benchmark Result (single input)
  - FPS : 88.70                              
=============================================
=============================================
* Benchmark Result (single input)
  - FPS : 90.10                              
=============================================
=============================================
* Benchmark Result (single input)
  - FPS : 89.06                              
=============================================
=============================================
* Benchmark Result (single input)
  - FPS : 84.92                              
=============================================
=============================================
* Benchmark Result (single input)
  - FPS : 88.14                              
=============================================
=============================================
* Benchmark Result (single input)
  - FPS : 86.99                              
=============================================
=============================================
* Benchmark Result (single input)
  - FPS : 87.32                              
=============================================
=============================================
* Benchmark Result (single input)
  - FPS : 86.93                              
=============================================
=============================================
* Benchmark Result (single input)
  - FPS : 87.85                              
=============================================
=============================================
* Benchmark Result (single input)
  - FPS : 87.02                              
=============================================
=============================================
* Benchmark Result (single input)
  - FPS : 87.98                              
=============================================
Profiler data has been written to profiler.json
  ==============================================================================================
  | Task: cpu_0                                                                                |
  ==============================================================================================
  ----------------------------------------------------------------------------------------------
  | CPU                                                                                        |
  | Name                           |     min (us) |     max (us) | average (us) |      CoV (%) |
  ----------------------------------------------------------------------------------------------
  | Buffer Pool Wait               |         0.64 |         9.12 |         1.05 |        51.29 |
  | CPU Dispatch Wait              |         2.78 |        16.21 |         4.36 |        33.05 |
  | CPU Task (total)               |       747.49 |      1763.69 |       894.01 |        13.75 |
  ----------------------------------------------------------------------------------------------
  ==============================================================================================
  | Task: npu_0                                                                                |
  ==============================================================================================
  ----------------------------------------------------------------------------------------------
  | Device 0                                                                                   |
  | Name                           |     min (us) |     max (us) | average (us) |      CoV (%) |
  ----------------------------------------------------------------------------------------------
  | Buffer Pool Wait               |         0.91 |         7.20 |         1.51 |        54.42 |
  | NPU Task (total)               |     10174.65 |     11964.69 |     10477.91 |         2.38 |
  |   - NPU Input Format Handler   |         0.21 |        24.85 |         0.85 |       328.82 |
  |   - H2D (Host-to-Device)       |       433.46 |       736.95 |       462.59 |         7.65 |
  |   - Inference                  |      7123.00 |      7131.00 |      7126.46 |         0.02 |
  |     - Inference Core 0         |      7123.00 |      7131.00 |      7126.46 |         0.02 |
  |   - D2H (Device-to-Host)       |      1482.07 |      2352.63 |      1552.42 |         6.69 |
  |   - NPU Output Format Handler  |      1019.14 |      1709.53 |      1228.06 |        11.85 |
  ----------------------------------------------------------------------------------------------
  ----------------------------------------------------------------------------------------------
  | Device 1                                                                                   |
  | Name                           |     min (us) |     max (us) | average (us) |      CoV (%) |
  ----------------------------------------------------------------------------------------------
  | Buffer Pool Wait               |         1.05 |         5.89 |         1.58 |        43.33 |
  | NPU Task (total)               |     10221.41 |     11784.10 |     10534.84 |         2.97 |
  |   - NPU Input Format Handler   |         0.21 |         6.91 |         0.65 |       120.28 |
  |   - H2D (Host-to-Device)       |       435.44 |       779.73 |       469.94 |         9.56 |
  |   - Inference                  |      7122.00 |      7130.00 |      7125.69 |         0.02 |
  |     - Inference Core 0         |      7122.00 |      7130.00 |      7125.69 |         0.02 |
  |   - D2H (Device-to-Host)       |      1501.45 |      2340.66 |      1559.42 |         8.20 |
  |   - NPU Output Format Handler  |      1026.34 |      2532.41 |      1277.41 |        20.83 |
  ----------------------------------------------------------------------------------------------
  ----------------------------------------------------------------------------------------------
  | Device 2                                                                                   |
  | Name                           |     min (us) |     max (us) | average (us) |      CoV (%) |
  ----------------------------------------------------------------------------------------------
  | Buffer Pool Wait               |         1.06 |         9.95 |         1.93 |        54.69 |
  | NPU Task (total)               |     10221.27 |     11808.44 |     10531.84 |         3.03 |
  |   - NPU Input Format Handler   |         0.20 |        34.33 |         1.03 |       378.05 |
  |   - H2D (Host-to-Device)       |       437.60 |       744.66 |       463.23 |         7.70 |
  |   - Inference                  |      7122.00 |      7133.00 |      7125.63 |         0.03 |
  |     - Inference Core 0         |      7122.00 |      7133.00 |      7125.63 |         0.03 |
  |   - D2H (Device-to-Host)       |      1508.56 |      2433.22 |      1548.15 |         6.75 |
  |   - NPU Output Format Handler  |      1028.11 |      2383.67 |      1273.82 |        19.11 |
  ----------------------------------------------------------------------------------------------
  ----------------------------------------------------------------------------------------------
  | Device 3                                                                                   |
  | Name                           |     min (us) |     max (us) | average (us) |      CoV (%) |
  ----------------------------------------------------------------------------------------------
  | Buffer Pool Wait               |         0.93 |         6.62 |         1.80 |        48.83 |
  | NPU Task (total)               |     10205.83 |     11493.55 |     10470.11 |         2.18 |
  |   - NPU Input Format Handler   |         0.20 |         6.70 |         0.64 |       122.65 |
  |   - H2D (Host-to-Device)       |       433.88 |       712.78 |       462.84 |         8.21 |
  |   - Inference                  |      7123.00 |      7131.00 |      7126.25 |         0.02 |
  |     - Inference Core 0         |      7123.00 |      7131.00 |      7126.25 |         0.02 |
  |   - D2H (Device-to-Host)       |      1504.84 |      2323.20 |      1543.31 |         6.02 |
  |   - NPU Output Format Handler  |      1028.41 |      2135.06 |      1237.36 |        14.38 |
  ----------------------------------------------------------------------------------------------

__CPU_PERCENT__=20%
