Runtime Framework Version: v3.4.0
Device Driver Version: v2.5.1
PCIe Driver Version: v2.4.1

modelFile: /home/deepx/work/deepx-yjsong/dx-all-suite/dx-benchmark/benchmark/assets/models/yolo26-m-pose_640x640.dxnn
inputFile: 
outputFile: output.bin
benchmark: 0
loops: 300
Device specification: 'all' (default)
[INFO] Profiler is enabled.
Run model target mode : Single Mode
Inference by loops: count=300

=== Model File: /home/deepx/work/deepx-yjsong/dx-all-suite/dx-benchmark/benchmark/assets/models/yolo26-m-pose_640x640.dxnn ===

Model Input Tensors:
  - images
Model Output Tensors:
  - /model.23/one2one_cv2.0/one2one_cv2.0.2/Conv_output_0
  - /model.23/one2one_cv4_kpts.0/Conv_output_0
  - /model.23/one2one_cv4_kpts.1/Conv_output_0
  - /model.23/one2one_cv2.1/one2one_cv2.1.2/Conv_output_0
  - /model.23/one2one_cv3.0/one2one_cv3.0.2/Conv_output_0
  - /model.23/one2one_cv3.1/one2one_cv3.1.2/Conv_output_0
  - /model.23/one2one_cv2.2/one2one_cv2.2.2/Conv_output_0
  - /model.23/one2one_cv4_kpts.2/Conv_output_0
  - /model.23/one2one_cv3.2/one2one_cv3.2.2/Conv_output_0

Tasks:
  [ ] -> npu_0 -> []
  Task[0] npu_0, NPU, NPU memory usage 269,173,376 bytes (input 1,228,800 bytes, output 1,881,600 bytes), mem_usage:514,921,088 bytes
  Inputs
     -  images, UINT8, [1, 640, 640, 3 ]
  Outputs
    -  /model.23/one2one_cv2.0/one2one_cv2.0.2/Conv_output_0, FLOAT, [1, 4, 80, 80 ]
    -  /model.23/one2one_cv4_kpts.0/Conv_output_0, FLOAT, [1, 51, 80, 80 ]
    -  /model.23/one2one_cv4_kpts.1/Conv_output_0, FLOAT, [1, 51, 40, 40 ]
    -  /model.23/one2one_cv2.1/one2one_cv2.1.2/Conv_output_0, FLOAT, [1, 4, 40, 40 ]
    -  /model.23/one2one_cv3.0/one2one_cv3.0.2/Conv_output_0, FLOAT, [1, 1, 80, 80 ]
    -  /model.23/one2one_cv3.1/one2one_cv3.1.2/Conv_output_0, FLOAT, [1, 1, 40, 40 ]
    -  /model.23/one2one_cv2.2/one2one_cv2.2.2/Conv_output_0, FLOAT, [1, 4, 20, 20 ]
    -  /model.23/one2one_cv4_kpts.2/Conv_output_0, FLOAT, [1, 51, 20, 20 ]
    -  /model.23/one2one_cv3.2/one2one_cv3.2.2/Conv_output_0, FLOAT, [1, 1, 20, 20 ]


Performing 1 warmup run(s)...
Warmup completed.
=============================================
* Benchmark Result (single input)
  - FPS : 39.71                              
=============================================
=============================================
* Benchmark Result (single input)
  - FPS : 40.41                              
=============================================
=============================================
* Benchmark Result (single input)
  - FPS : 39.35                              
=============================================
=============================================
* Benchmark Result (single input)
  - FPS : 41.60                              
=============================================
=============================================
* Benchmark Result (single input)
  - FPS : 41.73                              
=============================================
=============================================
* Benchmark Result (single input)
  - FPS : 41.64                              
=============================================
=============================================
* Benchmark Result (single input)
  - FPS : 41.63                              
=============================================
=============================================
* Benchmark Result (single input)
  - FPS : 41.75                              
=============================================
=============================================
* Benchmark Result (single input)
  - FPS : 41.04                              
=============================================
=============================================
* Benchmark Result (single input)
  - FPS : 41.31                              
=============================================
=============================================
* Benchmark Result (single input)
  - FPS : 41.79                              
=============================================
=============================================
* Benchmark Result (single input)
  - FPS : 41.83                              
=============================================
=============================================
* Benchmark Result (single input)
  - FPS : 41.82                              
=============================================
=============================================
* Benchmark Result (single input)
  - FPS : 41.15                              
=============================================
=============================================
* Benchmark Result (single input)
  - FPS : 41.93                              
=============================================
=============================================
* Benchmark Result (single input)
  - FPS : 41.97                              
=============================================
=============================================
* Benchmark Result (single input)
  - FPS : 41.20                              
=============================================
=============================================
* Benchmark Result (single input)
  - FPS : 42.03                              
=============================================
=============================================
* Benchmark Result (single input)
  - FPS : 41.14                              
=============================================
=============================================
* Benchmark Result (single input)
  - FPS : 41.16                              
=============================================
=============================================
* Benchmark Result (single input)
  - FPS : 41.74                              
=============================================
=============================================
* Benchmark Result (single input)
  - FPS : 42.04                              
=============================================
=============================================
* Benchmark Result (single input)
  - FPS : 41.25                              
=============================================
=============================================
* Benchmark Result (single input)
  - FPS : 41.40                              
=============================================
=============================================
* Benchmark Result (single input)
  - FPS : 41.34                              
=============================================
=============================================
* Benchmark Result (single input)
  - FPS : 41.75                              
=============================================
=============================================
* Benchmark Result (single input)
  - FPS : 41.73                              
=============================================
=============================================
* Benchmark Result (single input)
  - FPS : 42.03                              
=============================================
=============================================
* Benchmark Result (single input)
  - FPS : 41.21                              
=============================================
=============================================
* Benchmark Result (single input)
  - FPS : 41.77                              
=============================================
=============================================
* Benchmark Result (single input)
  - FPS : 41.76                              
=============================================
=============================================
* Benchmark Result (single input)
  - FPS : 41.92                              
=============================================
=============================================
* Benchmark Result (single input)
  - FPS : 41.89                              
=============================================
=============================================
* Benchmark Result (single input)
  - FPS : 41.92                              
=============================================
=============================================
* Benchmark Result (single input)
  - FPS : 41.85                              
=============================================
=============================================
* Benchmark Result (single input)
  - FPS : 41.94                              
=============================================
=============================================
* Benchmark Result (single input)
  - FPS : 41.97                              
=============================================
=============================================
* Benchmark Result (single input)
  - FPS : 42.00                              
=============================================
=============================================
* Benchmark Result (single input)
  - FPS : 41.96                              
=============================================
=============================================
* Benchmark Result (single input)
  - FPS : 41.94                              
=============================================
=============================================
* Benchmark Result (single input)
  - FPS : 41.93                              
=============================================
=============================================
* Benchmark Result (single input)
  - FPS : 41.94                              
=============================================
=============================================
* Benchmark Result (single input)
  - FPS : 41.88                              
=============================================
=============================================
* Benchmark Result (single input)
  - FPS : 41.88                              
=============================================
=============================================
* Benchmark Result (single input)
  - FPS : 40.90                              
=============================================
=============================================
* Benchmark Result (single input)
  - FPS : 42.17                              
=============================================
=============================================
* Benchmark Result (single input)
  - FPS : 40.95                              
=============================================
=============================================
* Benchmark Result (single input)
  - FPS : 41.43                              
=============================================
=============================================
* Benchmark Result (single input)
  - FPS : 41.50                              
=============================================
=============================================
* Benchmark Result (single input)
  - FPS : 41.60                              
=============================================
=============================================
* Benchmark Result (single input)
  - FPS : 41.36                              
=============================================
=============================================
* Benchmark Result (single input)
  - FPS : 41.67                              
=============================================
=============================================
* Benchmark Result (single input)
  - FPS : 41.99                              
=============================================
=============================================
* Benchmark Result (single input)
  - FPS : 42.01                              
=============================================
=============================================
* Benchmark Result (single input)
  - FPS : 41.08                              
=============================================
=============================================
* Benchmark Result (single input)
  - FPS : 41.42                              
=============================================
=============================================
* Benchmark Result (single input)
  - FPS : 41.65                              
=============================================
=============================================
* Benchmark Result (single input)
  - FPS : 41.47                              
=============================================
=============================================
* Benchmark Result (single input)
  - FPS : 41.59                              
=============================================
=============================================
* Benchmark Result (single input)
  - FPS : 41.59                              
=============================================
=============================================
* Benchmark Result (single input)
  - FPS : 41.56                              
=============================================
=============================================
* Benchmark Result (single input)
  - FPS : 41.06                              
=============================================
=============================================
* Benchmark Result (single input)
  - FPS : 41.93                              
=============================================
=============================================
* Benchmark Result (single input)
  - FPS : 40.88                              
=============================================
=============================================
* Benchmark Result (single input)
  - FPS : 41.95                              
=============================================
=============================================
* Benchmark Result (single input)
  - FPS : 41.87                              
=============================================
=============================================
* Benchmark Result (single input)
  - FPS : 41.94                              
=============================================
=============================================
* Benchmark Result (single input)
  - FPS : 41.90                              
=============================================
=============================================
* Benchmark Result (single input)
  - FPS : 41.63                              
=============================================
=============================================
* Benchmark Result (single input)
  - FPS : 41.46                              
=============================================
=============================================
* Benchmark Result (single input)
  - FPS : 41.44                              
=============================================
=============================================
* Benchmark Result (single input)
  - FPS : 41.64                              
=============================================
=============================================
* Benchmark Result (single input)
  - FPS : 41.60                              
=============================================
=============================================
* Benchmark Result (single input)
  - FPS : 41.57                              
=============================================
=============================================
* Benchmark Result (single input)
  - FPS : 41.87                              
=============================================
=============================================
* Benchmark Result (single input)
  - FPS : 42.05                              
=============================================
=============================================
* Benchmark Result (single input)
  - FPS : 41.27                              
=============================================
=============================================
* Benchmark Result (single input)
  - FPS : 41.90                              
=============================================
=============================================
* Benchmark Result (single input)
  - FPS : 41.05                              
=============================================
=============================================
* Benchmark Result (single input)
  - FPS : 41.39                              
=============================================
=============================================
* Benchmark Result (single input)
  - FPS : 40.85                              
=============================================
=============================================
* Benchmark Result (single input)
  - FPS : 41.78                              
=============================================
=============================================
* Benchmark Result (single input)
  - FPS : 41.96                              
=============================================
=============================================
* Benchmark Result (single input)
  - FPS : 41.80                              
=============================================
=============================================
* Benchmark Result (single input)
  - FPS : 41.57                              
=============================================
=============================================
* Benchmark Result (single input)
  - FPS : 41.90                              
=============================================
=============================================
* Benchmark Result (single input)
  - FPS : 41.34                              
=============================================
=============================================
* Benchmark Result (single input)
  - FPS : 41.65                              
=============================================
=============================================
* Benchmark Result (single input)
  - FPS : 41.55                              
=============================================
=============================================
* Benchmark Result (single input)
  - FPS : 41.88                              
=============================================
=============================================
* Benchmark Result (single input)
  - FPS : 41.63                              
=============================================
=============================================
* Benchmark Result (single input)
  - FPS : 42.13                              
=============================================
=============================================
* Benchmark Result (single input)
  - FPS : 41.25                              
=============================================
=============================================
* Benchmark Result (single input)
  - FPS : 41.45                              
=============================================
=============================================
* Benchmark Result (single input)
  - FPS : 41.46                              
=============================================
=============================================
* Benchmark Result (single input)
  - FPS : 41.60                              
=============================================
=============================================
* Benchmark Result (single input)
  - FPS : 39.31                              
=============================================
=============================================
* Benchmark Result (single input)
  - FPS : 41.59                              
=============================================
=============================================
* Benchmark Result (single input)
  - FPS : 40.88                              
=============================================
=============================================
* Benchmark Result (single input)
  - FPS : 41.19                              
=============================================
=============================================
* Benchmark Result (single input)
  - FPS : 41.38                              
=============================================
=============================================
* Benchmark Result (single input)
  - FPS : 41.90                              
=============================================
=============================================
* Benchmark Result (single input)
  - FPS : 41.81                              
=============================================
=============================================
* Benchmark Result (single input)
  - FPS : 41.59                              
=============================================
=============================================
* Benchmark Result (single input)
  - FPS : 42.10                              
=============================================
=============================================
* Benchmark Result (single input)
  - FPS : 41.96                              
=============================================
=============================================
* Benchmark Result (single input)
  - FPS : 41.76                              
=============================================
=============================================
* Benchmark Result (single input)
  - FPS : 41.12                              
=============================================
=============================================
* Benchmark Result (single input)
  - FPS : 41.14                              
=============================================
=============================================
* Benchmark Result (single input)
  - FPS : 41.37                              
=============================================
=============================================
* Benchmark Result (single input)
  - FPS : 41.75                              
=============================================
=============================================
* Benchmark Result (single input)
  - FPS : 41.90                              
=============================================
=============================================
* Benchmark Result (single input)
  - FPS : 42.03                              
=============================================
=============================================
* Benchmark Result (single input)
  - FPS : 38.11                              
=============================================
=============================================
* Benchmark Result (single input)
  - FPS : 41.02                              
=============================================
=============================================
* Benchmark Result (single input)
  - FPS : 41.31                              
=============================================
=============================================
* Benchmark Result (single input)
  - FPS : 41.53                              
=============================================
=============================================
* Benchmark Result (single input)
  - FPS : 41.90                              
=============================================
=============================================
* Benchmark Result (single input)
  - FPS : 41.44                              
=============================================
=============================================
* Benchmark Result (single input)
  - FPS : 41.58                              
=============================================
=============================================
* Benchmark Result (single input)
  - FPS : 38.59                              
=============================================
=============================================
* Benchmark Result (single input)
  - FPS : 38.53                              
=============================================
=============================================
* Benchmark Result (single input)
  - FPS : 41.44                              
=============================================
=============================================
* Benchmark Result (single input)
  - FPS : 41.52                              
=============================================
=============================================
* Benchmark Result (single input)
  - FPS : 41.52                              
=============================================
=============================================
* Benchmark Result (single input)
  - FPS : 41.49                              
=============================================
=============================================
* Benchmark Result (single input)
  - FPS : 42.17                              
=============================================
=============================================
* Benchmark Result (single input)
  - FPS : 42.06                              
=============================================
=============================================
* Benchmark Result (single input)
  - FPS : 41.31                              
=============================================
=============================================
* Benchmark Result (single input)
  - FPS : 41.47                              
=============================================
=============================================
* Benchmark Result (single input)
  - FPS : 41.28                              
=============================================
=============================================
* Benchmark Result (single input)
  - FPS : 42.11                              
=============================================
=============================================
* Benchmark Result (single input)
  - FPS : 41.51                              
=============================================
=============================================
* Benchmark Result (single input)
  - FPS : 41.32                              
=============================================
=============================================
* Benchmark Result (single input)
  - FPS : 41.46                              
=============================================
=============================================
* Benchmark Result (single input)
  - FPS : 41.97                              
=============================================
=============================================
* Benchmark Result (single input)
  - FPS : 42.09                              
=============================================
=============================================
* Benchmark Result (single input)
  - FPS : 41.92                              
=============================================
=============================================
* Benchmark Result (single input)
  - FPS : 41.91                              
=============================================
=============================================
* Benchmark Result (single input)
  - FPS : 41.85                              
=============================================
=============================================
* Benchmark Result (single input)
  - FPS : 41.52                              
=============================================
=============================================
* Benchmark Result (single input)
  - FPS : 41.73                              
=============================================
=============================================
* Benchmark Result (single input)
  - FPS : 41.51                              
=============================================
=============================================
* Benchmark Result (single input)
  - FPS : 41.96                              
=============================================
=============================================
* Benchmark Result (single input)
  - FPS : 41.41                              
=============================================
=============================================
* Benchmark Result (single input)
  - FPS : 41.47                              
=============================================
=============================================
* Benchmark Result (single input)
  - FPS : 41.84                              
=============================================
=============================================
* Benchmark Result (single input)
  - FPS : 42.02                              
=============================================
=============================================
* Benchmark Result (single input)
  - FPS : 41.40                              
=============================================
=============================================
* Benchmark Result (single input)
  - FPS : 39.59                              
=============================================
=============================================
* Benchmark Result (single input)
  - FPS : 39.22                              
=============================================
=============================================
* Benchmark Result (single input)
  - FPS : 41.83                              
=============================================
=============================================
* Benchmark Result (single input)
  - FPS : 42.00                              
=============================================
=============================================
* Benchmark Result (single input)
  - FPS : 41.73                              
=============================================
=============================================
* Benchmark Result (single input)
  - FPS : 41.82                              
=============================================
=============================================
* Benchmark Result (single input)
  - FPS : 41.97                              
=============================================
=============================================
* Benchmark Result (single input)
  - FPS : 41.06                              
=============================================
=============================================
* Benchmark Result (single input)
  - FPS : 41.77                              
=============================================
=============================================
* Benchmark Result (single input)
  - FPS : 41.73                              
=============================================
=============================================
* Benchmark Result (single input)
  - FPS : 41.93                              
=============================================
=============================================
* Benchmark Result (single input)
  - FPS : 41.84                              
=============================================
=============================================
* Benchmark Result (single input)
  - FPS : 41.06                              
=============================================
=============================================
* Benchmark Result (single input)
  - FPS : 42.02                              
=============================================
=============================================
* Benchmark Result (single input)
  - FPS : 41.08                              
=============================================
=============================================
* Benchmark Result (single input)
  - FPS : 41.41                              
=============================================
=============================================
* Benchmark Result (single input)
  - FPS : 41.44                              
=============================================
=============================================
* Benchmark Result (single input)
  - FPS : 41.34                              
=============================================
=============================================
* Benchmark Result (single input)
  - FPS : 41.63                              
=============================================
=============================================
* Benchmark Result (single input)
  - FPS : 41.45                              
=============================================
=============================================
* Benchmark Result (single input)
  - FPS : 41.60                              
=============================================
=============================================
* Benchmark Result (single input)
  - FPS : 41.72                              
=============================================
=============================================
* Benchmark Result (single input)
  - FPS : 41.71                              
=============================================
=============================================
* Benchmark Result (single input)
  - FPS : 40.77                              
=============================================
=============================================
* Benchmark Result (single input)
  - FPS : 41.70                              
=============================================
=============================================
* Benchmark Result (single input)
  - FPS : 41.17                              
=============================================
=============================================
* Benchmark Result (single input)
  - FPS : 41.33                              
=============================================
=============================================
* Benchmark Result (single input)
  - FPS : 40.75                              
=============================================
=============================================
* Benchmark Result (single input)
  - FPS : 41.86                              
=============================================
=============================================
* Benchmark Result (single input)
  - FPS : 41.03                              
=============================================
=============================================
* Benchmark Result (single input)
  - FPS : 41.39                              
=============================================
=============================================
* Benchmark Result (single input)
  - FPS : 41.59                              
=============================================
=============================================
* Benchmark Result (single input)
  - FPS : 41.83                              
=============================================
=============================================
* Benchmark Result (single input)
  - FPS : 41.24                              
=============================================
=============================================
* Benchmark Result (single input)
  - FPS : 41.40                              
=============================================
=============================================
* Benchmark Result (single input)
  - FPS : 41.54                              
=============================================
=============================================
* Benchmark Result (single input)
  - FPS : 41.64                              
=============================================
=============================================
* Benchmark Result (single input)
  - FPS : 41.56                              
=============================================
=============================================
* Benchmark Result (single input)
  - FPS : 41.60                              
=============================================
=============================================
* Benchmark Result (single input)
  - FPS : 41.68                              
=============================================
=============================================
* Benchmark Result (single input)
  - FPS : 41.98                              
=============================================
=============================================
* Benchmark Result (single input)
  - FPS : 41.85                              
=============================================
=============================================
* Benchmark Result (single input)
  - FPS : 41.90                              
=============================================
=============================================
* Benchmark Result (single input)
  - FPS : 41.06                              
=============================================
=============================================
* Benchmark Result (single input)
  - FPS : 41.88                              
=============================================
=============================================
* Benchmark Result (single input)
  - FPS : 42.01                              
=============================================
=============================================
* Benchmark Result (single input)
  - FPS : 40.91                              
=============================================
=============================================
* Benchmark Result (single input)
  - FPS : 42.04                              
=============================================
=============================================
* Benchmark Result (single input)
  - FPS : 39.30                              
=============================================
=============================================
* Benchmark Result (single input)
  - FPS : 41.79                              
=============================================
=============================================
* Benchmark Result (single input)
  - FPS : 41.89                              
=============================================
=============================================
* Benchmark Result (single input)
  - FPS : 41.10                              
=============================================
=============================================
* Benchmark Result (single input)
  - FPS : 41.81                              
=============================================
=============================================
* Benchmark Result (single input)
  - FPS : 41.60                              
=============================================
=============================================
* Benchmark Result (single input)
  - FPS : 41.89                              
=============================================
=============================================
* Benchmark Result (single input)
  - FPS : 41.90                              
=============================================
=============================================
* Benchmark Result (single input)
  - FPS : 41.89                              
=============================================
=============================================
* Benchmark Result (single input)
  - FPS : 40.72                              
=============================================
=============================================
* Benchmark Result (single input)
  - FPS : 41.25                              
=============================================
=============================================
* Benchmark Result (single input)
  - FPS : 41.45                              
=============================================
=============================================
* Benchmark Result (single input)
  - FPS : 41.80                              
=============================================
=============================================
* Benchmark Result (single input)
  - FPS : 41.86                              
=============================================
=============================================
* Benchmark Result (single input)
  - FPS : 41.93                              
=============================================
=============================================
* Benchmark Result (single input)
  - FPS : 41.66                              
=============================================
=============================================
* Benchmark Result (single input)
  - FPS : 41.71                              
=============================================
=============================================
* Benchmark Result (single input)
  - FPS : 41.73                              
=============================================
=============================================
* Benchmark Result (single input)
  - FPS : 41.76                              
=============================================
=============================================
* Benchmark Result (single input)
  - FPS : 40.74                              
=============================================
=============================================
* Benchmark Result (single input)
  - FPS : 41.40                              
=============================================
=============================================
* Benchmark Result (single input)
  - FPS : 40.76                              
=============================================
=============================================
* Benchmark Result (single input)
  - FPS : 40.97                              
=============================================
=============================================
* Benchmark Result (single input)
  - FPS : 40.70                              
=============================================
=============================================
* Benchmark Result (single input)
  - FPS : 41.79                              
=============================================
=============================================
* Benchmark Result (single input)
  - FPS : 40.74                              
=============================================
=============================================
* Benchmark Result (single input)
  - FPS : 40.80                              
=============================================
=============================================
* Benchmark Result (single input)
  - FPS : 40.81                              
=============================================
=============================================
* Benchmark Result (single input)
  - FPS : 40.82                              
=============================================
=============================================
* Benchmark Result (single input)
  - FPS : 41.70                              
=============================================
=============================================
* Benchmark Result (single input)
  - FPS : 42.04                              
=============================================
=============================================
* Benchmark Result (single input)
  - FPS : 41.44                              
=============================================
=============================================
* Benchmark Result (single input)
  - FPS : 40.73                              
=============================================
=============================================
* Benchmark Result (single input)
  - FPS : 41.13                              
=============================================
=============================================
* Benchmark Result (single input)
  - FPS : 41.91                              
=============================================
=============================================
* Benchmark Result (single input)
  - FPS : 41.47                              
=============================================
=============================================
* Benchmark Result (single input)
  - FPS : 38.91                              
=============================================
=============================================
* Benchmark Result (single input)
  - FPS : 41.97                              
=============================================
=============================================
* Benchmark Result (single input)
  - FPS : 41.89                              
=============================================
=============================================
* Benchmark Result (single input)
  - FPS : 40.88                              
=============================================
=============================================
* Benchmark Result (single input)
  - FPS : 40.91                              
=============================================
=============================================
* Benchmark Result (single input)
  - FPS : 36.55                              
=============================================
=============================================
* Benchmark Result (single input)
  - FPS : 41.62                              
=============================================
=============================================
* Benchmark Result (single input)
  - FPS : 41.71                              
=============================================
=============================================
* Benchmark Result (single input)
  - FPS : 40.88                              
=============================================
=============================================
* Benchmark Result (single input)
  - FPS : 41.85                              
=============================================
=============================================
* Benchmark Result (single input)
  - FPS : 40.84                              
=============================================
=============================================
* Benchmark Result (single input)
  - FPS : 40.95                              
=============================================
=============================================
* Benchmark Result (single input)
  - FPS : 40.82                              
=============================================
=============================================
* Benchmark Result (single input)
  - FPS : 40.87                              
=============================================
=============================================
* Benchmark Result (single input)
  - FPS : 41.46                              
=============================================
=============================================
* Benchmark Result (single input)
  - FPS : 41.85                              
=============================================
=============================================
* Benchmark Result (single input)
  - FPS : 40.86                              
=============================================
=============================================
* Benchmark Result (single input)
  - FPS : 40.83                              
=============================================
=============================================
* Benchmark Result (single input)
  - FPS : 42.04                              
=============================================
=============================================
* Benchmark Result (single input)
  - FPS : 41.96                              
=============================================
=============================================
* Benchmark Result (single input)
  - FPS : 40.76                              
=============================================
=============================================
* Benchmark Result (single input)
  - FPS : 41.19                              
=============================================
=============================================
* Benchmark Result (single input)
  - FPS : 41.91                              
=============================================
=============================================
* Benchmark Result (single input)
  - FPS : 41.41                              
=============================================
=============================================
* Benchmark Result (single input)
  - FPS : 41.93                              
=============================================
=============================================
* Benchmark Result (single input)
  - FPS : 40.81                              
=============================================
=============================================
* Benchmark Result (single input)
  - FPS : 41.03                              
=============================================
=============================================
* Benchmark Result (single input)
  - FPS : 41.31                              
=============================================
=============================================
* Benchmark Result (single input)
  - FPS : 40.85                              
=============================================
=============================================
* Benchmark Result (single input)
  - FPS : 40.81                              
=============================================
=============================================
* Benchmark Result (single input)
  - FPS : 41.32                              
=============================================
=============================================
* Benchmark Result (single input)
  - FPS : 41.51                              
=============================================
=============================================
* Benchmark Result (single input)
  - FPS : 40.73                              
=============================================
=============================================
* Benchmark Result (single input)
  - FPS : 40.74                              
=============================================
=============================================
* Benchmark Result (single input)
  - FPS : 41.49                              
=============================================
=============================================
* Benchmark Result (single input)
  - FPS : 41.58                              
=============================================
=============================================
* Benchmark Result (single input)
  - FPS : 41.87                              
=============================================
=============================================
* Benchmark Result (single input)
  - FPS : 41.99                              
=============================================
=============================================
* Benchmark Result (single input)
  - FPS : 42.03                              
=============================================
=============================================
* Benchmark Result (single input)
  - FPS : 40.90                              
=============================================
=============================================
* Benchmark Result (single input)
  - FPS : 41.87                              
=============================================
=============================================
* Benchmark Result (single input)
  - FPS : 40.84                              
=============================================
=============================================
* Benchmark Result (single input)
  - FPS : 41.96                              
=============================================
=============================================
* Benchmark Result (single input)
  - FPS : 41.97                              
=============================================
=============================================
* Benchmark Result (single input)
  - FPS : 41.96                              
=============================================
=============================================
* Benchmark Result (single input)
  - FPS : 41.79                              
=============================================
=============================================
* Benchmark Result (single input)
  - FPS : 40.86                              
=============================================
=============================================
* Benchmark Result (single input)
  - FPS : 40.87                              
=============================================
=============================================
* Benchmark Result (single input)
  - FPS : 40.85                              
=============================================
=============================================
* Benchmark Result (single input)
  - FPS : 41.83                              
=============================================
=============================================
* Benchmark Result (single input)
  - FPS : 40.93                              
=============================================
=============================================
* Benchmark Result (single input)
  - FPS : 41.00                              
=============================================
=============================================
* Benchmark Result (single input)
  - FPS : 40.84                              
=============================================
=============================================
* Benchmark Result (single input)
  - FPS : 40.87                              
=============================================
=============================================
* Benchmark Result (single input)
  - FPS : 41.00                              
=============================================
=============================================
* Benchmark Result (single input)
  - FPS : 40.95                              
=============================================
=============================================
* Benchmark Result (single input)
  - FPS : 40.88                              
=============================================
=============================================
* Benchmark Result (single input)
  - FPS : 41.85                              
=============================================
=============================================
* Benchmark Result (single input)
  - FPS : 41.06                              
=============================================
=============================================
* Benchmark Result (single input)
  - FPS : 41.02                              
=============================================
=============================================
* Benchmark Result (single input)
  - FPS : 41.97                              
=============================================
=============================================
* Benchmark Result (single input)
  - FPS : 41.62                              
=============================================
=============================================
* Benchmark Result (single input)
  - FPS : 41.50                              
=============================================
=============================================
* Benchmark Result (single input)
  - FPS : 41.22                              
=============================================
=============================================
* Benchmark Result (single input)
  - FPS : 40.94                              
=============================================
=============================================
* Benchmark Result (single input)
  - FPS : 40.88                              
=============================================
=============================================
* Benchmark Result (single input)
  - FPS : 41.01                              
=============================================
Profiler data has been written to profiler.json
  ==============================================================================================
  | Task: npu_0                                                                                |
  ==============================================================================================
  ----------------------------------------------------------------------------------------------
  | Device 0                                                                                   |
  | Name                           |     min (us) |     max (us) | average (us) |      CoV (%) |
  ----------------------------------------------------------------------------------------------
  | Buffer Pool Wait               |         0.94 |         7.26 |         1.83 |        56.95 |
  | NPU Task (total)               |     23465.18 |     24924.74 |     23801.28 |         1.07 |
  |   - NPU Input Format Handler   |         0.20 |        24.23 |         0.84 |       326.86 |
  |   - H2D (Host-to-Device)       |       425.24 |       734.64 |       448.64 |         8.44 |
  |   - Inference                  |     21158.00 |     21167.00 |     21162.12 |         0.01 |
  |     - Inference Core 0         |     21158.00 |     21167.00 |     21162.12 |         0.01 |
  |   - D2H (Device-to-Host)       |      1004.10 |      1717.08 |      1067.70 |         7.81 |
  |   - NPU Output Format Handler  |       709.50 |      1390.31 |       989.79 |        21.59 |
  ----------------------------------------------------------------------------------------------
  ----------------------------------------------------------------------------------------------
  | Device 1                                                                                   |
  | Name                           |     min (us) |     max (us) | average (us) |      CoV (%) |
  ----------------------------------------------------------------------------------------------
  | Buffer Pool Wait               |         0.89 |         3.84 |         1.79 |        32.15 |
  | NPU Task (total)               |     23499.92 |     25615.76 |     23926.82 |         1.41 |
  |   - NPU Input Format Handler   |         0.25 |         6.54 |         0.64 |       116.24 |
  |   - H2D (Host-to-Device)       |       431.10 |       704.84 |       465.49 |         9.05 |
  |   - Inference                  |     21151.00 |     21164.00 |     21158.99 |         0.01 |
  |     - Inference Core 0         |     21151.00 |     21164.00 |     21158.99 |         0.01 |
  |   - D2H (Device-to-Host)       |      1021.66 |      1585.21 |      1063.16 |         6.30 |
  |   - NPU Output Format Handler  |       702.89 |      1451.37 |      1072.35 |        20.82 |
  ----------------------------------------------------------------------------------------------
  ----------------------------------------------------------------------------------------------
  | Device 2                                                                                   |
  | Name                           |     min (us) |     max (us) | average (us) |      CoV (%) |
  ----------------------------------------------------------------------------------------------
  | Buffer Pool Wait               |         0.91 |         3.91 |         1.69 |        40.11 |
  | NPU Task (total)               |     23482.13 |     25977.03 |     23937.27 |         2.01 |
  |   - NPU Input Format Handler   |         0.22 |        32.12 |         0.96 |       379.75 |
  |   - H2D (Host-to-Device)       |       432.45 |       735.59 |       459.22 |         7.90 |
  |   - Inference                  |     21152.00 |     21163.00 |     21157.19 |         0.01 |
  |     - Inference Core 0         |     21152.00 |     21163.00 |     21157.19 |         0.01 |
  |   - D2H (Device-to-Host)       |      1031.74 |      1590.53 |      1093.47 |         6.00 |
  |   - NPU Output Format Handler  |       709.35 |      1406.33 |       983.44 |        23.09 |
  ----------------------------------------------------------------------------------------------
  ----------------------------------------------------------------------------------------------
  | Device 3                                                                                   |
  | Name                           |     min (us) |     max (us) | average (us) |      CoV (%) |
  ----------------------------------------------------------------------------------------------
  | Buffer Pool Wait               |         0.90 |         5.14 |         1.62 |        43.47 |
  | NPU Task (total)               |     23471.07 |     27098.87 |     23929.22 |         1.98 |
  |   - NPU Input Format Handler   |         0.21 |         6.00 |         0.58 |       117.51 |
  |   - H2D (Host-to-Device)       |       434.40 |       715.49 |       461.85 |         7.60 |
  |   - Inference                  |     21156.00 |     21166.00 |     21161.13 |         0.01 |
  |     - Inference Core 0         |     21156.00 |     21166.00 |     21161.13 |         0.01 |
  |   - D2H (Device-to-Host)       |      1043.90 |      1592.83 |      1114.92 |         5.46 |
  |   - NPU Output Format Handler  |       702.96 |      1411.34 |       996.58 |        23.52 |
  ----------------------------------------------------------------------------------------------

__CPU_PERCENT__=6%
