Runtime Framework Version: v3.2.0
Device Driver Version: v2.1.0
PCIe Driver Version: v2.0.1

modelFile: /home/deepx/sijo_feat_windows_env/dx_stream/apps/benchmark/assets/models_dx_com220rc2/yolo26l-obb.dxnn
inputFile: 
outputFile: output.bin
benchmark: 0
loops: 300
Device specification: 'all' (default)
[INFO] Profiler is enabled.
Run model target mode : Single Mode
Inference by loops: count=300

=== Model File: /home/deepx/sijo_feat_windows_env/dx_stream/apps/benchmark/assets/models_dx_com220rc2/yolo26l-obb.dxnn ===

Model Input Tensors:
  - images
Model Output Tensors:
  - output0

Tasks:
  [ ] -> npu_0 -> [cpu_0, ]
  Task[0] npu_0, NPU, NPU memory usage 387,738,752 bytes (input 3,145,728 bytes, output 1,720,320 bytes)
  Inputs
     -  images, UINT8, [1, 1024, 1024, 3 ]
  Outputs
    -  /model.23/one2one_cv2.0/one2one_cv2.0.2/Conv_output_0, FLOAT, [1, 4, 128, 128 ]
    -  /model.23/one2one_cv4.0/one2one_cv4.0.2/Conv_output_0, FLOAT, [1, 1, 128, 128 ]
    -  /model.23/one2one_cv2.1/one2one_cv2.1.2/Conv_output_0, FLOAT, [1, 4, 64, 64 ]
    -  /model.23/one2one_cv4.1/one2one_cv4.1.2/Conv_output_0, FLOAT, [1, 1, 64, 64 ]
    -  /model.23/one2one_cv3.0/one2one_cv3.0.2/Conv_output_0, FLOAT, [1, 15, 128, 128 ]
    -  /model.23/one2one_cv3.1/one2one_cv3.1.2/Conv_output_0, FLOAT, [1, 15, 64, 64 ]
    -  /model.23/one2one_cv2.2/one2one_cv2.2.2/Conv_output_0, FLOAT, [1, 4, 32, 32 ]
    -  /model.23/one2one_cv4.2/one2one_cv4.2.2/Conv_output_0, FLOAT, [1, 1, 32, 32 ]
    -  /model.23/one2one_cv3.2/one2one_cv3.2.2/Conv_output_0, FLOAT, [1, 15, 32, 32 ]

  [ npu_0, ] -> cpu_0 -> []
  Task[1] cpu_0, CPU, input 1,720,320 bytes, output 9,600 bytes
  Inputs
     -  /model.23/one2one_cv2.0/one2one_cv2.0.2/Conv_output_0, FLOAT, [1, 4, 128, 128 ]
     -  /model.23/one2one_cv2.1/one2one_cv2.1.2/Conv_output_0, FLOAT, [1, 4, 64, 64 ]
     -  /model.23/one2one_cv2.2/one2one_cv2.2.2/Conv_output_0, FLOAT, [1, 4, 32, 32 ]
     -  /model.23/one2one_cv4.0/one2one_cv4.0.2/Conv_output_0, FLOAT, [1, 1, 128, 128 ]
     -  /model.23/one2one_cv4.2/one2one_cv4.2.2/Conv_output_0, FLOAT, [1, 1, 32, 32 ]
     -  /model.23/one2one_cv4.1/one2one_cv4.1.2/Conv_output_0, FLOAT, [1, 1, 64, 64 ]
     -  /model.23/one2one_cv3.0/one2one_cv3.0.2/Conv_output_0, FLOAT, [1, 15, 128, 128 ]
     -  /model.23/one2one_cv3.1/one2one_cv3.1.2/Conv_output_0, FLOAT, [1, 15, 64, 64 ]
     -  /model.23/one2one_cv3.2/one2one_cv3.2.2/Conv_output_0, FLOAT, [1, 15, 32, 32 ]
  Outputs
     -  output0, FLOAT, [1, 300, 7 ]
     -  /model.23/TopK_output_0, FLOAT, [1, 300 ]


Performing 1 warmup run(s)...
Warmup completed.
=============================================
* Benchmark Result (single input)
  - FPS : 9.31                               
=============================================
=============================================
* Benchmark Result (single input)
  - FPS : 9.35                               
=============================================
=============================================
* Benchmark Result (single input)
  - FPS : 9.35                               
=============================================
=============================================
* Benchmark Result (single input)
  - FPS : 9.35                               
=============================================
=============================================
* Benchmark Result (single input)
  - FPS : 9.35                               
=============================================
=============================================
* Benchmark Result (single input)
  - FPS : 9.35                               
=============================================
=============================================
* Benchmark Result (single input)
  - FPS : 9.36                               
=============================================
=============================================
* Benchmark Result (single input)
  - FPS : 9.35                               
=============================================
=============================================
* Benchmark Result (single input)
  - FPS : 9.35                               
=============================================
=============================================
* Benchmark Result (single input)
  - FPS : 9.31                               
=============================================
=============================================
* Benchmark Result (single input)
  - FPS : 9.31                               
=============================================
=============================================
* Benchmark Result (single input)
  - FPS : 9.35                               
=============================================
=============================================
* Benchmark Result (single input)
  - FPS : 9.32                               
=============================================
=============================================
* Benchmark Result (single input)
  - FPS : 9.35                               
=============================================
=============================================
* Benchmark Result (single input)
  - FPS : 9.35                               
=============================================
=============================================
* Benchmark Result (single input)
  - FPS : 9.36                               
=============================================
=============================================
* Benchmark Result (single input)
  - FPS : 9.35                               
=============================================
=============================================
* Benchmark Result (single input)
  - FPS : 9.32                               
=============================================
=============================================
* Benchmark Result (single input)
  - FPS : 9.35                               
=============================================
=============================================
* Benchmark Result (single input)
  - FPS : 9.36                               
=============================================
=============================================
* Benchmark Result (single input)
  - FPS : 9.31                               
=============================================
=============================================
* Benchmark Result (single input)
  - FPS : 9.25                               
=============================================
=============================================
* Benchmark Result (single input)
  - FPS : 9.35                               
=============================================
=============================================
* Benchmark Result (single input)
  - FPS : 9.35                               
=============================================
=============================================
* Benchmark Result (single input)
  - FPS : 9.08                               
=============================================
=============================================
* Benchmark Result (single input)
  - FPS : 9.31                               
=============================================
=============================================
* Benchmark Result (single input)
  - FPS : 9.35                               
=============================================
=============================================
* Benchmark Result (single input)
  - FPS : 9.35                               
=============================================
=============================================
* Benchmark Result (single input)
  - FPS : 9.31                               
=============================================
=============================================
* Benchmark Result (single input)
  - FPS : 9.35                               
=============================================
=============================================
* Benchmark Result (single input)
  - FPS : 9.31                               
=============================================
=============================================
* Benchmark Result (single input)
  - FPS : 9.35                               
=============================================
=============================================
* Benchmark Result (single input)
  - FPS : 9.32                               
=============================================
=============================================
* Benchmark Result (single input)
  - FPS : 9.35                               
=============================================
=============================================
* Benchmark Result (single input)
  - FPS : 9.35                               
=============================================
=============================================
* Benchmark Result (single input)
  - FPS : 9.35                               
=============================================
=============================================
* Benchmark Result (single input)
  - FPS : 9.35                               
=============================================
=============================================
* Benchmark Result (single input)
  - FPS : 9.31                               
=============================================
=============================================
* Benchmark Result (single input)
  - FPS : 9.35                               
=============================================
=============================================
* Benchmark Result (single input)
  - FPS : 9.35                               
=============================================
=============================================
* Benchmark Result (single input)
  - FPS : 9.31                               
=============================================
=============================================
* Benchmark Result (single input)
  - FPS : 9.35                               
=============================================
=============================================
* Benchmark Result (single input)
  - FPS : 9.31                               
=============================================
=============================================
* Benchmark Result (single input)
  - FPS : 9.35                               
=============================================
=============================================
* Benchmark Result (single input)
  - FPS : 9.31                               
=============================================
=============================================
* Benchmark Result (single input)
  - FPS : 9.35                               
=============================================
=============================================
* Benchmark Result (single input)
  - FPS : 9.36                               
=============================================
=============================================
* Benchmark Result (single input)
  - FPS : 9.31                               
=============================================
=============================================
* Benchmark Result (single input)
  - FPS : 9.34                               
=============================================
=============================================
* Benchmark Result (single input)
  - FPS : 9.31                               
=============================================
=============================================
* Benchmark Result (single input)
  - FPS : 9.35                               
=============================================
=============================================
* Benchmark Result (single input)
  - FPS : 9.34                               
=============================================
=============================================
* Benchmark Result (single input)
  - FPS : 9.35                               
=============================================
=============================================
* Benchmark Result (single input)
  - FPS : 9.35                               
=============================================
=============================================
* Benchmark Result (single input)
  - FPS : 9.36                               
=============================================
=============================================
* Benchmark Result (single input)
  - FPS : 9.35                               
=============================================
=============================================
* Benchmark Result (single input)
  - FPS : 9.31                               
=============================================
=============================================
* Benchmark Result (single input)
  - FPS : 9.35                               
=============================================
=============================================
* Benchmark Result (single input)
  - FPS : 9.31                               
=============================================
=============================================
* Benchmark Result (single input)
  - FPS : 9.35                               
=============================================
=============================================
* Benchmark Result (single input)
  - FPS : 9.31                               
=============================================
=============================================
* Benchmark Result (single input)
  - FPS : 9.35                               
=============================================
=============================================
* Benchmark Result (single input)
  - FPS : 9.31                               
=============================================
=============================================
* Benchmark Result (single input)
  - FPS : 9.35                               
=============================================
=============================================
* Benchmark Result (single input)
  - FPS : 9.34                               
=============================================
=============================================
* Benchmark Result (single input)
  - FPS : 9.34                               
=============================================
=============================================
* Benchmark Result (single input)
  - FPS : 9.35                               
=============================================
=============================================
* Benchmark Result (single input)
  - FPS : 9.33                               
=============================================
=============================================
* Benchmark Result (single input)
  - FPS : 9.34                               
=============================================
=============================================
* Benchmark Result (single input)
  - FPS : 9.36                               
=============================================
=============================================
* Benchmark Result (single input)
  - FPS : 9.31                               
=============================================
=============================================
* Benchmark Result (single input)
  - FPS : 9.32                               
=============================================
=============================================
* Benchmark Result (single input)
  - FPS : 9.35                               
=============================================
=============================================
* Benchmark Result (single input)
  - FPS : 9.36                               
=============================================
=============================================
* Benchmark Result (single input)
  - FPS : 9.30                               
=============================================
=============================================
* Benchmark Result (single input)
  - FPS : 9.35                               
=============================================
=============================================
* Benchmark Result (single input)
  - FPS : 9.30                               
=============================================
=============================================
* Benchmark Result (single input)
  - FPS : 9.35                               
=============================================
=============================================
* Benchmark Result (single input)
  - FPS : 9.35                               
=============================================
=============================================
* Benchmark Result (single input)
  - FPS : 9.31                               
=============================================
=============================================
* Benchmark Result (single input)
  - FPS : 9.35                               
=============================================
=============================================
* Benchmark Result (single input)
  - FPS : 9.35                               
=============================================
=============================================
* Benchmark Result (single input)
  - FPS : 9.35                               
=============================================
=============================================
* Benchmark Result (single input)
  - FPS : 9.35                               
=============================================
=============================================
* Benchmark Result (single input)
  - FPS : 9.31                               
=============================================
=============================================
* Benchmark Result (single input)
  - FPS : 9.10                               
=============================================
=============================================
* Benchmark Result (single input)
  - FPS : 9.36                               
=============================================
=============================================
* Benchmark Result (single input)
  - FPS : 9.34                               
=============================================
=============================================
* Benchmark Result (single input)
  - FPS : 9.30                               
=============================================
=============================================
* Benchmark Result (single input)
  - FPS : 9.31                               
=============================================
=============================================
* Benchmark Result (single input)
  - FPS : 9.35                               
=============================================
=============================================
* Benchmark Result (single input)
  - FPS : 9.36                               
=============================================
=============================================
* Benchmark Result (single input)
  - FPS : 9.31                               
=============================================
=============================================
* Benchmark Result (single input)
  - FPS : 9.35                               
=============================================
=============================================
* Benchmark Result (single input)
  - FPS : 9.35                               
=============================================
=============================================
* Benchmark Result (single input)
  - FPS : 9.35                               
=============================================
=============================================
* Benchmark Result (single input)
  - FPS : 9.35                               
=============================================
=============================================
* Benchmark Result (single input)
  - FPS : 9.35                               
=============================================
=============================================
* Benchmark Result (single input)
  - FPS : 9.36                               
=============================================
=============================================
* Benchmark Result (single input)
  - FPS : 9.35                               
=============================================
=============================================
* Benchmark Result (single input)
  - FPS : 9.35                               
=============================================
=============================================
* Benchmark Result (single input)
  - FPS : 9.35                               
=============================================
=============================================
* Benchmark Result (single input)
  - FPS : 9.35                               
=============================================
=============================================
* Benchmark Result (single input)
  - FPS : 9.31                               
=============================================
=============================================
* Benchmark Result (single input)
  - FPS : 9.33                               
=============================================
=============================================
* Benchmark Result (single input)
  - FPS : 9.33                               
=============================================
=============================================
* Benchmark Result (single input)
  - FPS : 9.35                               
=============================================
=============================================
* Benchmark Result (single input)
  - FPS : 9.32                               
=============================================
=============================================
* Benchmark Result (single input)
  - FPS : 9.35                               
=============================================
=============================================
* Benchmark Result (single input)
  - FPS : 9.31                               
=============================================
=============================================
* Benchmark Result (single input)
  - FPS : 9.35                               
=============================================
=============================================
* Benchmark Result (single input)
  - FPS : 9.31                               
=============================================
=============================================
* Benchmark Result (single input)
  - FPS : 9.35                               
=============================================
=============================================
* Benchmark Result (single input)
  - FPS : 9.36                               
=============================================
=============================================
* Benchmark Result (single input)
  - FPS : 9.35                               
=============================================
=============================================
* Benchmark Result (single input)
  - FPS : 9.31                               
=============================================
=============================================
* Benchmark Result (single input)
  - FPS : 9.35                               
=============================================
=============================================
* Benchmark Result (single input)
  - FPS : 9.36                               
=============================================
=============================================
* Benchmark Result (single input)
  - FPS : 8.85                               
=============================================
=============================================
* Benchmark Result (single input)
  - FPS : 9.31                               
=============================================
=============================================
* Benchmark Result (single input)
  - FPS : 9.35                               
=============================================
=============================================
* Benchmark Result (single input)
  - FPS : 9.31                               
=============================================
=============================================
* Benchmark Result (single input)
  - FPS : 9.31                               
=============================================
=============================================
* Benchmark Result (single input)
  - FPS : 9.35                               
=============================================
=============================================
* Benchmark Result (single input)
  - FPS : 9.36                               
=============================================
=============================================
* Benchmark Result (single input)
  - FPS : 9.32                               
=============================================
=============================================
* Benchmark Result (single input)
  - FPS : 9.35                               
=============================================
=============================================
* Benchmark Result (single input)
  - FPS : 9.30                               
=============================================
=============================================
* Benchmark Result (single input)
  - FPS : 9.25                               
=============================================
=============================================
* Benchmark Result (single input)
  - FPS : 9.35                               
=============================================
=============================================
* Benchmark Result (single input)
  - FPS : 9.35                               
=============================================
=============================================
* Benchmark Result (single input)
  - FPS : 9.36                               
=============================================
=============================================
* Benchmark Result (single input)
  - FPS : 9.35                               
=============================================
=============================================
* Benchmark Result (single input)
  - FPS : 9.28                               
=============================================
=============================================
* Benchmark Result (single input)
  - FPS : 9.35                               
=============================================
=============================================
* Benchmark Result (single input)
  - FPS : 9.31                               
=============================================
=============================================
* Benchmark Result (single input)
  - FPS : 9.31                               
=============================================
=============================================
* Benchmark Result (single input)
  - FPS : 9.35                               
=============================================
=============================================
* Benchmark Result (single input)
  - FPS : 9.31                               
=============================================
=============================================
* Benchmark Result (single input)
  - FPS : 9.35                               
=============================================
=============================================
* Benchmark Result (single input)
  - FPS : 9.35                               
=============================================
=============================================
* Benchmark Result (single input)
  - FPS : 9.36                               
=============================================
=============================================
* Benchmark Result (single input)
  - FPS : 9.35                               
=============================================
=============================================
* Benchmark Result (single input)
  - FPS : 9.31                               
=============================================
=============================================
* Benchmark Result (single input)
  - FPS : 9.35                               
=============================================
=============================================
* Benchmark Result (single input)
  - FPS : 9.31                               
=============================================
=============================================
* Benchmark Result (single input)
  - FPS : 9.35                               
=============================================
=============================================
* Benchmark Result (single input)
  - FPS : 9.35                               
=============================================
=============================================
* Benchmark Result (single input)
  - FPS : 9.36                               
=============================================
=============================================
* Benchmark Result (single input)
  - FPS : 9.31                               
=============================================
=============================================
* Benchmark Result (single input)
  - FPS : 9.35                               
=============================================
=============================================
* Benchmark Result (single input)
  - FPS : 9.31                               
=============================================
=============================================
* Benchmark Result (single input)
  - FPS : 9.30                               
=============================================
=============================================
* Benchmark Result (single input)
  - FPS : 9.33                               
=============================================
=============================================
* Benchmark Result (single input)
  - FPS : 9.31                               
=============================================
=============================================
* Benchmark Result (single input)
  - FPS : 9.34                               
=============================================
=============================================
* Benchmark Result (single input)
  - FPS : 9.30                               
=============================================
=============================================
* Benchmark Result (single input)
  - FPS : 9.35                               
=============================================
=============================================
* Benchmark Result (single input)
  - FPS : 9.31                               
=============================================
=============================================
* Benchmark Result (single input)
  - FPS : 9.35                               
=============================================
=============================================
* Benchmark Result (single input)
  - FPS : 9.31                               
=============================================
=============================================
* Benchmark Result (single input)
  - FPS : 9.35                               
=============================================
=============================================
* Benchmark Result (single input)
  - FPS : 9.31                               
=============================================
=============================================
* Benchmark Result (single input)
  - FPS : 9.34                               
=============================================
=============================================
* Benchmark Result (single input)
  - FPS : 9.35                               
=============================================
=============================================
* Benchmark Result (single input)
  - FPS : 9.35                               
=============================================
=============================================
* Benchmark Result (single input)
  - FPS : 9.31                               
=============================================
=============================================
* Benchmark Result (single input)
  - FPS : 9.34                               
=============================================
=============================================
* Benchmark Result (single input)
  - FPS : 9.31                               
=============================================
=============================================
* Benchmark Result (single input)
  - FPS : 9.31                               
=============================================
=============================================
* Benchmark Result (single input)
  - FPS : 9.31                               
=============================================
=============================================
* Benchmark Result (single input)
  - FPS : 9.11                               
=============================================
=============================================
* Benchmark Result (single input)
  - FPS : 9.35                               
=============================================
=============================================
* Benchmark Result (single input)
  - FPS : 9.31                               
=============================================
=============================================
* Benchmark Result (single input)
  - FPS : 9.31                               
=============================================
=============================================
* Benchmark Result (single input)
  - FPS : 9.35                               
=============================================
=============================================
* Benchmark Result (single input)
  - FPS : 9.31                               
=============================================
=============================================
* Benchmark Result (single input)
  - FPS : 9.35                               
=============================================
=============================================
* Benchmark Result (single input)
  - FPS : 9.35                               
=============================================
=============================================
* Benchmark Result (single input)
  - FPS : 9.36                               
=============================================
=============================================
* Benchmark Result (single input)
  - FPS : 9.32                               
=============================================
=============================================
* Benchmark Result (single input)
  - FPS : 9.34                               
=============================================
=============================================
* Benchmark Result (single input)
  - FPS : 9.31                               
=============================================
=============================================
* Benchmark Result (single input)
  - FPS : 9.35                               
=============================================
=============================================
* Benchmark Result (single input)
  - FPS : 9.35                               
=============================================
=============================================
* Benchmark Result (single input)
  - FPS : 9.31                               
=============================================
=============================================
* Benchmark Result (single input)
  - FPS : 9.34                               
=============================================
=============================================
* Benchmark Result (single input)
  - FPS : 9.31                               
=============================================
=============================================
* Benchmark Result (single input)
  - FPS : 9.35                               
=============================================
=============================================
* Benchmark Result (single input)
  - FPS : 9.25                               
=============================================
=============================================
* Benchmark Result (single input)
  - FPS : 9.23                               
=============================================
=============================================
* Benchmark Result (single input)
  - FPS : 9.31                               
=============================================
=============================================
* Benchmark Result (single input)
  - FPS : 9.35                               
=============================================
=============================================
* Benchmark Result (single input)
  - FPS : 9.31                               
=============================================
=============================================
* Benchmark Result (single input)
  - FPS : 9.34                               
=============================================
=============================================
* Benchmark Result (single input)
  - FPS : 9.31                               
=============================================
=============================================
* Benchmark Result (single input)
  - FPS : 9.35                               
=============================================
=============================================
* Benchmark Result (single input)
  - FPS : 9.31                               
=============================================
=============================================
* Benchmark Result (single input)
  - FPS : 9.35                               
=============================================
=============================================
* Benchmark Result (single input)
  - FPS : 9.31                               
=============================================
=============================================
* Benchmark Result (single input)
  - FPS : 9.34                               
=============================================
=============================================
* Benchmark Result (single input)
  - FPS : 9.31                               
=============================================
=============================================
* Benchmark Result (single input)
  - FPS : 9.30                               
=============================================
=============================================
* Benchmark Result (single input)
  - FPS : 9.31                               
=============================================
=============================================
* Benchmark Result (single input)
  - FPS : 9.35                               
=============================================
=============================================
* Benchmark Result (single input)
  - FPS : 9.31                               
=============================================
=============================================
* Benchmark Result (single input)
  - FPS : 9.34                               
=============================================
=============================================
* Benchmark Result (single input)
  - FPS : 9.31                               
=============================================
=============================================
* Benchmark Result (single input)
  - FPS : 9.34                               
=============================================
=============================================
* Benchmark Result (single input)
  - FPS : 9.35                               
=============================================
=============================================
* Benchmark Result (single input)
  - FPS : 9.31                               
=============================================
=============================================
* Benchmark Result (single input)
  - FPS : 9.35                               
=============================================
=============================================
* Benchmark Result (single input)
  - FPS : 9.32                               
=============================================
=============================================
* Benchmark Result (single input)
  - FPS : 9.30                               
=============================================
=============================================
* Benchmark Result (single input)
  - FPS : 9.30                               
=============================================
=============================================
* Benchmark Result (single input)
  - FPS : 9.34                               
=============================================
=============================================
* Benchmark Result (single input)
  - FPS : 9.31                               
=============================================
=============================================
* Benchmark Result (single input)
  - FPS : 9.33                               
=============================================
=============================================
* Benchmark Result (single input)
  - FPS : 9.35                               
=============================================
=============================================
* Benchmark Result (single input)
  - FPS : 9.31                               
=============================================
=============================================
* Benchmark Result (single input)
  - FPS : 9.35                               
=============================================
=============================================
* Benchmark Result (single input)
  - FPS : 9.35                               
=============================================
=============================================
* Benchmark Result (single input)
  - FPS : 9.35                               
=============================================
=============================================
* Benchmark Result (single input)
  - FPS : 9.31                               
=============================================
=============================================
* Benchmark Result (single input)
  - FPS : 9.35                               
=============================================
=============================================
* Benchmark Result (single input)
  - FPS : 9.35                               
=============================================
=============================================
* Benchmark Result (single input)
  - FPS : 9.34                               
=============================================
=============================================
* Benchmark Result (single input)
  - FPS : 9.35                               
=============================================
=============================================
* Benchmark Result (single input)
  - FPS : 9.36                               
=============================================
=============================================
* Benchmark Result (single input)
  - FPS : 9.35                               
=============================================
=============================================
* Benchmark Result (single input)
  - FPS : 9.05                               
=============================================
=============================================
* Benchmark Result (single input)
  - FPS : 9.35                               
=============================================
=============================================
* Benchmark Result (single input)
  - FPS : 9.35                               
=============================================
=============================================
* Benchmark Result (single input)
  - FPS : 9.30                               
=============================================
=============================================
* Benchmark Result (single input)
  - FPS : 9.35                               
=============================================
=============================================
* Benchmark Result (single input)
  - FPS : 9.35                               
=============================================
=============================================
* Benchmark Result (single input)
  - FPS : 9.35                               
=============================================
=============================================
* Benchmark Result (single input)
  - FPS : 9.31                               
=============================================
=============================================
* Benchmark Result (single input)
  - FPS : 9.35                               
=============================================
=============================================
* Benchmark Result (single input)
  - FPS : 9.36                               
=============================================
=============================================
* Benchmark Result (single input)
  - FPS : 9.35                               
=============================================
=============================================
* Benchmark Result (single input)
  - FPS : 9.35                               
=============================================
=============================================
* Benchmark Result (single input)
  - FPS : 9.34                               
=============================================
=============================================
* Benchmark Result (single input)
  - FPS : 9.35                               
=============================================
=============================================
* Benchmark Result (single input)
  - FPS : 9.35                               
=============================================
=============================================
* Benchmark Result (single input)
  - FPS : 9.19                               
=============================================
=============================================
* Benchmark Result (single input)
  - FPS : 9.35                               
=============================================
=============================================
* Benchmark Result (single input)
  - FPS : 9.34                               
=============================================
=============================================
* Benchmark Result (single input)
  - FPS : 9.35                               
=============================================
=============================================
* Benchmark Result (single input)
  - FPS : 9.34                               
=============================================
=============================================
* Benchmark Result (single input)
  - FPS : 9.34                               
=============================================
=============================================
* Benchmark Result (single input)
  - FPS : 9.31                               
=============================================
=============================================
* Benchmark Result (single input)
  - FPS : 9.34                               
=============================================
=============================================
* Benchmark Result (single input)
  - FPS : 9.36                               
=============================================
=============================================
* Benchmark Result (single input)
  - FPS : 9.34                               
=============================================
=============================================
* Benchmark Result (single input)
  - FPS : 9.36                               
=============================================
=============================================
* Benchmark Result (single input)
  - FPS : 9.35                               
=============================================
=============================================
* Benchmark Result (single input)
  - FPS : 9.35                               
=============================================
=============================================
* Benchmark Result (single input)
  - FPS : 9.35                               
=============================================
=============================================
* Benchmark Result (single input)
  - FPS : 9.34                               
=============================================
=============================================
* Benchmark Result (single input)
  - FPS : 9.35                               
=============================================
=============================================
* Benchmark Result (single input)
  - FPS : 9.35                               
=============================================
=============================================
* Benchmark Result (single input)
  - FPS : 9.35                               
=============================================
=============================================
* Benchmark Result (single input)
  - FPS : 9.35                               
=============================================
=============================================
* Benchmark Result (single input)
  - FPS : 9.34                               
=============================================
=============================================
* Benchmark Result (single input)
  - FPS : 9.34                               
=============================================
=============================================
* Benchmark Result (single input)
  - FPS : 9.35                               
=============================================
=============================================
* Benchmark Result (single input)
  - FPS : 9.34                               
=============================================
=============================================
* Benchmark Result (single input)
  - FPS : 9.32                               
=============================================
=============================================
* Benchmark Result (single input)
  - FPS : 9.34                               
=============================================
=============================================
* Benchmark Result (single input)
  - FPS : 9.36                               
=============================================
=============================================
* Benchmark Result (single input)
  - FPS : 9.31                               
=============================================
=============================================
* Benchmark Result (single input)
  - FPS : 9.35                               
=============================================
=============================================
* Benchmark Result (single input)
  - FPS : 9.35                               
=============================================
=============================================
* Benchmark Result (single input)
  - FPS : 9.35                               
=============================================
=============================================
* Benchmark Result (single input)
  - FPS : 9.35                               
=============================================
=============================================
* Benchmark Result (single input)
  - FPS : 9.34                               
=============================================
=============================================
* Benchmark Result (single input)
  - FPS : 9.35                               
=============================================
=============================================
* Benchmark Result (single input)
  - FPS : 9.35                               
=============================================
=============================================
* Benchmark Result (single input)
  - FPS : 9.34                               
=============================================
=============================================
* Benchmark Result (single input)
  - FPS : 9.36                               
=============================================
=============================================
* Benchmark Result (single input)
  - FPS : 9.35                               
=============================================
=============================================
* Benchmark Result (single input)
  - FPS : 9.35                               
=============================================
=============================================
* Benchmark Result (single input)
  - FPS : 9.35                               
=============================================
=============================================
* Benchmark Result (single input)
  - FPS : 9.35                               
=============================================
=============================================
* Benchmark Result (single input)
  - FPS : 9.35                               
=============================================
=============================================
* Benchmark Result (single input)
  - FPS : 9.30                               
=============================================
=============================================
* Benchmark Result (single input)
  - FPS : 9.10                               
=============================================
=============================================
* Benchmark Result (single input)
  - FPS : 9.31                               
=============================================
=============================================
* Benchmark Result (single input)
  - FPS : 9.35                               
=============================================
=============================================
* Benchmark Result (single input)
  - FPS : 9.35                               
=============================================
=============================================
* Benchmark Result (single input)
  - FPS : 9.30                               
=============================================
=============================================
* Benchmark Result (single input)
  - FPS : 9.35                               
=============================================
=============================================
* Benchmark Result (single input)
  - FPS : 9.36                               
=============================================
=============================================
* Benchmark Result (single input)
  - FPS : 9.36                               
=============================================
=============================================
* Benchmark Result (single input)
  - FPS : 9.35                               
=============================================
=============================================
* Benchmark Result (single input)
  - FPS : 9.36                               
=============================================
=============================================
* Benchmark Result (single input)
  - FPS : 9.35                               
=============================================
=============================================
* Benchmark Result (single input)
  - FPS : 9.35                               
=============================================
=============================================
* Benchmark Result (single input)
  - FPS : 9.35                               
=============================================
Profiler data has been written to profiler.json
  -------------------------------------------------------------------------------
  |           Name                 |  min (us)    |  max (us)    | average (us) |
  -------------------------------------------------------------------------------
  |   Framework Response Handling  |           13 |           38 |      19.0565 | 38, 19, 22, 20, 21, 20, 17, 20, 18, 19, 18, 18, 30, 20, 19, 21, 18, 19, 27, 19, 18, 20, 17, 19, 19, 18, 18, 16, 18, 19, ...
  |                       NPU Core |        86098 |        86157 |      86125.2 | 86122, 86127, 86122, 86137, 86130, 86138, 86125, 86134, 86123, 86102, 86126, 86130, 86134, 86122, 86132, 86121, 86120, 86132, 86131, 86117, 86133, 86140, 86140, 86111, 86133, 86130, 86131, 86107, 86118, 86131, ...
  |       NPU Input Format Handler |         1056 |         2276 |      1105.46 | 1263, 1102, 1094, 1118, 1093, 1096, 1122, 1104, 1113, 1077, 1078, 1120, 1087, 1109, 1111, 1098, 1081, 1088, 1113, 1114, 1082, 1091, 1111, 1077, 1099, 1081, 1120, 1142, 1076, 1076, ...
  |      NPU Output Format Handler |         3942 |         5204 |      4775.97 | 3942, 4733, 4713, 4666, 4704, 4953, 4705, 4951, 4675, 4927, 4677, 5004, 4968, 4697, 4944, 4717, 4690, 4690, 4919, 4738, 4697, 4664, 4980, 4946, 4732, 4953, 4940, 4718, 4664, 4951, ...
  |                       NPU Task |       101209 |       107271 |       101478 | 101530, 101324, 101298, 101304, 101287, 101586, 101387, 101605, 101293, 101495, 101310, 101654, 101598, 101324, 101588, 101340, 101234, 101278, 101627, 101376, 101256, 107271, 101654, 101563, 101384, 101553, 101652, 101331, 101246, 101542, ...
  |                      PCIe Read |         5062 |         5700 |      5093.51 | 5700, 5067, 5092, 5070, 5088, 5096, 5088, 5098, 5092, 5094, 5087, 5110, 5098, 5093, 5096, 5095, 5067, 5089, 5130, 5083, 5065, 5094, 5109, 5093, 5106, 5098, 5116, 5064, 5096, 5092, ...
  |                     PCIe Write |         3942 |         4085 |      3982.18 | 3993, 3983, 3964, 3982, 3963, 3981, 3996, 4000, 3966, 3983, 4001, 3983, 3978, 3975, 3979, 3987, 3964, 3978, 3970, 4015, 3967, 3977, 3997, 3987, 3986, 3982, 3995, 3986, 3985, 3973, ...
  |           Service Process Wait |       106855 |      1294001 |       111159 | 1294001, 106916, 106948, 107067, 106914, 106981, 107559, 107144, 107180, 106883, 107413, 106938, 106924, 107423, 106984, 107425, 106909, 106898, 106950, 107517, 106956, 112900, 107477, 106990, 107405, 106976, 107479, 107465, 106885, 106913, ...
  |                          cpu_0 |         5352 |         7183 |      5514.72 | 5352, 5446, 5477, 5453, 5439, 5675, 5553, 5391, 5438, 5611, 5441, 5594, 5583, 5453, 5637, 5403, 5429, 5430, 5642, 5426, 5429, 5472, 5609, 5602, 5412, 5612, 5617, 5406, 5454, 5608, ...
  -------------------------------------------------------------------------------

__CPU_PERCENT__=12%
