Runtime Framework Version: v3.2.0
Device Driver Version: v2.1.0
PCIe Driver Version: v2.0.1

modelFile: /home/orangepi/sijo_feat_windows_env/dx_stream/apps/benchmark/assets/models_dx_com220rc2/yolo26l-pose.dxnn
inputFile: 
outputFile: output.bin
benchmark: 0
loops: 300
Device specification: 'all' (default)
[INFO] Profiler is enabled.
Run model target mode : Single Mode
Inference by loops: count=300

=== Model File: /home/orangepi/sijo_feat_windows_env/dx_stream/apps/benchmark/assets/models_dx_com220rc2/yolo26l-pose.dxnn ===

Model Input Tensors:
  - images
Model Output Tensors:
  - output0

Tasks:
  [ ] -> npu_0 -> [cpu_0, ]
  Task[0] npu_0, NPU, NPU memory usage 165,915,584 bytes (input 1,228,800 bytes, output 1,881,600 bytes)
  Inputs
     -  images, UINT8, [1, 640, 640, 3 ]
  Outputs
    -  /model.23/one2one_cv4_kpts.0/Conv_output_0, FLOAT, [1, 51, 80, 80 ]
    -  /model.23/one2one_cv2.0/one2one_cv2.0.2/Conv_output_0, FLOAT, [1, 4, 80, 80 ]
    -  /model.23/one2one_cv4_kpts.1/Conv_output_0, FLOAT, [1, 51, 40, 40 ]
    -  /model.23/one2one_cv2.1/one2one_cv2.1.2/Conv_output_0, FLOAT, [1, 4, 40, 40 ]
    -  /model.23/one2one_cv3.0/one2one_cv3.0.2/Conv_output_0, FLOAT, [1, 1, 80, 80 ]
    -  /model.23/one2one_cv3.1/one2one_cv3.1.2/Conv_output_0, FLOAT, [1, 1, 40, 40 ]
    -  /model.23/one2one_cv4_kpts.2/Conv_output_0, FLOAT, [1, 51, 20, 20 ]
    -  /model.23/one2one_cv2.2/one2one_cv2.2.2/Conv_output_0, FLOAT, [1, 4, 20, 20 ]
    -  /model.23/one2one_cv3.2/one2one_cv3.2.2/Conv_output_0, FLOAT, [1, 1, 20, 20 ]

  [ npu_0, ] -> cpu_0 -> []
  Task[1] cpu_0, CPU, input 1,881,600 bytes, output 69,600 bytes
  Inputs
     -  /model.23/one2one_cv2.0/one2one_cv2.0.2/Conv_output_0, FLOAT, [1, 4, 80, 80 ]
     -  /model.23/one2one_cv2.1/one2one_cv2.1.2/Conv_output_0, FLOAT, [1, 4, 40, 40 ]
     -  /model.23/one2one_cv2.2/one2one_cv2.2.2/Conv_output_0, FLOAT, [1, 4, 20, 20 ]
     -  /model.23/one2one_cv3.0/one2one_cv3.0.2/Conv_output_0, FLOAT, [1, 1, 80, 80 ]
     -  /model.23/one2one_cv3.1/one2one_cv3.1.2/Conv_output_0, FLOAT, [1, 1, 40, 40 ]
     -  /model.23/one2one_cv3.2/one2one_cv3.2.2/Conv_output_0, FLOAT, [1, 1, 20, 20 ]
     -  /model.23/one2one_cv4_kpts.0/Conv_output_0, FLOAT, [1, 51, 80, 80 ]
     -  /model.23/one2one_cv4_kpts.2/Conv_output_0, FLOAT, [1, 51, 20, 20 ]
     -  /model.23/one2one_cv4_kpts.1/Conv_output_0, FLOAT, [1, 51, 40, 40 ]
  Outputs
     -  output0, FLOAT, [1, 300, 57 ]
     -  /model.23/TopK_output_0, FLOAT, [1, 300 ]


Performing 1 warmup run(s)...
Warmup completed.
=============================================
* Benchmark Result (single input)
  - FPS : 16.24                              
=============================================
=============================================
* Benchmark Result (single input)
  - FPS : 13.47                              
=============================================
=============================================
* Benchmark Result (single input)
  - FPS : 15.26                              
=============================================
=============================================
* Benchmark Result (single input)
  - FPS : 13.71                              
=============================================
=============================================
* Benchmark Result (single input)
  - FPS : 13.87                              
=============================================
=============================================
* Benchmark Result (single input)
  - FPS : 14.09                              
=============================================
=============================================
* Benchmark Result (single input)
  - FPS : 13.52                              
=============================================
=============================================
* Benchmark Result (single input)
  - FPS : 15.87                              
=============================================
=============================================
* Benchmark Result (single input)
  - FPS : 10.45                              
=============================================
=============================================
* Benchmark Result (single input)
  - FPS : 15.67                              
=============================================
=============================================
* Benchmark Result (single input)
  - FPS : 15.89                              
=============================================
=============================================
* Benchmark Result (single input)
  - FPS : 13.72                              
=============================================
=============================================
* Benchmark Result (single input)
  - FPS : 10.54                              
=============================================
=============================================
* Benchmark Result (single input)
  - FPS : 10.58                              
=============================================
=============================================
* Benchmark Result (single input)
  - FPS : 10.65                              
=============================================
=============================================
* Benchmark Result (single input)
  - FPS : 13.78                              
=============================================
=============================================
* Benchmark Result (single input)
  - FPS : 12.19                              
=============================================
=============================================
* Benchmark Result (single input)
  - FPS : 13.85                              
=============================================
=============================================
* Benchmark Result (single input)
  - FPS : 14.89                              
=============================================
=============================================
* Benchmark Result (single input)
  - FPS : 13.71                              
=============================================
=============================================
* Benchmark Result (single input)
  - FPS : 14.11                              
=============================================
=============================================
* Benchmark Result (single input)
  - FPS : 13.85                              
=============================================
=============================================
* Benchmark Result (single input)
  - FPS : 10.55                              
=============================================
=============================================
* Benchmark Result (single input)
  - FPS : 12.28                              
=============================================
=============================================
* Benchmark Result (single input)
  - FPS : 10.35                              
=============================================
=============================================
* Benchmark Result (single input)
  - FPS : 13.55                              
=============================================
=============================================
* Benchmark Result (single input)
  - FPS : 13.63                              
=============================================
=============================================
* Benchmark Result (single input)
  - FPS : 14.28                              
=============================================
=============================================
* Benchmark Result (single input)
  - FPS : 14.09                              
=============================================
=============================================
* Benchmark Result (single input)
  - FPS : 14.10                              
=============================================
=============================================
* Benchmark Result (single input)
  - FPS : 14.07                              
=============================================
=============================================
* Benchmark Result (single input)
  - FPS : 10.90                              
=============================================
=============================================
* Benchmark Result (single input)
  - FPS : 13.84                              
=============================================
=============================================
* Benchmark Result (single input)
  - FPS : 14.14                              
=============================================
=============================================
* Benchmark Result (single input)
  - FPS : 13.80                              
=============================================
=============================================
* Benchmark Result (single input)
  - FPS : 14.13                              
=============================================
=============================================
* Benchmark Result (single input)
  - FPS : 13.92                              
=============================================
=============================================
* Benchmark Result (single input)
  - FPS : 13.84                              
=============================================
=============================================
* Benchmark Result (single input)
  - FPS : 14.28                              
=============================================
=============================================
* Benchmark Result (single input)
  - FPS : 14.18                              
=============================================
=============================================
* Benchmark Result (single input)
  - FPS : 14.28                              
=============================================
=============================================
* Benchmark Result (single input)
  - FPS : 13.99                              
=============================================
=============================================
* Benchmark Result (single input)
  - FPS : 13.98                              
=============================================
=============================================
* Benchmark Result (single input)
  - FPS : 14.17                              
=============================================
=============================================
* Benchmark Result (single input)
  - FPS : 14.03                              
=============================================
=============================================
* Benchmark Result (single input)
  - FPS : 16.36                              
=============================================
=============================================
* Benchmark Result (single input)
  - FPS : 14.32                              
=============================================
=============================================
* Benchmark Result (single input)
  - FPS : 13.90                              
=============================================
=============================================
* Benchmark Result (single input)
  - FPS : 14.02                              
=============================================
=============================================
* Benchmark Result (single input)
  - FPS : 14.02                              
=============================================
=============================================
* Benchmark Result (single input)
  - FPS : 13.93                              
=============================================
=============================================
* Benchmark Result (single input)
  - FPS : 14.41                              
=============================================
=============================================
* Benchmark Result (single input)
  - FPS : 11.98                              
=============================================
=============================================
* Benchmark Result (single input)
  - FPS : 15.04                              
=============================================
=============================================
* Benchmark Result (single input)
  - FPS : 14.64                              
=============================================
=============================================
* Benchmark Result (single input)
  - FPS : 15.80                              
=============================================
=============================================
* Benchmark Result (single input)
  - FPS : 14.33                              
=============================================
=============================================
* Benchmark Result (single input)
  - FPS : 14.09                              
=============================================
=============================================
* Benchmark Result (single input)
  - FPS : 10.62                              
=============================================
=============================================
* Benchmark Result (single input)
  - FPS : 13.32                              
=============================================
=============================================
* Benchmark Result (single input)
  - FPS : 13.03                              
=============================================
=============================================
* Benchmark Result (single input)
  - FPS : 12.38                              
=============================================
=============================================
* Benchmark Result (single input)
  - FPS : 11.23                              
=============================================
=============================================
* Benchmark Result (single input)
  - FPS : 12.24                              
=============================================
=============================================
* Benchmark Result (single input)
  - FPS : 14.34                              
=============================================
=============================================
* Benchmark Result (single input)
  - FPS : 12.13                              
=============================================
=============================================
* Benchmark Result (single input)
  - FPS : 10.44                              
=============================================
=============================================
* Benchmark Result (single input)
  - FPS : 10.32                              
=============================================
=============================================
* Benchmark Result (single input)
  - FPS : 12.38                              
=============================================
=============================================
* Benchmark Result (single input)
  - FPS : 12.88                              
=============================================
=============================================
* Benchmark Result (single input)
  - FPS : 12.04                              
=============================================
=============================================
* Benchmark Result (single input)
  - FPS : 11.36                              
=============================================
=============================================
* Benchmark Result (single input)
  - FPS : 10.26                              
=============================================
=============================================
* Benchmark Result (single input)
  - FPS : 10.45                              
=============================================
=============================================
* Benchmark Result (single input)
  - FPS : 11.71                              
=============================================
=============================================
* Benchmark Result (single input)
  - FPS : 16.01                              
=============================================
=============================================
* Benchmark Result (single input)
  - FPS : 10.89                              
=============================================
=============================================
* Benchmark Result (single input)
  - FPS : 12.51                              
=============================================
=============================================
* Benchmark Result (single input)
  - FPS : 10.32                              
=============================================
=============================================
* Benchmark Result (single input)
  - FPS : 10.44                              
=============================================
=============================================
* Benchmark Result (single input)
  - FPS : 15.98                              
=============================================
=============================================
* Benchmark Result (single input)
  - FPS : 15.76                              
=============================================
=============================================
* Benchmark Result (single input)
  - FPS : 13.08                              
=============================================
=============================================
* Benchmark Result (single input)
  - FPS : 15.68                              
=============================================
=============================================
* Benchmark Result (single input)
  - FPS : 10.54                              
=============================================
=============================================
* Benchmark Result (single input)
  - FPS : 13.67                              
=============================================
=============================================
* Benchmark Result (single input)
  - FPS : 12.55                              
=============================================
=============================================
* Benchmark Result (single input)
  - FPS : 15.77                              
=============================================
=============================================
* Benchmark Result (single input)
  - FPS : 14.16                              
=============================================
=============================================
* Benchmark Result (single input)
  - FPS : 13.37                              
=============================================
=============================================
* Benchmark Result (single input)
  - FPS : 11.96                              
=============================================
=============================================
* Benchmark Result (single input)
  - FPS : 15.91                              
=============================================
=============================================
* Benchmark Result (single input)
  - FPS : 15.70                              
=============================================
=============================================
* Benchmark Result (single input)
  - FPS : 15.68                              
=============================================
=============================================
* Benchmark Result (single input)
  - FPS : 12.50                              
=============================================
=============================================
* Benchmark Result (single input)
  - FPS : 10.37                              
=============================================
=============================================
* Benchmark Result (single input)
  - FPS : 14.41                              
=============================================
=============================================
* Benchmark Result (single input)
  - FPS : 12.55                              
=============================================
=============================================
* Benchmark Result (single input)
  - FPS : 12.76                              
=============================================
=============================================
* Benchmark Result (single input)
  - FPS : 10.61                              
=============================================
=============================================
* Benchmark Result (single input)
  - FPS : 10.48                              
=============================================
=============================================
* Benchmark Result (single input)
  - FPS : 14.24                              
=============================================
=============================================
* Benchmark Result (single input)
  - FPS : 13.52                              
=============================================
=============================================
* Benchmark Result (single input)
  - FPS : 14.79                              
=============================================
=============================================
* Benchmark Result (single input)
  - FPS : 12.04                              
=============================================
=============================================
* Benchmark Result (single input)
  - FPS : 10.57                              
=============================================
=============================================
* Benchmark Result (single input)
  - FPS : 13.64                              
=============================================
=============================================
* Benchmark Result (single input)
  - FPS : 13.26                              
=============================================
=============================================
* Benchmark Result (single input)
  - FPS : 12.44                              
=============================================
=============================================
* Benchmark Result (single input)
  - FPS : 15.90                              
=============================================
=============================================
* Benchmark Result (single input)
  - FPS : 10.43                              
=============================================
=============================================
* Benchmark Result (single input)
  - FPS : 10.24                              
=============================================
=============================================
* Benchmark Result (single input)
  - FPS : 12.42                              
=============================================
=============================================
* Benchmark Result (single input)
  - FPS : 10.29                              
=============================================
=============================================
* Benchmark Result (single input)
  - FPS : 12.77                              
=============================================
=============================================
* Benchmark Result (single input)
  - FPS : 10.57                              
=============================================
=============================================
* Benchmark Result (single input)
  - FPS : 16.02                              
=============================================
=============================================
* Benchmark Result (single input)
  - FPS : 10.38                              
=============================================
=============================================
* Benchmark Result (single input)
  - FPS : 16.00                              
=============================================
=============================================
* Benchmark Result (single input)
  - FPS : 14.62                              
=============================================
=============================================
* Benchmark Result (single input)
  - FPS : 12.09                              
=============================================
=============================================
* Benchmark Result (single input)
  - FPS : 13.58                              
=============================================
=============================================
* Benchmark Result (single input)
  - FPS : 16.08                              
=============================================
=============================================
* Benchmark Result (single input)
  - FPS : 10.51                              
=============================================
=============================================
* Benchmark Result (single input)
  - FPS : 12.72                              
=============================================
=============================================
* Benchmark Result (single input)
  - FPS : 11.82                              
=============================================
=============================================
* Benchmark Result (single input)
  - FPS : 10.61                              
=============================================
=============================================
* Benchmark Result (single input)
  - FPS : 12.86                              
=============================================
=============================================
* Benchmark Result (single input)
  - FPS : 14.54                              
=============================================
=============================================
* Benchmark Result (single input)
  - FPS : 13.66                              
=============================================
=============================================
* Benchmark Result (single input)
  - FPS : 10.63                              
=============================================
=============================================
* Benchmark Result (single input)
  - FPS : 13.39                              
=============================================
=============================================
* Benchmark Result (single input)
  - FPS : 10.56                              
=============================================
=============================================
* Benchmark Result (single input)
  - FPS : 13.37                              
=============================================
=============================================
* Benchmark Result (single input)
  - FPS : 12.53                              
=============================================
=============================================
* Benchmark Result (single input)
  - FPS : 12.33                              
=============================================
=============================================
* Benchmark Result (single input)
  - FPS : 13.41                              
=============================================
=============================================
* Benchmark Result (single input)
  - FPS : 12.27                              
=============================================
=============================================
* Benchmark Result (single input)
  - FPS : 11.96                              
=============================================
=============================================
* Benchmark Result (single input)
  - FPS : 13.66                              
=============================================
=============================================
* Benchmark Result (single input)
  - FPS : 13.75                              
=============================================
=============================================
* Benchmark Result (single input)
  - FPS : 13.39                              
=============================================
=============================================
* Benchmark Result (single input)
  - FPS : 13.78                              
=============================================
=============================================
* Benchmark Result (single input)
  - FPS : 13.54                              
=============================================
=============================================
* Benchmark Result (single input)
  - FPS : 13.08                              
=============================================
=============================================
* Benchmark Result (single input)
  - FPS : 16.08                              
=============================================
=============================================
* Benchmark Result (single input)
  - FPS : 12.97                              
=============================================
=============================================
* Benchmark Result (single input)
  - FPS : 14.63                              
=============================================
=============================================
* Benchmark Result (single input)
  - FPS : 13.85                              
=============================================
=============================================
* Benchmark Result (single input)
  - FPS : 13.01                              
=============================================
=============================================
* Benchmark Result (single input)
  - FPS : 13.44                              
=============================================
=============================================
* Benchmark Result (single input)
  - FPS : 13.57                              
=============================================
=============================================
* Benchmark Result (single input)
  - FPS : 14.60                              
=============================================
=============================================
* Benchmark Result (single input)
  - FPS : 12.59                              
=============================================
=============================================
* Benchmark Result (single input)
  - FPS : 11.94                              
=============================================
=============================================
* Benchmark Result (single input)
  - FPS : 9.98                               
=============================================
=============================================
* Benchmark Result (single input)
  - FPS : 10.42                              
=============================================
=============================================
* Benchmark Result (single input)
  - FPS : 14.20                              
=============================================
=============================================
* Benchmark Result (single input)
  - FPS : 10.71                              
=============================================
=============================================
* Benchmark Result (single input)
  - FPS : 13.10                              
=============================================
=============================================
* Benchmark Result (single input)
  - FPS : 13.54                              
=============================================
=============================================
* Benchmark Result (single input)
  - FPS : 12.86                              
=============================================
=============================================
* Benchmark Result (single input)
  - FPS : 13.15                              
=============================================
=============================================
* Benchmark Result (single input)
  - FPS : 16.13                              
=============================================
=============================================
* Benchmark Result (single input)
  - FPS : 10.29                              
=============================================
=============================================
* Benchmark Result (single input)
  - FPS : 12.97                              
=============================================
=============================================
* Benchmark Result (single input)
  - FPS : 10.31                              
=============================================
=============================================
* Benchmark Result (single input)
  - FPS : 15.63                              
=============================================
=============================================
* Benchmark Result (single input)
  - FPS : 10.30                              
=============================================
=============================================
* Benchmark Result (single input)
  - FPS : 14.61                              
=============================================
=============================================
* Benchmark Result (single input)
  - FPS : 12.38                              
=============================================
=============================================
* Benchmark Result (single input)
  - FPS : 13.31                              
=============================================
=============================================
* Benchmark Result (single input)
  - FPS : 14.97                              
=============================================
=============================================
* Benchmark Result (single input)
  - FPS : 10.34                              
=============================================
=============================================
* Benchmark Result (single input)
  - FPS : 13.39                              
=============================================
=============================================
* Benchmark Result (single input)
  - FPS : 12.08                              
=============================================
=============================================
* Benchmark Result (single input)
  - FPS : 9.61                               
=============================================
=============================================
* Benchmark Result (single input)
  - FPS : 13.35                              
=============================================
=============================================
* Benchmark Result (single input)
  - FPS : 14.15                              
=============================================
=============================================
* Benchmark Result (single input)
  - FPS : 14.07                              
=============================================
=============================================
* Benchmark Result (single input)
  - FPS : 10.85                              
=============================================
=============================================
* Benchmark Result (single input)
  - FPS : 12.26                              
=============================================
=============================================
* Benchmark Result (single input)
  - FPS : 14.79                              
=============================================
=============================================
* Benchmark Result (single input)
  - FPS : 10.43                              
=============================================
=============================================
* Benchmark Result (single input)
  - FPS : 12.62                              
=============================================
=============================================
* Benchmark Result (single input)
  - FPS : 14.22                              
=============================================
=============================================
* Benchmark Result (single input)
  - FPS : 13.40                              
=============================================
=============================================
* Benchmark Result (single input)
  - FPS : 10.78                              
=============================================
=============================================
* Benchmark Result (single input)
  - FPS : 12.47                              
=============================================
=============================================
* Benchmark Result (single input)
  - FPS : 15.68                              
=============================================
=============================================
* Benchmark Result (single input)
  - FPS : 15.56                              
=============================================
=============================================
* Benchmark Result (single input)
  - FPS : 13.30                              
=============================================
=============================================
* Benchmark Result (single input)
  - FPS : 14.41                              
=============================================
=============================================
* Benchmark Result (single input)
  - FPS : 10.23                              
=============================================
=============================================
* Benchmark Result (single input)
  - FPS : 10.28                              
=============================================
=============================================
* Benchmark Result (single input)
  - FPS : 10.30                              
=============================================
=============================================
* Benchmark Result (single input)
  - FPS : 10.12                              
=============================================
=============================================
* Benchmark Result (single input)
  - FPS : 11.90                              
=============================================
=============================================
* Benchmark Result (single input)
  - FPS : 10.30                              
=============================================
=============================================
* Benchmark Result (single input)
  - FPS : 12.04                              
=============================================
=============================================
* Benchmark Result (single input)
  - FPS : 9.98                               
=============================================
=============================================
* Benchmark Result (single input)
  - FPS : 10.27                              
=============================================
=============================================
* Benchmark Result (single input)
  - FPS : 10.49                              
=============================================
=============================================
* Benchmark Result (single input)
  - FPS : 12.28                              
=============================================
=============================================
* Benchmark Result (single input)
  - FPS : 12.47                              
=============================================
=============================================
* Benchmark Result (single input)
  - FPS : 12.92                              
=============================================
=============================================
* Benchmark Result (single input)
  - FPS : 15.89                              
=============================================
=============================================
* Benchmark Result (single input)
  - FPS : 13.57                              
=============================================
=============================================
* Benchmark Result (single input)
  - FPS : 14.72                              
=============================================
=============================================
* Benchmark Result (single input)
  - FPS : 15.72                              
=============================================
=============================================
* Benchmark Result (single input)
  - FPS : 15.84                              
=============================================
=============================================
* Benchmark Result (single input)
  - FPS : 15.58                              
=============================================
=============================================
* Benchmark Result (single input)
  - FPS : 13.52                              
=============================================
=============================================
* Benchmark Result (single input)
  - FPS : 15.83                              
=============================================
=============================================
* Benchmark Result (single input)
  - FPS : 13.86                              
=============================================
=============================================
* Benchmark Result (single input)
  - FPS : 13.95                              
=============================================
=============================================
* Benchmark Result (single input)
  - FPS : 14.29                              
=============================================
=============================================
* Benchmark Result (single input)
  - FPS : 14.00                              
=============================================
=============================================
* Benchmark Result (single input)
  - FPS : 14.11                              
=============================================
=============================================
* Benchmark Result (single input)
  - FPS : 14.13                              
=============================================
=============================================
* Benchmark Result (single input)
  - FPS : 13.11                              
=============================================
=============================================
* Benchmark Result (single input)
  - FPS : 14.16                              
=============================================
=============================================
* Benchmark Result (single input)
  - FPS : 14.07                              
=============================================
=============================================
* Benchmark Result (single input)
  - FPS : 13.19                              
=============================================
=============================================
* Benchmark Result (single input)
  - FPS : 14.04                              
=============================================
=============================================
* Benchmark Result (single input)
  - FPS : 13.99                              
=============================================
=============================================
* Benchmark Result (single input)
  - FPS : 13.96                              
=============================================
=============================================
* Benchmark Result (single input)
  - FPS : 14.05                              
=============================================
=============================================
* Benchmark Result (single input)
  - FPS : 14.19                              
=============================================
=============================================
* Benchmark Result (single input)
  - FPS : 14.09                              
=============================================
=============================================
* Benchmark Result (single input)
  - FPS : 14.00                              
=============================================
=============================================
* Benchmark Result (single input)
  - FPS : 13.98                              
=============================================
=============================================
* Benchmark Result (single input)
  - FPS : 14.33                              
=============================================
=============================================
* Benchmark Result (single input)
  - FPS : 14.19                              
=============================================
=============================================
* Benchmark Result (single input)
  - FPS : 13.88                              
=============================================
=============================================
* Benchmark Result (single input)
  - FPS : 14.41                              
=============================================
=============================================
* Benchmark Result (single input)
  - FPS : 14.16                              
=============================================
=============================================
* Benchmark Result (single input)
  - FPS : 13.97                              
=============================================
=============================================
* Benchmark Result (single input)
  - FPS : 13.10                              
=============================================
=============================================
* Benchmark Result (single input)
  - FPS : 14.08                              
=============================================
=============================================
* Benchmark Result (single input)
  - FPS : 14.10                              
=============================================
=============================================
* Benchmark Result (single input)
  - FPS : 14.02                              
=============================================
=============================================
* Benchmark Result (single input)
  - FPS : 13.35                              
=============================================
=============================================
* Benchmark Result (single input)
  - FPS : 14.24                              
=============================================
=============================================
* Benchmark Result (single input)
  - FPS : 13.03                              
=============================================
=============================================
* Benchmark Result (single input)
  - FPS : 14.05                              
=============================================
=============================================
* Benchmark Result (single input)
  - FPS : 14.28                              
=============================================
=============================================
* Benchmark Result (single input)
  - FPS : 14.10                              
=============================================
=============================================
* Benchmark Result (single input)
  - FPS : 14.07                              
=============================================
=============================================
* Benchmark Result (single input)
  - FPS : 14.06                              
=============================================
=============================================
* Benchmark Result (single input)
  - FPS : 14.08                              
=============================================
=============================================
* Benchmark Result (single input)
  - FPS : 13.36                              
=============================================
=============================================
* Benchmark Result (single input)
  - FPS : 14.27                              
=============================================
=============================================
* Benchmark Result (single input)
  - FPS : 14.12                              
=============================================
=============================================
* Benchmark Result (single input)
  - FPS : 14.20                              
=============================================
=============================================
* Benchmark Result (single input)
  - FPS : 14.14                              
=============================================
=============================================
* Benchmark Result (single input)
  - FPS : 12.39                              
=============================================
=============================================
* Benchmark Result (single input)
  - FPS : 14.15                              
=============================================
=============================================
* Benchmark Result (single input)
  - FPS : 13.89                              
=============================================
=============================================
* Benchmark Result (single input)
  - FPS : 14.20                              
=============================================
=============================================
* Benchmark Result (single input)
  - FPS : 13.89                              
=============================================
=============================================
* Benchmark Result (single input)
  - FPS : 13.86                              
=============================================
=============================================
* Benchmark Result (single input)
  - FPS : 13.91                              
=============================================
=============================================
* Benchmark Result (single input)
  - FPS : 14.18                              
=============================================
=============================================
* Benchmark Result (single input)
  - FPS : 15.52                              
=============================================
=============================================
* Benchmark Result (single input)
  - FPS : 13.19                              
=============================================
=============================================
* Benchmark Result (single input)
  - FPS : 9.91                               
=============================================
=============================================
* Benchmark Result (single input)
  - FPS : 11.99                              
=============================================
=============================================
* Benchmark Result (single input)
  - FPS : 13.41                              
=============================================
=============================================
* Benchmark Result (single input)
  - FPS : 12.74                              
=============================================
=============================================
* Benchmark Result (single input)
  - FPS : 12.90                              
=============================================
=============================================
* Benchmark Result (single input)
  - FPS : 13.74                              
=============================================
=============================================
* Benchmark Result (single input)
  - FPS : 10.26                              
=============================================
=============================================
* Benchmark Result (single input)
  - FPS : 12.14                              
=============================================
=============================================
* Benchmark Result (single input)
  - FPS : 10.66                              
=============================================
=============================================
* Benchmark Result (single input)
  - FPS : 14.22                              
=============================================
=============================================
* Benchmark Result (single input)
  - FPS : 11.84                              
=============================================
=============================================
* Benchmark Result (single input)
  - FPS : 15.39                              
=============================================
=============================================
* Benchmark Result (single input)
  - FPS : 14.51                              
=============================================
=============================================
* Benchmark Result (single input)
  - FPS : 14.84                              
=============================================
=============================================
* Benchmark Result (single input)
  - FPS : 12.17                              
=============================================
=============================================
* Benchmark Result (single input)
  - FPS : 10.39                              
=============================================
=============================================
* Benchmark Result (single input)
  - FPS : 13.14                              
=============================================
=============================================
* Benchmark Result (single input)
  - FPS : 13.78                              
=============================================
=============================================
* Benchmark Result (single input)
  - FPS : 15.88                              
=============================================
=============================================
* Benchmark Result (single input)
  - FPS : 12.25                              
=============================================
=============================================
* Benchmark Result (single input)
  - FPS : 10.40                              
=============================================
=============================================
* Benchmark Result (single input)
  - FPS : 10.29                              
=============================================
=============================================
* Benchmark Result (single input)
  - FPS : 13.35                              
=============================================
=============================================
* Benchmark Result (single input)
  - FPS : 12.97                              
=============================================
=============================================
* Benchmark Result (single input)
  - FPS : 13.26                              
=============================================
=============================================
* Benchmark Result (single input)
  - FPS : 15.86                              
=============================================
=============================================
* Benchmark Result (single input)
  - FPS : 12.32                              
=============================================
=============================================
* Benchmark Result (single input)
  - FPS : 13.85                              
=============================================
=============================================
* Benchmark Result (single input)
  - FPS : 15.33                              
=============================================
=============================================
* Benchmark Result (single input)
  - FPS : 12.28                              
=============================================
=============================================
* Benchmark Result (single input)
  - FPS : 14.01                              
=============================================
=============================================
* Benchmark Result (single input)
  - FPS : 11.78                              
=============================================
=============================================
* Benchmark Result (single input)
  - FPS : 15.74                              
=============================================
=============================================
* Benchmark Result (single input)
  - FPS : 16.06                              
=============================================
Profiler data has been written to profiler.json
  -------------------------------------------------------------------------------
  |           Name                 |  min (us)    |  max (us)    | average (us) |
  -------------------------------------------------------------------------------
  |   Framework Response Handling  |           25 |          378 |      158.551 | 378, 195, 228, 195, 186, 220, 105, 93, 35, 215, 176, 147, 35, 198, 146, 71, 217, 180, 203, 32, 196, 34, 97, 122, 108, 208, 125, 206, 133, 184, ...
  |                       NPU Core |        35909 |        35943 |      35925.7 | 35934, 35927, 35931, 35918, 35919, 35924, 35917, 35922, 35921, 35924, 35923, 35934, 35925, 35923, 35924, 35920, 35922, 35920, 35927, 35927, 35925, 35921, 35925, 35932, 35924, 35929, 35922, 35928, 35926, 35925, ...
  |       NPU Input Format Handler |          391 |         1747 |      911.841 | 986, 886, 843, 846, 839, 835, 817, 950, 868, 836, 827, 1523, 773, 789, 967, 931, 780, 923, 850, 879, 825, 876, 844, 988, 835, 1112, 746, 1132, 1430, 1283, ...
  |      NPU Output Format Handler |         8846 |        44548 |      20589.9 | 18526, 38547, 38418, 13605, 18085, 13468, 25927, 38664, 19800, 17613, 26119, 9975, 10690, 38287, 38788, 26420, 38202, 20703, 38807, 10289, 38830, 10166, 10859, 15352, 12344, 18325, 10271, 38763, 21908, 26783, ...
  |                       NPU Task |        50820 |        89557 |      65033.4 | 65447, 83638, 84825, 58204, 62086, 57948, 70855, 84250, 63545, 63332, 70500, 54570, 53311, 83166, 84763, 70784, 84010, 65755, 84168, 52662, 83665, 52686, 53090, 58850, 54747, 64742, 52370, 84520, 66372, 72220, ...
  |                      PCIe Read |         2326 |         7355 |      4173.62 | 7355, 4567, 5163, 4088, 4084, 4489, 5011, 5043, 3856, 5060, 4212, 3469, 2849, 4514, 5037, 4020, 4967, 4200, 4576, 2546, 4348, 2586, 2772, 3241, 2854, 5020, 2835, 4610, 3197, 4176, ...
  |                     PCIe Write |          690 |         2396 |      1545.34 | 690, 1625, 2172, 1826, 1428, 1508, 1422, 1598, 1570, 1893, 1441, 1925, 1678, 1545, 1721, 1724, 1808, 2124, 1793, 1574, 1858, 1656, 1364, 1445, 1370, 1951, 1281, 1698, 1844, 1952, ...
  |           Service Process Wait |        61426 |      1510501 |      81924.5 | 1510501, 78361, 94952, 94966, 69710, 73971, 67626, 83777, 94439, 73730, 75133, 96055, 80497, 63072, 96514, 97396, 80763, 97604, 78081, 94272, 62601, 96394, 62363, 62699, 67849, 84142, 71994, 63598, 95834, 78471, ...
  |                          cpu_0 |         6501 |        26962 |      10967.5 | 15464, 9476, 9302, 11213, 10899, 8760, 11094, 9199, 8868, 11167, 8689, 8406, 8648, 11283, 11593, 8598, 11971, 11489, 9230, 8888, 11336, 9112, 8863, 8583, 26962, 8027, 8845, 9529, 11046, 11099, ...
  -------------------------------------------------------------------------------

__CPU_PERCENT__=49%
