Runtime Framework Version: v3.2.0
Device Driver Version: v2.1.0
PCIe Driver Version: v2.0.1

modelFile: /home/orangepi/sijo_feat_windows_env/dx_stream/apps/benchmark/assets/models_dx_com220rc2/yolo26x-obb.dxnn
inputFile: 
outputFile: output.bin
benchmark: 0
loops: 300
Device specification: 'all' (default)
[INFO] Profiler is enabled.
Run model target mode : Single Mode
Inference by loops: count=300

=== Model File: /home/orangepi/sijo_feat_windows_env/dx_stream/apps/benchmark/assets/models_dx_com220rc2/yolo26x-obb.dxnn ===

Model Input Tensors:
  - images
Model Output Tensors:
  - output0

Tasks:
  [ ] -> npu_0 -> [cpu_0, ]
  Task[0] npu_0, NPU, NPU memory usage 595,268,800 bytes (input 3,145,728 bytes, output 1,720,320 bytes)
  Inputs
     -  images, UINT8, [1, 1024, 1024, 3 ]
  Outputs
    -  /model.23/one2one_cv2.0/one2one_cv2.0.2/Conv_output_0, FLOAT, [1, 4, 128, 128 ]
    -  /model.23/one2one_cv4.0/one2one_cv4.0.2/Conv_output_0, FLOAT, [1, 1, 128, 128 ]
    -  /model.23/one2one_cv4.1/one2one_cv4.1.2/Conv_output_0, FLOAT, [1, 1, 64, 64 ]
    -  /model.23/one2one_cv2.1/one2one_cv2.1.2/Conv_output_0, FLOAT, [1, 4, 64, 64 ]
    -  /model.23/one2one_cv3.0/one2one_cv3.0.2/Conv_output_0, FLOAT, [1, 15, 128, 128 ]
    -  /model.23/one2one_cv3.1/one2one_cv3.1.2/Conv_output_0, FLOAT, [1, 15, 64, 64 ]
    -  /model.23/one2one_cv2.2/one2one_cv2.2.2/Conv_output_0, FLOAT, [1, 4, 32, 32 ]
    -  /model.23/one2one_cv4.2/one2one_cv4.2.2/Conv_output_0, FLOAT, [1, 1, 32, 32 ]
    -  /model.23/one2one_cv3.2/one2one_cv3.2.2/Conv_output_0, FLOAT, [1, 15, 32, 32 ]

  [ npu_0, ] -> cpu_0 -> []
  Task[1] cpu_0, CPU, input 1,720,320 bytes, output 9,600 bytes
  Inputs
     -  /model.23/one2one_cv2.0/one2one_cv2.0.2/Conv_output_0, FLOAT, [1, 4, 128, 128 ]
     -  /model.23/one2one_cv2.1/one2one_cv2.1.2/Conv_output_0, FLOAT, [1, 4, 64, 64 ]
     -  /model.23/one2one_cv2.2/one2one_cv2.2.2/Conv_output_0, FLOAT, [1, 4, 32, 32 ]
     -  /model.23/one2one_cv4.0/one2one_cv4.0.2/Conv_output_0, FLOAT, [1, 1, 128, 128 ]
     -  /model.23/one2one_cv4.2/one2one_cv4.2.2/Conv_output_0, FLOAT, [1, 1, 32, 32 ]
     -  /model.23/one2one_cv4.1/one2one_cv4.1.2/Conv_output_0, FLOAT, [1, 1, 64, 64 ]
     -  /model.23/one2one_cv3.0/one2one_cv3.0.2/Conv_output_0, FLOAT, [1, 15, 128, 128 ]
     -  /model.23/one2one_cv3.1/one2one_cv3.1.2/Conv_output_0, FLOAT, [1, 15, 64, 64 ]
     -  /model.23/one2one_cv3.2/one2one_cv3.2.2/Conv_output_0, FLOAT, [1, 15, 32, 32 ]
  Outputs
     -  /model.23/TopK_output_0, FLOAT, [1, 300 ]
     -  output0, FLOAT, [1, 300, 7 ]


Performing 1 warmup run(s)...
Warmup completed.
=============================================
* Benchmark Result (single input)
  - FPS : 4.69                               
=============================================
=============================================
* Benchmark Result (single input)
  - FPS : 4.31                               
=============================================
=============================================
* Benchmark Result (single input)
  - FPS : 4.20                               
=============================================
=============================================
* Benchmark Result (single input)
  - FPS : 4.68                               
=============================================
=============================================
* Benchmark Result (single input)
  - FPS : 5.02                               
=============================================
=============================================
* Benchmark Result (single input)
  - FPS : 4.66                               
=============================================
=============================================
* Benchmark Result (single input)
  - FPS : 4.76                               
=============================================
=============================================
* Benchmark Result (single input)
  - FPS : 4.83                               
=============================================
=============================================
* Benchmark Result (single input)
  - FPS : 4.83                               
=============================================
=============================================
* Benchmark Result (single input)
  - FPS : 4.59                               
=============================================
=============================================
* Benchmark Result (single input)
  - FPS : 4.62                               
=============================================
=============================================
* Benchmark Result (single input)
  - FPS : 4.83                               
=============================================
=============================================
* Benchmark Result (single input)
  - FPS : 4.24                               
=============================================
=============================================
* Benchmark Result (single input)
  - FPS : 4.84                               
=============================================
=============================================
* Benchmark Result (single input)
  - FPS : 4.71                               
=============================================
=============================================
* Benchmark Result (single input)
  - FPS : 4.35                               
=============================================
=============================================
* Benchmark Result (single input)
  - FPS : 4.78                               
=============================================
=============================================
* Benchmark Result (single input)
  - FPS : 4.84                               
=============================================
=============================================
* Benchmark Result (single input)
  - FPS : 5.01                               
=============================================
=============================================
* Benchmark Result (single input)
  - FPS : 4.65                               
=============================================
=============================================
* Benchmark Result (single input)
  - FPS : 4.81                               
=============================================
=============================================
* Benchmark Result (single input)
  - FPS : 4.67                               
=============================================
=============================================
* Benchmark Result (single input)
  - FPS : 4.86                               
=============================================
=============================================
* Benchmark Result (single input)
  - FPS : 4.65                               
=============================================
=============================================
* Benchmark Result (single input)
  - FPS : 4.96                               
=============================================
=============================================
* Benchmark Result (single input)
  - FPS : 4.23                               
=============================================
=============================================
* Benchmark Result (single input)
  - FPS : 4.93                               
=============================================
=============================================
* Benchmark Result (single input)
  - FPS : 4.74                               
=============================================
=============================================
* Benchmark Result (single input)
  - FPS : 4.23                               
=============================================
=============================================
* Benchmark Result (single input)
  - FPS : 4.22                               
=============================================
=============================================
* Benchmark Result (single input)
  - FPS : 4.81                               
=============================================
=============================================
* Benchmark Result (single input)
  - FPS : 4.81                               
=============================================
=============================================
* Benchmark Result (single input)
  - FPS : 4.89                               
=============================================
=============================================
* Benchmark Result (single input)
  - FPS : 4.75                               
=============================================
=============================================
* Benchmark Result (single input)
  - FPS : 4.71                               
=============================================
=============================================
* Benchmark Result (single input)
  - FPS : 4.84                               
=============================================
=============================================
* Benchmark Result (single input)
  - FPS : 4.84                               
=============================================
=============================================
* Benchmark Result (single input)
  - FPS : 4.99                               
=============================================
=============================================
* Benchmark Result (single input)
  - FPS : 4.81                               
=============================================
=============================================
* Benchmark Result (single input)
  - FPS : 4.88                               
=============================================
=============================================
* Benchmark Result (single input)
  - FPS : 4.97                               
=============================================
=============================================
* Benchmark Result (single input)
  - FPS : 5.04                               
=============================================
=============================================
* Benchmark Result (single input)
  - FPS : 4.75                               
=============================================
=============================================
* Benchmark Result (single input)
  - FPS : 4.79                               
=============================================
=============================================
* Benchmark Result (single input)
  - FPS : 4.92                               
=============================================
=============================================
* Benchmark Result (single input)
  - FPS : 4.71                               
=============================================
=============================================
* Benchmark Result (single input)
  - FPS : 4.82                               
=============================================
=============================================
* Benchmark Result (single input)
  - FPS : 4.90                               
=============================================
=============================================
* Benchmark Result (single input)
  - FPS : 4.90                               
=============================================
=============================================
* Benchmark Result (single input)
  - FPS : 4.93                               
=============================================
=============================================
* Benchmark Result (single input)
  - FPS : 4.86                               
=============================================
=============================================
* Benchmark Result (single input)
  - FPS : 4.89                               
=============================================
=============================================
* Benchmark Result (single input)
  - FPS : 4.70                               
=============================================
=============================================
* Benchmark Result (single input)
  - FPS : 4.84                               
=============================================
=============================================
* Benchmark Result (single input)
  - FPS : 4.83                               
=============================================
=============================================
* Benchmark Result (single input)
  - FPS : 4.83                               
=============================================
=============================================
* Benchmark Result (single input)
  - FPS : 4.80                               
=============================================
=============================================
* Benchmark Result (single input)
  - FPS : 4.83                               
=============================================
=============================================
* Benchmark Result (single input)
  - FPS : 4.68                               
=============================================
=============================================
* Benchmark Result (single input)
  - FPS : 4.92                               
=============================================
=============================================
* Benchmark Result (single input)
  - FPS : 4.63                               
=============================================
=============================================
* Benchmark Result (single input)
  - FPS : 4.67                               
=============================================
=============================================
* Benchmark Result (single input)
  - FPS : 4.72                               
=============================================
=============================================
* Benchmark Result (single input)
  - FPS : 4.85                               
=============================================
=============================================
* Benchmark Result (single input)
  - FPS : 4.84                               
=============================================
=============================================
* Benchmark Result (single input)
  - FPS : 4.87                               
=============================================
=============================================
* Benchmark Result (single input)
  - FPS : 4.72                               
=============================================
=============================================
* Benchmark Result (single input)
  - FPS : 4.83                               
=============================================
=============================================
* Benchmark Result (single input)
  - FPS : 4.94                               
=============================================
=============================================
* Benchmark Result (single input)
  - FPS : 4.63                               
=============================================
=============================================
* Benchmark Result (single input)
  - FPS : 4.75                               
=============================================
=============================================
* Benchmark Result (single input)
  - FPS : 4.60                               
=============================================
=============================================
* Benchmark Result (single input)
  - FPS : 4.68                               
=============================================
=============================================
* Benchmark Result (single input)
  - FPS : 4.94                               
=============================================
=============================================
* Benchmark Result (single input)
  - FPS : 4.81                               
=============================================
=============================================
* Benchmark Result (single input)
  - FPS : 4.70                               
=============================================
=============================================
* Benchmark Result (single input)
  - FPS : 4.83                               
=============================================
=============================================
* Benchmark Result (single input)
  - FPS : 4.72                               
=============================================
=============================================
* Benchmark Result (single input)
  - FPS : 4.83                               
=============================================
=============================================
* Benchmark Result (single input)
  - FPS : 4.72                               
=============================================
=============================================
* Benchmark Result (single input)
  - FPS : 4.75                               
=============================================
=============================================
* Benchmark Result (single input)
  - FPS : 4.95                               
=============================================
=============================================
* Benchmark Result (single input)
  - FPS : 4.84                               
=============================================
=============================================
* Benchmark Result (single input)
  - FPS : 4.82                               
=============================================
=============================================
* Benchmark Result (single input)
  - FPS : 4.84                               
=============================================
=============================================
* Benchmark Result (single input)
  - FPS : 4.80                               
=============================================
=============================================
* Benchmark Result (single input)
  - FPS : 4.94                               
=============================================
=============================================
* Benchmark Result (single input)
  - FPS : 4.79                               
=============================================
=============================================
* Benchmark Result (single input)
  - FPS : 4.94                               
=============================================
=============================================
* Benchmark Result (single input)
  - FPS : 4.83                               
=============================================
=============================================
* Benchmark Result (single input)
  - FPS : 4.72                               
=============================================
=============================================
* Benchmark Result (single input)
  - FPS : 4.71                               
=============================================
=============================================
* Benchmark Result (single input)
  - FPS : 4.83                               
=============================================
=============================================
* Benchmark Result (single input)
  - FPS : 4.71                               
=============================================
=============================================
* Benchmark Result (single input)
  - FPS : 4.94                               
=============================================
=============================================
* Benchmark Result (single input)
  - FPS : 4.74                               
=============================================
=============================================
* Benchmark Result (single input)
  - FPS : 4.92                               
=============================================
=============================================
* Benchmark Result (single input)
  - FPS : 4.94                               
=============================================
=============================================
* Benchmark Result (single input)
  - FPS : 4.93                               
=============================================
=============================================
* Benchmark Result (single input)
  - FPS : 4.94                               
=============================================
=============================================
* Benchmark Result (single input)
  - FPS : 4.94                               
=============================================
=============================================
* Benchmark Result (single input)
  - FPS : 4.94                               
=============================================
=============================================
* Benchmark Result (single input)
  - FPS : 4.94                               
=============================================
=============================================
* Benchmark Result (single input)
  - FPS : 4.78                               
=============================================
=============================================
* Benchmark Result (single input)
  - FPS : 4.91                               
=============================================
=============================================
* Benchmark Result (single input)
  - FPS : 4.83                               
=============================================
=============================================
* Benchmark Result (single input)
  - FPS : 4.94                               
=============================================
=============================================
* Benchmark Result (single input)
  - FPS : 4.92                               
=============================================
=============================================
* Benchmark Result (single input)
  - FPS : 4.93                               
=============================================
=============================================
* Benchmark Result (single input)
  - FPS : 4.93                               
=============================================
=============================================
* Benchmark Result (single input)
  - FPS : 4.76                               
=============================================
=============================================
* Benchmark Result (single input)
  - FPS : 4.93                               
=============================================
=============================================
* Benchmark Result (single input)
  - FPS : 4.94                               
=============================================
=============================================
* Benchmark Result (single input)
  - FPS : 4.93                               
=============================================
=============================================
* Benchmark Result (single input)
  - FPS : 4.95                               
=============================================
=============================================
* Benchmark Result (single input)
  - FPS : 4.73                               
=============================================
=============================================
* Benchmark Result (single input)
  - FPS : 4.90                               
=============================================
=============================================
* Benchmark Result (single input)
  - FPS : 4.79                               
=============================================
=============================================
* Benchmark Result (single input)
  - FPS : 4.93                               
=============================================
=============================================
* Benchmark Result (single input)
  - FPS : 4.84                               
=============================================
=============================================
* Benchmark Result (single input)
  - FPS : 4.94                               
=============================================
=============================================
* Benchmark Result (single input)
  - FPS : 4.68                               
=============================================
=============================================
* Benchmark Result (single input)
  - FPS : 4.92                               
=============================================
=============================================
* Benchmark Result (single input)
  - FPS : 4.66                               
=============================================
=============================================
* Benchmark Result (single input)
  - FPS : 4.72                               
=============================================
=============================================
* Benchmark Result (single input)
  - FPS : 4.93                               
=============================================
=============================================
* Benchmark Result (single input)
  - FPS : 4.93                               
=============================================
=============================================
* Benchmark Result (single input)
  - FPS : 4.75                               
=============================================
=============================================
* Benchmark Result (single input)
  - FPS : 4.94                               
=============================================
=============================================
* Benchmark Result (single input)
  - FPS : 4.64                               
=============================================
=============================================
* Benchmark Result (single input)
  - FPS : 4.71                               
=============================================
=============================================
* Benchmark Result (single input)
  - FPS : 4.94                               
=============================================
=============================================
* Benchmark Result (single input)
  - FPS : 4.72                               
=============================================
=============================================
* Benchmark Result (single input)
  - FPS : 4.95                               
=============================================
=============================================
* Benchmark Result (single input)
  - FPS : 4.93                               
=============================================
=============================================
* Benchmark Result (single input)
  - FPS : 4.94                               
=============================================
=============================================
* Benchmark Result (single input)
  - FPS : 4.77                               
=============================================
=============================================
* Benchmark Result (single input)
  - FPS : 4.92                               
=============================================
=============================================
* Benchmark Result (single input)
  - FPS : 4.59                               
=============================================
=============================================
* Benchmark Result (single input)
  - FPS : 4.55                               
=============================================
=============================================
* Benchmark Result (single input)
  - FPS : 4.79                               
=============================================
=============================================
* Benchmark Result (single input)
  - FPS : 4.94                               
=============================================
=============================================
* Benchmark Result (single input)
  - FPS : 4.73                               
=============================================
=============================================
* Benchmark Result (single input)
  - FPS : 4.93                               
=============================================
=============================================
* Benchmark Result (single input)
  - FPS : 4.92                               
=============================================
=============================================
* Benchmark Result (single input)
  - FPS : 4.83                               
=============================================
=============================================
* Benchmark Result (single input)
  - FPS : 4.72                               
=============================================
=============================================
* Benchmark Result (single input)
  - FPS : 4.81                               
=============================================
=============================================
* Benchmark Result (single input)
  - FPS : 4.84                               
=============================================
=============================================
* Benchmark Result (single input)
  - FPS : 4.84                               
=============================================
=============================================
* Benchmark Result (single input)
  - FPS : 4.93                               
=============================================
=============================================
* Benchmark Result (single input)
  - FPS : 4.92                               
=============================================
=============================================
* Benchmark Result (single input)
  - FPS : 4.68                               
=============================================
=============================================
* Benchmark Result (single input)
  - FPS : 4.83                               
=============================================
=============================================
* Benchmark Result (single input)
  - FPS : 4.79                               
=============================================
=============================================
* Benchmark Result (single input)
  - FPS : 4.75                               
=============================================
=============================================
* Benchmark Result (single input)
  - FPS : 4.75                               
=============================================
=============================================
* Benchmark Result (single input)
  - FPS : 4.61                               
=============================================
=============================================
* Benchmark Result (single input)
  - FPS : 4.82                               
=============================================
=============================================
* Benchmark Result (single input)
  - FPS : 4.93                               
=============================================
=============================================
* Benchmark Result (single input)
  - FPS : 4.92                               
=============================================
=============================================
* Benchmark Result (single input)
  - FPS : 4.65                               
=============================================
=============================================
* Benchmark Result (single input)
  - FPS : 4.12                               
=============================================
=============================================
* Benchmark Result (single input)
  - FPS : 4.64                               
=============================================
=============================================
* Benchmark Result (single input)
  - FPS : 4.82                               
=============================================
=============================================
* Benchmark Result (single input)
  - FPS : 4.67                               
=============================================
=============================================
* Benchmark Result (single input)
  - FPS : 4.83                               
=============================================
=============================================
* Benchmark Result (single input)
  - FPS : 4.87                               
=============================================
=============================================
* Benchmark Result (single input)
  - FPS : 4.73                               
=============================================
=============================================
* Benchmark Result (single input)
  - FPS : 4.84                               
=============================================
=============================================
* Benchmark Result (single input)
  - FPS : 4.94                               
=============================================
=============================================
* Benchmark Result (single input)
  - FPS : 4.93                               
=============================================
=============================================
* Benchmark Result (single input)
  - FPS : 4.91                               
=============================================
=============================================
* Benchmark Result (single input)
  - FPS : 4.91                               
=============================================
=============================================
* Benchmark Result (single input)
  - FPS : 4.90                               
=============================================
=============================================
* Benchmark Result (single input)
  - FPS : 4.92                               
=============================================
=============================================
* Benchmark Result (single input)
  - FPS : 4.72                               
=============================================
=============================================
* Benchmark Result (single input)
  - FPS : 4.15                               
=============================================
=============================================
* Benchmark Result (single input)
  - FPS : 4.51                               
=============================================
=============================================
* Benchmark Result (single input)
  - FPS : 4.68                               
=============================================
=============================================
* Benchmark Result (single input)
  - FPS : 4.84                               
=============================================
=============================================
* Benchmark Result (single input)
  - FPS : 4.92                               
=============================================
=============================================
* Benchmark Result (single input)
  - FPS : 4.92                               
=============================================
=============================================
* Benchmark Result (single input)
  - FPS : 4.92                               
=============================================
=============================================
* Benchmark Result (single input)
  - FPS : 4.92                               
=============================================
=============================================
* Benchmark Result (single input)
  - FPS : 4.93                               
=============================================
=============================================
* Benchmark Result (single input)
  - FPS : 4.71                               
=============================================
=============================================
* Benchmark Result (single input)
  - FPS : 4.59                               
=============================================
=============================================
* Benchmark Result (single input)
  - FPS : 4.90                               
=============================================
=============================================
* Benchmark Result (single input)
  - FPS : 4.85                               
=============================================
=============================================
* Benchmark Result (single input)
  - FPS : 4.92                               
=============================================
=============================================
* Benchmark Result (single input)
  - FPS : 4.84                               
=============================================
=============================================
* Benchmark Result (single input)
  - FPS : 4.93                               
=============================================
=============================================
* Benchmark Result (single input)
  - FPS : 4.71                               
=============================================
=============================================
* Benchmark Result (single input)
  - FPS : 4.83                               
=============================================
=============================================
* Benchmark Result (single input)
  - FPS : 4.82                               
=============================================
=============================================
* Benchmark Result (single input)
  - FPS : 4.24                               
=============================================
=============================================
* Benchmark Result (single input)
  - FPS : 4.74                               
=============================================
=============================================
* Benchmark Result (single input)
  - FPS : 4.91                               
=============================================
=============================================
* Benchmark Result (single input)
  - FPS : 4.91                               
=============================================
=============================================
* Benchmark Result (single input)
  - FPS : 4.91                               
=============================================
=============================================
* Benchmark Result (single input)
  - FPS : 4.90                               
=============================================
=============================================
* Benchmark Result (single input)
  - FPS : 4.73                               
=============================================
=============================================
* Benchmark Result (single input)
  - FPS : 4.91                               
=============================================
=============================================
* Benchmark Result (single input)
  - FPS : 4.90                               
=============================================
=============================================
* Benchmark Result (single input)
  - FPS : 4.66                               
=============================================
=============================================
* Benchmark Result (single input)
  - FPS : 4.74                               
=============================================
=============================================
* Benchmark Result (single input)
  - FPS : 4.92                               
=============================================
=============================================
* Benchmark Result (single input)
  - FPS : 4.81                               
=============================================
=============================================
* Benchmark Result (single input)
  - FPS : 4.81                               
=============================================
=============================================
* Benchmark Result (single input)
  - FPS : 4.78                               
=============================================
=============================================
* Benchmark Result (single input)
  - FPS : 4.75                               
=============================================
=============================================
* Benchmark Result (single input)
  - FPS : 4.79                               
=============================================
=============================================
* Benchmark Result (single input)
  - FPS : 4.90                               
=============================================
=============================================
* Benchmark Result (single input)
  - FPS : 4.82                               
=============================================
=============================================
* Benchmark Result (single input)
  - FPS : 4.76                               
=============================================
=============================================
* Benchmark Result (single input)
  - FPS : 4.80                               
=============================================
=============================================
* Benchmark Result (single input)
  - FPS : 4.67                               
=============================================
=============================================
* Benchmark Result (single input)
  - FPS : 4.81                               
=============================================
=============================================
* Benchmark Result (single input)
  - FPS : 4.90                               
=============================================
=============================================
* Benchmark Result (single input)
  - FPS : 4.90                               
=============================================
=============================================
* Benchmark Result (single input)
  - FPS : 4.88                               
=============================================
=============================================
* Benchmark Result (single input)
  - FPS : 4.88                               
=============================================
=============================================
* Benchmark Result (single input)
  - FPS : 4.79                               
=============================================
=============================================
* Benchmark Result (single input)
  - FPS : 4.78                               
=============================================
=============================================
* Benchmark Result (single input)
  - FPS : 4.72                               
=============================================
=============================================
* Benchmark Result (single input)
  - FPS : 4.89                               
=============================================
=============================================
* Benchmark Result (single input)
  - FPS : 4.68                               
=============================================
=============================================
* Benchmark Result (single input)
  - FPS : 4.79                               
=============================================
=============================================
* Benchmark Result (single input)
  - FPS : 4.78                               
=============================================
=============================================
* Benchmark Result (single input)
  - FPS : 4.88                               
=============================================
=============================================
* Benchmark Result (single input)
  - FPS : 4.77                               
=============================================
=============================================
* Benchmark Result (single input)
  - FPS : 4.88                               
=============================================
=============================================
* Benchmark Result (single input)
  - FPS : 4.59                               
=============================================
=============================================
* Benchmark Result (single input)
  - FPS : 4.86                               
=============================================
=============================================
* Benchmark Result (single input)
  - FPS : 4.85                               
=============================================
=============================================
* Benchmark Result (single input)
  - FPS : 4.66                               
=============================================
=============================================
* Benchmark Result (single input)
  - FPS : 4.88                               
=============================================
=============================================
* Benchmark Result (single input)
  - FPS : 4.81                               
=============================================
=============================================
* Benchmark Result (single input)
  - FPS : 4.77                               
=============================================
=============================================
* Benchmark Result (single input)
  - FPS : 4.70                               
=============================================
=============================================
* Benchmark Result (single input)
  - FPS : 4.76                               
=============================================
=============================================
* Benchmark Result (single input)
  - FPS : 4.86                               
=============================================
=============================================
* Benchmark Result (single input)
  - FPS : 4.86                               
=============================================
=============================================
* Benchmark Result (single input)
  - FPS : 4.07                               
=============================================
=============================================
* Benchmark Result (single input)
  - FPS : 4.59                               
=============================================
=============================================
* Benchmark Result (single input)
  - FPS : 4.84                               
=============================================
=============================================
* Benchmark Result (single input)
  - FPS : 4.72                               
=============================================
=============================================
* Benchmark Result (single input)
  - FPS : 4.63                               
=============================================
=============================================
* Benchmark Result (single input)
  - FPS : 4.73                               
=============================================
=============================================
* Benchmark Result (single input)
  - FPS : 4.60                               
=============================================
=============================================
* Benchmark Result (single input)
  - FPS : 4.85                               
=============================================
=============================================
* Benchmark Result (single input)
  - FPS : 4.85                               
=============================================
=============================================
* Benchmark Result (single input)
  - FPS : 2.95                               
=============================================
=============================================
* Benchmark Result (single input)
  - FPS : 4.05                               
=============================================
=============================================
* Benchmark Result (single input)
  - FPS : 4.07                               
=============================================
=============================================
* Benchmark Result (single input)
  - FPS : 4.64                               
=============================================
=============================================
* Benchmark Result (single input)
  - FPS : 4.72                               
=============================================
=============================================
* Benchmark Result (single input)
  - FPS : 4.45                               
=============================================
=============================================
* Benchmark Result (single input)
  - FPS : 4.85                               
=============================================
=============================================
* Benchmark Result (single input)
  - FPS : 4.84                               
=============================================
=============================================
* Benchmark Result (single input)
  - FPS : 4.62                               
=============================================
=============================================
* Benchmark Result (single input)
  - FPS : 4.52                               
=============================================
=============================================
* Benchmark Result (single input)
  - FPS : 4.62                               
=============================================
=============================================
* Benchmark Result (single input)
  - FPS : 4.86                               
=============================================
=============================================
* Benchmark Result (single input)
  - FPS : 4.84                               
=============================================
=============================================
* Benchmark Result (single input)
  - FPS : 4.86                               
=============================================
=============================================
* Benchmark Result (single input)
  - FPS : 4.55                               
=============================================
=============================================
* Benchmark Result (single input)
  - FPS : 4.84                               
=============================================
=============================================
* Benchmark Result (single input)
  - FPS : 4.86                               
=============================================
=============================================
* Benchmark Result (single input)
  - FPS : 4.84                               
=============================================
=============================================
* Benchmark Result (single input)
  - FPS : 4.80                               
=============================================
=============================================
* Benchmark Result (single input)
  - FPS : 4.99                               
=============================================
=============================================
* Benchmark Result (single input)
  - FPS : 4.94                               
=============================================
=============================================
* Benchmark Result (single input)
  - FPS : 4.79                               
=============================================
=============================================
* Benchmark Result (single input)
  - FPS : 4.84                               
=============================================
=============================================
* Benchmark Result (single input)
  - FPS : 4.62                               
=============================================
=============================================
* Benchmark Result (single input)
  - FPS : 4.77                               
=============================================
=============================================
* Benchmark Result (single input)
  - FPS : 4.71                               
=============================================
=============================================
* Benchmark Result (single input)
  - FPS : 5.01                               
=============================================
=============================================
* Benchmark Result (single input)
  - FPS : 5.10                               
=============================================
=============================================
* Benchmark Result (single input)
  - FPS : 5.10                               
=============================================
=============================================
* Benchmark Result (single input)
  - FPS : 4.74                               
=============================================
=============================================
* Benchmark Result (single input)
  - FPS : 4.91                               
=============================================
=============================================
* Benchmark Result (single input)
  - FPS : 4.81                               
=============================================
=============================================
* Benchmark Result (single input)
  - FPS : 4.74                               
=============================================
=============================================
* Benchmark Result (single input)
  - FPS : 4.74                               
=============================================
=============================================
* Benchmark Result (single input)
  - FPS : 4.81                               
=============================================
=============================================
* Benchmark Result (single input)
  - FPS : 4.22                               
=============================================
=============================================
* Benchmark Result (single input)
  - FPS : 4.53                               
=============================================
=============================================
* Benchmark Result (single input)
  - FPS : 4.74                               
=============================================
=============================================
* Benchmark Result (single input)
  - FPS : 4.48                               
=============================================
=============================================
* Benchmark Result (single input)
  - FPS : 4.55                               
=============================================
=============================================
* Benchmark Result (single input)
  - FPS : 4.56                               
=============================================
=============================================
* Benchmark Result (single input)
  - FPS : 4.48                               
=============================================
=============================================
* Benchmark Result (single input)
  - FPS : 4.60                               
=============================================
=============================================
* Benchmark Result (single input)
  - FPS : 4.64                               
=============================================
=============================================
* Benchmark Result (single input)
  - FPS : 4.65                               
=============================================
=============================================
* Benchmark Result (single input)
  - FPS : 4.57                               
=============================================
=============================================
* Benchmark Result (single input)
  - FPS : 4.48                               
=============================================
Profiler data has been written to profiler.json
  -------------------------------------------------------------------------------
  |           Name                 |  min (us)    |  max (us)    | average (us) |
  -------------------------------------------------------------------------------
  |   Framework Response Handling  |           51 |          398 |      175.472 | 398, 80, 189, 181, 183, 175, 175, 182, 177, 179, 178, 185, 180, 215, 180, 178, 81, 175, 179, 124, 207, 182, 210, 152, 173, 176, 174, 179, 64, 175, ...
  |                       NPU Core |       163296 |       163380 |       163347 | 163363, 163323, 163370, 163372, 163344, 163357, 163351, 163348, 163380, 163341, 163340, 163310, 163351, 163368, 163347, 163355, 163346, 163352, 163350, 163326, 163359, 163344, 163362, 163339, 163343, 163353, 163355, 163345, 163345, 163348, ...
  |       NPU Input Format Handler |         1497 |         3376 |       1993.5 | 2576, 1930, 2103, 1941, 1930, 1876, 1926, 1910, 2002, 1940, 1910, 1714, 2034, 2073, 1932, 2006, 1994, 1985, 1911, 1968, 2560, 1974, 1831, 1976, 1962, 1986, 1989, 2000, 1926, 1929, ...
  |      NPU Output Format Handler |         9083 |        42880 |      15481.5 | 19473, 9122, 9112, 9138, 9110, 9523, 9298, 13067, 9122, 9085, 9127, 29795, 9083, 11040, 9182, 9118, 9279, 9122, 18522, 9094, 13039, 9155, 23307, 10025, 9185, 12640, 9161, 13399, 10967, 9140, ...
  |                       NPU Task |       183468 |       300913 |       191239 | 199000, 183928, 183914, 184169, 184087, 184537, 184635, 188622, 184289, 184455, 184220, 204984, 184129, 187244, 184441, 184151, 183987, 183468, 192841, 183883, 190416, 184465, 200248, 184147, 184283, 187551, 184580, 188659, 186197, 184113, ...
  |                      PCIe Read |         3784 |         9532 |      5078.18 | 9532, 4912, 4413, 4983, 4789, 4930, 4780, 4985, 4809, 4951, 4816, 6087, 4830, 5557, 4925, 4839, 4677, 4253, 4174, 4311, 5055, 4922, 5641, 4100, 4979, 4796, 5019, 4834, 4985, 4822, ...
  |                     PCIe Write |         1820 |         4963 |      3151.07 | 1820, 3112, 3081, 2974, 3158, 3043, 3513, 3475, 3068, 3185, 3130, 2528, 3177, 3169, 3130, 3114, 2962, 3072, 3141, 3455, 4286, 3138, 4215, 2967, 3131, 2988, 3171, 3224, 3110, 3026, ...
  |           Service Process Wait |       195977 |      1685840 |       215125 | 1685840, 202643, 202672, 202214, 202616, 202566, 209940, 203895, 206767, 202584, 203222, 206486, 202748, 203005, 210070, 202724, 202629, 202803, 202049, 212116, 205840, 207088, 220208, 202431, 206825, 202699, 213943, 203216, 214714, 211812, ...
  |                          cpu_0 |         7831 |        52535 |      18015.2 | 10036, 17454, 17657, 17377, 17628, 23744, 18230, 17322, 17446, 17502, 17538, 11993, 17710, 22001, 17240, 17649, 17708, 17589, 17984, 19151, 17484, 17328, 15226, 21809, 17500, 24896, 17646, 24767, 24885, 17835, ...
  -------------------------------------------------------------------------------

__CPU_PERCENT__=20%
